====================================================================================================
EXPLORATORY, NOT A RESULT — batch 13: split_target (S37), gate_state (S38)
  cpu Intel(R) Xeon(R) Processor @ 2.10GHz | torch 2.14.0+cu130 | git b2981bd+dirty | python 3.11.15 | torch threads 1
====================================================================================================
  recipe read in the child from main at 9c5939e: test_slow_start.LR 0.001, test_stream_recipe.LR 0.001, test_stream_curriculum.LR 0.001 (Adam groups; the branch's SUB_LR 0.001); WARM 2400, TAU 0.2, LAMBDA 1.0; Muon lr 0.005 (S33's validity choice {'a': 0.005, 'b': 0.005}); S37 28800 steps, S38 reruns to 9600; 1 torch thread per run
  lr read for split_target SPLITK_M: 0.001 (Adam groups); Muon lr 0.005
  lr read for split_target HINGE4k4_A: 0.001 (Adam groups)
  lr read for split_target SPLITK_A: 0.001 (Adam groups)
  lr read for gate_state D8_HINGE_M: 0.001 (Adam groups); Muon lr 0.005
  lr read for gate_state HINGE_D8_A: 0.001 (Adam groups)
  lr read for gate_state A_HINGE_M: 0.001 (Adam groups); Muon lr 0.005
  lr read for gate_state HINGE16_M: 0.001 (Adam groups); Muon lr 0.005
  S37 readings (per optimizer): 'the targeted split fixes four-stream merges' if >= 8/10 bind, 'it does not' if <= 5/10, otherwise neither
  S38 readings (S=8, at 4800, median over 5 seeds of the stream decodability from h at key positions): 'the eight-stream gate state does not carry the stream' if < 0.5; 'it does' if >= 0.9; otherwise 'partial'
  repro_check: arm A seed 160, 2400 steps, lr 0.001: BIT-IDENTICAL to X (55s)
    here [[1200, 0.25732421875, 2.1073341369628906], [2400, 0.50244140625, 1.1376346349716187]]
    X    [[1200, 0.25732421875, 2.1073341369628906], [2400, 0.50244140625, 1.1376346349716187]]
  CHECK split_target: SPLITK_M with the trigger off equals S33's A_HINGE|240 bit for bit through 7200 (curve True; statistics at [0, 1200, 2400, 3600, 4800, 6000, 7200] True; the trigger measured at [(2400, False), (4800, False), (7200, False)]): ok
  CHECK split_target: SPLITK_A with the trigger off equals HINGE4k4_A|240 (a fresh run) bit for bit through 7200 (curves [[1200, 0.11962890625, 2.7629148960113525], [2400, 0.24267578125, 2.4801230430603027], [3600, 1.0, 0.044073354452848434], [4800, 1.0, 0.009487747214734554], [6000, 1.0, 0.003875546855852008], [7200, 1.0, 0.0018494247924536467]] vs [[1200, 0.11962890625, 2.7629148960113525], [2400, 0.24267578125, 2.4801230430603027], [3600, 1.0, 0.044073354452848434], [4800, 1.0, 0.009487747214734554], [6000, 1.0, 0.003875546855852008], [7200, 1.0, 0.0018494247924536467]]; statistics at [0, 1200, 2400, 3600, 4800, 6000, 7200] True; the trigger measured at [(2400, False), (4800, False), (7200, False)]): ok
  CHECK split_target: on a synthetic gate whose key-position map is 2+1+1 ([2, 2, 0, 1]; channel 3 empty at key positions, 0.85 of the mass elsewhere) KEYMASS picks c* 2, c0 3 (key masses [0.246, 0.264, 0.469, 0.02]): the shared channel and the empty one; the all-position rule picks c* 3, c0 0 (masses [0.113, 0.119, 0.184, 0.584]), a mistarget: ok
  CHECK split_target: children at 9c5939e (6.7 min); the modules served from main are exactly the test modules that differ between this branch and 9c5939e: ok
  CHECK gate_state: D8_HINGE_M|260 rerun reproduces its record through 2400 ([[1200, 0.0703125, 2.9915246963500977], [2400, 0.07470703125, 2.853668212890625]] vs [[1200, 0.0703125, 2.9915246963500977], [2400, 0.07470703125, 2.853668212890625]]); probes at ['1200', '2400']; the recomputed read gate equals the model's (max difference 0.00e+00): ok
  CHECK gate_state: HINGE_D8_A|260 rerun reproduces its record through 2400 ([[1200, 0.0615234375, 2.8093132972717285], [2400, 0.06884765625, 2.783939838409424]] vs [[1200, 0.0615234375, 2.8093132972717285], [2400, 0.06884765625, 2.783939838409424]]); probes at ['1200', '2400']; the recomputed read gate equals the model's (max difference 0.00e+00): ok
  CHECK gate_state: A_HINGE_M|240 rerun reproduces its record through 2400 ([[1200, 0.36376953125, 2.240008592605591], [2400, 0.73876953125, 0.6320656538009644]] vs [[1200, 0.36376953125, 2.240008592605591], [2400, 0.73876953125, 0.6320656538009644]]); probes at ['1200', '2400']; the recomputed read gate equals the model's (max difference 0.00e+00): ok
  CHECK gate_state: HINGE16_M|240 rerun reproduces its record through 2400 ([[1200, 0.46826171875, 2.056608200073242], [2400, 1.0, 0.05968524143099785]] vs [[1200, 0.46826171875, 2.056608200073242], [2400, 1.0, 0.05968524143099785]]); probes at ['1200', '2400']; the recomputed read gate equals the model's (max difference 0.00e+00): ok
  CHECK gate_state: the decoder scores 1.0000 on a synthetic separable set (8 classes, 4000 points) and 0.1275 with shuffled labels (chance 0.1250; within 0.05: True): ok
  CHECK gate_state: children at 9c5939e (4.6 min)
  all CHECKs passed (11.3 min)
  recorded the full CHECK pass at b2981bd in /home/user/clankers/explore_out/batch13_checks.json
----------------------------------------------------------------------------------------------------
[EXPLORATORY, not a result] SCREEN split_target
  idea    S36's split targeted by the read-gate mass at the hinge's key positions (KEYMASS), at most 2 per run
  source  batch 12's S36 (the all-position target was wrong in half the splits: an empty channel can carry the largest mass); S24 (SPLIT un-merged 8/8 Adam runs at k=4)
  change  S36's trigger, c* / c0 = the largest / smallest mean read-gate mass at key positions, <= 2 splits, >= 4800 updates apart; S24's operation
  arm SPLITK_M     lr 0.001  iters 28800  seeds 240-249 (10)  — S33's A_HINGE + trigger + KEYMASS (Muon)
                   schedule: Muon lr 0.005: gate W_in/W_h/W_g throughout, other Muon weights x0.1 for updates 1-2400; Adam on embedding and conv 0.0001 for 1-2400, 0.001 after; + main's HINGE hinge; + the trigger (every 2400 from 4800: probe acc < 0.95 and rise < 0.02; <= 2 splits, >= 4800 apart) -> S24's SPLIT on KEYMASS's c* -> c0, W_g's state reset
  arm HINGE4k4_A   lr 0.001  iters 28800  seeds 240-249 (10)  — main's A4k4 + test_slow_start's HINGE recipe (Adam), run here
                   schedule: gate W_in/W_h/W_g 0.001 throughout; every other parameter 0.0001 for updates 1-2400, 0.001 after; + main's HINGE hinge
  arm SPLITK_A     lr 0.001  iters 28800  seeds 240-249 (10)  — HINGE4k4_A + trigger + KEYMASS (Adam)
                   schedule: gate W_in/W_h/W_g 0.001 throughout; every other parameter 0.0001 for updates 1-2400, 0.001 after; + main's HINGE hinge; + the trigger (every 2400 from 4800: probe acc < 0.95 and rise < 0.02; <= 2 splits, >= 4800 apart) -> S24's SPLIT on KEYMASS's c* -> c0, W_g's state reset
  pairing seeds 240-249: SPLITK_M with S33's A_HINGE and S36's SPLIT4k4_M; SPLITK_A with HINGE4k4_A (run here); same initial parameters and batches until the first split
----------------------------------------------------------------------------------------------------
----------------------------------------------------------------------------------------------------
[EXPLORATORY, not a result] SCREEN gate_state
  idea    descriptive: is the stream decodable from the gate state h at key positions, at S=8 vs S=4?
  source  batch 12's S36 (splits at S=8 copied channels onto empty ones and never bound); S33, S35, X's HINGE_D8
  change  none to the runs (reruns to 9600); labelled nearest-class-mean decoders on h and on the gate input
  arm D8_HINGE_M   lr 0.001  iters 9600  seeds 260-264 (5)  — rerun of S33's D8_HINGE (Muon, S=8, k=16) to 9600
                   schedule: S33's D8_HINGE recipe
  arm HINGE_D8_A   lr 0.001  iters 9600  seeds 260-264 (5)  — rerun of X's HINGE_D8 (Adam, S=8, k=16) to 9600
                   schedule: test_slow_start's HINGE recipe
  arm A_HINGE_M    lr 0.001  iters 9600  seeds 240-244 (5)  — rerun of S33's A_HINGE (Muon, S=4, k=4) to 9600
                   schedule: S33's A_HINGE recipe
  arm HINGE16_M    lr 0.001  iters 9600  seeds 240-244 (5)  — rerun of S35's MUON_HINGE16 (Muon, S=4, k=16) to 9600
                   schedule: S35's MUON_HINGE16 recipe
  pairing each rerun against its recorded run (the curve must reproduce through 9600)
----------------------------------------------------------------------------------------------------
  PROJECTION (worst case: every run to its iters; pool-load timing: the median interval between optimizer steps, one child per arm at once, two rounds of 4, 1 thread each, this machine):
    split_target   SPLITK_M    10 runs x  25.9 min  (28800 steps x 51.9 ms + 24 evals x 2.5 s)
    split_target   HINGE4k4_A  10 runs x  23.5 min  (28800 steps x 46.7 ms + 24 evals x 2.6 s)
    split_target   SPLITK_A    10 runs x  23.9 min  (28800 steps x 47.7 ms + 24 evals x 2.5 s)
    gate_state     D8_HINGE_M   5 runs x  17.2 min  (9600 steps x 101.9 ms + 8 evals x 6.1 s + 4 probes x 0.8 s)
    gate_state     HINGE_D8_A   5 runs x  16.6 min  (9600 steps x 99.3 ms + 8 evals x 5.3 s + 4 probes x 0.9 s)
    gate_state     A_HINGE_M    5 runs x   8.1 min  (9600 steps x 48.3 ms + 8 evals x 2.3 s + 4 probes x 0.4 s)
    gate_state     HINGE16_M    5 runs x   8.4 min  (9600 steps x 50.3 ms + 8 evals x 2.7 s + 4 probes x 0.3 s)
    total 16.40 h of runs; makespan on 4 workers 4.14 h (worst case)
  RUNTIME RULE: projected makespan 4.14 h <= 9 h: no cut (stored)
  50 runs queued on 4 workers (1 torch thread each)
  [  1/50]    7.1 min  split_target   HINGE4k4_A seed 240  lr 0.001 (gate W_in/W_h/W_g 0.001 throughout; every other parameter 0.0001 for updates 1-2400, 0.001 after; + main's HINGE hinge)
          acc 1.000  trans  3600  VALcos 0.041  margin 0.91  DISCOVERED  ROUTED* 1200/2400/end -/-/Y
  [  2/50]    7.1 min  split_target   SPLITK_A   seed 240  lr 0.001 (gate W_in/W_h/W_g 0.001 throughout; every other parameter 0.0001 for updates 1-2400, 0.001 after; + main's HINGE hinge; + the trigger (every 2400 from 4800: probe acc < 0.95 and rise < 0.02; <= 2 splits, >= 4800 apart) -> S24's SPLIT on KEYMASS's c* -> c0, W_g's state reset)
          acc 1.000  trans  3600  VALcos 0.041  margin 0.91  DISCOVERED  ROUTED* 1200/2400/end -/-/Y
  [  3/50]    7.7 min  split_target   SPLITK_M   seed 241  lr 0.001 (Muon lr 0.005: gate W_in/W_h/W_g throughout, other Muon weights x0.1 for updates 1-2400; Adam on embedding and conv 0.0001 for 1-2400, 0.001 after; + main's HINGE hinge; + the trigger (every 2400 from 4800: probe acc < 0.95 and rise < 0.02; <= 2 splits, >= 4800 apart) -> S24's SPLIT on KEYMASS's c* -> c0, W_g's state reset)
          acc 0.999  trans  6000  VALcos 0.000  margin 1.00  DISCOVERED  ROUTED* 1200/2400/end -/-/Y
  [  4/50]    8.6 min  split_target   SPLITK_M   seed 240  lr 0.001 (Muon lr 0.005: gate W_in/W_h/W_g throughout, other Muon weights x0.1 for updates 1-2400; Adam on embedding and conv 0.0001 for 1-2400, 0.001 after; + main's HINGE hinge; + the trigger (every 2400 from 4800: probe acc < 0.95 and rise < 0.02; <= 2 splits, >= 4800 apart) -> S24's SPLIT on KEYMASS's c* -> c0, W_g's state reset)
          acc 0.999  trans  7200  VALcos 0.000  margin 1.00  DISCOVERED  ROUTED* 1200/2400/end -/-/Y
  [  5/50]   15.2 min  split_target   SPLITK_M   seed 242  lr 0.001 (Muon lr 0.005: gate W_in/W_h/W_g throughout, other Muon weights x0.1 for updates 1-2400; Adam on embedding and conv 0.0001 for 1-2400, 0.001 after; + main's HINGE hinge; + the trigger (every 2400 from 4800: probe acc < 0.95 and rise < 0.02; <= 2 splits, >= 4800 apart) -> S24's SPLIT on KEYMASS's c* -> c0, W_g's state reset)
          acc 0.993  trans  2400  VALcos 0.001  margin 1.00  DISCOVERED  ROUTED* 1200/2400/end -/Y/Y
  [  6/50]   15.5 min  split_target   HINGE4k4_A seed 242  lr 0.001 (gate W_in/W_h/W_g 0.001 throughout; every other parameter 0.0001 for updates 1-2400, 0.001 after; + main's HINGE hinge)
          acc 1.000  trans  4800  VALcos 0.003  margin 0.98  DISCOVERED  ROUTED* 1200/2400/end -/-/Y
  [  7/50]   17.9 min  split_target   HINGE4k4_A seed 241  lr 0.001 (gate W_in/W_h/W_g 0.001 throughout; every other parameter 0.0001 for updates 1-2400, 0.001 after; + main's HINGE hinge)
          acc 1.000  trans 10800  VALcos 0.014  margin 0.98  DISCOVERED  ROUTED* 1200/2400/end -/-/Y
  [  8/50]   19.0 min  split_target   SPLITK_A   seed 241  lr 0.001 (gate W_in/W_h/W_g 0.001 throughout; every other parameter 0.0001 for updates 1-2400, 0.001 after; + main's HINGE hinge; + the trigger (every 2400 from 4800: probe acc < 0.95 and rise < 0.02; <= 2 splits, >= 4800 apart) -> S24's SPLIT on KEYMASS's c* -> c0, W_g's state reset)
          acc 1.000  trans 12000  VALcos 0.004  margin 0.99  DISCOVERED  ROUTED* 1200/2400/end -/-/Y
  [  9/50]   22.3 min  split_target   SPLITK_A   seed 242  lr 0.001 (gate W_in/W_h/W_g 0.001 throughout; every other parameter 0.0001 for updates 1-2400, 0.001 after; + main's HINGE hinge; + the trigger (every 2400 from 4800: probe acc < 0.95 and rise < 0.02; <= 2 splits, >= 4800 apart) -> S24's SPLIT on KEYMASS's c* -> c0, W_g's state reset)
          acc 1.000  trans  4800  VALcos 0.003  margin 0.98  DISCOVERED  ROUTED* 1200/2400/end -/-/Y
  [ 10/50]   25.9 min  split_target   HINGE4k4_A seed 243  lr 0.001 (gate W_in/W_h/W_g 0.001 throughout; every other parameter 0.0001 for updates 1-2400, 0.001 after; + main's HINGE hinge)
          acc 1.000  trans  7200  VALcos 0.101  margin 0.62  DISCOVERED  ROUTED* 1200/2400/end -/-/-
  [ 11/50]   27.1 min  split_target   SPLITK_A   seed 243  lr 0.001 (gate W_in/W_h/W_g 0.001 throughout; every other parameter 0.0001 for updates 1-2400, 0.001 after; + main's HINGE hinge; + the trigger (every 2400 from 4800: probe acc < 0.95 and rise < 0.02; <= 2 splits, >= 4800 apart) -> S24's SPLIT on KEYMASS's c* -> c0, W_g's state reset)
          acc 1.000  trans  7200  VALcos 0.101  margin 0.62  DISCOVERED  ROUTED* 1200/2400/end -/-/-
  [ 12/50]   32.9 min  split_target   HINGE4k4_A seed 244  lr 0.001 (gate W_in/W_h/W_g 0.001 throughout; every other parameter 0.0001 for updates 1-2400, 0.001 after; + main's HINGE hinge)
          acc 1.000  trans  4800  VALcos 0.000  margin 0.96  DISCOVERED  ROUTED* 1200/2400/end -/-/Y
  [ 13/50]   34.2 min  split_target   SPLITK_A   seed 244  lr 0.001 (gate W_in/W_h/W_g 0.001 throughout; every other parameter 0.0001 for updates 1-2400, 0.001 after; + main's HINGE hinge; + the trigger (every 2400 from 4800: probe acc < 0.95 and rise < 0.02; <= 2 splits, >= 4800 apart) -> S24's SPLIT on KEYMASS's c* -> c0, W_g's state reset)
          acc 1.000  trans  4800  VALcos 0.000  margin 0.96  DISCOVERED  ROUTED* 1200/2400/end -/-/Y
  [ 14/50]   41.1 min  split_target   SPLITK_M   seed 243  lr 0.001 (Muon lr 0.005: gate W_in/W_h/W_g throughout, other Muon weights x0.1 for updates 1-2400; Adam on embedding and conv 0.0001 for 1-2400, 0.001 after; + main's HINGE hinge; + the trigger (every 2400 from 4800: probe acc < 0.95 and rise < 0.02; <= 2 splits, >= 4800 apart) -> S24's SPLIT on KEYMASS's c* -> c0, W_g's state reset)
          acc 0.758  trans  None  VALcos 0.000  margin 0.75  STREAM-PARTIAL  ROUTED* 1200/2400/end -/-/-
  [ 15/50]   43.1 min  split_target   HINGE4k4_A seed 245  lr 0.001 (gate W_in/W_h/W_g 0.001 throughout; every other parameter 0.0001 for updates 1-2400, 0.001 after; + main's HINGE hinge)
          acc 1.000  trans  8400  VALcos 0.000  margin 0.98  DISCOVERED  ROUTED* 1200/2400/end -/-/Y
  [ 16/50]   47.3 min  split_target   SPLITK_M   seed 244  lr 0.001 (Muon lr 0.005: gate W_in/W_h/W_g throughout, other Muon weights x0.1 for updates 1-2400; Adam on embedding and conv 0.0001 for 1-2400, 0.001 after; + main's HINGE hinge; + the trigger (every 2400 from 4800: probe acc < 0.95 and rise < 0.02; <= 2 splits, >= 4800 apart) -> S24's SPLIT on KEYMASS's c* -> c0, W_g's state reset)
          acc 0.494  trans  None  VALcos 0.000  margin 0.54  STREAM-PARTIAL  ROUTED* 1200/2400/end -/-/-
  [ 17/50]   49.9 min  split_target   SPLITK_A   seed 245  lr 0.001 (gate W_in/W_h/W_g 0.001 throughout; every other parameter 0.0001 for updates 1-2400, 0.001 after; + main's HINGE hinge; + the trigger (every 2400 from 4800: probe acc < 0.95 and rise < 0.02; <= 2 splits, >= 4800 apart) -> S24's SPLIT on KEYMASS's c* -> c0, W_g's state reset)
          acc 1.000  trans  8400  VALcos 0.000  margin 0.97  DISCOVERED  ROUTED* 1200/2400/end -/-/Y
  [ 18/50]   50.4 min  split_target   SPLITK_M   seed 246  lr 0.001 (Muon lr 0.005: gate W_in/W_h/W_g throughout, other Muon weights x0.1 for updates 1-2400; Adam on embedding and conv 0.0001 for 1-2400, 0.001 after; + main's HINGE hinge; + the trigger (every 2400 from 4800: probe acc < 0.95 and rise < 0.02; <= 2 splits, >= 4800 apart) -> S24's SPLIT on KEYMASS's c* -> c0, W_g's state reset)
          acc 1.000  trans  2400  VALcos 0.000  margin 1.00  DISCOVERED  ROUTED* 1200/2400/end -/Y/Y
  [ 19/50]   57.9 min  split_target   SPLITK_M   seed 245  lr 0.001 (Muon lr 0.005: gate W_in/W_h/W_g throughout, other Muon weights x0.1 for updates 1-2400; Adam on embedding and conv 0.0001 for 1-2400, 0.001 after; + main's HINGE hinge; + the trigger (every 2400 from 4800: probe acc < 0.95 and rise < 0.02; <= 2 splits, >= 4800 apart) -> S24's SPLIT on KEYMASS's c* -> c0, W_g's state reset)
          acc 0.496  trans  None  VALcos 0.000  margin 0.66  STREAM-PARTIAL  ROUTED* 1200/2400/end -/-/-
  [ 20/50]   59.7 min  split_target   SPLITK_A   seed 246  lr 0.001 (gate W_in/W_h/W_g 0.001 throughout; every other parameter 0.0001 for updates 1-2400, 0.001 after; + main's HINGE hinge; + the trigger (every 2400 from 4800: probe acc < 0.95 and rise < 0.02; <= 2 splits, >= 4800 apart) -> S24's SPLIT on KEYMASS's c* -> c0, W_g's state reset)
          acc 1.000  trans  9600  VALcos 0.010  margin 0.82  DISCOVERED  ROUTED* 1200/2400/end -/-/-
  [ 21/50]   63.1 min  split_target   SPLITK_M   seed 247  lr 0.001 (Muon lr 0.005: gate W_in/W_h/W_g throughout, other Muon weights x0.1 for updates 1-2400; Adam on embedding and conv 0.0001 for 1-2400, 0.001 after; + main's HINGE hinge; + the trigger (every 2400 from 4800: probe acc < 0.95 and rise < 0.02; <= 2 splits, >= 4800 apart) -> S24's SPLIT on KEYMASS's c* -> c0, W_g's state reset)
          acc 0.999  trans 12000  VALcos 0.101  margin 0.86  DISCOVERED  ROUTED* 1200/2400/end -/-/-
  [ 22/50]   70.5 min  split_target   SPLITK_M   seed 248  lr 0.001 (Muon lr 0.005: gate W_in/W_h/W_g throughout, other Muon weights x0.1 for updates 1-2400; Adam on embedding and conv 0.0001 for 1-2400, 0.001 after; + main's HINGE hinge; + the trigger (every 2400 from 4800: probe acc < 0.95 and rise < 0.02; <= 2 splits, >= 4800 apart) -> S24's SPLIT on KEYMASS's c* -> c0, W_g's state reset)
          acc 1.000  trans  2400  VALcos 0.000  margin 1.00  DISCOVERED  ROUTED* 1200/2400/end -/Y/Y
  [ 23/50]   70.5 min  split_target   HINGE4k4_A seed 246  lr 0.001 (gate W_in/W_h/W_g 0.001 throughout; every other parameter 0.0001 for updates 1-2400, 0.001 after; + main's HINGE hinge)
          acc 0.750  trans  None  VALcos 0.000  margin 0.83  STREAM-PARTIAL  ROUTED* 1200/2400/end -/-/-
  [ 24/50]   70.6 min  split_target   SPLITK_A   seed 247  lr 0.001 (gate W_in/W_h/W_g 0.001 throughout; every other parameter 0.0001 for updates 1-2400, 0.001 after; + main's HINGE hinge; + the trigger (every 2400 from 4800: probe acc < 0.95 and rise < 0.02; <= 2 splits, >= 4800 apart) -> S24's SPLIT on KEYMASS's c* -> c0, W_g's state reset)
          acc 1.000  trans 10800  VALcos 0.000  margin 0.98  DISCOVERED  ROUTED* 1200/2400/end -/-/Y
  [ 25/50]   80.9 min  split_target   HINGE4k4_A seed 247  lr 0.001 (gate W_in/W_h/W_g 0.001 throughout; every other parameter 0.0001 for updates 1-2400, 0.001 after; + main's HINGE hinge)
          acc 0.743  trans  None  VALcos 0.001  margin 0.83  STREAM-PARTIAL  ROUTED* 1200/2400/end -/-/-
  [ 26/50]   82.3 min  split_target   SPLITK_A   seed 248  lr 0.001 (gate W_in/W_h/W_g 0.001 throughout; every other parameter 0.0001 for updates 1-2400, 0.001 after; + main's HINGE hinge; + the trigger (every 2400 from 4800: probe acc < 0.95 and rise < 0.02; <= 2 splits, >= 4800 apart) -> S24's SPLIT on KEYMASS's c* -> c0, W_g's state reset)
          acc 1.000  trans 12000  VALcos 0.998  margin 0.00  BOUND unrouted  ROUTED* 1200/2400/end -/-/-
  [ 27/50]   85.1 min  split_target   HINGE4k4_A seed 248  lr 0.001 (gate W_in/W_h/W_g 0.001 throughout; every other parameter 0.0001 for updates 1-2400, 0.001 after; + main's HINGE hinge)
          acc 1.000  trans 15600  VALcos 0.966  margin 0.38  BOUND unrouted  ROUTED* 1200/2400/end -/-/-
  [ 28/50]   93.7 min  gate_state     A_HINGE_M  seed 240  lr 0.001 (S33's A_HINGE recipe)
          acc 0.726  trans  None  VALcos 1.000  margin 0.70  STREAM-PARTIAL  ROUTED* 1200/2400/end -/-/-
  [ 29/50]   95.7 min  split_target   SPLITK_M   seed 249  lr 0.001 (Muon lr 0.005: gate W_in/W_h/W_g throughout, other Muon weights x0.1 for updates 1-2400; Adam on embedding and conv 0.0001 for 1-2400, 0.001 after; + main's HINGE hinge; + the trigger (every 2400 from 4800: probe acc < 0.95 and rise < 0.02; <= 2 splits, >= 4800 apart) -> S24's SPLIT on KEYMASS's c* -> c0, W_g's state reset)
          acc 0.771  trans  None  VALcos 0.000  margin 0.71  STREAM-PARTIAL  ROUTED* 1200/2400/end -/-/-
  [ 30/50]  101.4 min  gate_state     HINGE16_M  seed 240  lr 0.001 (S35's MUON_HINGE16 recipe)
          acc 1.000  trans  2400  VALcos 0.000  margin 0.99  DISCOVERED  ROUTED* 1200/2400/end -/-/-
  [ 31/50]  104.5 min  gate_state     A_HINGE_M  seed 241  lr 0.001 (S33's A_HINGE recipe)
          acc 0.741  trans  None  VALcos 0.000  margin 0.74  STREAM-PARTIAL  ROUTED* 1200/2400/end -/-/-
  [ 32/50]  104.7 min  split_target   HINGE4k4_A seed 249  lr 0.001 (gate W_in/W_h/W_g 0.001 throughout; every other parameter 0.0001 for updates 1-2400, 0.001 after; + main's HINGE hinge)
          acc 0.250  trans  None  VALcos 1.000  margin -0.00  KEY  ROUTED* 1200/2400/end -/-/-
  [ 33/50]  106.0 min  split_target   SPLITK_A   seed 249  lr 0.001 (gate W_in/W_h/W_g 0.001 throughout; every other parameter 0.0001 for updates 1-2400, 0.001 after; + main's HINGE hinge; + the trigger (every 2400 from 4800: probe acc < 0.95 and rise < 0.02; <= 2 splits, >= 4800 apart) -> S24's SPLIT on KEYMASS's c* -> c0, W_g's state reset)
          acc 0.500  trans  None  VALcos 0.003  margin 0.47  STREAM-PARTIAL  ROUTED* 1200/2400/end -/-/-
#################### RESUME 2026-10-04 07:03:15 UTC — the previous segment was stopped by the session's background time limit; saved runs are reused, missing runs re-run (EXPLORATORY, not a result) ####################
====================================================================================================
EXPLORATORY, NOT A RESULT — batch 13: split_target (S37), gate_state (S38)
  cpu Intel(R) Xeon(R) Processor @ 2.10GHz | torch 2.14.0+cu130 | git b981809+dirty | python 3.11.15 | torch threads 1
====================================================================================================
  recipe read in the child from main at 9c5939e: test_slow_start.LR 0.001, test_stream_recipe.LR 0.001, test_stream_curriculum.LR 0.001 (Adam groups; the branch's SUB_LR 0.001); WARM 2400, TAU 0.2, LAMBDA 1.0; Muon lr 0.005 (S33's validity choice {'a': 0.005, 'b': 0.005}); S37 28800 steps, S38 reruns to 9600; 1 torch thread per run
  lr read for split_target SPLITK_M: 0.001 (Adam groups); Muon lr 0.005
  lr read for split_target HINGE4k4_A: 0.001 (Adam groups)
  lr read for split_target SPLITK_A: 0.001 (Adam groups)
  lr read for gate_state D8_HINGE_M: 0.001 (Adam groups); Muon lr 0.005
  lr read for gate_state HINGE_D8_A: 0.001 (Adam groups)
  lr read for gate_state A_HINGE_M: 0.001 (Adam groups); Muon lr 0.005
  lr read for gate_state HINGE16_M: 0.001 (Adam groups); Muon lr 0.005
  S37 readings (per optimizer): 'the targeted split fixes four-stream merges' if >= 8/10 bind, 'it does not' if <= 5/10, otherwise neither
  S38 readings (S=8, at 4800, median over 5 seeds of the stream decodability from h at key positions): 'the eight-stream gate state does not carry the stream' if < 0.5; 'it does' if >= 0.9; otherwise 'partial'
  repro_check: arm A seed 160, 2400 steps, lr 0.001: BIT-IDENTICAL to X (54s)
    here [[1200, 0.25732421875, 2.1073341369628906], [2400, 0.50244140625, 1.1376346349716187]]
    X    [[1200, 0.25732421875, 2.1073341369628906], [2400, 0.50244140625, 1.1376346349716187]]
  CHECKs skipped (repro check above still run): the screen code is unchanged — no file outside explore_out/ and explore_batch13.py differs from b2981bd, where the full CHECK suite passed (2026-10-04 05:15:20 UTC; its output is earlier in this log). git diff --stat b2981bd:
     explore_out/README.md                         |     2 +-
     explore_out/batch13.log                       |   153 +
     explore_out/batch13_checks.json               |     6 +
     explore_out/gate_state_results.json           |  3356 ++
     explore_out/split_target_results.json         | 45479 ++++++++++++++++++++++++
     explore_out/split_target_runtime_results.json |    20 +
     6 files changed, 49015 insertions(+), 1 deletion(-)
----------------------------------------------------------------------------------------------------
[EXPLORATORY, not a result] SCREEN split_target
  idea    S36's split targeted by the read-gate mass at the hinge's key positions (KEYMASS), at most 2 per run
  source  batch 12's S36 (the all-position target was wrong in half the splits: an empty channel can carry the largest mass); S24 (SPLIT un-merged 8/8 Adam runs at k=4)
  change  S36's trigger, c* / c0 = the largest / smallest mean read-gate mass at key positions, <= 2 splits, >= 4800 updates apart; S24's operation
  arm SPLITK_M     lr 0.001  iters 28800  seeds 240-249 (10)  — S33's A_HINGE + trigger + KEYMASS (Muon)
                   schedule: Muon lr 0.005: gate W_in/W_h/W_g throughout, other Muon weights x0.1 for updates 1-2400; Adam on embedding and conv 0.0001 for 1-2400, 0.001 after; + main's HINGE hinge; + the trigger (every 2400 from 4800: probe acc < 0.95 and rise < 0.02; <= 2 splits, >= 4800 apart) -> S24's SPLIT on KEYMASS's c* -> c0, W_g's state reset
  arm HINGE4k4_A   lr 0.001  iters 28800  seeds 240-249 (10)  — main's A4k4 + test_slow_start's HINGE recipe (Adam), run here
                   schedule: gate W_in/W_h/W_g 0.001 throughout; every other parameter 0.0001 for updates 1-2400, 0.001 after; + main's HINGE hinge
  arm SPLITK_A     lr 0.001  iters 28800  seeds 240-249 (10)  — HINGE4k4_A + trigger + KEYMASS (Adam)
                   schedule: gate W_in/W_h/W_g 0.001 throughout; every other parameter 0.0001 for updates 1-2400, 0.001 after; + main's HINGE hinge; + the trigger (every 2400 from 4800: probe acc < 0.95 and rise < 0.02; <= 2 splits, >= 4800 apart) -> S24's SPLIT on KEYMASS's c* -> c0, W_g's state reset
  pairing seeds 240-249: SPLITK_M with S33's A_HINGE and S36's SPLIT4k4_M; SPLITK_A with HINGE4k4_A (run here); same initial parameters and batches until the first split
----------------------------------------------------------------------------------------------------
----------------------------------------------------------------------------------------------------
[EXPLORATORY, not a result] SCREEN gate_state
  idea    descriptive: is the stream decodable from the gate state h at key positions, at S=8 vs S=4?
  source  batch 12's S36 (splits at S=8 copied channels onto empty ones and never bound); S33, S35, X's HINGE_D8
  change  none to the runs (reruns to 9600); labelled nearest-class-mean decoders on h and on the gate input
  arm D8_HINGE_M   lr 0.001  iters 9600  seeds 260-264 (5)  — rerun of S33's D8_HINGE (Muon, S=8, k=16) to 9600
                   schedule: S33's D8_HINGE recipe
  arm HINGE_D8_A   lr 0.001  iters 9600  seeds 260-264 (5)  — rerun of X's HINGE_D8 (Adam, S=8, k=16) to 9600
                   schedule: test_slow_start's HINGE recipe
  arm A_HINGE_M    lr 0.001  iters 9600  seeds 240-244 (5)  — rerun of S33's A_HINGE (Muon, S=4, k=4) to 9600
                   schedule: S33's A_HINGE recipe
  arm HINGE16_M    lr 0.001  iters 9600  seeds 240-244 (5)  — rerun of S35's MUON_HINGE16 (Muon, S=4, k=16) to 9600
                   schedule: S35's MUON_HINGE16 recipe
  pairing each rerun against its recorded run (the curve must reproduce through 9600)
----------------------------------------------------------------------------------------------------
  PROJECTION (worst case: every run to its iters; pool-load timing: the median interval between optimizer steps, one child per arm at once, two rounds of 4, 1 thread each, this machine):
    split_target   SPLITK_M    10 runs x  24.2 min  (28800 steps x 48.8 ms + 24 evals x 2.1 s)
    split_target   HINGE4k4_A  10 runs x  21.6 min  (28800 steps x 43.2 ms + 24 evals x 2.3 s)
    split_target   SPLITK_A    10 runs x  22.2 min  (28800 steps x 43.4 ms + 24 evals x 3.4 s)
    gate_state     D8_HINGE_M   5 runs x  16.9 min  (9600 steps x 100.9 ms + 8 evals x 5.4 s + 4 probes x 0.8 s)
    gate_state     HINGE_D8_A   5 runs x  16.1 min  (9600 steps x 95.3 ms + 8 evals x 5.9 s + 4 probes x 0.8 s)
    gate_state     A_HINGE_M    5 runs x   8.1 min  (9600 steps x 47.1 ms + 8 evals x 4.0 s + 4 probes x 0.3 s)
    gate_state     HINGE16_M    5 runs x   8.4 min  (9600 steps x 50.3 ms + 8 evals x 2.4 s + 4 probes x 0.3 s)
    total 15.47 h of runs; makespan on 4 workers 3.92 h (worst case)
  RUNTIME RULE (stored 2026-10-04 05:16:27 UTC: makespan 4.14 h on 4 workers): no cut
  17 runs queued on 4 workers (1 torch thread each)
  [  1/17]    7.5 min  gate_state     A_HINGE_M  seed 242  lr 0.001 (S33's A_HINGE recipe)
          acc 0.993  trans  2400  VALcos 0.001  margin 1.00  DISCOVERED  ROUTED* 1200/2400/end -/Y/Y
  [  2/17]    7.6 min  gate_state     HINGE16_M  seed 242  lr 0.001 (S35's MUON_HINGE16 recipe)
          acc 1.000  trans  2400  VALcos 0.000  margin 0.99  DISCOVERED  ROUTED* 1200/2400/end -/-/-
  [  3/17]    7.6 min  gate_state     HINGE16_M  seed 241  lr 0.001 (S35's MUON_HINGE16 recipe)
          acc 0.996  trans  2400  VALcos 0.001  margin 0.98  DISCOVERED  ROUTED* 1200/2400/end -/-/-
  [  4/17]    8.5 min  gate_state     A_HINGE_M  seed 243  lr 0.001 (S33's A_HINGE recipe)
          acc 0.768  trans  None  VALcos 0.000  margin 0.82  STREAM-PARTIAL  ROUTED* 1200/2400/end -/-/-
  [  5/17]   15.2 min  gate_state     HINGE16_M  seed 243  lr 0.001 (S35's MUON_HINGE16 recipe)
          acc 1.000  trans  2400  VALcos 0.000  margin 1.00  DISCOVERED  ROUTED* 1200/2400/end -/-/-
  [  6/17]   15.3 min  gate_state     HINGE16_M  seed 244  lr 0.001 (S35's MUON_HINGE16 recipe)
          acc 1.000  trans  2400  VALcos 0.000  margin 0.87  DISCOVERED  ROUTED* 1200/2400/end -/-/-
  [  7/17]   16.5 min  gate_state     A_HINGE_M  seed 244  lr 0.001 (S33's A_HINGE recipe)
          acc 0.503  trans  None  VALcos 0.000  margin 0.51  STREAM-PARTIAL  ROUTED* 1200/2400/end -/-/-
