====================================================================================================
EXPLORATORY, NOT A RESULT — batch 12: split_plateau (S36) — DRY RUN (shortened: 1 seed per arm, runs capped at 3600 steps; exercises the code, not for interpretation)
  cpu Intel(R) Xeon(R) Processor @ 2.10GHz | torch 2.14.0+cu130 | git 9e32a46 | python 3.11.15 | torch threads 1
====================================================================================================
  recipe read in the child from main at 9c5939e: test_slow_start.LR 0.001, test_stream_recipe.LR 0.001, test_stream_curriculum.LR 0.001 (Adam groups; the branch's SUB_LR 0.001); WARM 2400, TAU 0.2, LAMBDA 1.0; Muon lr 0.005 (S33's validity choice {'a': 0.005, 'b': 0.005}); schedules {'t_check': 4800, 'a_check': 0.4, 'total': 28800, 'eval_every': 1200} (a, total 28800), {'t1': 4800, 't2': 9600, 'total': 28800, 'eval_every': 1200, 't_check': 2400, 'a_check': 0.6} (b, total set to 43200); 1 torch thread per run
  lr read for dry_split_plateau SPLIT4k4_M: 0.001 (Adam groups); Muon lr 0.005
  lr read for dry_split_plateau SPLIT_D8_M: 0.001 (Adam groups); Muon lr 0.005
  lr read for dry_split_plateau SPLIT_D8_A: 0.001 (Adam groups)
  S36 readings: (a) 'the split fixes four-stream merges under Muon' if SPLIT4k4_M binds >= 8/10, 'it does not' if <= 5/10, otherwise neither; (b) per arm 'it breaks the eight-stream stall' if >= 3/10 bind by 43200, otherwise 'it does not' (BOUND at 28800 printed, the paired outcome)
  queue order: the (b) arms' 43200-step runs first (arm priority), then (a)
  repro_check: arm A seed 160, 2400 steps, lr 0.001: BIT-IDENTICAL to X (74s)
    here [[1200, 0.25732421875, 2.1073341369628906], [2400, 0.50244140625, 1.1376346349716187]]
    X    [[1200, 0.25732421875, 2.1073341369628906], [2400, 0.50244140625, 1.1376346349716187]]
  CHECK dry_split_plateau: SPLIT4k4_M with the accuracy threshold at 0 equals A_HINGE|240 bit for bit through 7200 (curve True; statistics at [0, 1200, 2400, 3600, 4800, 6000, 7200] True; the trigger measured at [(2400, 0.719, False), (4800, 0.688, False), (7200, 0.688, False)]): ok
  CHECK dry_split_plateau: SPLIT_D8_M with the accuracy threshold at 0 equals D8_HINGE|260 bit for bit through 7200 (curve True; statistics at [0, 1200, 2400, 3600, 4800, 6000, 7200] True; the trigger measured at [(2400, 0.078, False), (4800, 0.125, False), (7200, 0.109, False)]): ok
  CHECK dry_split_plateau: SPLIT_D8_A with the accuracy threshold at 0 equals X HINGE_D8|260 bit for bit through 7200 (curve True; statistics at [0, 1200, 2400, 3600, 4800, 6000, 7200] True; the trigger measured at [(2400, 0.031, False), (4800, 0.062, False), (7200, 0.062, False)]): ok
  CHECK dry_split_plateau: muon: on a synthetic gate (masses [0.062, 0.062, 0.063, 0.063, 0.061, 0.061, 0.065, 0.063, 0.063, 0.061, 0.059, 0.063, 0.065, 0.066, 0.065, 0.06]; c* 13, c0 10) the operation sets W_g[c0] = W_g[c*] + n2 and W_g[c*] = W_g[c*] + n1 (noise sd 0.2396 = 0.1 x std(W_g[c*]) 0.2396) and leaves the other 14 rows unchanged: FAIL
  CHECK dry_split_plateau: muon: every other parameter and every other optimizer state unchanged: ok
  CHECK dry_split_plateau: muon: after the split W_g's Muon momentum is zero (['momentum_buffer'] zeroed: ['momentum_buffer']): ok
  CHECK dry_split_plateau: adam: on a synthetic gate (masses [0.062, 0.062, 0.063, 0.063, 0.061, 0.061, 0.065, 0.063, 0.063, 0.061, 0.059, 0.063, 0.065, 0.066, 0.065, 0.06]; c* 13, c0 10) the operation sets W_g[c0] = W_g[c*] + n2 and W_g[c*] = W_g[c*] + n1 (noise sd 0.2396 = 0.1 x std(W_g[c*]) 0.2396) and leaves the other 14 rows unchanged: FAIL
  CHECK dry_split_plateau: adam: every other parameter and every other optimizer state unchanged: ok
  CHECK dry_split_plateau: adam: after the split W_g's Adam state is zero (['exp_avg', 'exp_avg_sq', 'step'] zeroed: ['step', 'exp_avg', 'exp_avg_sq']): ok
  CHECK dry_split_plateau: with the thresholds forced (accuracy < 1.01, rise < 10) SPLIT4k4_M|241 splits at [4800] (c* 1 -> c0 2; channels [2, 3, 0, 0] -> [3, 3, 0, 0]; W_g state zeroed ['momentum_buffer']) and runs on to 6000 (curve [6000, 0.49853515625, 0.8443267941474915]): ok
  CHECK dry_split_plateau: children at 9c5939e (14.1 min); the modules served from main are exactly the test modules that differ between this branch and 9c5939e (['test_binding_capacity', 'test_curriculum_confirm', 'test_scale_axes', 'test_short_conv', 'test_slow_start', 'test_stream_channels', 'test_stream_curriculum', 'test_stream_recipe']): ok
  ! CHECK failed in dry_split_plateau; stopping.
