====================================================================================================
EXPLORATORY, NOT A RESULT — batch 11: hinge_window (S34), muon_k16 (S35) — DRY RUN (shortened: 1 seed per arm, runs capped at 3600 steps; exercises the code, not for interpretation)
  cpu Intel(R) Xeon(R) Processor @ 2.10GHz | torch 2.14.0+cu130 | git 05ff5f9 | python 3.11.15 | torch threads 1
====================================================================================================
  recipe: S34 lr = test_channel_binding.SUB_LR = 0.001 (MUON_H2400: Adam on the embedding, Muon lr 0.005, slow phase x0.1 for updates 1-2400; ADAM_H2400: gate 0.001 throughout, the rest 0.0001 for updates 1-2400), MAX_ITERS = test_short_conv.MAX_ITERS = 24000, task P=4 S=2 grouped; hinge LAMBDA 1.0, TAU 0.2, window updates 1-2400; 1 torch thread per run
  S35 recipe read in the child from main at 9c5939e: test_slow_start.LR 0.001, test_stream_recipe.LR 0.001 (Adam groups; the branch's SUB_LR 0.001); WARM 2400, TAU 0.2, LAMBDA 1.0; MAX_ITERS 28800; schedule {'t_check': 4800, 'a_check': 0.4, 'total': 28800, 'eval_every': 1200}
    parameters HINGE: decoder (256, 32), encoder (1, 32, 256), encoder_v (1, 32, 256), lm_head (32, 24), W_in (32, 32), W_h (32, 32), W_g (16, 32), embed.weight (24, 32), short_conv.conv_w (32, 4)
    parameters CEIL: decoder (256, 32), encoder (1, 32, 256), encoder_v (1, 32, 256), lm_head (32, 24), embed.weight (24, 32), short_conv.conv_w (32, 4)
  lr read for dry_hinge_window MUON_H2400: 0.001 (Adam groups); Muon lr 0.005
  lr read for dry_hinge_window ADAM_H2400: 0.001 (Adam groups)
  lr read for dry_muon_k16 MUON_HINGE16: 0.001 (Adam groups); Muon lr from the validity runs
  S34 readings (per optimizer; DISCOVERED; b = full hinge only, c = window only): 'an early window suffices' if b - c <= 1; 'the late hinge matters' if b - c >= 4 and p < 0.1; otherwise neither. Description: 'directional kick' if the median ratio >= 100 and the Muon momentum's cosine stays >= 0.5 for a median of >= 50 updates
  S35 readings (BOUND; b = HINGE4k16 only, c = MUON_HINGE16 only): 'the Muon recipe carries to four streams at k=16' if MUON_HINGE16 >= 16/20 (>= 8/10 if cut) and b - c <= 1; 'worse under Muon' if b - c >= 4 and p < 0.1; otherwise neither; UNTESTED if no Muon lr binds the perfect gate on both seeds
  ROUTED* = margin >= 0.9 and eta_key_by_stream > 0.9
  queue order: muon_k16, hinge_window — run_jobs2 queues runs by arm priority (S35's 28800-step runs first, then S34's)
  repro_check: arm A seed 160, 2400 steps, lr 0.001: BIT-IDENTICAL to X (41s)
    here [[1200, 0.25732421875, 2.1073341369628906], [2400, 0.50244140625, 1.1376346349716187]]
    X    [[1200, 0.25732421875, 2.1073341369628906], [2400, 0.50244140625, 1.1376346349716187]]
  CHECK dry_hinge_window: MUON_H2400 with the window end at 24000 equals S25's MUON_HINGE|160 bit for bit through 2400 (curve True; statistics at 1200 and 2400 True; diagnostics on): ok
  CHECK dry_hinge_window: MUON_H2400: one diagnostic row per firing (firings [194, 195]; ratios [2654.7, 418.9]; cosine below 0.5 after [96, 95] updates): ok
  CHECK dry_hinge_window: ADAM_H2400 with the window end at 24000 equals S13's SLOW_HINGE|160 bit for bit through 2400 (curve True; statistics at 1200 and 2400 True; diagnostics on): ok
  CHECK dry_hinge_window: ADAM_H2400: one diagnostic row per firing (firings []; ratios []): ok
  CHECK dry_hinge_window: MUON_H2400 with the window end at 0 equals MUON_SLOW|160 bit for bit through 1200 (curves [[1200, 0.8056640625, 1.0763039588928223]] = a fresh MUON_SLOW run = S32's record; weights equal; firings []): ok
  CHECK dry_hinge_window: ADAM_H2400 with the window end at 0 equals SLOW_MEM|160 bit for bit through 1200 (curves [[1200, 0.4501953125, 2.190796375274658]] = a fresh SLOW_MEM run = S5's record; weights equal; firings []): ok
  CHECK dry_hinge_window: MUON_H2400 with the window end at 2400: the hinge's weight at updates [1, 2399, 2400, 2401] is [1.0, 1.0, 1.0, 0.0] (1.0 at 2400, 0 at 2401): ok
  CHECK dry_hinge_window: ADAM_H2400 with the window end at 2400: the hinge's weight at updates [1, 2399, 2400, 2401] is [1.0, 1.0, 1.0, 0.0] (1.0 at 2400, 0 at 2401): ok
  CHECK dry_muon_k16: path: test_slow_start's HINGE recipe (Adam) on run_attempt with A4k16 reproduces X's HINGE4k16|240 through 1200 (curve [[1200, 0.18896484375, 2.678753614425659]] vs [[1200, 0.18896484375, 2.678753614425659]]; statistics at 1200 True): ok
  CHECK dry_muon_k16: HINGE: the groups cover every parameter exactly once [('gate', 'muon', ['W_in', 'W_h', 'W_g']), ('rest', 'muon', ['decoder', 'encoder', 'encoder_v', 'lm_head']), ('rest', 'adam', ['embed.weight', 'short_conv.conv_w'])]: ok
  CHECK dry_muon_k16: CEIL: the groups cover every parameter exactly once [('rest', 'muon', ['decoder', 'encoder', 'encoder_v', 'lm_head']), ('rest', 'adam', ['embed.weight', 'short_conv.conv_w'])]: ok
  CHECK dry_muon_k16: MUON_HINGE16: lrs per group [('gate', 'muon'), ('rest', 'muon'), ('rest', 'adam')] at update 1 [0.005, 0.0005, 0.0001], 2400 [0.005, 0.0005, 0.0001], 2401 [0.005, 0.005, 0.001] (2401 updates): ok
  CHECK dry_muon_k16: the firing log (TAU 0, 60 steps): 60 entries, updates [1, 2, 3]...[59, 60]; the hinge counted 60 of 60: ok
  CHECK dry_muon_k16: the perfect gate (ceiling4k16) zeroes every cross-stream score at every layer (max |cross| per layer [0.0, 0.0, 0.0]; max |same-stream| [5.4383, 5.39, 5.8016]): ok
  CHECK dry_muon_k16: child at 9c5939e (1.3 min); the modules served from main are exactly the test modules that differ between this branch and 9c5939e (['test_binding_capacity', 'test_curriculum_confirm', 'test_scale_axes', 'test_short_conv', 'test_slow_start', 'test_stream_channels', 'test_stream_curriculum', 'test_stream_recipe']): ok
  all CHECKs passed (5.9 min)
  S35 VALIDITY (EXPLORATORY, not a result): the perfect gate (ceiling4k16) under MUON (no slow phase), Muon lr 0.005, then 0.0025, then 0.01 while fewer than 1 bind; seeds [240]; 3600 steps; Adam lr 0.001 on the embedding and conv
  [valid 0.005 seed 240]   2.0 min  (Adam lr 0.001, 3600 steps): acc 1.000  trans  1200  VALcos 0.000  margin 1.00  DISCOVERED
    Muon lr 0.005  seed 240: BOUND at 1200 (acc 1.000)
  S35 LR CHOICE: smallest lr at which both seeds bind (S25's rule): 0.005
----------------------------------------------------------------------------------------------------
[EXPLORATORY, not a result — DRY RUN (shortened: 1 seed per arm, runs capped at 3600 steps; exercises the code, not for interpretation)] SCREEN dry_hinge_window
  idea    the hinge only during the slow phase (updates 1-2400), under Muon and under Adam
  source  batch 10's S32 (the hinge matters under Muon; it fired at updates 50-168 on the rescued seeds, late firings on 5 seeds); S13 (SLOW_HINGE under Adam, firing timing not logged)
  change  S13's hinge with weight 1.0 on updates 1-2400 and 0 after (not injected), in MUON_HINGE and SLOW_HINGE
  arm MUON_H2400   lr 0.001  iters 3600  seeds 160-160 (1)  — S25's MUON_HINGE with the hinge on updates 1-2400 only
                   schedule: Muon lr 0.005: gate W_in/W_h/W_g throughout, other Muon weights x0.1 for updates 1-2400; Adam on the embedding 0.0001 for 1-2400, 0.001 after; + 1.0 * [relu(eta2_index - 0.2) + relu(eta2_half - 0.2)] on updates 1-2400 only
  arm ADAM_H2400   lr 0.001  iters 3600  seeds 160-160 (1)  — S13's SLOW_HINGE with the hinge on updates 1-2400 only
                   schedule: gate W_in/W_h/W_g 0.001 throughout; every other parameter 0.0001 for updates 1-2400, 0.001 after; + 1.0 * [relu(eta2_index - 0.2) + relu(eta2_half - 0.2)] on updates 1-2400 only
  pairing seeds 160-199: MUON_H2400 with MUON_HINGE (S25 160-179, S32 180-199) and MUON_SLOW (S32); ADAM_H2400 with SLOW_HINGE (S13) and SLOW_MEM (S5 160-179, S7 180-199); same initial parameters and batches
----------------------------------------------------------------------------------------------------
----------------------------------------------------------------------------------------------------
[EXPLORATORY, not a result — DRY RUN (shortened: 1 seed per arm, runs capped at 3600 steps; exercises the code, not for interpretation)] SCREEN dry_muon_k16
  idea    S33's MUON_HINGE in the main line's working four-stream configuration: S=4, P=4, k=16
  source  batch 10's S33 (Muon did not break the merges at k=4; 0/10 at S=8); X's HINGE4k16 17/20 at k=16 under Adam
  change  main's run path at 9c5939e (child process), A4k16 with S25's optimizer groups and the main line's hinge (S33's MUON_HINGE)
  arm MUON_HINGE16 lr 0.001  iters 3600  seeds 240-240 (1)  — S33's MUON_HINGE at S=4, P=4, k=16, conv (A4k16's path)
                   schedule: Muon lr 0.005 (validity): gate W_in/W_h/W_g throughout, other Muon weights x0.1 for updates 1-2400; Adam on embedding and conv 0.0001 for 1-2400, 0.001 after; + main's HINGE hinge (1.0 x [relu(eta2_index - 0.2) + relu(eta2_half - 0.2)], pooled over channels)
  pairing seeds 240-259 with X's recorded HINGE4k16 (slow_start at b8c6007) and A4k16 (stream_recipe); same initial parameters and batches
----------------------------------------------------------------------------------------------------
  PROJECTION (worst case: every run to its iters; pool-load timing: the median interval between optimizer steps, one process per arm at once (S34 x2, S35 x2), 1 thread each, this machine):
    dry_hinge_window MUON_H2400    1 runs x   1.2 min  (3600 steps x 19.1 ms + 3 evals x 0.8 s)
    dry_hinge_window ADAM_H2400    1 runs x   1.0 min  (3600 steps x 16.3 ms + 3 evals x 0.8 s)
    dry_muon_k16   MUON_HINGE16  1 runs x   2.3 min  (3600 steps x 37.1 ms + 3 evals x 2.0 s)
    total 0.08 h of runs; batch makespan on 4 workers 0.04 h (worst case)
  RUNTIME RULE: projected batch makespan 0.04 h <= 9 h: no cut (dry run: not stored)
  3 runs queued on 4 workers (1 torch thread each)
  [  1/3]    1.1 min  dry_hinge_window ADAM_H2400 seed 160  lr 0.001 (gate W_in/W_h/W_g 0.001 throughout; every other parameter 0.0001 for updates 1-2400, 0.001 after; + 1.0 * [relu(eta2_index - 0.2) + relu(eta2_half - 0.2)] on updates 1-2400 only)
          acc 1.000  trans  2400  VALcos 0.000  margin 1.00  DISCOVERED  ROUTED* 1200/2400/end Y/Y/Y
  [  2/3]    1.2 min  dry_hinge_window MUON_H2400 seed 160  lr 0.001 (Muon lr 0.005: gate W_in/W_h/W_g throughout, other Muon weights x0.1 for updates 1-2400; Adam on the embedding 0.0001 for 1-2400, 0.001 after; + 1.0 * [relu(eta2_index - 0.2) + relu(eta2_half - 0.2)] on updates 1-2400 only)
          acc 0.999  trans  2400  VALcos 0.000  margin 1.00  DISCOVERED  ROUTED* 1200/2400/end Y/Y/Y
  [  3/3]    2.6 min  dry_muon_k16   MUON_HINGE16 seed 240  lr 0.001 (Muon lr 0.005 (validity): gate W_in/W_h/W_g throughout, other Muon weights x0.1 for updates 1-2400; Adam on embedding and conv 0.0001 for 1-2400, 0.001 after; + main's HINGE hinge (1.0 x [relu(eta2_index - 0.2) + relu(eta2_half - 0.2)], pooled over channels))
          acc 0.987  trans  2400  VALcos 0.000  margin 0.97  DISCOVERED  ROUTED* 1200/2400/end -/-/-
  batch wall clock 2.6 min (this segment)
####################################################################################################
REPORTS — EXPLORATORY, not a result — DRY RUN (shortened: 1 seed per arm, runs capped at 3600 steps; exercises the code, not for interpretation)
####################################################################################################
----------------------------------------------------------------------------------------------------
[EXPLORATORY, not a result — DRY RUN (shortened: 1 seed per arm, runs capped at 3600 steps; exercises the code, not for interpretation)] SCREEN dry_hinge_window
  idea    the hinge only during the slow phase (updates 1-2400), under Muon and under Adam
  source  batch 10's S32 (the hinge matters under Muon; it fired at updates 50-168 on the rescued seeds, late firings on 5 seeds); S13 (SLOW_HINGE under Adam, firing timing not logged)
  change  S13's hinge with weight 1.0 on updates 1-2400 and 0 after (not injected), in MUON_HINGE and SLOW_HINGE
  arm MUON_H2400   lr 0.001  iters 3600  seeds 160-160 (1)  — S25's MUON_HINGE with the hinge on updates 1-2400 only
                   schedule: Muon lr 0.005: gate W_in/W_h/W_g throughout, other Muon weights x0.1 for updates 1-2400; Adam on the embedding 0.0001 for 1-2400, 0.001 after; + 1.0 * [relu(eta2_index - 0.2) + relu(eta2_half - 0.2)] on updates 1-2400 only
  arm ADAM_H2400   lr 0.001  iters 3600  seeds 160-160 (1)  — S13's SLOW_HINGE with the hinge on updates 1-2400 only
                   schedule: gate W_in/W_h/W_g 0.001 throughout; every other parameter 0.0001 for updates 1-2400, 0.001 after; + 1.0 * [relu(eta2_index - 0.2) + relu(eta2_half - 0.2)] on updates 1-2400 only
  pairing seeds 160-199: MUON_H2400 with MUON_HINGE (S25 160-179, S32 180-199) and MUON_SLOW (S32); ADAM_H2400 with SLOW_HINGE (S13) and SLOW_MEM (S5 160-179, S7 180-199); same initial parameters and batches
----------------------------------------------------------------------------------------------------
  per seed (firings = training batches with a hinge term above TAU 0.2; 'after' = would-fire updates after 2400, weight 0; full-hinge firings: S32's logs (MUON); S13's hinge count (ADAM, timing not logged)):
    seed | MUON_H2400  trans firings                    after | MUON_HINGE  >2400 | MUON_SLOW   || ADAM_H2400  trans firings                    after | SLOW_HINGE  count | SLOW_MEM   
     160 | DISCOVERED   2400 [194, 195]                     0 | DISCOVERED      0 | DISCOVERED  || DISCOVERED   2400 none                           0 | DISCOVERED      0 | DISCOVERED 
     161 | not run                                            | DISCOVERED      0 | DISCOVERED  || not run                                            | DISCOVERED      0 | DISCOVERED 
     162 | not run                                            | DISCOVERED      0 | POSITION    || not run                                            | DISCOVERED      3 | POSITION   
     163 | not run                                            | DISCOVERED      0 | DISCOVERED  || not run                                            | DISCOVERED      0 | DISCOVERED 
     164 | not run                                            | DISCOVERED      0 | DISCOVERED  || not run                                            | DISCOVERED      0 | DISCOVERED 
     165 | not run                                            | DISCOVERED      0 | DISCOVERED  || not run                                            | DISCOVERED      0 | DISCOVERED 
     166 | not run                                            | DISCOVERED    277 | POSITION    || not run                                            | DISCOVERED      1 | POSITION   
     167 | not run                                            | DISCOVERED      0 | POSITION    || not run                                            | OTHER         834 | POSITION   
     168 | not run                                            | DISCOVERED      0 | DISCOVERED  || not run                                            | DISCOVERED      1 | DISCOVERED 
     169 | not run                                            | DISCOVERED      0 | DISCOVERED  || not run                                            | DISCOVERED      0 | DISCOVERED 
     170 | not run                                            | DISCOVERED      0 | DISCOVERED  || not run                                            | DISCOVERED      0 | DISCOVERED 
     171 | not run                                            | DISCOVERED      0 | DISCOVERED  || not run                                            | OTHER          34 | OTHER      
     172 | not run                                            | DISCOVERED      1 | DISCOVERED  || not run                                            | DISCOVERED      1 | DISCOVERED 
     173 | not run                                            | DISCOVERED      0 | POSITION    || not run                                            | DISCOVERED      1 | POSITION   
     174 | not run                                            | DISCOVERED      0 | DISCOVERED  || not run                                            | DISCOVERED      0 | DISCOVERED 
     175 | not run                                            | DISCOVERED      0 | DISCOVERED  || not run                                            | DISCOVERED      1 | POSITION   
     176 | not run                                            | DISCOVERED      0 | DISCOVERED  || not run                                            | DISCOVERED      1 | POSITION   
     177 | not run                                            | DISCOVERED      0 | POSITION    || not run                                            | DISCOVERED      1 | POSITION   
     178 | not run                                            | DISCOVERED      0 | DISCOVERED  || not run                                            | DISCOVERED      0 | DISCOVERED 
     179 | not run                                            | DISCOVERED      0 | DISCOVERED  || not run                                            | DISCOVERED      0 | DISCOVERED 
     180 | not run                                            | DISCOVERED      0 | DISCOVERED  || not run                                            | DISCOVERED      2 | POSITION   
     181 | not run                                            | DISCOVERED      0 | DISCOVERED  || not run                                            | DISCOVERED      0 | DISCOVERED 
     182 | not run                                            | DISCOVERED      0 | DISCOVERED  || not run                                            | DISCOVERED      0 | DISCOVERED 
     183 | not run                                            | DISCOVERED      0 | DISCOVERED  || not run                                            | DISCOVERED      0 | DISCOVERED 
     184 | not run                                            | DISCOVERED      0 | DISCOVERED  || not run                                            | DISCOVERED      0 | DISCOVERED 
     185 | not run                                            | DISCOVERED      0 | DISCOVERED  || not run                                            | DISCOVERED      0 | DISCOVERED 
     186 | not run                                            | DISCOVERED      0 | DISCOVERED  || not run                                            | DISCOVERED      0 | DISCOVERED 
     187 | not run                                            | DISCOVERED      0 | DISCOVERED  || not run                                            | KEY             2 | KEY        
     188 | not run                                            | DISCOVERED      0 | DISCOVERED  || not run                                            | DISCOVERED      0 | DISCOVERED 
     189 | not run                                            | DISCOVERED      0 | DISCOVERED  || not run                                            | KEY            11 | KEY        
     190 | not run                                            | DISCOVERED      1 | DISCOVERED  || not run                                            | DISCOVERED      3 | POSITION   
     191 | not run                                            | KEY             2 | KEY         || not run                                            | DISCOVERED      0 | DISCOVERED 
     192 | not run                                            | DISCOVERED      0 | DISCOVERED  || not run                                            | DISCOVERED      3 | OTHER      
     193 | not run                                            | DISCOVERED      0 | DISCOVERED  || not run                                            | OTHER         179 | KEY        
     194 | not run                                            | DISCOVERED      0 | POSITION    || not run                                            | DISCOVERED      0 | DISCOVERED 
     195 | not run                                            | DISCOVERED      0 | DISCOVERED  || not run                                            | DISCOVERED      1 | DISCOVERED 
     196 | not run                                            | DISCOVERED      0 | POSITION    || not run                                            | DISCOVERED      1 | DISCOVERED 
     197 | not run                                            | DISCOVERED      0 | POSITION    || not run                                            | OTHER        1938 | POSITION   
     198 | not run                                            | DISCOVERED      0 | DISCOVERED  || not run                                            | DISCOVERED      0 | DISCOVERED 
     199 | not run                                            | DISCOVERED      0 | DISCOVERED  || not run                                            | DISCOVERED      2 | POSITION   
  MUON: MUON_HINGE (full hinge) vs MUON_H2400 (window; the rule):
    DISCOVERED    MUON_HINGE  1/1   MUON_H2400  1/1   MUON_HINGE only 0, MUON_H2400 only 0, McNemar two-sided p = 1
    BOUND         MUON_HINGE  1/1   MUON_H2400  1/1   MUON_HINGE only 0, MUON_H2400 only 0, McNemar two-sided p = 1
    ROUTED*@1200  MUON_HINGE  1/1   MUON_H2400  1/1   MUON_HINGE only 0, MUON_H2400 only 0, McNemar two-sided p = 1
  MUON: MUON_H2400 vs MUON_SLOW (no hinge; printed):
    DISCOVERED    MUON_H2400  1/1   MUON_SLOW  1/1   MUON_H2400 only 0, MUON_SLOW only 0, McNemar two-sided p = 1
    seeds where the window and the full hinge differ (DISCOVERED): []; identical curves 0/1
    failure classes: MUON_H2400 {}   MUON_HINGE {'KEY': 1}   MUON_SLOW {'POSITION': 8, 'KEY': 1}
    MUON_H2400 firings: 2 in 1/1 runs; by update 300/600/900/1200/2400/after: 2/0/0/0/0/0; would-fire after 2400 (weight 0), per seed: {}
    MUON_H2400 at its 2 firings: hinge-gradient norm on the gate median 4.248567320345632, task-gradient norm median 0.004325891061594635; ratio median 1536.7836981430496, range (418.91224621783863, 2654.6551500682604)
  RULE S34 MUON (MUON_HINGE only 0, MUON_H2400 only 0, p = 1; 'suffices' if b - c <= 1, 'matters' if b - c >= 4 and p < 0.1): an early window suffices
  ADAM: SLOW_HINGE (full hinge) vs ADAM_H2400 (window; the rule):
    DISCOVERED    SLOW_HINGE  1/1   ADAM_H2400  1/1   SLOW_HINGE only 0, ADAM_H2400 only 0, McNemar two-sided p = 1
    BOUND         SLOW_HINGE  1/1   ADAM_H2400  1/1   SLOW_HINGE only 0, ADAM_H2400 only 0, McNemar two-sided p = 1
    ROUTED*@1200  SLOW_HINGE  1/1   ADAM_H2400  1/1   SLOW_HINGE only 0, ADAM_H2400 only 0, McNemar two-sided p = 1
  ADAM: ADAM_H2400 vs SLOW_MEM (no hinge; printed):
    DISCOVERED    ADAM_H2400  1/1   SLOW_MEM  1/1   ADAM_H2400 only 0, SLOW_MEM only 0, McNemar two-sided p = 1
    seeds where the window and the full hinge differ (DISCOVERED): []; identical curves 0/1
    failure classes: ADAM_H2400 {}   SLOW_HINGE {'OTHER': 4, 'KEY': 2}   SLOW_MEM {'POSITION': 11, 'OTHER': 2, 'KEY': 3}
    ADAM_H2400 firings: 0 in 0/1 runs; by update 300/600/900/1200/2400/after: 0/0/0/0/0/0; would-fire after 2400 (weight 0), per seed: {}
    ADAM_H2400 at its 0 firings: hinge-gradient norm on the gate median None, task-gradient norm median None; ratio median None, range --
  RULE S34 ADAM (SLOW_HINGE only 0, ADAM_H2400 only 0, p = 1; 'suffices' if b - c <= 1, 'matters' if b - c >= 4 and p < 0.1): an early window suffices
  MUON_H2400 cosine of W_g's momentum with each firing's hinge gradient (2 firings): median updates until below 0.5 = 95.5 (0 censored at 200); per firing [96, 95]; median cosine at offsets 0: 0.997, 1: 0.997, 5: 0.997, 10: 0.997, 25: 0.996, 50: 0.995, 100: 0.540, 200: 0.239
  DESCRIPTION S34 (median ratio 1536.7836981430496 vs 100; median updates until the cosine is below 0.5: 95.5 vs 50): directional kick
  DRY RUN READING dry_hinge_window (MUON): an early window suffices (full only 0, window only 0, p = 1; window 1/1 vs full 1/1 DISCOVERED; window vs no hinge 1/1 vs 1/1)  [EXPLORATORY, not a result]
  DRY RUN READING dry_hinge_window (ADAM): an early window suffices (full only 0, window only 0, p = 1; window 1/1 vs full 1/1 DISCOVERED; window vs no hinge 1/1 vs 1/1)  [EXPLORATORY, not a result]
  DRY RUN DESCRIPTION dry_hinge_window: directional kick  [EXPLORATORY, not a result]

----------------------------------------------------------------------------------------------------
[EXPLORATORY, not a result — DRY RUN (shortened: 1 seed per arm, runs capped at 3600 steps; exercises the code, not for interpretation)] SCREEN dry_muon_k16
  idea    S33's MUON_HINGE in the main line's working four-stream configuration: S=4, P=4, k=16
  source  batch 10's S33 (Muon did not break the merges at k=4; 0/10 at S=8); X's HINGE4k16 17/20 at k=16 under Adam
  change  main's run path at 9c5939e (child process), A4k16 with S25's optimizer groups and the main line's hinge (S33's MUON_HINGE)
  arm MUON_HINGE16 lr 0.001  iters 3600  seeds 240-240 (1)  — S33's MUON_HINGE at S=4, P=4, k=16, conv (A4k16's path)
                   schedule: Muon lr 0.005 (validity): gate W_in/W_h/W_g throughout, other Muon weights x0.1 for updates 1-2400; Adam on embedding and conv 0.0001 for 1-2400, 0.001 after; + main's HINGE hinge (1.0 x [relu(eta2_index - 0.2) + relu(eta2_half - 0.2)], pooled over channels)
  pairing seeds 240-259 with X's recorded HINGE4k16 (slow_start at b8c6007) and A4k16 (stream_recipe); same initial parameters and batches
----------------------------------------------------------------------------------------------------
    validity (ceiling4k16): Muon lr 0.005 seed 240 BOUND at 1200 (acc 1.000) -> smallest lr at which both seeds bind (S25's rule): 0.005
  per seed (ch = distinct channels holding the 4 streams at 4800/9600/end; X HINGE4k16's firings per 1200-update window, its timing within windows not logged):
    seed | MUON_HINGE16               trans   acc      ch   per ch firings at updates             | X HINGE4k16            trans      ch fired | X A4k16                trans
     240 | BOUND ROUTED                2400 0.987   4/4/4  1+1+1+1 [556]                          | BOUND ROUTED            3600   4/4/4     0 | BOUND ROUTED            4800
     241 | not run                                                                                | MERGED (2 share)        None   2/3/3     1 | non-stream POSITION     None
     242 | not run                                                                                | STREAM-PARTIAL one-to-one  None   2/3/4    27 | BOUND ROUTED           18000
     243 | not run                                                                                | MERGED (2 share)        None   2/2/3    32 | BOUND ROUTED           16800
     244 | not run                                                                                | BOUND ROUTED            7200   3/4/4     4 | non-stream OTHER        None
     245 | not run                                                                                | BOUND ROUTED           21600   1/1/4     8 | MERGED (3 share)        None
     246 | not run                                                                                | BOUND NOT routed        8400   1/1/1    99 | BOUND ROUTED            2400
     247 | not run                                                                                | BOUND ROUTED           10800   1/3/4     7 | non-stream POSITION     None
     248 | not run                                                                                | BOUND ROUTED            6000   3/4/4    14 | non-stream KEY          None
     249 | not run                                                                                | BOUND ROUTED           12000   1/3/4    12 | BOUND ROUTED           22800
     250 | not run                                                                                | BOUND ROUTED            4800   4/4/4     0 | BOUND ROUTED           10800
     251 | not run                                                                                | BOUND ROUTED           21600   2/2/4    65 | BOUND ROUTED            3600
     252 | not run                                                                                | BOUND ROUTED            4800   4/4/4     3 | BOUND ROUTED           10800
     253 | not run                                                                                | BOUND ROUTED            4800   4/4/4     2 | BOUND ROUTED            6000
     254 | not run                                                                                | BOUND ROUTED            4800   4/4/4     1 | MERGED (3 share)        None
     255 | not run                                                                                | BOUND ROUTED            7200   3/4/4     2 | BOUND ROUTED            7200
     256 | not run                                                                                | BOUND ROUTED           15600   1/1/4    12 | MERGED (3 share)        None
     257 | not run                                                                                | BOUND ROUTED            7200   2/4/4     1 | BOUND ROUTED            4800
     258 | not run                                                                                | BOUND ROUTED            4800   4/4/4     2 | BOUND ROUTED            6000
     259 | not run                                                                                | BOUND NOT routed        8400   1/2/2    88 | MERGED (2 share)        None
  MUON_HINGE16 vs X HINGE4k16 (the rule):
    BOUND  MUON_HINGE16 1/1  X HINGE4k16 1/1  MUON_HINGE16 only 0, X HINGE4k16 only 0, McNemar two-sided p = 1
  MUON_HINGE16 vs X A4k16 (printed):
    BOUND  MUON_HINGE16 1/1  X A4k16 1/1  MUON_HINGE16 only 0, X A4k16 only 0, McNemar two-sided p = 1
    merged at the end (two streams on one channel): 0/1 []; outcomes {'BOUND ROUTED': 1}; X HINGE4k16 on these seeds {'BOUND ROUTED': 1}
    distinct channels at 4800: [4] (median 4); streams per channel ['1+1+1+1']; X HINGE4k16 [4] (median 4)
    distinct channels at 9600: [4] (median 4); streams per channel ['1+1+1+1']; X HINGE4k16 [4] (median 4)
    distinct channels at end: [4] (median 4); streams per channel ['1+1+1+1']; X HINGE4k16 [4] (median 4)
    MUON_HINGE16 firings: 1 in 1/1 runs; by update 300/600/1200/2400/4800/after: 0/1/0/0/0/0; per seed {seed: (count, first, last)}: {240: (1, 556, 556)}
    X HINGE4k16 firings per seed (count): {240: 0}
  RULE S35 (MUON_HINGE16 BOUND 1/1; HINGE4k16 only 0, MUON_HINGE16 only 0, p = 1; 'carries' if >= 16/20 and b - c <= 1, 'worse' if b - c >= 4 and p < 0.1): neither
  DRY RUN READING dry_muon_k16: neither (Muon lr 0.005; MUON_HINGE16 BOUND 1/1 vs X HINGE4k16 1/1, 0 vs 0, p = 1; vs X A4k16 1/1)  [EXPLORATORY, not a result]

####################################################################################################
SUMMARY — EXPLORATORY, not a result — DRY RUN (shortened: 1 seed per arm, runs capped at 3600 steps; exercises the code, not for interpretation)
  S34 hinge_window (MUON): an early window suffices (window 1/1 vs full hinge 1/1 DISCOVERED, 0 vs 0, p = 1; median hinge/task gradient ratio at firings 1536.7836981430496)
  S34 hinge_window (ADAM): an early window suffices (window 1/1 vs full hinge 1/1 DISCOVERED, 0 vs 0, p = 1; median hinge/task gradient ratio at firings None)
  S34 description: directional kick (median updates until the Muon momentum's cosine is below 0.5: 95.5, 0 of 2 censored)
  S35 muon_k16 (Muon lr 0.005): neither (MUON_HINGE16 1/1 vs X HINGE4k16 1/1 BOUND)
####################################################################################################
