====================================================================================================
EXPLORATORY, NOT A RESULT — batch 2: kwta_warm (S4), slow_mem (S5), far_cue (S6), ref_a2400 — DRY RUN (shortened: 1 seed per arm, runs capped at 3600 steps; exercises the code, not for interpretation)
  cpu Intel(R) Xeon(R) Processor @ 2.10GHz | torch 2.14.0+cu130 | git 52ce3b6 | python 3.11.15 | torch threads 1
====================================================================================================
  recipe: lr = test_channel_binding.SUB_LR = 0.001 (passed explicitly), MAX_ITERS = test_short_conv.MAX_ITERS = 24000, task P=4 S=2 n_vals=16 n_q=1, 1 torch thread per run
  screen rule (S4, S5): promising if b - c >= 4 and McNemar p < 0.1; not if b - c <= 0; else inconclusive (DISCOVERED vs X's arm A)
  ROUTED* = margin >= 0.9 and eta_key_by_stream > 0.9
  S5 reading: (b) a race if ROUTED*@1200 b - c >= 4 and p < 0.10; (a) sparse codes if b - c <= 0; neither otherwise
  S6: UNTESTED if far_ceil < 2/3; 'LOCAL3 survives a distant cue' if far_L3 >= far_A + 3; 'LOCAL3's gain needs the cue in view' if far_L3 <= far_A
  repro_check: arm A seed 160, 2400 steps, lr 0.001: BIT-IDENTICAL to X (58s)
    here [[1200, 0.25732421875, 2.1073341369628906], [2400, 0.50244140625, 1.1376346349716187]]
    X    [[1200, 0.25732421875, 2.1073341369628906], [2400, 0.50244140625, 1.1376346349716187]]
  CHECK dry_kwta_warm: curve through 2400 equals batch 1's recorded KWTA16 seed 160 ([[1200, 0.25927734375, 2.1381478309631348], [2400, 0.28515625, 1.879529356956482]]): ok
  CHECK dry_kwta_warm: curve through 2400 equals a fresh batch-1-path KWTA16 run: ok
  CHECK dry_kwta_warm: weights after update 2400 equal the batch-1-path run's: ok
  CHECK dry_kwta_warm: k_top 16 at steps 0/1200/2400 and None after the switch ([16, 16, 16, None]): ok
  CHECK dry_kwta_warm: after the switch, same weights: logits and gates equal arm A's: ok
  CHECK dry_slow_mem: parameters equal arm A's (build) for the same seed: ok
  CHECK dry_slow_mem: run completed all 24000 updates under the stubs (24000 recorded, ok=True): ok
  CHECK dry_slow_mem: gate group holds exactly W_in, W_h, W_g (['W_in', 'W_h', 'W_g']): ok
  CHECK dry_slow_mem: other group holds every other parameter, embed.weight included (5 tensors): ok
  CHECK dry_slow_mem: gate group lr 0.001 at every update: ok
  CHECK dry_slow_mem: other group lr 0.0001 for updates 1-2400, 0.001 for 2401-24000 (update 2400: [0.001, 0.0001], 2401: [0.001, 0.001], 24000: [0.001, 0.001]): ok
  CHECK dry_far_cue: every (stream, key) appears once: ok
  CHECK dry_far_cue: S distinct values per key: ok
  CHECK dry_far_cue: each query is answered by its own stream's value: ok
  CHECK dry_far_cue: exactly one CTX token per block; block streams a permutation: ok
  CHECK dry_far_cue: stream_labels = the block's stream (body), the query's stream (query): ok
  CHECK dry_far_cue: L = 21, qpos = [19]: ok
  CHECK dry_far_cue: select reads the query's KEY position and targets its value: ok
  CHECK dry_far_cue: stream token in a width-3 window only for each block's first pair; the query sees its CTX at t-1: ok
  CHECK dry_far_cue: perfect gate zeroes every cross-stream score at every layer (same-stream scores non-zero): ok
  CHECK dry_far_cue: header_routing_stats under the perfect gate: margin 1.0000, eta_key_by_stream 1.0000: ok
  CHECK dry_far_cue: far_A and far_L3 share arm A's initial parameters and vocabulary: ok
  all CHECKs passed (3.0 min)
----------------------------------------------------------------------------------------------------
[EXPLORATORY, not a result — DRY RUN (shortened: 1 seed per arm, runs capped at 3600 steps; exercises the code, not for interpretation)] SCREEN dry_kwta_warm
  idea    k-WTA (16/256) only as a warm-up: through the evaluation at step 2400, dense after
  source  batch 1's KWTA16 (FlyHash, Dasgupta et al. 2017; k-WTA, Ahmad & Hawkins 2019), which routed early but bound slowly
  change  explore_kwta's KWTA16 model; model.k_top = None right after the evaluation at step 2400 (arm A's dense forward from update 2401)
  arm KWTA_WARM    lr 0.001  iters 3600  seeds 160-160 (1)  — arm A + kWTA 16/256 through the evaluation at 2400, dense after
                   schedule: lr 0.001 throughout; kWTA 16/256 for updates 1-2400 and the evaluations at 1200 and 2400; dense after
  pairing seeds 160-179, paired with X's recorded arm A (test_short_conv, lr 1e-3; same initial parameters and batches); X's ROUTED* at 2400 from explore_ref_a2400
----------------------------------------------------------------------------------------------------
----------------------------------------------------------------------------------------------------
[EXPLORATORY, not a result — DRY RUN (shortened: 1 seed per arm, runs capped at 3600 steps; exercises the code, not for interpretation)] SCREEN dry_slow_mem
  idea    slow memory first: non-gate parameters at lr/10 for 2400 updates, the gate at full lr
  source  the race reading of batch 1's KWTA16 (two-timescale training: fast router, slow experts); separates it from the sparse-code reading
  change  arm A, one Adam, two groups: gate (W_in, W_h, W_g) 1e-3 throughout; the rest 1e-4 for updates 1-2400, 1e-3 after
  arm SLOW_MEM     lr 0.001  iters 3600  seeds 160-160 (1)  — arm A; memory at lr/10 for the first 2400 updates
                   schedule: gate W_in/W_h/W_g 0.001 throughout; every other parameter 0.0001 for updates 1-2400, 0.001 after
  pairing seeds 160-179, paired with X's recorded arm A (test_short_conv, lr 1e-3; same initial parameters and batches); X's ROUTED* at 2400 from explore_ref_a2400
----------------------------------------------------------------------------------------------------
----------------------------------------------------------------------------------------------------
[EXPLORATORY, not a result — DRY RUN (shortened: 1 seed per arm, runs capped at 3600 steps; exercises the code, not for interpretation)] SCREEN dry_far_cue
  idea    LOCAL3 when the stream token is a block header, out of a width-3 window for most pairs
  source  batch 1's LOCAL3 (Mamba / H3 / RWKV local gate); a new header layout
  change  HeaderTask: each stream's block [CTX_s, K, V, K, V, ...], blocks in random stream order, keys random within a block; queries at the end as in make_batch
  arm far_ceil     lr 0.001  iters 3600  seeds 160-160 (1)  — perfect gate, header layout (validity)
                   schedule: lr 0.001 throughout
  arm far_A        lr 0.001  iters 3600  seeds 160-160 (1)  — arm A, header layout
                   schedule: lr 0.001 throughout
  arm far_L3       lr 0.001  iters 3600  seeds 160-160 (1)  — LOCAL3, header layout
                   schedule: lr 0.001 throughout
  pairing within the batch: far_A and far_L3 on seeds 160-169 (same initial parameters, same batches)
----------------------------------------------------------------------------------------------------
----------------------------------------------------------------------------------------------------
[EXPLORATORY, not a result — DRY RUN (shortened: 1 seed per arm, runs capped at 3600 steps; exercises the code, not for interpretation)] SCREEN dry_ref_a2400
  idea    reference: X's arm A through step 2400, for ROUTED* at 2400
  source  test_short_conv's arm A (X's record)
  change  none (a re-run with routing statistics at 1200 and 2400)
  arm A_2400       lr 0.001  iters 2400  seeds 160-160 (1)  — X's arm A, re-run through step 2400
                   schedule: lr 0.001 throughout
  pairing each seed compared with X's record of the same run
----------------------------------------------------------------------------------------------------
  PROJECTION (worst case: every run to its iters; 100 timed steps per model, 1 thread, this machine):
    dry_kwta_warm  KWTA_WARM   1 runs x   1.8 min  (2400 steps x 30.5 ms + 2 evals x 2.7 s; 1200 steps x 22.0 ms + 1 evals x 1.3 s)
    dry_slow_mem   SLOW_MEM    1 runs x   1.4 min  (3600 steps x 21.6 ms + 3 evals x 1.4 s)
    dry_far_cue    far_ceil    1 runs x   0.9 min  (3600 steps x 14.6 ms + 3 evals x 0.7 s)
    dry_far_cue    far_A       1 runs x   1.1 min  (3600 steps x 17.3 ms + 3 evals x 0.7 s)
    dry_far_cue    far_L3      1 runs x   1.0 min  (3600 steps x 16.6 ms + 3 evals x 0.9 s)
    dry_ref_a2400  A_2400      1 runs x   0.9 min  (2400 steps x 22.2 ms + 2 evals x 1.5 s)
    total 0.12 h of runs; makespan on 4 workers 0.03 h (worst case)
  6 runs queued on 4 workers (1 torch thread each)
  [  1/6]    1.0 min  dry_far_cue    far_ceil   seed 160  lr 0.001 (lr 0.001 throughout)
          acc 1.000  trans  1200  VALcos 0.000  margin 1.00  DISCOVERED  ROUTED* 1200/2400/end Y/Y/Y
  [  2/6]    1.2 min  dry_far_cue    far_A      seed 160  lr 0.001 (lr 0.001 throughout)
          acc 0.190  trans  None  VALcos 1.000  margin 0.00  POSITION  ROUTED* 1200/2400/end -/-/-
  [  3/6]    1.5 min  dry_slow_mem   SLOW_MEM   seed 160  lr 0.001 (gate W_in/W_h/W_g 0.001 throughout; every other parameter 0.0001 for updates 1-2400, 0.001 after)
          acc 1.000  trans  2400  VALcos 0.000  margin 1.00  DISCOVERED  ROUTED* 1200/2400/end Y/Y/Y
  [  4/6]    1.8 min  dry_kwta_warm  KWTA_WARM  seed 160  lr 0.001 (lr 0.001 throughout; kWTA 16/256 for updates 1-2400 and the evaluations at 1200 and 2400; dense after)
          acc 0.339  trans  None  VALcos 0.000  margin 1.00  STREAM-PARTIAL  ROUTED* 1200/2400/end Y/Y/Y
  [  5/6]    2.0 min  dry_far_cue    far_L3     seed 160  lr 0.001 (lr 0.001 throughout)
          acc 0.303  trans  None  VALcos 1.000  margin -0.00  OTHER  ROUTED* 1200/2400/end -/-/-
  [  6/6]    2.2 min  dry_ref_a2400  A_2400     seed 160  lr 0.001 (lr 0.001 throughout)
          acc 0.502  trans  None  VALcos 1.000  margin -0.00  KEY  ROUTED* 1200/2400/end -/-/-
  batch wall clock 2.2 min
####################################################################################################
REPORTS — EXPLORATORY, not a result — DRY RUN (shortened: 1 seed per arm, runs capped at 3600 steps; exercises the code, not for interpretation)
####################################################################################################
----------------------------------------------------------------------------------------------------
[EXPLORATORY, not a result — DRY RUN (shortened: 1 seed per arm, runs capped at 3600 steps; exercises the code, not for interpretation)] SCREEN dry_ref_a2400
  idea    reference: X's arm A through step 2400, for ROUTED* at 2400
  source  test_short_conv's arm A (X's record)
  change  none (a re-run with routing statistics at 1200 and 2400)
  arm A_2400       lr 0.001  iters 2400  seeds 160-160 (1)  — X's arm A, re-run through step 2400
                   schedule: lr 0.001 throughout
  pairing each seed compared with X's record of the same run
----------------------------------------------------------------------------------------------------
  re-runs that reproduce X's record exactly (curve at 1200 and 2400, routing statistics at 1200): 1/1
  X's arm A ROUTED* at 1200 / 2400 (re-run) / end (record), per seed: 160:---

----------------------------------------------------------------------------------------------------
[EXPLORATORY, not a result — DRY RUN (shortened: 1 seed per arm, runs capped at 3600 steps; exercises the code, not for interpretation)] SCREEN dry_kwta_warm
  idea    k-WTA (16/256) only as a warm-up: through the evaluation at step 2400, dense after
  source  batch 1's KWTA16 (FlyHash, Dasgupta et al. 2017; k-WTA, Ahmad & Hawkins 2019), which routed early but bound slowly
  change  explore_kwta's KWTA16 model; model.k_top = None right after the evaluation at step 2400 (arm A's dense forward from update 2401)
  arm KWTA_WARM    lr 0.001  iters 3600  seeds 160-160 (1)  — arm A + kWTA 16/256 through the evaluation at 2400, dense after
                   schedule: lr 0.001 throughout; kWTA 16/256 for updates 1-2400 and the evaluations at 1200 and 2400; dense after
  pairing seeds 160-179, paired with X's recorded arm A (test_short_conv, lr 1e-3; same initial parameters and batches); X's ROUTED* at 2400 from explore_ref_a2400
----------------------------------------------------------------------------------------------------
  per seed  (ROUTED* = margin >= 0.9 and eta_key_by_stream > 0.9, at 1200/2400/3600/end; X columns are X's test_short_conv runs at lr 0.001):
   arm KWTA_WARM (lr 0.001; lr 0.001 throughout; kWTA 16/256 for updates 1-2400 and the evaluations at 1200 and 2400; dense after)
    seed    acc  trans  VALcos margin      eta key s/k/h/i  ROUTED*  outcome         X A             X A_conv         X A ROUTED* 1200/2400/3600/end
     160  0.339   None   0.000   1.00  1.00/0.00/0.00/0.01  Y/Y/Y/Y  STREAM-PARTIAL  KEY             DISCOVERED       -/-/?/-
  paired with X's arm A (same seeds, initial parameters and batches):
    DISCOVERED  KWTA_WARM       0/1   X A  0/1   KWTA_WARM only 0, A only 0, McNemar two-sided p = 1
    BOUND       KWTA_WARM       0/1   X A  0/1   KWTA_WARM only 0, A only 0, McNemar two-sided p = 1
    ROUTED*@1200  KWTA_WARM   1/1   X A  0/1   KWTA_WARM only 1, A only 0, McNemar two-sided p = 1   [X A from X record]
    ROUTED*@2400  KWTA_WARM   1/1   X A  0/1   KWTA_WARM only 1, A only 0, McNemar two-sided p = 1   [X A from re-run of X's arm A (explore_ref_a2400)]
    ROUTED*@end   KWTA_WARM   1/1   X A  0/1   KWTA_WARM only 1, A only 0, McNemar two-sided p = 1   [X A from X record]
    failures KWTA_WARM {'STREAM-PARTIAL': 1}   X arm A {'KEY': 1}
    diagnostic, the switch: ROUTED* at 2400 (kWTA) 1/1; of those, ROUTED* at 3600 (first dense evaluation) 1, at the end 1, bound 0; lost by 3600: seeds []
    diagnostic, held-out accuracy at 2400 -> 3600: 160:0.29->0.34
  DRY RUN VERDICT dry_kwta_warm: not  [EXPLORATORY, not a result]

----------------------------------------------------------------------------------------------------
[EXPLORATORY, not a result — DRY RUN (shortened: 1 seed per arm, runs capped at 3600 steps; exercises the code, not for interpretation)] SCREEN dry_slow_mem
  idea    slow memory first: non-gate parameters at lr/10 for 2400 updates, the gate at full lr
  source  the race reading of batch 1's KWTA16 (two-timescale training: fast router, slow experts); separates it from the sparse-code reading
  change  arm A, one Adam, two groups: gate (W_in, W_h, W_g) 1e-3 throughout; the rest 1e-4 for updates 1-2400, 1e-3 after
  arm SLOW_MEM     lr 0.001  iters 3600  seeds 160-160 (1)  — arm A; memory at lr/10 for the first 2400 updates
                   schedule: gate W_in/W_h/W_g 0.001 throughout; every other parameter 0.0001 for updates 1-2400, 0.001 after
  pairing seeds 160-179, paired with X's recorded arm A (test_short_conv, lr 1e-3; same initial parameters and batches); X's ROUTED* at 2400 from explore_ref_a2400
----------------------------------------------------------------------------------------------------
  per seed  (ROUTED* = margin >= 0.9 and eta_key_by_stream > 0.9, at 1200/2400/3600/end; X columns are X's test_short_conv runs at lr 0.001):
   arm SLOW_MEM (lr 0.001; gate W_in/W_h/W_g 0.001 throughout; every other parameter 0.0001 for updates 1-2400, 0.001 after)
    seed    acc  trans  VALcos margin      eta key s/k/h/i  ROUTED*  outcome         X A             X A_conv         X A ROUTED* 1200/2400/3600/end
     160  1.000   2400   0.000   1.00  1.00/0.00/0.00/0.01  Y/Y/Y/Y  DISCOVERED      KEY             DISCOVERED       -/-/?/-
  paired with X's arm A (same seeds, initial parameters and batches):
    DISCOVERED  SLOW_MEM        1/1   X A  0/1   SLOW_MEM only 1, A only 0, McNemar two-sided p = 1
    BOUND       SLOW_MEM        1/1   X A  0/1   SLOW_MEM only 1, A only 0, McNemar two-sided p = 1
    ROUTED*@1200  SLOW_MEM    1/1   X A  0/1   SLOW_MEM only 1, A only 0, McNemar two-sided p = 1   [X A from X record]
    ROUTED*@2400  SLOW_MEM    1/1   X A  0/1   SLOW_MEM only 1, A only 0, McNemar two-sided p = 1   [X A from re-run of X's arm A (explore_ref_a2400)]
    ROUTED*@end   SLOW_MEM    1/1   X A  0/1   SLOW_MEM only 1, A only 0, McNemar two-sided p = 1   [X A from X record]
    failures SLOW_MEM {}   X arm A {'KEY': 1}
  READING (ROUTED* at 1200 vs X's arm A: 1 vs 0, p = 1): the S5 pattern fits neither
  DRY RUN VERDICT dry_slow_mem: inconclusive  [EXPLORATORY, not a result]

----------------------------------------------------------------------------------------------------
[EXPLORATORY, not a result — DRY RUN (shortened: 1 seed per arm, runs capped at 3600 steps; exercises the code, not for interpretation)] SCREEN dry_far_cue
  idea    LOCAL3 when the stream token is a block header, out of a width-3 window for most pairs
  source  batch 1's LOCAL3 (Mamba / H3 / RWKV local gate); a new header layout
  change  HeaderTask: each stream's block [CTX_s, K, V, K, V, ...], blocks in random stream order, keys random within a block; queries at the end as in make_batch
  arm far_ceil     lr 0.001  iters 3600  seeds 160-160 (1)  — perfect gate, header layout (validity)
                   schedule: lr 0.001 throughout
  arm far_A        lr 0.001  iters 3600  seeds 160-160 (1)  — arm A, header layout
                   schedule: lr 0.001 throughout
  arm far_L3       lr 0.001  iters 3600  seeds 160-160 (1)  — LOCAL3, header layout
                   schedule: lr 0.001 throughout
  pairing within the batch: far_A and far_L3 on seeds 160-169 (same initial parameters, same batches)
----------------------------------------------------------------------------------------------------
  per seed  (ROUTED* = margin >= 0.9 and eta_key_by_stream > 0.9, at 1200/2400/3600/end):
   arm far_ceil (lr 0.001; lr 0.001 throughout)
    seed    acc  trans  VALcos margin      eta key s/k/h/i  ROUTED*  outcome         
     160  1.000   1200   0.000   1.00  1.00/0.00/0.00/0.00  Y/Y/Y/Y  DISCOVERED      
   arm far_A (lr 0.001; lr 0.001 throughout)
    seed    acc  trans  VALcos margin      eta key s/k/h/i  ROUTED*  outcome         
     160  0.190   None   1.000   0.00  0.00/0.00/0.08/0.91  -/-/-/-  POSITION        
   arm far_L3 (lr 0.001; lr 0.001 throughout)
    seed    acc  trans  VALcos margin      eta key s/k/h/i  ROUTED*  outcome         
     160  0.303   None   1.000  -0.00  0.00/0.31/0.00/0.23  -/-/-/-  OTHER           
  validity: far_ceil bound 1/1 (transitions [1200])
    far_A   bound 0/1   discovered 0/1   ROUTED*@1200 0/1   ROUTED*@end 0/1   failures {'POSITION': 1}
    far_L3  bound 0/1   discovered 0/1   ROUTED*@1200 0/1   ROUTED*@end 0/1   failures {'OTHER': 1}
    far_L3 - far_A in bound runs: 0 - 0 = +0   (paired seeds 160-160: far_L3 only [], far_A only [])
  READING S6: LOCAL3's gain needs the cue in view
  DRY RUN S6 dry_far_cue: LOCAL3's gain needs the cue in view  (descriptive)  [EXPLORATORY, not a result]

####################################################################################################
SUMMARY — EXPLORATORY, not a result — DRY RUN (shortened: 1 seed per arm, runs capped at 3600 steps; exercises the code, not for interpretation)
  S4 kwta_warm: not (DISCOVERED 0/1 vs X A 0/1, 0 vs 0, p = 1)
  S5 slow_mem:  inconclusive (DISCOVERED 1/1 vs X A 0/1, 1 vs 0, p = 1); reading: neither
  S6 far_cue:   LOCAL3's gain needs the cue in view
####################################################################################################
