====================================================================================================
EXPLORATORY, NOT A RESULT — batch 2: kwta_warm (S4), slow_mem (S5), far_cue (S6), ref_a2400
  cpu Intel(R) Xeon(R) Processor @ 2.10GHz | torch 2.14.0+cu130 | git 6f529b5 | python 3.11.15 | torch threads 1
====================================================================================================
  recipe: lr = test_channel_binding.SUB_LR = 0.001 (passed explicitly), MAX_ITERS = test_short_conv.MAX_ITERS = 24000, task P=4 S=2 n_vals=16 n_q=1, 1 torch thread per run
  screen rule (S4, S5): promising if b - c >= 4 and McNemar p < 0.1; not if b - c <= 0; else inconclusive (DISCOVERED vs X's arm A)
  ROUTED* = margin >= 0.9 and eta_key_by_stream > 0.9
  S5 reading: (b) a race if ROUTED*@1200 b - c >= 4 and p < 0.10; (a) sparse codes if b - c <= 0; neither otherwise
  S6: UNTESTED if far_ceil < 2/3; 'LOCAL3 survives a distant cue' if far_L3 >= far_A + 3; 'LOCAL3's gain needs the cue in view' if far_L3 <= far_A
  repro_check: arm A seed 160, 2400 steps, lr 0.001: BIT-IDENTICAL to X (59s)
    here [[1200, 0.25732421875, 2.1073341369628906], [2400, 0.50244140625, 1.1376346349716187]]
    X    [[1200, 0.25732421875, 2.1073341369628906], [2400, 0.50244140625, 1.1376346349716187]]
  CHECK kwta_warm: curve through 2400 equals batch 1's recorded KWTA16 seed 160 ([[1200, 0.25927734375, 2.1381478309631348], [2400, 0.28515625, 1.879529356956482]]): ok
  CHECK kwta_warm: curve through 2400 equals a fresh batch-1-path KWTA16 run: ok
  CHECK kwta_warm: weights after update 2400 equal the batch-1-path run's: ok
  CHECK kwta_warm: k_top 16 at steps 0/1200/2400 and None after the switch ([16, 16, 16, None]): ok
  CHECK kwta_warm: after the switch, same weights: logits and gates equal arm A's: ok
  CHECK slow_mem: parameters equal arm A's (build) for the same seed: ok
  CHECK slow_mem: run completed all 24000 updates under the stubs (24000 recorded, ok=True): ok
  CHECK slow_mem: gate group holds exactly W_in, W_h, W_g (['W_in', 'W_h', 'W_g']): ok
  CHECK slow_mem: other group holds every other parameter, embed.weight included (5 tensors): ok
  CHECK slow_mem: gate group lr 0.001 at every update: ok
  CHECK slow_mem: other group lr 0.0001 for updates 1-2400, 0.001 for 2401-24000 (update 2400: [0.001, 0.0001], 2401: [0.001, 0.001], 24000: [0.001, 0.001]): ok
  CHECK far_cue: every (stream, key) appears once: ok
  CHECK far_cue: S distinct values per key: ok
  CHECK far_cue: each query is answered by its own stream's value: ok
  CHECK far_cue: exactly one CTX token per block; block streams a permutation: ok
  CHECK far_cue: stream_labels = the block's stream (body), the query's stream (query): ok
  CHECK far_cue: L = 21, qpos = [19]: ok
  CHECK far_cue: select reads the query's KEY position and targets its value: ok
  CHECK far_cue: stream token in a width-3 window only for each block's first pair; the query sees its CTX at t-1: ok
  CHECK far_cue: perfect gate zeroes every cross-stream score at every layer (same-stream scores non-zero): ok
  CHECK far_cue: header_routing_stats under the perfect gate: margin 1.0000, eta_key_by_stream 1.0000: ok
  CHECK far_cue: far_A and far_L3 share arm A's initial parameters and vocabulary: ok
  all CHECKs passed (3.1 min)
----------------------------------------------------------------------------------------------------
[EXPLORATORY, not a result] SCREEN kwta_warm
  idea    k-WTA (16/256) only as a warm-up: through the evaluation at step 2400, dense after
  source  batch 1's KWTA16 (FlyHash, Dasgupta et al. 2017; k-WTA, Ahmad & Hawkins 2019), which routed early but bound slowly
  change  explore_kwta's KWTA16 model; model.k_top = None right after the evaluation at step 2400 (arm A's dense forward from update 2401)
  arm KWTA_WARM    lr 0.001  iters 24000  seeds 160-179 (20)  — arm A + kWTA 16/256 through the evaluation at 2400, dense after
                   schedule: lr 0.001 throughout; kWTA 16/256 for updates 1-2400 and the evaluations at 1200 and 2400; dense after
  pairing seeds 160-179, paired with X's recorded arm A (test_short_conv, lr 1e-3; same initial parameters and batches); X's ROUTED* at 2400 from explore_ref_a2400
----------------------------------------------------------------------------------------------------
----------------------------------------------------------------------------------------------------
[EXPLORATORY, not a result] SCREEN slow_mem
  idea    slow memory first: non-gate parameters at lr/10 for 2400 updates, the gate at full lr
  source  the race reading of batch 1's KWTA16 (two-timescale training: fast router, slow experts); separates it from the sparse-code reading
  change  arm A, one Adam, two groups: gate (W_in, W_h, W_g) 1e-3 throughout; the rest 1e-4 for updates 1-2400, 1e-3 after
  arm SLOW_MEM     lr 0.001  iters 24000  seeds 160-179 (20)  — arm A; memory at lr/10 for the first 2400 updates
                   schedule: gate W_in/W_h/W_g 0.001 throughout; every other parameter 0.0001 for updates 1-2400, 0.001 after
  pairing seeds 160-179, paired with X's recorded arm A (test_short_conv, lr 1e-3; same initial parameters and batches); X's ROUTED* at 2400 from explore_ref_a2400
----------------------------------------------------------------------------------------------------
----------------------------------------------------------------------------------------------------
[EXPLORATORY, not a result] SCREEN far_cue
  idea    LOCAL3 when the stream token is a block header, out of a width-3 window for most pairs
  source  batch 1's LOCAL3 (Mamba / H3 / RWKV local gate); a new header layout
  change  HeaderTask: each stream's block [CTX_s, K, V, K, V, ...], blocks in random stream order, keys random within a block; queries at the end as in make_batch
  arm far_ceil     lr 0.001  iters 24000  seeds 160-162 (3)  — perfect gate, header layout (validity)
                   schedule: lr 0.001 throughout
  arm far_A        lr 0.001  iters 24000  seeds 160-169 (10)  — arm A, header layout
                   schedule: lr 0.001 throughout
  arm far_L3       lr 0.001  iters 24000  seeds 160-169 (10)  — LOCAL3, header layout
                   schedule: lr 0.001 throughout
  pairing within the batch: far_A and far_L3 on seeds 160-169 (same initial parameters, same batches)
----------------------------------------------------------------------------------------------------
----------------------------------------------------------------------------------------------------
[EXPLORATORY, not a result] SCREEN ref_a2400
  idea    reference: X's arm A through step 2400, for ROUTED* at 2400
  source  test_short_conv's arm A (X's record)
  change  none (a re-run with routing statistics at 1200 and 2400)
  arm A_2400       lr 0.001  iters 2400  seeds 160-179 (20)  — X's arm A, re-run through step 2400
                   schedule: lr 0.001 throughout
  pairing each seed compared with X's record of the same run
----------------------------------------------------------------------------------------------------
  PROJECTION (worst case: every run to its iters; 100 timed steps per model, 1 thread, this machine):
    kwta_warm      KWTA_WARM  20 runs x   9.8 min  (2400 steps x 29.9 ms + 2 evals x 2.1 s; 21600 steps x 22.9 ms + 18 evals x 1.0 s)
    slow_mem       SLOW_MEM   20 runs x   9.2 min  (24000 steps x 22.2 ms + 20 evals x 1.1 s)
    far_cue        far_ceil    3 runs x   6.5 min  (24000 steps x 15.6 ms + 20 evals x 0.7 s)
    far_cue        far_A      10 runs x   7.9 min  (24000 steps x 19.2 ms + 20 evals x 0.7 s)
    far_cue        far_L3     10 runs x   6.2 min  (24000 steps x 15.0 ms + 20 evals x 0.7 s)
    ref_a2400      A_2400     20 runs x   0.9 min  (2400 steps x 22.3 ms + 2 evals x 1.1 s)
    total 9.35 h of runs; makespan on 4 workers 2.34 h (worst case)
  83 runs queued on 4 workers (1 torch thread each)
  [  1/83]    2.0 min  slow_mem       SLOW_MEM   seed 160  lr 0.001 (gate W_in/W_h/W_g 0.001 throughout; every other parameter 0.0001 for updates 1-2400, 0.001 after)
          acc 1.000  trans  2400  VALcos 0.000  margin 1.00  DISCOVERED  ROUTED* 1200/2400/end Y/Y/Y
  [  2/83]    2.4 min  slow_mem       SLOW_MEM   seed 161  lr 0.001 (gate W_in/W_h/W_g 0.001 throughout; every other parameter 0.0001 for updates 1-2400, 0.001 after)
          acc 1.000  trans  3600  VALcos 0.001  margin 1.00  DISCOVERED  ROUTED* 1200/2400/end Y/Y/Y
  [  3/83]    7.5 min  kwta_warm      KWTA_WARM  seed 161  lr 0.001 (lr 0.001 throughout; kWTA 16/256 for updates 1-2400 and the evaluations at 1200 and 2400; dense after)
          acc 1.000  trans 15600  VALcos 0.000  margin 1.00  DISCOVERED  ROUTED* 1200/2400/end Y/Y/Y
  [  4/83]    9.8 min  kwta_warm      KWTA_WARM  seed 160  lr 0.001 (lr 0.001 throughout; kWTA 16/256 for updates 1-2400 and the evaluations at 1200 and 2400; dense after)
          acc 0.539  trans  None  VALcos 0.000  margin 1.00  STREAM-PARTIAL  ROUTED* 1200/2400/end Y/Y/Y
  [  5/83]   11.7 min  kwta_warm      KWTA_WARM  seed 162  lr 0.001 (lr 0.001 throughout; kWTA 16/256 for updates 1-2400 and the evaluations at 1200 and 2400; dense after)
          acc 0.291  trans  None  VALcos 1.000  margin 0.00  POSITION  ROUTED* 1200/2400/end -/-/-
  [  6/83]   11.7 min  slow_mem       SLOW_MEM   seed 162  lr 0.001 (gate W_in/W_h/W_g 0.001 throughout; every other parameter 0.0001 for updates 1-2400, 0.001 after)
          acc 0.494  trans  None  VALcos 1.000  margin -0.00  POSITION  ROUTED* 1200/2400/end -/-/-
  [  7/83]   12.2 min  slow_mem       SLOW_MEM   seed 163  lr 0.001 (gate W_in/W_h/W_g 0.001 throughout; every other parameter 0.0001 for updates 1-2400, 0.001 after)
          acc 1.000  trans  3600  VALcos 0.007  margin 0.99  DISCOVERED  ROUTED* 1200/2400/end Y/Y/Y
  [  8/83]   14.1 min  slow_mem       SLOW_MEM   seed 164  lr 0.001 (gate W_in/W_h/W_g 0.001 throughout; every other parameter 0.0001 for updates 1-2400, 0.001 after)
          acc 1.000  trans  3600  VALcos 0.001  margin 1.00  DISCOVERED  ROUTED* 1200/2400/end Y/Y/Y
  [  9/83]   17.0 min  slow_mem       SLOW_MEM   seed 165  lr 0.001 (gate W_in/W_h/W_g 0.001 throughout; every other parameter 0.0001 for updates 1-2400, 0.001 after)
          acc 1.000  trans  4800  VALcos 0.000  margin 1.00  DISCOVERED  ROUTED* 1200/2400/end Y/Y/Y
  [ 10/83]   17.3 min  kwta_warm      KWTA_WARM  seed 163  lr 0.001 (lr 0.001 throughout; kWTA 16/256 for updates 1-2400 and the evaluations at 1200 and 2400; dense after)
          acc 0.212  trans  None  VALcos 1.000  margin -0.00  POSITION  ROUTED* 1200/2400/end -/-/-
  [ 11/83]   20.0 min  kwta_warm      KWTA_WARM  seed 166  lr 0.001 (lr 0.001 throughout; kWTA 16/256 for updates 1-2400 and the evaluations at 1200 and 2400; dense after)
          acc 1.000  trans  4800  VALcos 0.000  margin 1.00  DISCOVERED  ROUTED* 1200/2400/end Y/Y/Y
  [ 12/83]   21.4 min  kwta_warm      KWTA_WARM  seed 164  lr 0.001 (lr 0.001 throughout; kWTA 16/256 for updates 1-2400 and the evaluations at 1200 and 2400; dense after)
          acc 0.327  trans  None  VALcos 1.000  margin 0.00  KEY  ROUTED* 1200/2400/end -/-/-
  [ 13/83]   21.9 min  kwta_warm      KWTA_WARM  seed 165  lr 0.001 (lr 0.001 throughout; kWTA 16/256 for updates 1-2400 and the evaluations at 1200 and 2400; dense after)
          acc 0.324  trans  None  VALcos 0.000  margin 1.00  STREAM-PARTIAL  ROUTED* 1200/2400/end Y/Y/Y

#################### RESUME 2026-09-30 02:11:02 UTC — the previous segment was stopped by the session's background time limit; saved runs are reused, missing runs re-run (EXPLORATORY, not a result) ####################
====================================================================================================
EXPLORATORY, NOT A RESULT — batch 2: kwta_warm (S4), slow_mem (S5), far_cue (S6), ref_a2400
  cpu Intel(R) Xeon(R) Processor @ 2.10GHz | torch 2.14.0+cu130 | git 6eab0ed+dirty | python 3.11.15 | torch threads 1
====================================================================================================
  recipe: lr = test_channel_binding.SUB_LR = 0.001 (passed explicitly), MAX_ITERS = test_short_conv.MAX_ITERS = 24000, task P=4 S=2 n_vals=16 n_q=1, 1 torch thread per run
  screen rule (S4, S5): promising if b - c >= 4 and McNemar p < 0.1; not if b - c <= 0; else inconclusive (DISCOVERED vs X's arm A)
  ROUTED* = margin >= 0.9 and eta_key_by_stream > 0.9
  S5 reading: (b) a race if ROUTED*@1200 b - c >= 4 and p < 0.10; (a) sparse codes if b - c <= 0; neither otherwise
  S6: UNTESTED if far_ceil < 2/3; 'LOCAL3 survives a distant cue' if far_L3 >= far_A + 3; 'LOCAL3's gain needs the cue in view' if far_L3 <= far_A
  repro_check: arm A seed 160, 2400 steps, lr 0.001: BIT-IDENTICAL to X (55s)
    here [[1200, 0.25732421875, 2.1073341369628906], [2400, 0.50244140625, 1.1376346349716187]]
    X    [[1200, 0.25732421875, 2.1073341369628906], [2400, 0.50244140625, 1.1376346349716187]]
  CHECK kwta_warm: curve through 2400 equals batch 1's recorded KWTA16 seed 160 ([[1200, 0.25927734375, 2.1381478309631348], [2400, 0.28515625, 1.879529356956482]]): ok
  CHECK kwta_warm: curve through 2400 equals a fresh batch-1-path KWTA16 run: ok
  CHECK kwta_warm: weights after update 2400 equal the batch-1-path run's: ok
  CHECK kwta_warm: k_top 16 at steps 0/1200/2400 and None after the switch ([16, 16, 16, None]): ok
  CHECK kwta_warm: after the switch, same weights: logits and gates equal arm A's: ok
  CHECK slow_mem: parameters equal arm A's (build) for the same seed: ok
  CHECK slow_mem: run completed all 24000 updates under the stubs (24000 recorded, ok=True): ok
  CHECK slow_mem: gate group holds exactly W_in, W_h, W_g (['W_in', 'W_h', 'W_g']): ok
  CHECK slow_mem: other group holds every other parameter, embed.weight included (5 tensors): ok
  CHECK slow_mem: gate group lr 0.001 at every update: ok
  CHECK slow_mem: other group lr 0.0001 for updates 1-2400, 0.001 for 2401-24000 (update 2400: [0.001, 0.0001], 2401: [0.001, 0.001], 24000: [0.001, 0.001]): ok
  CHECK far_cue: every (stream, key) appears once: ok
  CHECK far_cue: S distinct values per key: ok
  CHECK far_cue: each query is answered by its own stream's value: ok
  CHECK far_cue: exactly one CTX token per block; block streams a permutation: ok
  CHECK far_cue: stream_labels = the block's stream (body), the query's stream (query): ok
  CHECK far_cue: L = 21, qpos = [19]: ok
  CHECK far_cue: select reads the query's KEY position and targets its value: ok
  CHECK far_cue: stream token in a width-3 window only for each block's first pair; the query sees its CTX at t-1: ok
  CHECK far_cue: perfect gate zeroes every cross-stream score at every layer (same-stream scores non-zero): ok
  CHECK far_cue: header_routing_stats under the perfect gate: margin 1.0000, eta_key_by_stream 1.0000: ok
  CHECK far_cue: far_A and far_L3 share arm A's initial parameters and vocabulary: ok
  all CHECKs passed (2.8 min)
----------------------------------------------------------------------------------------------------
[EXPLORATORY, not a result] SCREEN kwta_warm
  idea    k-WTA (16/256) only as a warm-up: through the evaluation at step 2400, dense after
  source  batch 1's KWTA16 (FlyHash, Dasgupta et al. 2017; k-WTA, Ahmad & Hawkins 2019), which routed early but bound slowly
  change  explore_kwta's KWTA16 model; model.k_top = None right after the evaluation at step 2400 (arm A's dense forward from update 2401)
  arm KWTA_WARM    lr 0.001  iters 24000  seeds 160-179 (20)  — arm A + kWTA 16/256 through the evaluation at 2400, dense after
                   schedule: lr 0.001 throughout; kWTA 16/256 for updates 1-2400 and the evaluations at 1200 and 2400; dense after
  pairing seeds 160-179, paired with X's recorded arm A (test_short_conv, lr 1e-3; same initial parameters and batches); X's ROUTED* at 2400 from explore_ref_a2400
----------------------------------------------------------------------------------------------------
----------------------------------------------------------------------------------------------------
[EXPLORATORY, not a result] SCREEN slow_mem
  idea    slow memory first: non-gate parameters at lr/10 for 2400 updates, the gate at full lr
  source  the race reading of batch 1's KWTA16 (two-timescale training: fast router, slow experts); separates it from the sparse-code reading
  change  arm A, one Adam, two groups: gate (W_in, W_h, W_g) 1e-3 throughout; the rest 1e-4 for updates 1-2400, 1e-3 after
  arm SLOW_MEM     lr 0.001  iters 24000  seeds 160-179 (20)  — arm A; memory at lr/10 for the first 2400 updates
                   schedule: gate W_in/W_h/W_g 0.001 throughout; every other parameter 0.0001 for updates 1-2400, 0.001 after
  pairing seeds 160-179, paired with X's recorded arm A (test_short_conv, lr 1e-3; same initial parameters and batches); X's ROUTED* at 2400 from explore_ref_a2400
----------------------------------------------------------------------------------------------------
----------------------------------------------------------------------------------------------------
[EXPLORATORY, not a result] SCREEN far_cue
  idea    LOCAL3 when the stream token is a block header, out of a width-3 window for most pairs
  source  batch 1's LOCAL3 (Mamba / H3 / RWKV local gate); a new header layout
  change  HeaderTask: each stream's block [CTX_s, K, V, K, V, ...], blocks in random stream order, keys random within a block; queries at the end as in make_batch
  arm far_ceil     lr 0.001  iters 24000  seeds 160-162 (3)  — perfect gate, header layout (validity)
                   schedule: lr 0.001 throughout
  arm far_A        lr 0.001  iters 24000  seeds 160-169 (10)  — arm A, header layout
                   schedule: lr 0.001 throughout
  arm far_L3       lr 0.001  iters 24000  seeds 160-169 (10)  — LOCAL3, header layout
                   schedule: lr 0.001 throughout
  pairing within the batch: far_A and far_L3 on seeds 160-169 (same initial parameters, same batches)
----------------------------------------------------------------------------------------------------
----------------------------------------------------------------------------------------------------
[EXPLORATORY, not a result] SCREEN ref_a2400
  idea    reference: X's arm A through step 2400, for ROUTED* at 2400
  source  test_short_conv's arm A (X's record)
  change  none (a re-run with routing statistics at 1200 and 2400)
  arm A_2400       lr 0.001  iters 2400  seeds 160-179 (20)  — X's arm A, re-run through step 2400
                   schedule: lr 0.001 throughout
  pairing each seed compared with X's record of the same run
----------------------------------------------------------------------------------------------------
  PROJECTION (worst case: every run to its iters; 100 timed steps per model, 1 thread, this machine):
    kwta_warm      KWTA_WARM  20 runs x   8.9 min  (2400 steps x 29.7 ms + 2 evals x 1.5 s; 21600 steps x 20.5 ms + 18 evals x 0.9 s)
    slow_mem       SLOW_MEM   20 runs x   9.3 min  (24000 steps x 22.5 ms + 20 evals x 0.9 s)
    far_cue        far_ceil    3 runs x   5.9 min  (24000 steps x 14.1 ms + 20 evals x 0.7 s)
    far_cue        far_A      10 runs x   7.7 min  (24000 steps x 18.5 ms + 20 evals x 0.7 s)
    far_cue        far_L3     10 runs x   6.2 min  (24000 steps x 14.8 ms + 20 evals x 0.8 s)
    ref_a2400      A_2400     20 runs x   0.9 min  (2400 steps x 22.7 ms + 2 evals x 1.0 s)
    total 8.98 h of runs; makespan on 4 workers 2.25 h (worst case)
  70 runs queued on 4 workers (1 torch thread each)

#################### STOPPED 2026-09-30 02:21:37 UTC — the resumed segment was stopped by the session's background time limit (at its 10-minute timeout, the longest allowed) after the repro check, the CHECKs and the projection, before any new run finished. Batch 2 is INCOMPLETE: 13 of 83 runs saved (KWTA_WARM 160-166, SLOW_MEM 160-165). No report or verdict has been produced. (EXPLORATORY, not a result) ####################

#################### NOTE 2026-09-30 02:28:36 UTC — explore_batch2.py gained --order, --resume, --report-only and --stopped-early at 9697dec (driver only; the screen code is unchanged since 6f529b5). From here each segment runs: --resume --order slow_mem,ref_a2400,far_cue,kwta_warm. Restarts after each stop by the background time limit approved by the user; explore_out/ is pushed after every saved run. (EXPLORATORY, not a result) ####################
#################### RESUME 2026-09-30 02:28:41 UTC — the previous segment was stopped by the session's background time limit; saved runs are reused, missing runs re-run (EXPLORATORY, not a result) ####################
====================================================================================================
EXPLORATORY, NOT A RESULT — batch 2: kwta_warm (S4), slow_mem (S5), far_cue (S6), ref_a2400
  cpu Intel(R) Xeon(R) Processor @ 2.10GHz | torch 2.14.0+cu130 | git 02ae127+dirty | python 3.11.15 | torch threads 1
====================================================================================================
  recipe: lr = test_channel_binding.SUB_LR = 0.001 (passed explicitly), MAX_ITERS = test_short_conv.MAX_ITERS = 24000, task P=4 S=2 n_vals=16 n_q=1, 1 torch thread per run
  screen rule (S4, S5): promising if b - c >= 4 and McNemar p < 0.1; not if b - c <= 0; else inconclusive (DISCOVERED vs X's arm A)
  ROUTED* = margin >= 0.9 and eta_key_by_stream > 0.9
  S5 reading: (b) a race if ROUTED*@1200 b - c >= 4 and p < 0.10; (a) sparse codes if b - c <= 0; neither otherwise
  S6: UNTESTED if far_ceil < 2/3; 'LOCAL3 survives a distant cue' if far_L3 >= far_A + 3; 'LOCAL3's gain needs the cue in view' if far_L3 <= far_A
  order (--order): slow_mem, ref_a2400, far_cue, kwta_warm — run_jobs2 queues runs by arm priority, set in memory to 4..1 in this order (the screen files are unchanged)
  repro_check: arm A seed 160, 2400 steps, lr 0.001: BIT-IDENTICAL to X (57s)
    here [[1200, 0.25732421875, 2.1073341369628906], [2400, 0.50244140625, 1.1376346349716187]]
    X    [[1200, 0.25732421875, 2.1073341369628906], [2400, 0.50244140625, 1.1376346349716187]]
  CHECKs skipped (repro check above still run): the screen code is unchanged — no file outside explore_out/ and explore_batch2.py differs from 6f529b5; the first segment's full CHECK output is in this log. git diff --stat 6f529b5:
     explore_batch2.py                  |  125 +-
     explore_out/README.md              |    1 +
     explore_out/batch2.log             |  215 +++
     explore_out/far_cue_results.json   |   85 ++
     explore_out/kwta_warm_results.json | 2952 ++++++++++++++++++++++++++++++++++++
     explore_out/ref_a2400_results.json |   52 +
     explore_out/slow_mem_results.json  | 1427 +++++++++++++++++
     7 files changed, 4838 insertions(+), 19 deletions(-)
----------------------------------------------------------------------------------------------------
[EXPLORATORY, not a result] SCREEN kwta_warm
  idea    k-WTA (16/256) only as a warm-up: through the evaluation at step 2400, dense after
  source  batch 1's KWTA16 (FlyHash, Dasgupta et al. 2017; k-WTA, Ahmad & Hawkins 2019), which routed early but bound slowly
  change  explore_kwta's KWTA16 model; model.k_top = None right after the evaluation at step 2400 (arm A's dense forward from update 2401)
  arm KWTA_WARM    lr 0.001  iters 24000  seeds 160-179 (20)  — arm A + kWTA 16/256 through the evaluation at 2400, dense after
                   schedule: lr 0.001 throughout; kWTA 16/256 for updates 1-2400 and the evaluations at 1200 and 2400; dense after
  pairing seeds 160-179, paired with X's recorded arm A (test_short_conv, lr 1e-3; same initial parameters and batches); X's ROUTED* at 2400 from explore_ref_a2400
----------------------------------------------------------------------------------------------------
----------------------------------------------------------------------------------------------------
[EXPLORATORY, not a result] SCREEN slow_mem
  idea    slow memory first: non-gate parameters at lr/10 for 2400 updates, the gate at full lr
  source  the race reading of batch 1's KWTA16 (two-timescale training: fast router, slow experts); separates it from the sparse-code reading
  change  arm A, one Adam, two groups: gate (W_in, W_h, W_g) 1e-3 throughout; the rest 1e-4 for updates 1-2400, 1e-3 after
  arm SLOW_MEM     lr 0.001  iters 24000  seeds 160-179 (20)  — arm A; memory at lr/10 for the first 2400 updates
                   schedule: gate W_in/W_h/W_g 0.001 throughout; every other parameter 0.0001 for updates 1-2400, 0.001 after
  pairing seeds 160-179, paired with X's recorded arm A (test_short_conv, lr 1e-3; same initial parameters and batches); X's ROUTED* at 2400 from explore_ref_a2400
----------------------------------------------------------------------------------------------------
----------------------------------------------------------------------------------------------------
[EXPLORATORY, not a result] SCREEN far_cue
  idea    LOCAL3 when the stream token is a block header, out of a width-3 window for most pairs
  source  batch 1's LOCAL3 (Mamba / H3 / RWKV local gate); a new header layout
  change  HeaderTask: each stream's block [CTX_s, K, V, K, V, ...], blocks in random stream order, keys random within a block; queries at the end as in make_batch
  arm far_ceil     lr 0.001  iters 24000  seeds 160-162 (3)  — perfect gate, header layout (validity)
                   schedule: lr 0.001 throughout
  arm far_A        lr 0.001  iters 24000  seeds 160-169 (10)  — arm A, header layout
                   schedule: lr 0.001 throughout
  arm far_L3       lr 0.001  iters 24000  seeds 160-169 (10)  — LOCAL3, header layout
                   schedule: lr 0.001 throughout
  pairing within the batch: far_A and far_L3 on seeds 160-169 (same initial parameters, same batches)
----------------------------------------------------------------------------------------------------
----------------------------------------------------------------------------------------------------
[EXPLORATORY, not a result] SCREEN ref_a2400
  idea    reference: X's arm A through step 2400, for ROUTED* at 2400
  source  test_short_conv's arm A (X's record)
  change  none (a re-run with routing statistics at 1200 and 2400)
  arm A_2400       lr 0.001  iters 2400  seeds 160-179 (20)  — X's arm A, re-run through step 2400
                   schedule: lr 0.001 throughout
  pairing each seed compared with X's record of the same run
----------------------------------------------------------------------------------------------------
  PROJECTION (worst case: every run to its iters; 100 timed steps per model, 1 thread, this machine):
    kwta_warm      KWTA_WARM  20 runs x   9.3 min  (2400 steps x 31.4 ms + 2 evals x 2.2 s; 21600 steps x 21.3 ms + 18 evals x 1.0 s)
    slow_mem       SLOW_MEM   20 runs x   8.3 min  (24000 steps x 19.8 ms + 20 evals x 1.1 s)
    far_cue        far_ceil    3 runs x   6.0 min  (24000 steps x 14.5 ms + 20 evals x 0.7 s)
    far_cue        far_A      10 runs x   7.0 min  (24000 steps x 16.9 ms + 20 evals x 0.7 s)
    far_cue        far_L3     10 runs x   6.3 min  (24000 steps x 15.1 ms + 20 evals x 0.7 s)
    ref_a2400      A_2400     20 runs x   0.9 min  (2400 steps x 21.4 ms + 2 evals x 1.1 s)
    total 8.68 h of runs; makespan on 4 workers 2.17 h (worst case)
  70 runs queued on 4 workers (1 torch thread each)
  [  1/70]    1.8 min  slow_mem       SLOW_MEM   seed 169  lr 0.001 (gate W_in/W_h/W_g 0.001 throughout; every other parameter 0.0001 for updates 1-2400, 0.001 after)
          acc 1.000  trans  2400  VALcos 0.000  margin 1.00  DISCOVERED  ROUTED* 1200/2400/end Y/Y/Y
  [  2/70]    2.3 min  slow_mem       SLOW_MEM   seed 168  lr 0.001 (gate W_in/W_h/W_g 0.001 throughout; every other parameter 0.0001 for updates 1-2400, 0.001 after)
          acc 1.000  trans  3600  VALcos 0.001  margin 1.00  DISCOVERED  ROUTED* 1200/2400/end Y/Y/Y
  [  3/70]    4.1 min  slow_mem       SLOW_MEM   seed 170  lr 0.001 (gate W_in/W_h/W_g 0.001 throughout; every other parameter 0.0001 for updates 1-2400, 0.001 after)
          acc 1.000  trans  3600  VALcos 0.002  margin 1.00  DISCOVERED  ROUTED* 1200/2400/end Y/Y/Y
  [  4/70]    5.9 min  slow_mem       SLOW_MEM   seed 172  lr 0.001 (gate W_in/W_h/W_g 0.001 throughout; every other parameter 0.0001 for updates 1-2400, 0.001 after)
          acc 1.000  trans  2400  VALcos 0.000  margin 1.00  DISCOVERED  ROUTED* 1200/2400/end Y/Y/Y
  [  5/70]    9.1 min  slow_mem       SLOW_MEM   seed 167  lr 0.001 (gate W_in/W_h/W_g 0.001 throughout; every other parameter 0.0001 for updates 1-2400, 0.001 after)
          acc 0.499  trans  None  VALcos 1.000  margin -0.00  POSITION  ROUTED* 1200/2400/end -/-/-
  [  6/70]    9.2 min  slow_mem       SLOW_MEM   seed 166  lr 0.001 (gate W_in/W_h/W_g 0.001 throughout; every other parameter 0.0001 for updates 1-2400, 0.001 after)
          acc 0.504  trans  None  VALcos 1.000  margin 0.00  POSITION  ROUTED* 1200/2400/end -/-/-
  [  7/70]   11.4 min  slow_mem       SLOW_MEM   seed 174  lr 0.001 (gate W_in/W_h/W_g 0.001 throughout; every other parameter 0.0001 for updates 1-2400, 0.001 after)
          acc 1.000  trans  3600  VALcos 0.000  margin 1.00  DISCOVERED  ROUTED* 1200/2400/end Y/Y/Y
  [  8/70]   11.4 min  slow_mem       SLOW_MEM   seed 171  lr 0.001 (gate W_in/W_h/W_g 0.001 throughout; every other parameter 0.0001 for updates 1-2400, 0.001 after)
          acc 0.506  trans  None  VALcos 1.000  margin 0.00  OTHER  ROUTED* 1200/2400/end -/-/-
  [  9/70]   14.9 min  slow_mem       SLOW_MEM   seed 173  lr 0.001 (gate W_in/W_h/W_g 0.001 throughout; every other parameter 0.0001 for updates 1-2400, 0.001 after)
          acc 0.479  trans  None  VALcos 1.000  margin -0.00  POSITION  ROUTED* 1200/2400/end -/-/-
  [ 10/70]   16.8 min  slow_mem       SLOW_MEM   seed 178  lr 0.001 (gate W_in/W_h/W_g 0.001 throughout; every other parameter 0.0001 for updates 1-2400, 0.001 after)
          acc 1.000  trans  2400  VALcos 0.000  margin 1.00  DISCOVERED  ROUTED* 1200/2400/end Y/Y/Y
  [ 11/70]   18.3 min  slow_mem       SLOW_MEM   seed 175  lr 0.001 (gate W_in/W_h/W_g 0.001 throughout; every other parameter 0.0001 for updates 1-2400, 0.001 after)
          acc 0.510  trans  None  VALcos 1.000  margin -0.01  POSITION  ROUTED* 1200/2400/end -/-/-
  [ 12/70]   18.6 min  slow_mem       SLOW_MEM   seed 179  lr 0.001 (gate W_in/W_h/W_g 0.001 throughout; every other parameter 0.0001 for updates 1-2400, 0.001 after)
          acc 1.000  trans  2400  VALcos 0.001  margin 1.00  DISCOVERED  ROUTED* 1200/2400/end Y/Y/Y
  [ 13/70]   19.2 min  ref_a2400      A_2400     seed 160  lr 0.001 (lr 0.001 throughout)
          acc 0.502  trans  None  VALcos 1.000  margin -0.00  KEY  ROUTED* 1200/2400/end -/-/-
  [ 14/70]   19.5 min  ref_a2400      A_2400     seed 161  lr 0.001 (lr 0.001 throughout)
          acc 0.424  trans  None  VALcos 1.000  margin 0.00  KEY  ROUTED* 1200/2400/end -/-/-
  [ 15/70]   20.2 min  ref_a2400      A_2400     seed 162  lr 0.001 (lr 0.001 throughout)
          acc 0.223  trans  None  VALcos 1.000  margin 0.00  POSITION  ROUTED* 1200/2400/end -/-/-
  [ 16/70]   20.4 min  slow_mem       SLOW_MEM   seed 176  lr 0.001 (gate W_in/W_h/W_g 0.001 throughout; every other parameter 0.0001 for updates 1-2400, 0.001 after)
          acc 0.389  trans  None  VALcos 1.000  margin 0.00  POSITION  ROUTED* 1200/2400/end -/-/-
  [ 17/70]   20.5 min  ref_a2400      A_2400     seed 163  lr 0.001 (lr 0.001 throughout)
          acc 0.180  trans  None  VALcos 0.994  margin 0.00  OTHER  ROUTED* 1200/2400/end -/-/-
  [ 18/70]   20.5 min  slow_mem       SLOW_MEM   seed 177  lr 0.001 (gate W_in/W_h/W_g 0.001 throughout; every other parameter 0.0001 for updates 1-2400, 0.001 after)
          acc 0.395  trans  None  VALcos 1.000  margin 0.00  POSITION  ROUTED* 1200/2400/end -/-/-
  [ 19/70]   21.1 min  ref_a2400      A_2400     seed 164  lr 0.001 (lr 0.001 throughout)
          acc 1.000  trans  2400  VALcos 0.011  margin 0.99  DISCOVERED  ROUTED* 1200/2400/end Y/Y/Y
  [ 20/70]   21.4 min  ref_a2400      A_2400     seed 165  lr 0.001 (lr 0.001 throughout)
          acc 0.997  trans  2400  VALcos 0.000  margin 1.00  DISCOVERED  ROUTED* 1200/2400/end Y/Y/Y
  [ 21/70]   21.4 min  ref_a2400      A_2400     seed 166  lr 0.001 (lr 0.001 throughout)
          acc 0.306  trans  None  VALcos 1.000  margin 0.00  KEY  ROUTED* 1200/2400/end -/-/-
  [ 22/70]   21.5 min  ref_a2400      A_2400     seed 167  lr 0.001 (lr 0.001 throughout)
          acc 0.474  trans  None  VALcos 1.000  margin -0.00  KEY  ROUTED* 1200/2400/end -/-/-
  [ 23/70]   22.0 min  ref_a2400      A_2400     seed 168  lr 0.001 (lr 0.001 throughout)
          acc 0.224  trans  None  VALcos 1.000  margin -0.01  POSITION  ROUTED* 1200/2400/end -/-/-
  [ 24/70]   22.3 min  ref_a2400      A_2400     seed 169  lr 0.001 (lr 0.001 throughout)
          acc 0.896  trans  None  VALcos 0.001  margin 1.00  STREAM-PARTIAL  ROUTED* 1200/2400/end Y/Y/Y
  [ 25/70]   22.3 min  ref_a2400      A_2400     seed 170  lr 0.001 (lr 0.001 throughout)
          acc 0.257  trans  None  VALcos 1.000  margin -0.01  POSITION  ROUTED* 1200/2400/end -/-/-
  [ 26/70]   22.4 min  ref_a2400      A_2400     seed 171  lr 0.001 (lr 0.001 throughout)
          acc 0.255  trans  None  VALcos 1.000  margin -0.01  POSITION  ROUTED* 1200/2400/end -/-/-
  [ 27/70]   23.0 min  ref_a2400      A_2400     seed 172  lr 0.001 (lr 0.001 throughout)
          acc 0.218  trans  None  VALcos 1.000  margin 0.00  POSITION  ROUTED* 1200/2400/end -/-/-
  [ 28/70]   23.2 min  ref_a2400      A_2400     seed 173  lr 0.001 (lr 0.001 throughout)
          acc 0.264  trans  None  VALcos 1.000  margin -0.01  OTHER  ROUTED* 1200/2400/end -/-/-
  [ 29/70]   23.2 min  ref_a2400      A_2400     seed 174  lr 0.001 (lr 0.001 throughout)
          acc 0.950  trans  None  VALcos 0.000  margin 1.00  STREAM-PARTIAL  ROUTED* 1200/2400/end Y/Y/Y
  [ 30/70]   23.3 min  ref_a2400      A_2400     seed 175  lr 0.001 (lr 0.001 throughout)
          acc 0.278  trans  None  VALcos 0.999  margin 0.01  POSITION  ROUTED* 1200/2400/end -/-/-
  [ 31/70]   23.9 min  ref_a2400      A_2400     seed 176  lr 0.001 (lr 0.001 throughout)
          acc 1.000  trans  2400  VALcos 0.000  margin 1.00  DISCOVERED  ROUTED* 1200/2400/end Y/Y/Y
  [ 32/70]   24.1 min  ref_a2400      A_2400     seed 177  lr 0.001 (lr 0.001 throughout)
          acc 0.247  trans  None  VALcos 1.000  margin -0.00  POSITION  ROUTED* 1200/2400/end -/-/-
  [ 33/70]   24.2 min  ref_a2400      A_2400     seed 178  lr 0.001 (lr 0.001 throughout)
          acc 1.000  trans  1200  VALcos 0.003  margin 1.00  DISCOVERED  ROUTED* 1200/2400/end Y/Y/Y
  [ 34/70]   24.3 min  ref_a2400      A_2400     seed 179  lr 0.001 (lr 0.001 throughout)
          acc 0.279  trans  None  VALcos 1.000  margin 0.00  POSITION  ROUTED* 1200/2400/end -/-/-
  [ 35/70]   24.8 min  far_cue        far_ceil   seed 160  lr 0.001 (lr 0.001 throughout)
          acc 1.000  trans  1200  VALcos 0.000  margin 1.00  DISCOVERED  ROUTED* 1200/2400/end Y/Y/Y
  [ 36/70]   25.2 min  far_cue        far_ceil   seed 161  lr 0.001 (lr 0.001 throughout)
          acc 1.000  trans  1200  VALcos 0.000  margin 1.00  DISCOVERED  ROUTED* 1200/2400/end Y/Y/Y
#################### RESUME 2026-09-30 03:00:05 UTC — the previous segment was stopped by the session's background time limit; saved runs are reused, missing runs re-run (EXPLORATORY, not a result) ####################
====================================================================================================
EXPLORATORY, NOT A RESULT — batch 2: kwta_warm (S4), slow_mem (S5), far_cue (S6), ref_a2400
  cpu Intel(R) Xeon(R) Processor @ 2.10GHz | torch 2.14.0+cu130 | git ec033b3+dirty | python 3.11.15 | torch threads 1
====================================================================================================
  recipe: lr = test_channel_binding.SUB_LR = 0.001 (passed explicitly), MAX_ITERS = test_short_conv.MAX_ITERS = 24000, task P=4 S=2 n_vals=16 n_q=1, 1 torch thread per run
  screen rule (S4, S5): promising if b - c >= 4 and McNemar p < 0.1; not if b - c <= 0; else inconclusive (DISCOVERED vs X's arm A)
  ROUTED* = margin >= 0.9 and eta_key_by_stream > 0.9
  S5 reading: (b) a race if ROUTED*@1200 b - c >= 4 and p < 0.10; (a) sparse codes if b - c <= 0; neither otherwise
  S6: UNTESTED if far_ceil < 2/3; 'LOCAL3 survives a distant cue' if far_L3 >= far_A + 3; 'LOCAL3's gain needs the cue in view' if far_L3 <= far_A
  order (--order): slow_mem, ref_a2400, far_cue, kwta_warm — run_jobs2 queues runs by arm priority, set in memory to 4..1 in this order (the screen files are unchanged)
  repro_check: arm A seed 160, 2400 steps, lr 0.001: BIT-IDENTICAL to X (57s)
    here [[1200, 0.25732421875, 2.1073341369628906], [2400, 0.50244140625, 1.1376346349716187]]
    X    [[1200, 0.25732421875, 2.1073341369628906], [2400, 0.50244140625, 1.1376346349716187]]
  CHECKs skipped (repro check above still run): the screen code is unchanged — no file outside explore_out/ and explore_batch2.py differs from 6f529b5; the first segment's full CHECK output is in this log. git diff --stat 6f529b5:
     explore_batch2.py                  |  125 +-
     explore_out/README.md              |    1 +
     explore_out/batch2.log             |  359 +++
     explore_out/far_cue_results.json   |  390 +++
     explore_out/kwta_warm_results.json | 2952 ++++++++++++++++++
     explore_out/ref_a2400_results.json | 2573 ++++++++++++++++
     explore_out/slow_mem_results.json  | 5748 ++++++++++++++++++++++++++++++++++++
     7 files changed, 12129 insertions(+), 19 deletions(-)
----------------------------------------------------------------------------------------------------
[EXPLORATORY, not a result] SCREEN kwta_warm
  idea    k-WTA (16/256) only as a warm-up: through the evaluation at step 2400, dense after
  source  batch 1's KWTA16 (FlyHash, Dasgupta et al. 2017; k-WTA, Ahmad & Hawkins 2019), which routed early but bound slowly
  change  explore_kwta's KWTA16 model; model.k_top = None right after the evaluation at step 2400 (arm A's dense forward from update 2401)
  arm KWTA_WARM    lr 0.001  iters 24000  seeds 160-179 (20)  — arm A + kWTA 16/256 through the evaluation at 2400, dense after
                   schedule: lr 0.001 throughout; kWTA 16/256 for updates 1-2400 and the evaluations at 1200 and 2400; dense after
  pairing seeds 160-179, paired with X's recorded arm A (test_short_conv, lr 1e-3; same initial parameters and batches); X's ROUTED* at 2400 from explore_ref_a2400
----------------------------------------------------------------------------------------------------
----------------------------------------------------------------------------------------------------
[EXPLORATORY, not a result] SCREEN slow_mem
  idea    slow memory first: non-gate parameters at lr/10 for 2400 updates, the gate at full lr
  source  the race reading of batch 1's KWTA16 (two-timescale training: fast router, slow experts); separates it from the sparse-code reading
  change  arm A, one Adam, two groups: gate (W_in, W_h, W_g) 1e-3 throughout; the rest 1e-4 for updates 1-2400, 1e-3 after
  arm SLOW_MEM     lr 0.001  iters 24000  seeds 160-179 (20)  — arm A; memory at lr/10 for the first 2400 updates
                   schedule: gate W_in/W_h/W_g 0.001 throughout; every other parameter 0.0001 for updates 1-2400, 0.001 after
  pairing seeds 160-179, paired with X's recorded arm A (test_short_conv, lr 1e-3; same initial parameters and batches); X's ROUTED* at 2400 from explore_ref_a2400
----------------------------------------------------------------------------------------------------
----------------------------------------------------------------------------------------------------
[EXPLORATORY, not a result] SCREEN far_cue
  idea    LOCAL3 when the stream token is a block header, out of a width-3 window for most pairs
  source  batch 1's LOCAL3 (Mamba / H3 / RWKV local gate); a new header layout
  change  HeaderTask: each stream's block [CTX_s, K, V, K, V, ...], blocks in random stream order, keys random within a block; queries at the end as in make_batch
  arm far_ceil     lr 0.001  iters 24000  seeds 160-162 (3)  — perfect gate, header layout (validity)
                   schedule: lr 0.001 throughout
  arm far_A        lr 0.001  iters 24000  seeds 160-169 (10)  — arm A, header layout
                   schedule: lr 0.001 throughout
  arm far_L3       lr 0.001  iters 24000  seeds 160-169 (10)  — LOCAL3, header layout
                   schedule: lr 0.001 throughout
  pairing within the batch: far_A and far_L3 on seeds 160-169 (same initial parameters, same batches)
----------------------------------------------------------------------------------------------------
----------------------------------------------------------------------------------------------------
[EXPLORATORY, not a result] SCREEN ref_a2400
  idea    reference: X's arm A through step 2400, for ROUTED* at 2400
  source  test_short_conv's arm A (X's record)
  change  none (a re-run with routing statistics at 1200 and 2400)
  arm A_2400       lr 0.001  iters 2400  seeds 160-179 (20)  — X's arm A, re-run through step 2400
                   schedule: lr 0.001 throughout
  pairing each seed compared with X's record of the same run
----------------------------------------------------------------------------------------------------
  PROJECTION (worst case: every run to its iters; 100 timed steps per model, 1 thread, this machine):
    kwta_warm      KWTA_WARM  20 runs x   9.5 min  (2400 steps x 30.8 ms + 2 evals x 1.6 s; 21600 steps x 22.0 ms + 18 evals x 1.0 s)
    slow_mem       SLOW_MEM   20 runs x   9.5 min  (24000 steps x 23.0 ms + 20 evals x 0.9 s)
    far_cue        far_ceil    3 runs x   6.0 min  (24000 steps x 14.4 ms + 20 evals x 0.7 s)
    far_cue        far_A      10 runs x   7.1 min  (24000 steps x 17.2 ms + 20 evals x 0.7 s)
    far_cue        far_L3     10 runs x   6.9 min  (24000 steps x 16.6 ms + 20 evals x 0.7 s)
    ref_a2400      A_2400     20 runs x   0.9 min  (2400 steps x 22.1 ms + 2 evals x 1.0 s)
    total 9.27 h of runs; makespan on 4 workers 2.33 h (worst case)
  34 runs queued on 4 workers (1 torch thread each)
  [  1/34]    6.5 min  far_cue        far_L3     seed 160  lr 0.001 (lr 0.001 throughout)
          acc 0.438  trans  None  VALcos 1.000  margin -0.00  OTHER  ROUTED* 1200/2400/end -/-/-
  [  2/34]    6.6 min  far_cue        far_L3     seed 161  lr 0.001 (lr 0.001 throughout)
          acc 0.439  trans  None  VALcos 1.000  margin -0.00  POSITION  ROUTED* 1200/2400/end -/-/-
  [  3/34]    7.4 min  far_cue        far_A      seed 161  lr 0.001 (lr 0.001 throughout)
          acc 0.217  trans  None  VALcos 1.000  margin -0.00  POSITION  ROUTED* 1200/2400/end -/-/-
  [  4/34]    7.4 min  far_cue        far_A      seed 160  lr 0.001 (lr 0.001 throughout)
          acc 0.238  trans  None  VALcos 1.000  margin 0.00  POSITION  ROUTED* 1200/2400/end -/-/-
  [  5/34]    7.4 min  far_cue        far_ceil   seed 162  lr 0.001 (lr 0.001 throughout)
          acc 1.000  trans  1200  VALcos 0.000  margin 1.00  DISCOVERED  ROUTED* 1200/2400/end Y/Y/Y
  [  6/34]   10.0 min  far_cue        far_L3     seed 162  lr 0.001 (lr 0.001 throughout)
          acc 1.000  trans  7200  VALcos 1.000  margin -0.00  BOUND unrouted  ROUTED* 1200/2400/end -/-/-
  [  7/34]   11.0 min  far_cue        far_L3     seed 163  lr 0.001 (lr 0.001 throughout)
          acc 1.000  trans 10800  VALcos 1.000  margin -0.00  BOUND unrouted  ROUTED* 1200/2400/end -/-/-
  [  8/34]   14.0 min  far_cue        far_A      seed 162  lr 0.001 (lr 0.001 throughout)
          acc 0.226  trans  None  VALcos 1.000  margin -0.00  POSITION  ROUTED* 1200/2400/end -/-/-
  [  9/34]   14.9 min  far_cue        far_A      seed 163  lr 0.001 (lr 0.001 throughout)
          acc 0.225  trans  None  VALcos 1.000  margin 0.00  POSITION  ROUTED* 1200/2400/end -/-/-
  [ 10/34]   17.3 min  far_cue        far_A      seed 164  lr 0.001 (lr 0.001 throughout)
          acc 0.405  trans  None  VALcos 1.000  margin -0.00  OTHER  ROUTED* 1200/2400/end -/-/-
  [ 11/34]   17.6 min  far_cue        far_L3     seed 164  lr 0.001 (lr 0.001 throughout)
          acc 0.439  trans  None  VALcos 1.000  margin 0.00  POSITION  ROUTED* 1200/2400/end -/-/-
  [ 12/34]   21.4 min  far_cue        far_A      seed 165  lr 0.001 (lr 0.001 throughout)
          acc 0.542  trans  None  VALcos 0.000  margin 1.00  STREAM-PARTIAL  ROUTED* 1200/2400/end -/Y/Y
  [ 13/34]   21.5 min  far_cue        far_L3     seed 165  lr 0.001 (lr 0.001 throughout)
          acc 0.741  trans  None  VALcos 1.000  margin -0.00  KEY  ROUTED* 1200/2400/end -/-/-
  [ 14/34]   24.1 min  far_cue        far_L3     seed 166  lr 0.001 (lr 0.001 throughout)
          acc 0.511  trans  None  VALcos 1.000  margin -0.00  KEY  ROUTED* 1200/2400/end -/-/-
  [ 15/34]   24.7 min  far_cue        far_A      seed 166  lr 0.001 (lr 0.001 throughout)
          acc 0.531  trans  None  VALcos 0.000  margin 1.00  STREAM-PARTIAL  ROUTED* 1200/2400/end -/Y/Y
  [ 16/34]   28.2 min  far_cue        far_L3     seed 167  lr 0.001 (lr 0.001 throughout)
          acc 0.445  trans  None  VALcos 1.000  margin 0.00  OTHER  ROUTED* 1200/2400/end -/-/-
#################### RESUME 2026-09-30 03:39:58 UTC — the previous segment was stopped by the session's background time limit; saved runs are reused, missing runs re-run (EXPLORATORY, not a result) ####################
====================================================================================================
EXPLORATORY, NOT A RESULT — batch 2: kwta_warm (S4), slow_mem (S5), far_cue (S6), ref_a2400
  cpu Intel(R) Xeon(R) Processor @ 2.10GHz | torch 2.14.0+cu130 | git 9ad7636+dirty | python 3.11.15 | torch threads 1
====================================================================================================
  recipe: lr = test_channel_binding.SUB_LR = 0.001 (passed explicitly), MAX_ITERS = test_short_conv.MAX_ITERS = 24000, task P=4 S=2 n_vals=16 n_q=1, 1 torch thread per run
  screen rule (S4, S5): promising if b - c >= 4 and McNemar p < 0.1; not if b - c <= 0; else inconclusive (DISCOVERED vs X's arm A)
  ROUTED* = margin >= 0.9 and eta_key_by_stream > 0.9
  S5 reading: (b) a race if ROUTED*@1200 b - c >= 4 and p < 0.10; (a) sparse codes if b - c <= 0; neither otherwise
  S6: UNTESTED if far_ceil < 2/3; 'LOCAL3 survives a distant cue' if far_L3 >= far_A + 3; 'LOCAL3's gain needs the cue in view' if far_L3 <= far_A
  order (--order): slow_mem, ref_a2400, far_cue, kwta_warm — run_jobs2 queues runs by arm priority, set in memory to 4..1 in this order (the screen files are unchanged)
  repro_check: arm A seed 160, 2400 steps, lr 0.001: BIT-IDENTICAL to X (57s)
    here [[1200, 0.25732421875, 2.1073341369628906], [2400, 0.50244140625, 1.1376346349716187]]
    X    [[1200, 0.25732421875, 2.1073341369628906], [2400, 0.50244140625, 1.1376346349716187]]
  CHECKs skipped (repro check above still run): the screen code is unchanged — no file outside explore_out/ and explore_batch2.py differs from 6f529b5; the first segment's full CHECK output is in this log. git diff --stat 6f529b5:
     explore_batch2.py                  |  125 +-
     explore_out/README.md              |    1 +
     explore_out/batch2.log             |  463 +++
     explore_out/far_cue_results.json   | 6800 ++++++++++++++++++++++++++++++++++++
     explore_out/kwta_warm_results.json | 2952 ++++++++++++++++
     explore_out/ref_a2400_results.json | 2573 ++++++++++++++
     explore_out/slow_mem_results.json  | 5748 ++++++++++++++++++++++++++++++
     7 files changed, 18643 insertions(+), 19 deletions(-)
----------------------------------------------------------------------------------------------------
[EXPLORATORY, not a result] SCREEN kwta_warm
  idea    k-WTA (16/256) only as a warm-up: through the evaluation at step 2400, dense after
  source  batch 1's KWTA16 (FlyHash, Dasgupta et al. 2017; k-WTA, Ahmad & Hawkins 2019), which routed early but bound slowly
  change  explore_kwta's KWTA16 model; model.k_top = None right after the evaluation at step 2400 (arm A's dense forward from update 2401)
  arm KWTA_WARM    lr 0.001  iters 24000  seeds 160-179 (20)  — arm A + kWTA 16/256 through the evaluation at 2400, dense after
                   schedule: lr 0.001 throughout; kWTA 16/256 for updates 1-2400 and the evaluations at 1200 and 2400; dense after
  pairing seeds 160-179, paired with X's recorded arm A (test_short_conv, lr 1e-3; same initial parameters and batches); X's ROUTED* at 2400 from explore_ref_a2400
----------------------------------------------------------------------------------------------------
----------------------------------------------------------------------------------------------------
[EXPLORATORY, not a result] SCREEN slow_mem
  idea    slow memory first: non-gate parameters at lr/10 for 2400 updates, the gate at full lr
  source  the race reading of batch 1's KWTA16 (two-timescale training: fast router, slow experts); separates it from the sparse-code reading
  change  arm A, one Adam, two groups: gate (W_in, W_h, W_g) 1e-3 throughout; the rest 1e-4 for updates 1-2400, 1e-3 after
  arm SLOW_MEM     lr 0.001  iters 24000  seeds 160-179 (20)  — arm A; memory at lr/10 for the first 2400 updates
                   schedule: gate W_in/W_h/W_g 0.001 throughout; every other parameter 0.0001 for updates 1-2400, 0.001 after
  pairing seeds 160-179, paired with X's recorded arm A (test_short_conv, lr 1e-3; same initial parameters and batches); X's ROUTED* at 2400 from explore_ref_a2400
----------------------------------------------------------------------------------------------------
----------------------------------------------------------------------------------------------------
[EXPLORATORY, not a result] SCREEN far_cue
  idea    LOCAL3 when the stream token is a block header, out of a width-3 window for most pairs
  source  batch 1's LOCAL3 (Mamba / H3 / RWKV local gate); a new header layout
  change  HeaderTask: each stream's block [CTX_s, K, V, K, V, ...], blocks in random stream order, keys random within a block; queries at the end as in make_batch
  arm far_ceil     lr 0.001  iters 24000  seeds 160-162 (3)  — perfect gate, header layout (validity)
                   schedule: lr 0.001 throughout
  arm far_A        lr 0.001  iters 24000  seeds 160-169 (10)  — arm A, header layout
                   schedule: lr 0.001 throughout
  arm far_L3       lr 0.001  iters 24000  seeds 160-169 (10)  — LOCAL3, header layout
                   schedule: lr 0.001 throughout
  pairing within the batch: far_A and far_L3 on seeds 160-169 (same initial parameters, same batches)
----------------------------------------------------------------------------------------------------
----------------------------------------------------------------------------------------------------
[EXPLORATORY, not a result] SCREEN ref_a2400
  idea    reference: X's arm A through step 2400, for ROUTED* at 2400
  source  test_short_conv's arm A (X's record)
  change  none (a re-run with routing statistics at 1200 and 2400)
  arm A_2400       lr 0.001  iters 2400  seeds 160-179 (20)  — X's arm A, re-run through step 2400
                   schedule: lr 0.001 throughout
  pairing each seed compared with X's record of the same run
----------------------------------------------------------------------------------------------------
  PROJECTION (worst case: every run to its iters; 100 timed steps per model, 1 thread, this machine):
    kwta_warm      KWTA_WARM  20 runs x   9.2 min  (2400 steps x 30.2 ms + 2 evals x 1.7 s; 21600 steps x 21.1 ms + 18 evals x 0.9 s)
    slow_mem       SLOW_MEM   20 runs x   8.8 min  (24000 steps x 21.2 ms + 20 evals x 0.9 s)
    far_cue        far_ceil    3 runs x   5.6 min  (24000 steps x 13.3 ms + 20 evals x 0.7 s)
    far_cue        far_A      10 runs x   7.8 min  (24000 steps x 18.9 ms + 20 evals x 0.7 s)
    far_cue        far_L3     10 runs x   6.5 min  (24000 steps x 15.6 ms + 20 evals x 0.7 s)
    ref_a2400      A_2400     20 runs x   0.9 min  (2400 steps x 21.6 ms + 2 evals x 0.9 s)
    total 8.93 h of runs; makespan on 4 workers 2.24 h (worst case)
  18 runs queued on 4 workers (1 torch thread each)
  [  1/18]    6.5 min  far_cue        far_L3     seed 168  lr 0.001 (lr 0.001 throughout)
          acc 0.336  trans  None  VALcos 1.000  margin 0.00  KEY  ROUTED* 1200/2400/end -/-/-
  [  2/18]    7.3 min  far_cue        far_A      seed 168  lr 0.001 (lr 0.001 throughout)
          acc 0.436  trans  None  VALcos 0.997  margin 0.04  OTHER  ROUTED* 1200/2400/end -/-/-
  [  3/18]    7.4 min  far_cue        far_A      seed 167  lr 0.001 (lr 0.001 throughout)
          acc 0.299  trans  None  VALcos 1.000  margin -0.00  OTHER  ROUTED* 1200/2400/end -/-/-
  [  4/18]    7.4 min  far_cue        far_A      seed 169  lr 0.001 (lr 0.001 throughout)
          acc 0.323  trans  None  VALcos 0.997  margin -0.05  POSITION  ROUTED* 1200/2400/end -/-/-
  [  5/18]   13.1 min  far_cue        far_L3     seed 169  lr 0.001 (lr 0.001 throughout)
          acc 0.420  trans  None  VALcos 1.000  margin 0.00  OTHER  ROUTED* 1200/2400/end -/-/-
  [  6/18]   16.8 min  kwta_warm      KWTA_WARM  seed 167  lr 0.001 (lr 0.001 throughout; kWTA 16/256 for updates 1-2400 and the evaluations at 1200 and 2400; dense after)
          acc 0.309  trans  None  VALcos 1.000  margin -0.00  OTHER  ROUTED* 1200/2400/end Y/Y/-
  [  7/18]   16.9 min  kwta_warm      KWTA_WARM  seed 168  lr 0.001 (lr 0.001 throughout; kWTA 16/256 for updates 1-2400 and the evaluations at 1200 and 2400; dense after)
          acc 0.324  trans  None  VALcos 0.000  margin 1.00  STREAM-PARTIAL  ROUTED* 1200/2400/end Y/Y/Y
  [  8/18]   17.0 min  kwta_warm      KWTA_WARM  seed 169  lr 0.001 (lr 0.001 throughout; kWTA 16/256 for updates 1-2400 and the evaluations at 1200 and 2400; dense after)
          acc 0.314  trans  None  VALcos 1.000  margin -0.00  KEY  ROUTED* 1200/2400/end -/-/-
  [  9/18]   17.1 min  kwta_warm      KWTA_WARM  seed 170  lr 0.001 (lr 0.001 throughout; kWTA 16/256 for updates 1-2400 and the evaluations at 1200 and 2400; dense after)
          acc 0.998  trans  7200  VALcos 0.000  margin 1.00  DISCOVERED  ROUTED* 1200/2400/end Y/Y/Y
  [ 10/18]   21.9 min  kwta_warm      KWTA_WARM  seed 173  lr 0.001 (lr 0.001 throughout; kWTA 16/256 for updates 1-2400 and the evaluations at 1200 and 2400; dense after)
          acc 1.000  trans  9600  VALcos 0.000  margin 1.00  DISCOVERED  ROUTED* 1200/2400/end Y/Y/Y
