====================================================================================================
EXPLORATORY, NOT A RESULT — batch 14: gate_memory (S39), gate_prev (S40)
  cpu Intel(R) Xeon(R) Processor @ 2.10GHz | torch 2.14.0+cu130 | git 7105374+dirty | python 3.11.15 | torch threads 1
====================================================================================================
  recipe read in the child from main at 9c5939e: test_slow_start.LR 0.001, test_stream_recipe.LR 0.001, test_stream_curriculum.LR 0.001 (Adam groups; the branch's SUB_LR 0.001); WARM 2400, TAU 0.2, LAMBDA 1.0; Muon lr 0.005 (S33's validity choice {'a': 0.005, 'b': 0.005}); S40 28800 steps, S39 reruns to 2400; 1 torch thread per run
  lr read for gate_prev D8_PREV_M: 0.001 (Adam groups); Muon lr 0.005
  lr read for gate_prev D8_PREV_A: 0.001 (Adam groups)
  lr read for gate_memory D8_HINGE_M: 0.001 (Adam groups); Muon lr 0.005
  lr read for gate_memory D8_SLOW_M: 0.001 (Adam groups); Muon lr 0.005
  lr read for gate_memory HINGE_D8_A: 0.001 (Adam groups)
  lr read for gate_memory A_HINGE_M: 0.001 (Adam groups); Muon lr 0.005
  S40 readings (per arm, BOUND ROUTED at 28800): 'the look-back breaks the eight-stream stall' if >= 3/10; 'it does not' if 0/10; otherwise neither
  S39 labels (per configuration, median decodability of h at key positions): 'formed, then lost' if >= 0.5 at some evaluation up to 1200 and <= 0.25 at 2400; 'never formed' if < 0.25 at every evaluation; otherwise 'partial'
  repro_check: arm A seed 160, 2400 steps, lr 0.001: BIT-IDENTICAL to X (52s)
    here [[1200, 0.25732421875, 2.1073341369628906], [2400, 0.50244140625, 1.1376346349716187]]
    X    [[1200, 0.25732421875, 2.1073341369628906], [2400, 0.50244140625, 1.1376346349716187]]
  CHECK gate_prev: at update 0 every parameter shared with the paired run is bitwise equal (9 parameters; W_prev (32, 32), std 0.1008 vs W_in's 0.0985; class PrevBDH): ok
  CHECK gate_prev: the gate's input at key positions (W_in v_t + W_prev v_(t-1)) decodes the stream at update 0 at 1.000 with GATE_PREV (>= 0.9) and W_in v_t alone at 0.125 without it (chance 0.125, within 0.05): ok
  CHECK gate_prev: muon: the optimizer groups cover every parameter once, W_prev in the gate group ([['W_in', 'W_h', 'W_g', 'W_prev'], ['decoder', 'encoder', 'encoder_v', 'lm_head'], ['embed.weight', 'short_conv.conv_w']]): ok
  CHECK gate_prev: adam: the optimizer groups cover every parameter once, W_prev in the gate group ([['W_in', 'W_h', 'W_g', 'W_prev'], ['decoder', 'encoder', 'encoder_v', 'lm_head', 'embed.weight', 'short_conv.conv_w']]): ok
  CHECK gate_prev: with W_prev fixed at 0 and excluded, the Muon groups are S33's (names True): ok
  CHECK gate_prev: D8_PREV_M with W_prev fixed at 0 and excluded from the optimizer equals S33's D8_HINGE|260 bit for bit through 1200 (curves [[1200, 0.0703125, 2.9915246963500977]] vs [[1200, 0.0703125, 2.9915246963500977]]; statistics at [0, 1200] True; groups [{'tag': 'gate', 'kind': 'muon', 'names': ['W_in', 'W_h', 'W_g']}, {'tag': 'rest', 'kind': 'muon', 'names': ['decoder', 'encoder', 'encoder_v', 'lm_head']}, {'tag': 'rest', 'kind': 'adam', 'names': ['embed.weight', 'short_conv.conv_w']}]): ok
  CHECK gate_prev: D8_PREV_A with W_prev fixed at 0 and excluded from the optimizer equals X's HINGE_D8|260 bit for bit through 1200 (curves [[1200, 0.0615234375, 2.8093132972717285]] vs [[1200, 0.0615234375, 2.8093132972717285]]; statistics at [0, 1200] True; groups [{'names': ['W_in', 'W_h', 'W_g']}, {'names': ['decoder', 'encoder', 'encoder_v', 'lm_head', 'embed.weight', 'short_conv.conv_w']}]): ok
  CHECK gate_prev: children at 9c5939e (2.2 min)
  CHECK gate_memory: D8_HINGE_M|260 rerun with every measurement reproduces its record through 1200 ([[1200, 0.0703125, 2.9915246963500977]] vs [[1200, 0.0703125, 2.9915246963500977]]); measured at ['0', '50', '100', '200', '300', '400', '600', '800', '1200'] (1200 updates counted, 1 model built); the recomputed read gate equals the model's (max difference 0.00e+00): ok
  CHECK gate_memory: D8_SLOW_M|260 rerun with every measurement reproduces its record through 1200 ([[1200, 0.0693359375, 2.9898359775543213]] vs [[1200, 0.0693359375, 2.9898359775543213]]); measured at ['0', '50', '100', '200', '300', '400', '600', '800', '1200'] (1200 updates counted, 1 model built); the recomputed read gate equals the model's (max difference 0.00e+00): ok
  CHECK gate_memory: HINGE_D8_A|260 rerun with every measurement reproduces its record through 1200 ([[1200, 0.0615234375, 2.8093132972717285]] vs [[1200, 0.0615234375, 2.8093132972717285]]); measured at ['0', '50', '100', '200', '300', '400', '600', '800', '1200'] (1200 updates counted, 1 model built); the recomputed read gate equals the model's (max difference 0.00e+00): ok
  CHECK gate_memory: A_HINGE_M|240 rerun with every measurement reproduces its record through 1200 ([[1200, 0.36376953125, 2.240008592605591]] vs [[1200, 0.36376953125, 2.240008592605591]]); measured at ['0', '50', '100', '200', '300', '400', '600', '800', '1200'] (1200 updates counted, 1 model built); the recomputed read gate equals the model's (max difference 0.00e+00): ok
  CHECK gate_memory: the decoder scores 1.0000 on a synthetic separable set (8 classes, 4000 points) and 0.1275 with shuffled labels (chance 0.1250; within 0.05: True): ok
  CHECK gate_memory: children at 9c5939e (2.3 min)
  CHECK batch 14: the modules served from main are exactly the test modules that differ between this branch and 9c5939e (['test_binding_capacity', 'test_curriculum_confirm', 'test_scale_axes', 'test_short_conv', 'test_slow_start', 'test_stream_channels', 'test_stream_curriculum', 'test_stream_recipe']): ok
  all CHECKs passed (4.5 min)
  recorded the full CHECK pass at 0ce53bf in /home/user/clankers/explore_out/batch14_checks.json
----------------------------------------------------------------------------------------------------
[EXPLORATORY, not a result] SCREEN gate_prev
  idea    GATE_PREV: the recurrent gate also reads the previous token's embedding (W_prev v_(t-1) in its pre-activation)
  source  batch 13's S38 (at S=8 the gate state does not carry the stream at key positions; the stream token is the token right before every key)
  change  pre-activation W_in v_t + W_prev v_(t-1) + W_h h_(t-1), v_(-1) = 0; W_prev ~ N(0, 0.1^2) from its own generator; W_prev in the gate group; nothing else
  arm D8_PREV_M    lr 0.001  iters 28800  seeds 260-269 (10)  — S33's D8_HINGE + GATE_PREV (Muon)
                   schedule: Muon lr 0.005: gate W_in/W_h/W_g/W_prev throughout, other Muon weights x0.1 for updates 1-2400; Adam on embedding and conv 0.0001 for 1-2400, 0.001 after; + main's HINGE hinge
  arm D8_PREV_A    lr 0.001  iters 28800  seeds 260-269 (10)  — X's HINGE_D8 + GATE_PREV (Adam)
                   schedule: gate W_in/W_h/W_g/W_prev 0.001 throughout; every other parameter 0.0001 for updates 1-2400, 0.001 after; + main's HINGE hinge
  pairing seeds 260-269: D8_PREV_M with S33's D8_HINGE, D8_PREV_A with X's HINGE_D8; every shared parameter's initial value and the batch stream are the paired run's
----------------------------------------------------------------------------------------------------
----------------------------------------------------------------------------------------------------
[EXPLORATORY, not a result] SCREEN gate_memory
  idea    descriptive: does the gate state form a one-token memory of the stream in updates 0-2400, and keep it?
  source  batch 13's S38 (S=8 h decodability at chance at 4800; HINGE_D8 262 at 0.81 at 1200, 0.13 at 2400); S33; X
  change  none to the runs (reruns to 2400); labelled decoders of h, the pre-tanh terms' norms, saturation, read-gate entropy and distinct channels at 11 updates
  arm D8_HINGE_M   lr 0.001  iters 2400  seeds 260-264 (5)  — rerun of S33's D8_HINGE (Muon, S=8, k=16) to 2400
                   schedule: Muon lr 0.005: gate W_in/W_h/W_g throughout, other Muon weights x0.1 for updates 1-2400; Adam on embedding and conv 0.0001 for 1-2400; + main's HINGE hinge
  arm D8_SLOW_M    lr 0.001  iters 2400  seeds 260-264 (5)  — rerun of S33's D8_SLOW (Muon, S=8, k=16, no hinge) to 2400
                   schedule: Muon lr 0.005: gate W_in/W_h/W_g throughout, other Muon weights x0.1 for updates 1-2400; Adam on embedding and conv 0.0001 for 1-2400
  arm HINGE_D8_A   lr 0.001  iters 2400  seeds 260-264 (5)  — rerun of X's HINGE_D8 (Adam, S=8, k=16) to 2400
                   schedule: gate W_in/W_h/W_g 0.001 throughout; every other parameter 0.0001 for updates 1-2400; + main's HINGE hinge
  arm A_HINGE_M    lr 0.001  iters 2400  seeds 240-244 (5)  — rerun of S33's A_HINGE (Muon, S=4, k=4) to 2400, a reference
                   schedule: Muon lr 0.005: gate W_in/W_h/W_g throughout, other Muon weights x0.1 for updates 1-2400; Adam on embedding and conv 0.0001 for 1-2400; + main's HINGE hinge
  pairing each rerun against its recorded run (the curve must reproduce through 2400)
----------------------------------------------------------------------------------------------------
  PROJECTION (worst case: every run to its iters; pool-load timing: the median interval between optimizer steps, one child per arm at once, two rounds of 4 (the slower of an arm's two timings), 1 thread each, this machine):
    gate_prev      D8_PREV_M   10 runs x  48.0 min  (28800 steps x 95.3 ms + 24 evals x 5.7 s + 4 probes x 0.8 s)
    gate_prev      D8_PREV_A   10 runs x  45.8 min  (28800 steps x 90.5 ms + 24 evals x 5.8 s + 4 probes x 0.9 s)
    gate_memory    D8_HINGE_M   5 runs x   3.8 min  (2400 steps x 86.9 ms + 2 evals x 5.5 s + 11 measurements x 0.9 s)
    gate_memory    D8_SLOW_M    5 runs x   3.7 min  (2400 steps x 84.3 ms + 2 evals x 5.6 s + 11 measurements x 0.8 s)
    gate_memory    HINGE_D8_A   5 runs x   3.6 min  (2400 steps x 81.2 ms + 2 evals x 5.0 s + 11 measurements x 0.8 s)
    gate_memory    A_HINGE_M    5 runs x   1.7 min  (2400 steps x 40.2 ms + 2 evals x 2.4 s + 11 measurements x 0.3 s)
    total 16.71 h of runs; makespan on 4 workers 4.20 h (worst case)
  RUNTIME RULE: projected makespan 4.20 h <= 9 h: no cut (stored)
  40 runs queued on 4 workers (1 torch thread each), submitted in this order: D8_PREV_A|260 D8_PREV_M|260 D8_PREV_A|261 D8_PREV_M|261 A_HINGE_M|240 A_HINGE_M|241 A_HINGE_M|242 A_HINGE_M|243 A_HINGE_M|244 D8_HINGE_M|260 D8_SLOW_M|260 HINGE_D8_A|260 D8_HINGE_M|261 D8_SLOW_M|261 HINGE_D8_A|261 D8_HINGE_M|262 D8_SLOW_M|262 HINGE_D8_A|262 D8_HINGE_M|263 D8_SLOW_M|263 HINGE_D8_A|263 D8_HINGE_M|264 D8_SLOW_M|264 HINGE_D8_A|264 D8_PREV_A|262 D8_PREV_M|262 D8_PREV_A|263 D8_PREV_M|263 D8_PREV_A|264 D8_PREV_M|264 D8_PREV_A|265 D8_PREV_M|265 D8_PREV_A|266 D8_PREV_M|266 D8_PREV_A|267 D8_PREV_M|267 D8_PREV_A|268 D8_PREV_M|268 D8_PREV_A|269 D8_PREV_M|269
  [  1/40]   48.0 min  gate_prev      D8_PREV_A  seed 260  lr 0.001 (gate W_in/W_h/W_g/W_prev 0.001 throughout; every other parameter 0.0001 for updates 1-2400, 0.001 after; + main's HINGE hinge)
          acc 0.360  trans  None  VALcos 0.000  margin 0.35  STREAM-PARTIAL  outcome MERGED (3 share)
  [  2/40]   48.3 min  gate_prev      D8_PREV_A  seed 261  lr 0.001 (gate W_in/W_h/W_g/W_prev 0.001 throughout; every other parameter 0.0001 for updates 1-2400, 0.001 after; + main's HINGE hinge)
          acc 0.367  trans  None  VALcos 0.000  margin 0.33  STREAM-PARTIAL  outcome MERGED (4 share)
  [  3/40]   50.1 min  gate_memory    A_HINGE_M  seed 240  lr 0.001 (Muon lr 0.005: gate W_in/W_h/W_g throughout, other Muon weights x0.1 for updates 1-2400; Adam on embedding and conv 0.0001 for 1-2400; + main's HINGE hinge)
          acc 0.739  trans  None  VALcos 1.000  margin 0.80  STREAM-PARTIAL  reproduces its record True
  [  4/40]   50.3 min  gate_prev      D8_PREV_M  seed 261  lr 0.001 (Muon lr 0.005: gate W_in/W_h/W_g/W_prev throughout, other Muon weights x0.1 for updates 1-2400; Adam on embedding and conv 0.0001 for 1-2400, 0.001 after; + main's HINGE hinge)
          acc 0.506  trans  None  VALcos 0.000  margin 0.77  STREAM-PARTIAL  outcome MERGED (3 share)
  [  5/40]   50.4 min  gate_memory    A_HINGE_M  seed 241  lr 0.001 (Muon lr 0.005: gate W_in/W_h/W_g throughout, other Muon weights x0.1 for updates 1-2400; Adam on embedding and conv 0.0001 for 1-2400; + main's HINGE hinge)
          acc 0.740  trans  None  VALcos 0.006  margin 0.75  STREAM-PARTIAL  reproduces its record True
  [  6/40]   50.6 min  gate_prev      D8_PREV_M  seed 260  lr 0.001 (Muon lr 0.005: gate W_in/W_h/W_g/W_prev throughout, other Muon weights x0.1 for updates 1-2400; Adam on embedding and conv 0.0001 for 1-2400, 0.001 after; + main's HINGE hinge)
          acc 0.363  trans  None  VALcos 0.000  margin 0.62  STREAM-PARTIAL  outcome MERGED (4 share)
  [  7/40]   52.2 min  gate_memory    A_HINGE_M  seed 242  lr 0.001 (Muon lr 0.005: gate W_in/W_h/W_g throughout, other Muon weights x0.1 for updates 1-2400; Adam on embedding and conv 0.0001 for 1-2400; + main's HINGE hinge)
          acc 1.000  trans  2400  VALcos 0.003  margin 0.99  DISCOVERED  reproduces its record True
  [  8/40]   52.4 min  gate_memory    A_HINGE_M  seed 243  lr 0.001 (Muon lr 0.005: gate W_in/W_h/W_g throughout, other Muon weights x0.1 for updates 1-2400; Adam on embedding and conv 0.0001 for 1-2400; + main's HINGE hinge)
          acc 0.754  trans  None  VALcos 0.003  margin 0.82  STREAM-PARTIAL  reproduces its record True
  [  9/40]   52.5 min  gate_memory    A_HINGE_M  seed 244  lr 0.001 (Muon lr 0.005: gate W_in/W_h/W_g throughout, other Muon weights x0.1 for updates 1-2400; Adam on embedding and conv 0.0001 for 1-2400; + main's HINGE hinge)
          acc 0.428  trans  None  VALcos 0.006  margin 0.49  STREAM-PARTIAL  reproduces its record True
  [ 10/40]   54.9 min  gate_memory    D8_HINGE_M seed 260  lr 0.001 (Muon lr 0.005: gate W_in/W_h/W_g throughout, other Muon weights x0.1 for updates 1-2400; Adam on embedding and conv 0.0001 for 1-2400; + main's HINGE hinge)
          acc 0.075  trans  None  VALcos 1.000  margin -0.00  OTHER  reproduces its record True
  [ 11/40]   56.3 min  gate_memory    D8_SLOW_M  seed 260  lr 0.001 (Muon lr 0.005: gate W_in/W_h/W_g throughout, other Muon weights x0.1 for updates 1-2400; Adam on embedding and conv 0.0001 for 1-2400)
          acc 0.088  trans  None  VALcos 1.000  margin -0.00  POSITION  reproduces its record True
  [ 12/40]   56.4 min  gate_memory    HINGE_D8_A seed 260  lr 0.001 (gate W_in/W_h/W_g 0.001 throughout; every other parameter 0.0001 for updates 1-2400; + main's HINGE hinge)
          acc 0.069  trans  None  VALcos 1.000  margin -0.00  OTHER  reproduces its record True
  [ 13/40]   56.7 min  gate_memory    D8_HINGE_M seed 261  lr 0.001 (Muon lr 0.005: gate W_in/W_h/W_g throughout, other Muon weights x0.1 for updates 1-2400; Adam on embedding and conv 0.0001 for 1-2400; + main's HINGE hinge)
          acc 0.098  trans  None  VALcos 1.000  margin -0.00  OTHER  reproduces its record True
  [ 14/40]   59.0 min  gate_memory    D8_SLOW_M  seed 261  lr 0.001 (Muon lr 0.005: gate W_in/W_h/W_g throughout, other Muon weights x0.1 for updates 1-2400; Adam on embedding and conv 0.0001 for 1-2400)
          acc 0.087  trans  None  VALcos 1.000  margin -0.00  OTHER  reproduces its record True
  [ 15/40]   60.3 min  gate_memory    HINGE_D8_A seed 261  lr 0.001 (gate W_in/W_h/W_g 0.001 throughout; every other parameter 0.0001 for updates 1-2400; + main's HINGE hinge)
          acc 0.062  trans  None  VALcos 0.998  margin 0.00  OTHER  reproduces its record True
  [ 16/40]   60.6 min  gate_memory    D8_HINGE_M seed 262  lr 0.001 (Muon lr 0.005: gate W_in/W_h/W_g throughout, other Muon weights x0.1 for updates 1-2400; Adam on embedding and conv 0.0001 for 1-2400; + main's HINGE hinge)
          acc 0.084  trans  None  VALcos 1.000  margin -0.00  OTHER  reproduces its record True
  [ 17/40]   60.8 min  gate_memory    D8_SLOW_M  seed 262  lr 0.001 (Muon lr 0.005: gate W_in/W_h/W_g throughout, other Muon weights x0.1 for updates 1-2400; Adam on embedding and conv 0.0001 for 1-2400)
          acc 0.091  trans  None  VALcos 1.000  margin 0.00  POSITION  reproduces its record True
  [ 18/40]   63.1 min  gate_memory    HINGE_D8_A seed 262  lr 0.001 (gate W_in/W_h/W_g 0.001 throughout; every other parameter 0.0001 for updates 1-2400; + main's HINGE hinge)
          acc 0.059  trans  None  VALcos 1.000  margin 0.00  OTHER  reproduces its record True
  [ 19/40]   64.5 min  gate_memory    D8_HINGE_M seed 263  lr 0.001 (Muon lr 0.005: gate W_in/W_h/W_g throughout, other Muon weights x0.1 for updates 1-2400; Adam on embedding and conv 0.0001 for 1-2400; + main's HINGE hinge)
          acc 0.174  trans  None  VALcos 0.000  margin 0.56  STREAM-PARTIAL  reproduces its record True
  [ 20/40]   64.7 min  gate_memory    D8_SLOW_M  seed 263  lr 0.001 (Muon lr 0.005: gate W_in/W_h/W_g throughout, other Muon weights x0.1 for updates 1-2400; Adam on embedding and conv 0.0001 for 1-2400)
          acc 0.099  trans  None  VALcos 1.000  margin -0.00  OTHER  reproduces its record True
  [ 21/40]   64.9 min  gate_memory    HINGE_D8_A seed 263  lr 0.001 (gate W_in/W_h/W_g 0.001 throughout; every other parameter 0.0001 for updates 1-2400; + main's HINGE hinge)
          acc 0.064  trans  None  VALcos 0.999  margin 0.00  OTHER  reproduces its record True
  [ 22/40]   67.3 min  gate_memory    D8_HINGE_M seed 264  lr 0.001 (Muon lr 0.005: gate W_in/W_h/W_g throughout, other Muon weights x0.1 for updates 1-2400; Adam on embedding and conv 0.0001 for 1-2400; + main's HINGE hinge)
          acc 0.105  trans  None  VALcos 1.000  margin 0.00  OTHER  reproduces its record True
  [ 23/40]   68.6 min  gate_memory    D8_SLOW_M  seed 264  lr 0.001 (Muon lr 0.005: gate W_in/W_h/W_g throughout, other Muon weights x0.1 for updates 1-2400; Adam on embedding and conv 0.0001 for 1-2400)
          acc 0.146  trans  None  VALcos 1.000  margin 0.16  OTHER  reproduces its record True
  [ 24/40]   68.8 min  gate_memory    HINGE_D8_A seed 264  lr 0.001 (gate W_in/W_h/W_g 0.001 throughout; every other parameter 0.0001 for updates 1-2400; + main's HINGE hinge)
          acc 0.069  trans  None  VALcos 0.998  margin 0.00  OTHER  reproduces its record True
#################### RESUME 2026-10-04 18:28:08 UTC — the previous segment was stopped by the session's background time limit; saved runs are reused, missing runs re-run (EXPLORATORY, not a result) ####################
====================================================================================================
EXPLORATORY, NOT A RESULT — batch 14: gate_memory (S39), gate_prev (S40)
  cpu Intel(R) Xeon(R) Processor @ 2.10GHz | torch 2.14.0+cu130 | git 01753bb+dirty | python 3.11.15 | torch threads 1
====================================================================================================
  recipe read in the child from main at 9c5939e: test_slow_start.LR 0.001, test_stream_recipe.LR 0.001, test_stream_curriculum.LR 0.001 (Adam groups; the branch's SUB_LR 0.001); WARM 2400, TAU 0.2, LAMBDA 1.0; Muon lr 0.005 (S33's validity choice {'a': 0.005, 'b': 0.005}); S40 28800 steps, S39 reruns to 2400; 1 torch thread per run
  lr read for gate_prev D8_PREV_M: 0.001 (Adam groups); Muon lr 0.005
  lr read for gate_prev D8_PREV_A: 0.001 (Adam groups)
  lr read for gate_memory D8_HINGE_M: 0.001 (Adam groups); Muon lr 0.005
  lr read for gate_memory D8_SLOW_M: 0.001 (Adam groups); Muon lr 0.005
  lr read for gate_memory HINGE_D8_A: 0.001 (Adam groups)
  lr read for gate_memory A_HINGE_M: 0.001 (Adam groups); Muon lr 0.005
  S40 readings (per arm, BOUND ROUTED at 28800): 'the look-back breaks the eight-stream stall' if >= 3/10; 'it does not' if 0/10; otherwise neither
  S39 labels (per configuration, median decodability of h at key positions): 'formed, then lost' if >= 0.5 at some evaluation up to 1200 and <= 0.25 at 2400; 'never formed' if < 0.25 at every evaluation; otherwise 'partial'
  repro_check: arm A seed 160, 2400 steps, lr 0.001: BIT-IDENTICAL to X (44s)
    here [[1200, 0.25732421875, 2.1073341369628906], [2400, 0.50244140625, 1.1376346349716187]]
    X    [[1200, 0.25732421875, 2.1073341369628906], [2400, 0.50244140625, 1.1376346349716187]]
  CHECKs skipped (repro check above still run): the screen code is unchanged — no file outside explore_out/ and explore_batch14.py differs from 0ce53bf, where the full CHECK suite passed (2026-10-04 16:33:23 UTC; its output is earlier in this log). git diff --stat 0ce53bf:
     explore_out/README.md                      |     2 +-
     explore_out/batch14.log                    |   119 +
     explore_out/batch14_checks.json            |     6 +
     explore_out/gate_memory_results.json       | 20006 ++++++++++++++++++++++
     explore_out/gate_prev_results.json         | 24718 +++++++++++++++++++++++++++
     explore_out/gate_prev_runtime_results.json |    20 +
     6 files changed, 44870 insertions(+), 1 deletion(-)
----------------------------------------------------------------------------------------------------
[EXPLORATORY, not a result] SCREEN gate_prev
  idea    GATE_PREV: the recurrent gate also reads the previous token's embedding (W_prev v_(t-1) in its pre-activation)
  source  batch 13's S38 (at S=8 the gate state does not carry the stream at key positions; the stream token is the token right before every key)
  change  pre-activation W_in v_t + W_prev v_(t-1) + W_h h_(t-1), v_(-1) = 0; W_prev ~ N(0, 0.1^2) from its own generator; W_prev in the gate group; nothing else
  arm D8_PREV_M    lr 0.001  iters 28800  seeds 260-269 (10)  — S33's D8_HINGE + GATE_PREV (Muon)
                   schedule: Muon lr 0.005: gate W_in/W_h/W_g/W_prev throughout, other Muon weights x0.1 for updates 1-2400; Adam on embedding and conv 0.0001 for 1-2400, 0.001 after; + main's HINGE hinge
  arm D8_PREV_A    lr 0.001  iters 28800  seeds 260-269 (10)  — X's HINGE_D8 + GATE_PREV (Adam)
                   schedule: gate W_in/W_h/W_g/W_prev 0.001 throughout; every other parameter 0.0001 for updates 1-2400, 0.001 after; + main's HINGE hinge
  pairing seeds 260-269: D8_PREV_M with S33's D8_HINGE, D8_PREV_A with X's HINGE_D8; every shared parameter's initial value and the batch stream are the paired run's
----------------------------------------------------------------------------------------------------
----------------------------------------------------------------------------------------------------
[EXPLORATORY, not a result] SCREEN gate_memory
  idea    descriptive: does the gate state form a one-token memory of the stream in updates 0-2400, and keep it?
  source  batch 13's S38 (S=8 h decodability at chance at 4800; HINGE_D8 262 at 0.81 at 1200, 0.13 at 2400); S33; X
  change  none to the runs (reruns to 2400); labelled decoders of h, the pre-tanh terms' norms, saturation, read-gate entropy and distinct channels at 11 updates
  arm D8_HINGE_M   lr 0.001  iters 2400  seeds 260-264 (5)  — rerun of S33's D8_HINGE (Muon, S=8, k=16) to 2400
                   schedule: Muon lr 0.005: gate W_in/W_h/W_g throughout, other Muon weights x0.1 for updates 1-2400; Adam on embedding and conv 0.0001 for 1-2400; + main's HINGE hinge
  arm D8_SLOW_M    lr 0.001  iters 2400  seeds 260-264 (5)  — rerun of S33's D8_SLOW (Muon, S=8, k=16, no hinge) to 2400
                   schedule: Muon lr 0.005: gate W_in/W_h/W_g throughout, other Muon weights x0.1 for updates 1-2400; Adam on embedding and conv 0.0001 for 1-2400
  arm HINGE_D8_A   lr 0.001  iters 2400  seeds 260-264 (5)  — rerun of X's HINGE_D8 (Adam, S=8, k=16) to 2400
                   schedule: gate W_in/W_h/W_g 0.001 throughout; every other parameter 0.0001 for updates 1-2400; + main's HINGE hinge
  arm A_HINGE_M    lr 0.001  iters 2400  seeds 240-244 (5)  — rerun of S33's A_HINGE (Muon, S=4, k=4) to 2400, a reference
                   schedule: Muon lr 0.005: gate W_in/W_h/W_g throughout, other Muon weights x0.1 for updates 1-2400; Adam on embedding and conv 0.0001 for 1-2400; + main's HINGE hinge
  pairing each rerun against its recorded run (the curve must reproduce through 2400)
----------------------------------------------------------------------------------------------------
  PROJECTION (worst case: every run to its iters; pool-load timing: the median interval between optimizer steps, one child per arm at once, two rounds of 4 (the slower of an arm's two timings), 1 thread each, this machine):
    gate_prev      D8_PREV_M   10 runs x  48.9 min  (28800 steps x 97.6 ms + 24 evals x 5.0 s + 4 probes x 0.8 s)
    gate_prev      D8_PREV_A   10 runs x  49.2 min  (28800 steps x 98.2 ms + 24 evals x 5.2 s + 4 probes x 0.8 s)
    gate_memory    D8_HINGE_M   5 runs x   3.8 min  (2400 steps x 85.5 ms + 2 evals x 6.0 s + 11 measurements x 0.9 s)
    gate_memory    D8_SLOW_M    5 runs x   3.7 min  (2400 steps x 84.4 ms + 2 evals x 5.8 s + 11 measurements x 0.9 s)
    gate_memory    HINGE_D8_A   5 runs x   3.8 min  (2400 steps x 86.1 ms + 2 evals x 5.0 s + 11 measurements x 0.9 s)
    gate_memory    A_HINGE_M    5 runs x   1.8 min  (2400 steps x 42.7 ms + 2 evals x 2.2 s + 11 measurements x 0.3 s)
    total 17.45 h of runs; makespan on 4 workers 4.37 h (worst case)
  RUNTIME RULE (stored 2026-10-04 16:34:48 UTC: makespan 4.20 h on 4 workers): no cut
  16 runs queued on 4 workers (1 torch thread each), submitted in this order: D8_PREV_A|262 D8_PREV_M|262 D8_PREV_A|263 D8_PREV_M|263 D8_PREV_A|264 D8_PREV_M|264 D8_PREV_A|265 D8_PREV_M|265 D8_PREV_A|266 D8_PREV_M|266 D8_PREV_A|267 D8_PREV_M|267 D8_PREV_A|268 D8_PREV_M|268 D8_PREV_A|269 D8_PREV_M|269
  [  1/16]   47.9 min  gate_prev      D8_PREV_A  seed 262  lr 0.001 (gate W_in/W_h/W_g/W_prev 0.001 throughout; every other parameter 0.0001 for updates 1-2400, 0.001 after; + main's HINGE hinge)
          acc 0.618  trans  None  VALcos 0.000  margin 0.60  STREAM-PARTIAL  outcome MERGED (3 share)
  [  2/16]   47.9 min  gate_prev      D8_PREV_A  seed 263  lr 0.001 (gate W_in/W_h/W_g/W_prev 0.001 throughout; every other parameter 0.0001 for updates 1-2400, 0.001 after; + main's HINGE hinge)
          acc 0.240  trans  None  VALcos 0.000  margin 0.24  OTHER  outcome non-stream OTHER
  [  3/16]   49.8 min  gate_prev      D8_PREV_M  seed 263  lr 0.001 (Muon lr 0.005: gate W_in/W_h/W_g/W_prev throughout, other Muon weights x0.1 for updates 1-2400; Adam on embedding and conv 0.0001 for 1-2400, 0.001 after; + main's HINGE hinge)
          acc 0.358  trans  None  VALcos 0.000  margin 0.39  STREAM-PARTIAL  outcome MERGED (4 share)
  [  4/16]   50.0 min  gate_prev      D8_PREV_M  seed 262  lr 0.001 (Muon lr 0.005: gate W_in/W_h/W_g/W_prev throughout, other Muon weights x0.1 for updates 1-2400; Adam on embedding and conv 0.0001 for 1-2400, 0.001 after; + main's HINGE hinge)
          acc 0.366  trans  None  VALcos 1.000  margin 0.70  STREAM-PARTIAL  outcome MERGED (3 share)
  [  5/16]   95.4 min  gate_prev      D8_PREV_A  seed 264  lr 0.001 (gate W_in/W_h/W_g/W_prev 0.001 throughout; every other parameter 0.0001 for updates 1-2400, 0.001 after; + main's HINGE hinge)
          acc 0.631  trans  None  VALcos 0.000  margin 0.52  STREAM-PARTIAL  outcome MERGED (2 share)
  [  6/16]   97.3 min  gate_prev      D8_PREV_A  seed 265  lr 0.001 (gate W_in/W_h/W_g/W_prev 0.001 throughout; every other parameter 0.0001 for updates 1-2400, 0.001 after; + main's HINGE hinge)
          acc 0.137  trans  None  VALcos 0.001  margin 0.17  OTHER  outcome non-stream OTHER
  [  7/16]   97.5 min  gate_prev      D8_PREV_M  seed 264  lr 0.001 (Muon lr 0.005: gate W_in/W_h/W_g/W_prev throughout, other Muon weights x0.1 for updates 1-2400; Adam on embedding and conv 0.0001 for 1-2400, 0.001 after; + main's HINGE hinge)
          acc 0.279  trans  None  VALcos 0.002  margin 0.74  STREAM-PARTIAL  outcome MERGED (3 share)
  [  8/16]  100.0 min  gate_prev      D8_PREV_M  seed 265  lr 0.001 (Muon lr 0.005: gate W_in/W_h/W_g/W_prev throughout, other Muon weights x0.1 for updates 1-2400; Adam on embedding and conv 0.0001 for 1-2400, 0.001 after; + main's HINGE hinge)
          acc 0.362  trans  None  VALcos 0.002  margin 0.56  STREAM-PARTIAL  outcome MERGED (4 share)
#################### RESUME 2026-10-04 20:28:16 UTC — the previous segment was stopped by the session's background time limit; saved runs are reused, missing runs re-run (EXPLORATORY, not a result) ####################
====================================================================================================
EXPLORATORY, NOT A RESULT — batch 14: gate_memory (S39), gate_prev (S40)
  cpu Intel(R) Xeon(R) Processor @ 2.10GHz | torch 2.14.0+cu130 | git d3621c3+dirty | python 3.11.15 | torch threads 1
====================================================================================================
  recipe read in the child from main at 9c5939e: test_slow_start.LR 0.001, test_stream_recipe.LR 0.001, test_stream_curriculum.LR 0.001 (Adam groups; the branch's SUB_LR 0.001); WARM 2400, TAU 0.2, LAMBDA 1.0; Muon lr 0.005 (S33's validity choice {'a': 0.005, 'b': 0.005}); S40 28800 steps, S39 reruns to 2400; 1 torch thread per run
  lr read for gate_prev D8_PREV_M: 0.001 (Adam groups); Muon lr 0.005
  lr read for gate_prev D8_PREV_A: 0.001 (Adam groups)
  lr read for gate_memory D8_HINGE_M: 0.001 (Adam groups); Muon lr 0.005
  lr read for gate_memory D8_SLOW_M: 0.001 (Adam groups); Muon lr 0.005
  lr read for gate_memory HINGE_D8_A: 0.001 (Adam groups)
  lr read for gate_memory A_HINGE_M: 0.001 (Adam groups); Muon lr 0.005
  S40 readings (per arm, BOUND ROUTED at 28800): 'the look-back breaks the eight-stream stall' if >= 3/10; 'it does not' if 0/10; otherwise neither
  S39 labels (per configuration, median decodability of h at key positions): 'formed, then lost' if >= 0.5 at some evaluation up to 1200 and <= 0.25 at 2400; 'never formed' if < 0.25 at every evaluation; otherwise 'partial'
  repro_check: arm A seed 160, 2400 steps, lr 0.001: BIT-IDENTICAL to X (45s)
    here [[1200, 0.25732421875, 2.1073341369628906], [2400, 0.50244140625, 1.1376346349716187]]
    X    [[1200, 0.25732421875, 2.1073341369628906], [2400, 0.50244140625, 1.1376346349716187]]
  CHECKs skipped (repro check above still run): the screen code is unchanged — no file outside explore_out/ and explore_batch14.py differs from 0ce53bf, where the full CHECK suite passed (2026-10-04 16:33:23 UTC; its output is earlier in this log). git diff --stat 0ce53bf:
     explore_out/README.md                      |     2 +-
     explore_out/batch14.log                    |   196 +
     explore_out/batch14_checks.json            |     6 +
     explore_out/gate_memory_results.json       | 20006 ++++++++
     explore_out/gate_prev_results.json         | 74030 +++++++++++++++++++++++++++
     explore_out/gate_prev_runtime_results.json |    20 +
     6 files changed, 94259 insertions(+), 1 deletion(-)
----------------------------------------------------------------------------------------------------
[EXPLORATORY, not a result] SCREEN gate_prev
  idea    GATE_PREV: the recurrent gate also reads the previous token's embedding (W_prev v_(t-1) in its pre-activation)
  source  batch 13's S38 (at S=8 the gate state does not carry the stream at key positions; the stream token is the token right before every key)
  change  pre-activation W_in v_t + W_prev v_(t-1) + W_h h_(t-1), v_(-1) = 0; W_prev ~ N(0, 0.1^2) from its own generator; W_prev in the gate group; nothing else
  arm D8_PREV_M    lr 0.001  iters 28800  seeds 260-269 (10)  — S33's D8_HINGE + GATE_PREV (Muon)
                   schedule: Muon lr 0.005: gate W_in/W_h/W_g/W_prev throughout, other Muon weights x0.1 for updates 1-2400; Adam on embedding and conv 0.0001 for 1-2400, 0.001 after; + main's HINGE hinge
  arm D8_PREV_A    lr 0.001  iters 28800  seeds 260-269 (10)  — X's HINGE_D8 + GATE_PREV (Adam)
                   schedule: gate W_in/W_h/W_g/W_prev 0.001 throughout; every other parameter 0.0001 for updates 1-2400, 0.001 after; + main's HINGE hinge
  pairing seeds 260-269: D8_PREV_M with S33's D8_HINGE, D8_PREV_A with X's HINGE_D8; every shared parameter's initial value and the batch stream are the paired run's
----------------------------------------------------------------------------------------------------
----------------------------------------------------------------------------------------------------
[EXPLORATORY, not a result] SCREEN gate_memory
  idea    descriptive: does the gate state form a one-token memory of the stream in updates 0-2400, and keep it?
  source  batch 13's S38 (S=8 h decodability at chance at 4800; HINGE_D8 262 at 0.81 at 1200, 0.13 at 2400); S33; X
  change  none to the runs (reruns to 2400); labelled decoders of h, the pre-tanh terms' norms, saturation, read-gate entropy and distinct channels at 11 updates
  arm D8_HINGE_M   lr 0.001  iters 2400  seeds 260-264 (5)  — rerun of S33's D8_HINGE (Muon, S=8, k=16) to 2400
                   schedule: Muon lr 0.005: gate W_in/W_h/W_g throughout, other Muon weights x0.1 for updates 1-2400; Adam on embedding and conv 0.0001 for 1-2400; + main's HINGE hinge
  arm D8_SLOW_M    lr 0.001  iters 2400  seeds 260-264 (5)  — rerun of S33's D8_SLOW (Muon, S=8, k=16, no hinge) to 2400
                   schedule: Muon lr 0.005: gate W_in/W_h/W_g throughout, other Muon weights x0.1 for updates 1-2400; Adam on embedding and conv 0.0001 for 1-2400
  arm HINGE_D8_A   lr 0.001  iters 2400  seeds 260-264 (5)  — rerun of X's HINGE_D8 (Adam, S=8, k=16) to 2400
                   schedule: gate W_in/W_h/W_g 0.001 throughout; every other parameter 0.0001 for updates 1-2400; + main's HINGE hinge
  arm A_HINGE_M    lr 0.001  iters 2400  seeds 240-244 (5)  — rerun of S33's A_HINGE (Muon, S=4, k=4) to 2400, a reference
                   schedule: Muon lr 0.005: gate W_in/W_h/W_g throughout, other Muon weights x0.1 for updates 1-2400; Adam on embedding and conv 0.0001 for 1-2400; + main's HINGE hinge
  pairing each rerun against its recorded run (the curve must reproduce through 2400)
----------------------------------------------------------------------------------------------------
  PROJECTION (worst case: every run to its iters; pool-load timing: the median interval between optimizer steps, one child per arm at once, two rounds of 4 (the slower of an arm's two timings), 1 thread each, this machine):
    gate_prev      D8_PREV_M   10 runs x  48.7 min  (28800 steps x 96.9 ms + 24 evals x 5.3 s + 4 probes x 0.9 s)
    gate_prev      D8_PREV_A   10 runs x  46.8 min  (28800 steps x 91.4 ms + 24 evals x 7.3 s + 4 probes x 0.8 s)
    gate_memory    D8_HINGE_M   5 runs x   3.9 min  (2400 steps x 88.4 ms + 2 evals x 5.6 s + 11 measurements x 0.9 s)
    gate_memory    D8_SLOW_M    5 runs x   3.7 min  (2400 steps x 84.1 ms + 2 evals x 5.4 s + 11 measurements x 1.0 s)
    gate_memory    HINGE_D8_A   5 runs x   3.6 min  (2400 steps x 82.4 ms + 2 evals x 4.9 s + 11 measurements x 0.8 s)
    gate_memory    A_HINGE_M    5 runs x   1.8 min  (2400 steps x 41.3 ms + 2 evals x 2.1 s + 11 measurements x 0.3 s)
    total 17.00 h of runs; makespan on 4 workers 4.27 h (worst case)
  RUNTIME RULE (stored 2026-10-04 16:34:48 UTC: makespan 4.20 h on 4 workers): no cut
  8 runs queued on 4 workers (1 torch thread each), submitted in this order: D8_PREV_A|266 D8_PREV_M|266 D8_PREV_A|267 D8_PREV_M|267 D8_PREV_A|268 D8_PREV_M|268 D8_PREV_A|269 D8_PREV_M|269
  [  1/8]   46.7 min  gate_prev      D8_PREV_A  seed 267  lr 0.001 (gate W_in/W_h/W_g/W_prev 0.001 throughout; every other parameter 0.0001 for updates 1-2400, 0.001 after; + main's HINGE hinge)
          acc 0.142  trans  None  VALcos 0.002  margin 0.51  STREAM-PARTIAL  outcome MERGED (4 share)
  [  2/8]   46.9 min  gate_prev      D8_PREV_A  seed 266  lr 0.001 (gate W_in/W_h/W_g/W_prev 0.001 throughout; every other parameter 0.0001 for updates 1-2400, 0.001 after; + main's HINGE hinge)
          acc 0.078  trans  None  VALcos 0.998  margin -0.00  OTHER  outcome non-stream OTHER
  [  3/8]   48.6 min  gate_prev      D8_PREV_M  seed 267  lr 0.001 (Muon lr 0.005: gate W_in/W_h/W_g/W_prev throughout, other Muon weights x0.1 for updates 1-2400; Adam on embedding and conv 0.0001 for 1-2400, 0.001 after; + main's HINGE hinge)
          acc 0.211  trans  None  VALcos 1.000  margin 0.20  OTHER  outcome non-stream OTHER
  [  4/8]   49.0 min  gate_prev      D8_PREV_M  seed 266  lr 0.001 (Muon lr 0.005: gate W_in/W_h/W_g/W_prev throughout, other Muon weights x0.1 for updates 1-2400; Adam on embedding and conv 0.0001 for 1-2400, 0.001 after; + main's HINGE hinge)
          acc 0.385  trans  None  VALcos 0.000  margin 0.29  STREAM-PARTIAL  outcome MERGED (3 share)
  [  5/8]   93.2 min  gate_prev      D8_PREV_A  seed 268  lr 0.001 (gate W_in/W_h/W_g/W_prev 0.001 throughout; every other parameter 0.0001 for updates 1-2400, 0.001 after; + main's HINGE hinge)
          acc 0.152  trans  None  VALcos 0.000  margin 0.42  STREAM-PARTIAL  outcome MERGED (6 share)
  [  6/8]   95.2 min  gate_prev      D8_PREV_A  seed 269  lr 0.001 (gate W_in/W_h/W_g/W_prev 0.001 throughout; every other parameter 0.0001 for updates 1-2400, 0.001 after; + main's HINGE hinge)
          acc 0.472  trans  None  VALcos 0.001  margin 0.66  STREAM-PARTIAL  outcome MERGED (4 share)
  [  7/8]   95.2 min  gate_prev      D8_PREV_M  seed 268  lr 0.001 (Muon lr 0.005: gate W_in/W_h/W_g/W_prev throughout, other Muon weights x0.1 for updates 1-2400; Adam on embedding and conv 0.0001 for 1-2400, 0.001 after; + main's HINGE hinge)
          acc 0.372  trans  None  VALcos 0.000  margin 0.35  STREAM-PARTIAL  outcome MERGED (4 share)
  [  8/8]   97.5 min  gate_prev      D8_PREV_M  seed 269  lr 0.001 (Muon lr 0.005: gate W_in/W_h/W_g/W_prev throughout, other Muon weights x0.1 for updates 1-2400; Adam on embedding and conv 0.0001 for 1-2400, 0.001 after; + main's HINGE hinge)
          acc 0.494  trans  None  VALcos 0.000  margin 0.83  STREAM-PARTIAL  outcome MERGED (3 share)
  batch wall clock 97.5 min (this segment)
####################################################################################################
REPORTS — EXPLORATORY, not a result
####################################################################################################
----------------------------------------------------------------------------------------------------
[EXPLORATORY, not a result] SCREEN gate_prev
  idea    GATE_PREV: the recurrent gate also reads the previous token's embedding (W_prev v_(t-1) in its pre-activation)
  source  batch 13's S38 (at S=8 the gate state does not carry the stream at key positions; the stream token is the token right before every key)
  change  pre-activation W_in v_t + W_prev v_(t-1) + W_h h_(t-1), v_(-1) = 0; W_prev ~ N(0, 0.1^2) from its own generator; W_prev in the gate group; nothing else
  arm D8_PREV_M    lr 0.001  iters 28800  seeds 260-269 (10)  — S33's D8_HINGE + GATE_PREV (Muon)
                   schedule: Muon lr 0.005: gate W_in/W_h/W_g/W_prev throughout, other Muon weights x0.1 for updates 1-2400; Adam on embedding and conv 0.0001 for 1-2400, 0.001 after; + main's HINGE hinge
  arm D8_PREV_A    lr 0.001  iters 28800  seeds 260-269 (10)  — X's HINGE_D8 + GATE_PREV (Adam)
                   schedule: gate W_in/W_h/W_g/W_prev 0.001 throughout; every other parameter 0.0001 for updates 1-2400, 0.001 after; + main's HINGE hinge
  pairing seeds 260-269: D8_PREV_M with S33's D8_HINGE, D8_PREV_A with X's HINGE_D8; every shared parameter's initial value and the batch stream are the paired run's
----------------------------------------------------------------------------------------------------
  ARM D8_PREV_M (S33's D8_HINGE + GATE_PREV (Muon)), seeds 260-269 (10); paired with S33 D8_HINGE
    seed | D8_PREV_M                trans  stop ch@4800 ch@9600  ch@end  hinge fired/batches at end | S33 D8_HINGE            
     260 | MERGED (4 share)          None 28800     4+4   4+2+2   4+2+2                    43/28800 | non-stream OTHER        
     261 | MERGED (3 share)          None 28800 3+2+2+1 3+2+2+1 3+2+2+1                     1/28800 | MERGED (6 share)        
     262 | MERGED (3 share)          None 28800   3+3+2   3+3+2   3+3+2                     8/28800 | non-stream OTHER        
     263 | MERGED (4 share)          None 28800   4+2+2   4+2+2   4+2+2                     5/28800 | MERGED (4 share)        
     264 | MERGED (3 share)          None 28800       8   3+3+2   3+3+2                    75/28800 | non-stream OTHER        
     265 | MERGED (4 share)          None 28800   4+2+2   4+2+2   4+2+2                     0/28800 | non-stream OTHER        
     266 | MERGED (3 share)          None 28800   3+3+2   3+3+2   3+3+2                     4/28800 | MERGED (5 share)        
     267 | non-stream OTHER          None 28800       8     5+3     5+3                    23/28800 | non-stream OTHER        
     268 | MERGED (4 share)          None 28800   4+3+1   4+3+1   4+3+1                     1/28800 | non-stream OTHER        
     269 | MERGED (3 share)          None 28800 3+2+2+1 3+2+2+1 3+2+2+1                     4/28800 | non-stream OTHER        
    BOUND ROUTED  D8_PREV_M 0/10  S33_D8_HINGE 0/10  D8_PREV_M only 0, S33_D8_HINGE only 0, McNemar two-sided p = 1 (printed)
    failure classes at the end: D8_PREV_M {'MERGED (4 share)': 4, 'MERGED (3 share)': 5, 'non-stream OTHER': 1}; S33 D8_HINGE {'non-stream OTHER': 7, 'MERGED (6 share)': 1, 'MERGED (4 share)': 1, 'MERGED (5 share)': 1}
    distinct channels holding the 8 streams (routing_k's map; streams per channel), per seed:
      at  4800: 260:2 (4+4)  261:4 (3+2+2+1)  262:3 (3+3+2)  263:3 (4+2+2)  264:1 (8)  265:3 (4+2+2)  266:3 (3+3+2)  267:1 (8)  268:3 (4+3+1)  269:4 (3+2+2+1)
      at  9600: 260:3 (4+2+2)  261:4 (3+2+2+1)  262:3 (3+3+2)  263:3 (4+2+2)  264:3 (3+3+2)  265:3 (4+2+2)  266:3 (3+3+2)  267:2 (5+3)  268:3 (4+3+1)  269:4 (3+2+2+1)
      at   end: 260:3 (4+2+2)  261:4 (3+2+2+1)  262:3 (3+3+2)  263:3 (4+2+2)  264:3 (3+3+2)  265:3 (4+2+2)  266:3 (3+3+2)  267:2 (5+3)  268:3 (4+3+1)  269:4 (3+2+2+1)
    the hinge's firings (cumulative training batches with a term > 0 / training batches) at 2400, 4800, 9600, end:
      260: 13/2400, 34/4800, 43/9600, 43/28800  261: 1/2400, 1/4800, 1/9600, 1/28800  262: 8/2400, 8/4800, 8/9600, 8/28800  263: 5/2400, 5/4800, 5/9600, 5/28800  264: 19/2400, 39/4800, 75/9600, 75/28800  265: 0/2400, 0/4800, 0/9600, 0/28800  266: 4/2400, 4/4800, 4/9600, 4/28800  267: 10/2400, 21/4800, 22/9600, 23/28800  268: 1/2400, 1/4800, 1/9600, 1/28800  269: 4/2400, 4/4800, 4/9600, 4/28800
    S38's decodability of the stream from h (with the W_prev term), at key (stream-token) positions [and from the gate input W_in v_t + W_prev v_(t-1) at key positions, printed]; chance 0.125:
    seed |  1200: key  (str)  [inp] |  2400: key  (str)  [inp] |  4800: key  (str)  [inp] |  9600: key  (str)  [inp]
     260 |         0.18 ( 0.16) [ 0.97] |         0.17 ( 0.16) [ 0.94] |         0.16 ( 0.17) [ 1.00] |         0.58 ( 0.50) [ 1.00]
     261 |         0.50 ( 0.41) [ 0.94] |         0.83 ( 0.77) [ 1.00] |         0.64 ( 0.55) [ 1.00] |         0.67 ( 0.63) [ 1.00]
     262 |         0.24 ( 0.17) [ 1.00] |         0.49 ( 0.31) [ 1.00] |         0.71 ( 0.57) [ 1.00] |         0.52 ( 0.45) [ 1.00]
     263 |         0.30 ( 0.21) [ 0.91] |         0.76 ( 0.62) [ 1.00] |         0.61 ( 0.59) [ 1.00] |         0.51 ( 0.43) [ 1.00]
     264 |         0.17 ( 0.15) [ 1.00] |         0.14 ( 0.15) [ 1.00] |         0.14 ( 0.15) [ 1.00] |         0.37 ( 0.29) [ 1.00]
     265 |         0.70 ( 0.28) [ 0.88] |         0.75 ( 0.53) [ 1.00] |         0.68 ( 0.59) [ 1.00] |         0.54 ( 0.43) [ 0.97]
     266 |         0.23 ( 0.20) [ 1.00] |         0.36 ( 0.26) [ 1.00] |         0.71 ( 0.68) [ 1.00] |         0.57 ( 0.55) [ 1.00]
     267 |         0.15 ( 0.14) [ 0.97] |         0.14 ( 0.13) [ 1.00] |         0.19 ( 0.16) [ 1.00] |         0.25 ( 0.22) [ 1.00]
     268 |         0.75 ( 0.37) [ 0.97] |         0.57 ( 0.57) [ 1.00] |         0.83 ( 0.69) [ 1.00] |         0.58 ( 0.48) [ 1.00]
     269 |         0.78 ( 0.49) [ 1.00] |         0.80 ( 0.79) [ 1.00] |         0.64 ( 0.57) [ 1.00] |         0.66 ( 0.59) [ 1.00]
    medians: 1200: key 0.27, stream-token 0.20, [gate input at key 0.97] (10 runs); 2400: key 0.53, stream-token 0.42, [gate input at key 1.00] (10 runs); 4800: key 0.64, stream-token 0.57, [gate input at key 1.00] (10 runs); 9600: key 0.56, stream-token 0.46, [gate input at key 1.00] (10 runs)
  READING S40 D8_PREV_M: it does not (BOUND ROUTED 0/10; >= 3 breaks, 0 does not)
  ARM D8_PREV_A (X's HINGE_D8 + GATE_PREV (Adam)), seeds 260-269 (10); paired with X HINGE_D8
    seed | D8_PREV_A                trans  stop ch@4800 ch@9600  ch@end  hinge fired/batches at end | X HINGE_D8              
     260 | MERGED (3 share)          None 28800       8   3+3+2   3+3+2                    51/28800 | non-stream OTHER        
     261 | MERGED (4 share)          None 28800   5+2+1     5+3   4+3+1                     2/28800 | non-stream OTHER        
     262 | MERGED (3 share)          None 28800   4+3+1   5+2+1 3+2+1+1+1                     2/28800 | MERGED (4 share)        
     263 | non-stream OTHER          None 28800   3+3+2     4+4     4+4                     1/28800 | non-stream OTHER        
     264 | MERGED (2 share)          None 28800     4+4     4+4 2+2+2+1+1                     4/28800 | non-stream OTHER        
     265 | non-stream OTHER          None 28800     5+3       8     4+4                   103/28800 | MERGED (4 share)        
     266 | non-stream OTHER          None 28800     4+4       8       8                   102/28800 | non-stream OTHER        
     267 | MERGED (4 share)          None 28800   6+1+1       8     4+4                     7/28800 | MERGED (6 share)        
     268 | MERGED (6 share)          None 28800       8       8     6+2                    33/28800 | non-stream OTHER        
     269 | MERGED (4 share)          None 28800       8   6+1+1 4+2+1+1                     2/28800 | MERGED (3 share)        
    BOUND ROUTED  D8_PREV_A 0/10  X_HINGE_D8 0/10  D8_PREV_A only 0, X_HINGE_D8 only 0, McNemar two-sided p = 1 (printed)
    failure classes at the end: D8_PREV_A {'MERGED (3 share)': 2, 'MERGED (4 share)': 3, 'non-stream OTHER': 3, 'MERGED (2 share)': 1, 'MERGED (6 share)': 1}; X HINGE_D8 {'non-stream OTHER': 6, 'MERGED (4 share)': 2, 'MERGED (6 share)': 1, 'MERGED (3 share)': 1}
    distinct channels holding the 8 streams (routing_k's map; streams per channel), per seed:
      at  4800: 260:1 (8)  261:3 (5+2+1)  262:3 (4+3+1)  263:3 (3+3+2)  264:2 (4+4)  265:2 (5+3)  266:2 (4+4)  267:3 (6+1+1)  268:1 (8)  269:1 (8)
      at  9600: 260:3 (3+3+2)  261:2 (5+3)  262:3 (5+2+1)  263:2 (4+4)  264:2 (4+4)  265:1 (8)  266:1 (8)  267:1 (8)  268:1 (8)  269:3 (6+1+1)
      at   end: 260:3 (3+3+2)  261:3 (4+3+1)  262:5 (3+2+1+1+1)  263:2 (4+4)  264:5 (2+2+2+1+1)  265:2 (4+4)  266:1 (8)  267:2 (4+4)  268:2 (6+2)  269:4 (4+2+1+1)
    the hinge's firings (cumulative training batches with a term > 0 / training batches) at 2400, 4800, 9600, end:
      260: 6/2400, 20/4800, 51/9600, 51/28800  261: 1/2400, 1/4800, 2/9600, 2/28800  262: 1/2400, 1/4800, 2/9600, 2/28800  263: 1/2400, 1/4800, 1/9600, 1/28800  264: 4/2400, 4/4800, 4/9600, 4/28800  265: 10/2400, 20/4800, 68/9600, 103/28800  266: 9/2400, 13/4800, 39/9600, 102/28800  267: 1/2400, 1/4800, 2/9600, 7/28800  268: 6/2400, 14/4800, 25/9600, 33/28800  269: 1/2400, 1/4800, 2/9600, 2/28800
    S38's decodability of the stream from h (with the W_prev term), at key (stream-token) positions [and from the gate input W_in v_t + W_prev v_(t-1) at key positions, printed]; chance 0.125:
    seed |  1200: key  (str)  [inp] |  2400: key  (str)  [inp] |  4800: key  (str)  [inp] |  9600: key  (str)  [inp]
     260 |         0.58 ( 0.53) [ 0.44] |         0.15 ( 0.14) [ 0.50] |         0.19 ( 0.16) [ 0.47] |         0.50 ( 0.41) [ 0.84]
     261 |         0.48 ( 0.39) [ 0.81] |         0.46 ( 0.37) [ 0.81] |         0.53 ( 0.42) [ 0.78] |         0.59 ( 0.42) [ 1.00]
     262 |         0.87 ( 0.91) [ 1.00] |         0.89 ( 0.92) [ 0.97] |         0.89 ( 0.88) [ 1.00] |         0.63 ( 0.40) [ 1.00]
     263 |         0.84 ( 0.93) [ 0.69] |         0.87 ( 0.94) [ 0.69] |         0.92 ( 0.94) [ 0.94] |         0.69 ( 0.50) [ 1.00]
     264 |         0.18 ( 0.17) [ 0.81] |         0.23 ( 0.19) [ 0.84] |         0.40 ( 0.28) [ 1.00] |         0.56 ( 0.47) [ 0.91]
     265 |         0.37 ( 0.29) [ 0.12] |         0.14 ( 0.15) [ 0.22] |         0.15 ( 0.15) [ 0.53] |         0.13 ( 0.19) [ 0.38]
     266 |         0.14 ( 0.14) [ 1.00] |         0.14 ( 0.14) [ 1.00] |         0.15 ( 0.14) [ 0.62] |         0.14 ( 0.13) [ 1.00]
     267 |         0.98 ( 0.93) [ 1.00] |         0.98 ( 0.93) [ 1.00] |         0.95 ( 0.77) [ 1.00] |         0.20 ( 0.19) [ 0.81]
     268 |         0.57 ( 0.51) [ 0.59] |         0.13 ( 0.13) [ 0.56] |         0.14 ( 0.15) [ 0.62] |         0.18 ( 0.14) [ 0.88]
     269 |         0.78 ( 0.63) [ 0.62] |         0.75 ( 0.60) [ 0.62] |         0.14 ( 0.31) [ 1.00] |         0.62 ( 0.57) [ 0.97]
    medians: 1200: key 0.57, stream-token 0.52, [gate input at key 0.75] (10 runs); 2400: key 0.34, stream-token 0.28, [gate input at key 0.75] (10 runs); 4800: key 0.29, stream-token 0.29, [gate input at key 0.86] (10 runs); 9600: key 0.53, stream-token 0.40, [gate input at key 0.94] (10 runs)
  READING S40 D8_PREV_A: it does not (BOUND ROUTED 0/10; >= 3 breaks, 0 does not)
  READING gate_prev D8_PREV_M: it does not (BOUND ROUTED 0/10; >= 3 breaks, 0 does not)  [EXPLORATORY, not a result]
  READING gate_prev D8_PREV_A: it does not (BOUND ROUTED 0/10; >= 3 breaks, 0 does not)  [EXPLORATORY, not a result]

----------------------------------------------------------------------------------------------------
[EXPLORATORY, not a result] SCREEN gate_memory
  idea    descriptive: does the gate state form a one-token memory of the stream in updates 0-2400, and keep it?
  source  batch 13's S38 (S=8 h decodability at chance at 4800; HINGE_D8 262 at 0.81 at 1200, 0.13 at 2400); S33; X
  change  none to the runs (reruns to 2400); labelled decoders of h, the pre-tanh terms' norms, saturation, read-gate entropy and distinct channels at 11 updates
  arm D8_HINGE_M   lr 0.001  iters 2400  seeds 260-264 (5)  — rerun of S33's D8_HINGE (Muon, S=8, k=16) to 2400
                   schedule: Muon lr 0.005: gate W_in/W_h/W_g throughout, other Muon weights x0.1 for updates 1-2400; Adam on embedding and conv 0.0001 for 1-2400; + main's HINGE hinge
  arm D8_SLOW_M    lr 0.001  iters 2400  seeds 260-264 (5)  — rerun of S33's D8_SLOW (Muon, S=8, k=16, no hinge) to 2400
                   schedule: Muon lr 0.005: gate W_in/W_h/W_g throughout, other Muon weights x0.1 for updates 1-2400; Adam on embedding and conv 0.0001 for 1-2400
  arm HINGE_D8_A   lr 0.001  iters 2400  seeds 260-264 (5)  — rerun of X's HINGE_D8 (Adam, S=8, k=16) to 2400
                   schedule: gate W_in/W_h/W_g 0.001 throughout; every other parameter 0.0001 for updates 1-2400; + main's HINGE hinge
  arm A_HINGE_M    lr 0.001  iters 2400  seeds 240-244 (5)  — rerun of S33's A_HINGE (Muon, S=4, k=4) to 2400, a reference
                   schedule: Muon lr 0.005: gate W_in/W_h/W_g throughout, other Muon weights x0.1 for updates 1-2400; Adam on embedding and conv 0.0001 for 1-2400; + main's HINGE hinge
  pairing each rerun against its recorded run (the curve must reproduce through 2400)
----------------------------------------------------------------------------------------------------
  CONFIG D8_HINGE_M (rerun of S33's D8_HINGE (Muon, S=8, k=16) to 2400); chance 0.125; reruns reproduce their records through 2400: 5/5
    per seed, decodability of h at key positions (stream-token positions) by update:
    seed |           0          50         100         200         300         400         600         800        1200        1600        2400
     260 | 0.82 (1.00) 0.76 (1.00) 0.80 (1.00) 0.70 (0.99) 0.55 (0.85) 0.60 (0.90) 0.16 (0.17) 0.15 (0.16) 0.13 (0.17) 0.14 (0.14) 0.13 (0.13)
     261 | 0.91 (1.00) 0.86 (1.00) 0.81 (1.00) 0.74 (0.98) 0.66 (0.89) 0.50 (0.63) 0.18 (0.19) 0.17 (0.18) 0.17 (0.18) 0.15 (0.16) 0.14 (0.16)
     262 | 0.87 (1.00) 0.93 (1.00) 0.94 (1.00) 0.70 (0.93) 0.30 (0.38) 0.20 (0.20) 0.19 (0.26) 0.16 (0.21) 0.15 (0.17) 0.14 (0.16) 0.13 (0.14)
     263 | 0.96 (1.00) 0.81 (1.00) 0.78 (1.00) 0.54 (0.98) 0.48 (0.86) 0.39 (0.62) 0.50 (0.68) 0.54 (0.68) 0.49 (0.63) 0.73 (0.47) 0.48 (0.46)
     264 | 0.96 (1.00) 0.95 (1.00) 0.88 (1.00) 0.69 (0.99) 0.55 (0.92) 0.22 (0.30) 0.18 (0.20) 0.14 (0.15) 0.13 (0.14) 0.13 (0.15) 0.13 (0.13)
    per seed, distinct channels holding the streams (value-position map) by update:
     260 |    5    3    4    3    3    1    1    1    1    2    1   map at 2400: [9, 9, 9, 9, 9, 9, 9, 9]
     261 |    3    2    2    3    5    1    1    2    2    1    1   map at 2400: [0, 0, 0, 0, 0, 0, 0, 0]
     262 |    5    5    3    2    3    1    2    2    3    1    2   map at 2400: [13, 13, 13, 13, 2, 13, 13, 13]
     263 |    4    2    2    1    1    5    3    2    2    2    3   map at 2400: [15, 5, 4, 4, 4, 15, 15, 5]
     264 |    1    2    2    3    2    1    2    2    2    1    2   map at 2400: [12, 1, 1, 1, 1, 1, 12, 1]
    medians over the seeds (norms: median over positions and sequences; sat = fraction of h units with |h| > 0.95; H(gr) in nats, log k = 2.773):
    update  n | dec h@stream   dec h@key |Win v|@str  |Wh h|@str |Win v|@key  |Wh h|@key     sat@key    sat body   H(gr)@key    distinct
         0  5 |       1.000       0.906       0.061       0.040       0.060       0.041       0.000       0.000       2.773           4
        50  5 |       1.000       0.862       0.062       0.046       0.062       0.045       0.000       0.000       2.773           2
       100  5 |       1.000       0.806       0.064       0.057       0.065       0.056       0.000       0.000       2.773           2
       200  5 |       0.984       0.700       0.064       0.073       0.067       0.075       0.000       0.000       2.772           3
       300  5 |       0.861       0.550       0.070       0.136       0.077       0.131       0.000       0.000       2.772           3
       400  5 |       0.620       0.389       0.089       0.188       0.097       0.195       0.000       0.000       2.770           1
       600  5 |       0.201       0.181       0.104       1.904       0.108       1.910       0.000       0.000       2.711           2
       800  5 |       0.184       0.162       0.119       2.958       0.127       2.958       0.008       0.008       2.582           2
      1200  5 |       0.171       0.155       0.142       3.984       0.150       4.020       0.034       0.034       2.598           2
      1600  5 |       0.158       0.145       0.145       5.811       0.150       5.808       0.058       0.058       2.599           1
      2400  5 |       0.143       0.133       0.156       6.919       0.127       6.928       0.136       0.136       2.704           2
  LABEL S39 D8_HINGE_M: formed, then lost (median dec h@key: max up to 1200 0.906, at 2400 0.133, max overall 0.906; formed = >= 0.5 by 1200, lost = <= 0.25 at 2400, never = < 0.25 throughout)
  CONFIG D8_SLOW_M (rerun of S33's D8_SLOW (Muon, S=8, k=16, no hinge) to 2400); chance 0.125; reruns reproduce their records through 2400: 5/5
    per seed, decodability of h at key positions (stream-token positions) by update:
    seed |           0          50         100         200         300         400         600         800        1200        1600        2400
     260 | 0.82 (1.00) 0.76 (1.00) 0.80 (1.00) 0.70 (0.99) 0.55 (0.85) 0.60 (0.90) 0.31 (0.54) 0.27 (0.46) 0.23 (0.44) 0.23 (0.23) 0.14 (0.13)
     261 | 0.91 (1.00) 0.86 (1.00) 0.81 (1.00) 0.74 (0.98) 0.66 (0.89) 0.50 (0.63) 0.26 (0.32) 0.25 (0.34) 0.15 (0.19) 0.13 (0.14) 0.14 (0.14)
     262 | 0.87 (1.00) 0.93 (1.00) 0.94 (1.00) 0.70 (0.93) 0.59 (0.84) 0.39 (0.60) 0.25 (0.29) 0.23 (0.27) 0.13 (0.24) 0.15 (0.24) 0.13 (0.23)
     263 | 0.96 (1.00) 0.81 (1.00) 0.78 (1.00) 0.54 (0.98) 0.40 (0.75) 0.56 (0.90) 0.32 (0.39) 0.13 (0.38) 0.13 (0.13) 0.13 (0.13) 0.13 (0.13)
     264 | 0.96 (1.00) 0.95 (1.00) 0.88 (1.00) 0.69 (0.99) 0.52 (0.91) 0.51 (0.82) 0.13 (0.14) 0.21 (0.23) 0.66 (0.78) 0.56 (0.48) 0.70 (0.65)
    per seed, distinct channels holding the streams (value-position map) by update:
     260 |    5    3    4    3    3    1    1    1    1    1    1   map at 2400: [9, 9, 9, 9, 9, 9, 9, 9]
     261 |    3    2    2    3    5    1    1    1    1    1    1   map at 2400: [6, 6, 6, 6, 6, 6, 6, 6]
     262 |    5    5    3    2    3    3    1    1    1    1    1   map at 2400: [11, 11, 11, 11, 11, 11, 11, 11]
     263 |    4    2    2    1    1    1    1    1    1    1    1   map at 2400: [10, 10, 10, 10, 10, 10, 10, 10]
     264 |    1    2    2    3    1    1    1    2    2    2    3   map at 2400: [7, 7, 7, 10, 10, 2, 7, 7]
    medians over the seeds (norms: median over positions and sequences; sat = fraction of h units with |h| > 0.95; H(gr) in nats, log k = 2.773):
    update  n | dec h@stream   dec h@key |Win v|@str  |Wh h|@str |Win v|@key  |Wh h|@key     sat@key    sat body   H(gr)@key    distinct
         0  5 |       1.000       0.906       0.061       0.040       0.060       0.041       0.000       0.000       2.773           4
        50  5 |       1.000       0.862       0.062       0.046       0.062       0.045       0.000       0.000       2.773           2
       100  5 |       1.000       0.806       0.064       0.057       0.065       0.056       0.000       0.000       2.773           2
       200  5 |       0.984       0.700       0.064       0.073       0.067       0.075       0.000       0.000       2.772           3
       300  5 |       0.845       0.554       0.067       0.145       0.072       0.147       0.000       0.000       2.772           3
       400  5 |       0.819       0.514       0.074       0.171       0.086       0.178       0.000       0.000       2.771           1
       600  5 |       0.322       0.258       0.083       2.290       0.121       2.276       0.000       0.000       2.649           1
       800  5 |       0.339       0.229       0.094       2.719       0.142       2.549       0.000       0.000       2.619           1
      1200  5 |       0.242       0.146       0.121       3.659       0.189       3.726       0.039       0.051       2.686           1
      1600  5 |       0.227       0.153       0.159       5.036       0.251       5.333       0.091       0.088       2.665           1
      2400  5 |       0.137       0.135       0.197       6.801       0.335       6.935       0.152       0.137       2.630           1
  LABEL S39 D8_SLOW_M: formed, then lost (median dec h@key: max up to 1200 0.906, at 2400 0.135, max overall 0.906; formed = >= 0.5 by 1200, lost = <= 0.25 at 2400, never = < 0.25 throughout)
  CONFIG HINGE_D8_A (rerun of X's HINGE_D8 (Adam, S=8, k=16) to 2400); chance 0.125; reruns reproduce their records through 2400: 5/5
    per seed, decodability of h at key positions (stream-token positions) by update:
    seed |           0          50         100         200         300         400         600         800        1200        1600        2400
     260 | 0.82 (1.00) 0.81 (1.00) 0.83 (1.00) 0.82 (1.00) 0.76 (0.99) 0.48 (0.71) 0.50 (0.75) 0.51 (0.73) 0.24 (0.45) 0.31 (0.48) 0.16 (0.22)
     261 | 0.91 (1.00) 0.89 (1.00) 0.88 (1.00) 0.88 (1.00) 0.84 (1.00) 0.79 (1.00) 0.78 (1.00) 0.69 (0.99) 0.50 (0.73) 0.55 (0.73) 0.55 (0.73)
     262 | 0.87 (1.00) 0.91 (1.00) 0.93 (1.00) 0.94 (1.00) 0.94 (1.00) 0.93 (1.00) 0.85 (1.00) 0.91 (1.00) 0.81 (0.99) 0.13 (0.13) 0.13 (0.13)
     263 | 0.96 (1.00) 0.77 (1.00) 0.78 (1.00) 0.71 (1.00) 0.76 (1.00) 0.16 (0.20) 0.15 (0.17) 0.15 (0.17) 0.15 (0.17) 0.14 (0.16) 0.14 (0.16)
     264 | 0.96 (1.00) 0.96 (1.00) 0.95 (1.00) 0.94 (1.00) 0.83 (1.00) 0.86 (1.00) 0.13 (0.14) 0.14 (0.15) 0.13 (0.13) 0.13 (0.15) 0.13 (0.14)
    per seed, distinct channels holding the streams (value-position map) by update:
     260 |    5    5    5    3    3    4    2    2    4    3    1   map at 2400: [8, 8, 8, 8, 8, 8, 8, 8]
     261 |    3    3    3    2    2    2    2    4    2    2    2   map at 2400: [10, 9, 9, 9, 10, 9, 10, 9]
     262 |    5    4    4    4    4    3    5    6    2    1    1   map at 2400: [10, 10, 10, 10, 10, 10, 10, 10]
     263 |    4    2    3    3    2    1    1    1    2    1    1   map at 2400: [11, 11, 11, 11, 11, 11, 11, 11]
     264 |    1    1    1    1    2    3    1    1    1    1    1   map at 2400: [8, 8, 8, 8, 8, 8, 8, 8]
    medians over the seeds (norms: median over positions and sequences; sat = fraction of h units with |h| > 0.95; H(gr) in nats, log k = 2.773):
    update  n | dec h@stream   dec h@key |Win v|@str  |Wh h|@str |Win v|@key  |Wh h|@key     sat@key    sat body   H(gr)@key    distinct
         0  5 |       1.000       0.906       0.061       0.040       0.060       0.041       0.000       0.000       2.773           4
        50  5 |       1.000       0.891       0.061       0.042       0.063       0.043       0.000       0.000       2.773           3
       100  5 |       1.000       0.878       0.061       0.045       0.066       0.043       0.000       0.000       2.773           3
       200  5 |       1.000       0.878       0.061       0.046       0.065       0.045       0.000       0.000       2.773           3
       300  5 |       1.000       0.829       0.067       0.052       0.073       0.049       0.000       0.000       2.772           2
       400  5 |       0.998       0.794       0.069       0.059       0.074       0.058       0.000       0.000       2.772           3
       600  5 |       0.752       0.504       0.081       0.136       0.080       0.137       0.000       0.000       2.770           2
       800  5 |       0.730       0.508       0.084       0.151       0.096       0.144       0.000       0.000       2.766           2
      1200  5 |       0.450       0.244       0.086       0.311       0.099       0.316       0.000       0.000       2.758           2
      1600  5 |       0.163       0.140       0.105       3.662       0.098       3.663       0.000       0.000       2.520           1
      2400  5 |       0.157       0.141       0.105       5.101       0.098       5.080       0.055       0.060       2.029           1
  LABEL S39 HINGE_D8_A: formed, then lost (median dec h@key: max up to 1200 0.906, at 2400 0.141, max overall 0.906; formed = >= 0.5 by 1200, lost = <= 0.25 at 2400, never = < 0.25 throughout)
  CONFIG A_HINGE_M (rerun of S33's A_HINGE (Muon, S=4, k=4) to 2400, a reference); chance 0.250; reruns reproduce their records through 2400: 5/5
    per seed, decodability of h at key positions (stream-token positions) by update:
    seed |           0          50         100         200         300         400         600         800        1200        1600        2400
     240 | 1.00 (1.00) 0.99 (1.00) 0.99 (1.00) 0.89 (1.00) 0.53 (0.62) 0.44 (0.47) 0.61 (0.66) 0.72 (0.56) 0.90 (0.85) 0.90 (0.81) 0.77 (0.82)
     241 | 0.95 (1.00) 1.00 (1.00) 0.99 (1.00) 0.84 (0.98) 0.76 (0.88) 0.77 (0.70) 0.83 (0.58) 0.96 (0.48) 0.90 (0.79) 0.96 (0.84) 0.90 (0.78)
     242 | 0.85 (1.00) 0.94 (1.00) 0.97 (1.00) 0.79 (1.00) 0.48 (0.49) 0.35 (0.35) 0.40 (0.38) 0.43 (0.43) 0.79 (0.58) 0.94 (0.61) 1.00 (1.00)
     243 | 0.88 (1.00) 0.83 (1.00) 0.78 (1.00) 0.65 (1.00) 0.67 (0.91) 0.72 (0.87) 0.59 (0.53) 0.86 (0.64) 0.84 (0.71) 0.78 (0.83) 0.83 (0.85)
     244 | 0.99 (1.00) 1.00 (1.00) 0.99 (1.00) 0.92 (0.99) 0.54 (0.60) 0.61 (0.65) 0.83 (0.60) 0.94 (0.39) 0.85 (0.41) 0.73 (0.56) 0.54 (0.54)
    per seed, distinct channels holding the streams (value-position map) by update:
     240 |    1    2    2    2    2    2    2    2    3    3    3   map at 2400: [3, 3, 2, 0]
     241 |    2    2    1    1    2    3    3    3    3    3    3   map at 2400: [2, 3, 0, 0]
     242 |    1    3    3    1    4    4    3    3    3    3    4   map at 2400: [0, 2, 3, 1]
     243 |    2    1    1    1    1    2    2    3    3    3    3   map at 2400: [0, 1, 3, 3]
     244 |    1    1    1    1    3    2    2    2    2    2    2   map at 2400: [0, 2, 2, 0]
    medians over the seeds (norms: median over positions and sequences; sat = fraction of h units with |h| > 0.95; H(gr) in nats, log k = 1.386):
    update  n | dec h@stream   dec h@key |Win v|@str  |Wh h|@str |Win v|@key  |Wh h|@key     sat@key    sat body   H(gr)@key    distinct
         0  5 |       1.000       0.946       0.058       0.041       0.063       0.042       0.000       0.000       1.386           1
        50  5 |       1.000       0.995       0.058       0.041       0.062       0.044       0.000       0.000       1.386           2
       100  5 |       1.000       0.990       0.055       0.045       0.058       0.053       0.000       0.000       1.386           1
       200  5 |       0.996       0.842       0.064       0.105       0.061       0.101       0.000       0.000       1.386           1
       300  5 |       0.621       0.536       0.091       0.262       0.087       0.312       0.000       0.000       1.368           2
       400  5 |       0.654       0.615       0.112       0.437       0.105       0.491       0.000       0.000       1.360           2
       600  5 |       0.576       0.610       0.161       0.530       0.124       0.578       0.000       0.000       1.270           2
       800  5 |       0.483       0.856       0.232       0.879       0.130       0.924       0.000       0.000       0.929           3
      1200  5 |       0.713       0.847       0.422       0.845       0.128       1.665       0.000       0.000       0.179           3
      1600  5 |       0.812       0.904       0.456       0.678       0.133       1.802       0.000       0.000       0.163           3
      2400  5 |       0.816       0.832       0.552       0.745       0.155       2.274       0.000       0.000       0.063           3
  LABEL S39 A_HINGE_M: partial (median dec h@key: max up to 1200 0.995, at 2400 0.832, max overall 0.995; formed = >= 0.5 by 1200, lost = <= 0.25 at 2400, never = < 0.25 throughout)
  HINGE vs NO HINGE (S=8, Muon; medians over seeds 260-264): D8_HINGE_M | D8_SLOW_M
    update |   dec h@key dec h@stream |Win v|@key  |Wh h|@key     sat@key   H(gr)@key    distinct |   dec h@key dec h@stream |Win v|@key  |Wh h|@key     sat@key   H(gr)@key    distinct
         0 |       0.906       1.000       0.060       0.041       0.000       2.773           4 |       0.906       1.000       0.060       0.041       0.000       2.773           4
        50 |       0.862       1.000       0.062       0.045       0.000       2.773           2 |       0.862       1.000       0.062       0.045       0.000       2.773           2
       100 |       0.806       1.000       0.065       0.056       0.000       2.773           2 |       0.806       1.000       0.065       0.056       0.000       2.773           2
       200 |       0.700       0.984       0.067       0.075       0.000       2.772           3 |       0.700       0.984       0.067       0.075       0.000       2.772           3
       300 |       0.550       0.861       0.077       0.131       0.000       2.772           3 |       0.554       0.845       0.072       0.147       0.000       2.772           3
       400 |       0.389       0.620       0.097       0.195       0.000       2.770           1 |       0.514       0.819       0.086       0.178       0.000       2.771           1
       600 |       0.181       0.201       0.108       1.910       0.000       2.711           2 |       0.258       0.322       0.121       2.276       0.000       2.649           1
       800 |       0.162       0.184       0.127       2.958       0.008       2.582           2 |       0.229       0.339       0.142       2.549       0.000       2.619           1
      1200 |       0.155       0.171       0.150       4.020       0.034       2.598           2 |       0.146       0.242       0.189       3.726       0.039       2.686           1
      1600 |       0.145       0.158       0.150       5.808       0.058       2.599           1 |       0.153       0.227       0.251       5.333       0.091       2.665           1
      2400 |       0.133       0.143       0.127       6.928       0.136       2.704           2 |       0.135       0.137       0.335       6.935       0.152       2.630           1
  LABEL gate_memory D8_HINGE_M: formed, then lost (median dec h@key: max up to 1200 0.906, at 2400 0.133, max overall 0.906; formed = >= 0.5 by 1200, lost = <= 0.25 at 2400, never = < 0.25 throughout)  [EXPLORATORY, not a result]
  LABEL gate_memory D8_SLOW_M: formed, then lost (median dec h@key: max up to 1200 0.906, at 2400 0.135, max overall 0.906; formed = >= 0.5 by 1200, lost = <= 0.25 at 2400, never = < 0.25 throughout)  [EXPLORATORY, not a result]
  LABEL gate_memory HINGE_D8_A: formed, then lost (median dec h@key: max up to 1200 0.906, at 2400 0.141, max overall 0.906; formed = >= 0.5 by 1200, lost = <= 0.25 at 2400, never = < 0.25 throughout)  [EXPLORATORY, not a result]
  LABEL gate_memory A_HINGE_M: partial (median dec h@key: max up to 1200 0.995, at 2400 0.832, max overall 0.995; formed = >= 0.5 by 1200, lost = <= 0.25 at 2400, never = < 0.25 throughout)  [EXPLORATORY, not a result]

####################################################################################################
SUMMARY — EXPLORATORY, not a result
  S40 gate_prev D8_PREV_M: it does not (BOUND ROUTED 0/10; >= 3 breaks, 0 does not); failure classes {'MERGED (4 share)': 4, 'MERGED (3 share)': 5, 'non-stream OTHER': 1}; median decodability of h at key positions 1200 0.27, 2400 0.53, 4800 0.64, 9600 0.56
  S40 gate_prev D8_PREV_A: it does not (BOUND ROUTED 0/10; >= 3 breaks, 0 does not); failure classes {'MERGED (3 share)': 2, 'MERGED (4 share)': 3, 'non-stream OTHER': 3, 'MERGED (2 share)': 1, 'MERGED (6 share)': 1}; median decodability of h at key positions 1200 0.57, 2400 0.34, 4800 0.29, 9600 0.53
  S39 gate_memory D8_HINGE_M: formed, then lost (median dec h@key: max up to 1200 0.906, at 2400 0.133, max overall 0.906; formed = >= 0.5 by 1200, lost = <= 0.25 at 2400, never = < 0.25 throughout); median decodability of h at key positions 0 0.91, 50 0.86, 100 0.81, 200 0.70, 300 0.55, 400 0.39, 600 0.18, 800 0.16, 1200 0.15, 1600 0.14, 2400 0.13
  S39 gate_memory D8_SLOW_M: formed, then lost (median dec h@key: max up to 1200 0.906, at 2400 0.135, max overall 0.906; formed = >= 0.5 by 1200, lost = <= 0.25 at 2400, never = < 0.25 throughout); median decodability of h at key positions 0 0.91, 50 0.86, 100 0.81, 200 0.70, 300 0.55, 400 0.51, 600 0.26, 800 0.23, 1200 0.15, 1600 0.15, 2400 0.14
  S39 gate_memory HINGE_D8_A: formed, then lost (median dec h@key: max up to 1200 0.906, at 2400 0.141, max overall 0.906; formed = >= 0.5 by 1200, lost = <= 0.25 at 2400, never = < 0.25 throughout); median decodability of h at key positions 0 0.91, 50 0.89, 100 0.88, 200 0.88, 300 0.83, 400 0.79, 600 0.50, 800 0.51, 1200 0.24, 1600 0.14, 2400 0.14
  S39 gate_memory A_HINGE_M: partial (median dec h@key: max up to 1200 0.995, at 2400 0.832, max overall 0.995; formed = >= 0.5 by 1200, lost = <= 0.25 at 2400, never = < 0.25 throughout); median decodability of h at key positions 0 0.95, 50 0.99, 100 0.99, 200 0.84, 300 0.54, 400 0.61, 600 0.61, 800 0.86, 1200 0.85, 1600 0.90, 2400 0.83
####################################################################################################
