====================================================================================================
EXPLORATORY, NOT A RESULT — batch 6: kick_control (S16), far_slow_hinge (S17), stuck_memory (S18) — DRY RUN (shortened: 1 seed per arm, runs capped at 3600 steps; exercises the code, not for interpretation)
  cpu Intel(R) Xeon(R) Processor @ 2.10GHz | torch 2.14.0+cu130 | git 8407985 | python 3.11.15 | torch threads 1
====================================================================================================
  recipe: lr = test_channel_binding.SUB_LR = 0.001 (passed explicitly), MAX_ITERS = test_short_conv.MAX_ITERS = 24000, task P=4 S=2 n_vals=16 n_q=1, 1 torch thread per run
  S16 rule (DISCOVERED on its 20 seeds): 'the direction matters' if KICK <= 7/20; 'a kick of that size suffices' if KICK >= 12/20; else neither
  S17 rule (S8's): promising if DISCOVERED >= 4/10; not if <= 1/10; else inconclusive
  S18: diagnostic; per run 'recency' (learned gate: last-block >= 0.9, first-block <= 0.2) / 'primacy' (the reverse) / neither, and 'slow' (perfect-gate continuation >= 0.95) / 'basin'
  ROUTED* = margin >= 0.9 and eta_key_by_stream > 0.9
  order (--order): stuck_memory, kick_control, far_slow_hinge — run_jobs2 queues runs by arm priority, set in memory to 3..1 in this order (the screen files are unchanged)
  repro_check: arm A seed 160, 2400 steps, lr 0.001: BIT-IDENTICAL to X (63s)
    here [[1200, 0.25732421875, 2.1073341369628906], [2400, 0.50244140625, 1.1376346349716187]]
    X    [[1200, 0.25732421875, 2.1073341369628906], [2400, 0.50244140625, 1.1376346349716187]]
  CHECK dry_kick_control: the seeds are the 20 on which S13's hinge fired (N_s from slow_hinge_results.json): [162, 166, 167, 168, 171, 172, 173, 175, 176, 177, 180, 187, 189, 190, 192, 193, 195, 196, 197, 199]; budgets [3, 1, 834, 1, 34, 1, 1, 1, 1, 1, 2, 2, 11, 3, 3, 179, 1, 1, 1938, 2]: ok
  CHECK dry_kick_control: N_s = 0 equals SLOW_MEM bit for bit through 3600 steps on seed 162 (curves = a fresh SLOW_MEM run = batch 2's record; weights equal; the hinge would have fired on 3497 batches, kicks used 0): ok
  CHECK dry_kick_control: the kick path with the hinge's own gradient on seed 162 vs S13's SLOW_HINGE: not bit-identical; largest curve difference through 3600 steps |acc| 0.00977, |loss| 0.0161; outcome DISCOVERED trans 3600 vs S13 DISCOVERED trans 3600 (kicks used 3 of budget 3, would fire 3); the batch continues only if the outcome matches: ok
  CHECK dry_kick_control: each logged kick's norm equals the hinge gradient's it replaced (random KICK, seed 162, 1200 steps: 3 kicks, max relative norm difference 2.0e-07 < 1e-5; max |cos(kick, hinge gradient)| 0.15): ok
  CHECK dry_kick_control: the kick enters .grad exactly: grad with a kick - grad without = the kick on W_in, W_h, W_g, embed.weight (max abs diff 3.0e-08; largest |kick| or |task gradient| 2.6e-01); every other parameter's gradient bitwise unchanged: ok
  CHECK dry_kick_control: the budget stops the kicks (budget 2, hinge firing on 5 batches: kicks 2, would fire 5): ok
  CHECK dry_far_slow_hinge: TAU = 1.0 equals far_A_slow bit for bit through 3600 steps (curves = a fresh far_A_slow run = batch 3's record; weights equal; hinge fraction 0.0): ok
  CHECK dry_far_slow_hinge: the penalty equals header_routing_stats' eta_key_by_index / _by_half on a probe batch, at init and on a gate far from uniform (max diff 5.3e-07 < 1e-5); at the grouped layout's positions it equals explore_slow_pos.pos_penalty bit for bit: ok
  CHECK dry_far_slow_hinge: key positions [1, 3, 5, 7, 10, 12, 14, 16] (pairs in order of appearance; half = block): ok
  CHECK dry_far_slow_hinge: on 20 probe batches of the header layout the perfect gate scores below 0.1 on both terms (max 0.0198) and a gate set by block scores above 0.5 on eta2_half (min 1.0000): ok
  CHECK dry_far_slow_hinge: the hinge's gradient (TAU = 0) reaches only ['W_g', 'W_h', 'W_in', 'embed.weight']: ok
  CHECK dry_far_slow_hinge: with both terms below TAU = 0.2 (eta2 index 0.037, half 0.001) the hinge's gradient is exactly zero: ok
  NOTE dry_far_slow_hinge (arithmetic, not a check): on a training batch of 32 the perfect gate's eta2_index = eta2_half = 4 (m - 1/2)^2 (m = share of sequences whose first block is stream 0's); it exceeds TAU = 0.2 with probability 0.0070 per batch (exact binomial; 11/2000 = 0.0055 on sampled batches). The hinge also fires, now and then, on a routed gate.
  CHECK dry_stuck_memory: the runs are S14's 8 stalled runs, each reproduced in S14 ([('blk_A', 120), ('hdr_far_A', 165), ('hdr_far_nudge', 161)]): ok
  CHECK dry_stuck_memory: the breakdown's bookkeeping on synthetic answers, header and blocked layouts (true values: accuracy 1; the other stream's values: accuracy 0, other-stream share 1; the located pair holds the query's value; blocks and positions partition the queries): ok
  CHECK dry_stuck_memory: the breakdown's overall accuracy equals evaluate's (learned gate) and S14's SWAP path's (perfect gate) on untrained models of both layouts: ok
  CHECK dry_stuck_memory: the long continuation's code equals S14's continue_run (far_nudge 160 re-run to 1200, reproducing its record, then 1200 perfect-gate updates: curves [[1200, 1.0, 0.01191485021263361]] vs [[1200, 1.0, 0.01191485021263361]], batch digests equal: True; S14's run given a copy of the optimizer): ok
  CHECK dry_stuck_memory: continue_long leaves the run's optimizer state unchanged; S14's continue_run changes the optimizer it is given (batch 5's S14 bug, shown: its learned-gate control started from the state its perfect-gate continuation left): ok
  all CHECKs passed (8.6 min)
----------------------------------------------------------------------------------------------------
[EXPLORATORY, not a result — DRY RUN (shortened: 1 seed per arm, runs capped at 3600 steps; exercises the code, not for interpretation)] SCREEN dry_kick_control
  idea    S13's hinge replaced by a random kick of the same size, on the batches where it would fire
  source  batch 5's S13 (a few hinge firings flipped POSITION failures to DISCOVERED); random-direction controls for a gradient intervention
  change  SLOW_MEM; on each batch where S13's hinge would be nonzero (at most N_s per seed), add to W_in, W_h, W_g, embed.weight a Gaussian tensor scaled to the hinge gradient's norm on that tensor; the hinge's own gradient is not applied
  arm KICK         lr 0.001  iters 3600  seeds 162-162 (1)  — SLOW_MEM + random kicks sized as S13's hinge gradient (at most N_s per seed)
                   schedule: gate W_in/W_h/W_g 0.001 throughout; every other parameter 0.0001 for updates 1-2400, 0.001 after; + on a batch where S13's hinge (TAU 0.2) would fire, a Gaussian tensor of the hinge gradient's norm added to W_in, W_h, W_g, embed.weight's .grad (at most N_s kicks per seed)
  pairing the 20 seeds where S13's hinge fired, paired with SLOW_HINGE (S13) and SLOW_MEM (S5 / S7) on the same seeds (same initial parameters and batches)
----------------------------------------------------------------------------------------------------
----------------------------------------------------------------------------------------------------
[EXPLORATORY, not a result — DRY RUN (shortened: 1 seed per arm, runs capped at 3600 steps; exercises the code, not for interpretation)] SCREEN dry_far_slow_hinge
  idea    S13's SLOW_HINGE on the header layout, no nudge (label-free)
  source  batch 5's S13 (the hinge turned SLOW_MEM's POSITION failures into discoveries); batch 3's far_A_slow (0/10, 8 POSITION)
  change  far_A_slow + 1.0 * [relu(eta2_index - 0.2) + relu(eta2_half - 0.2)] of the read gate at the header layout's KEY positions, on each training batch
  arm FAR_SLOW_HINGE lr 0.001  iters 3600  seeds 160-160 (1)  — far_A_slow + hinge on position eta^2 (TAU 0.2), header layout
                   schedule: gate W_in/W_h/W_g 0.001 throughout; every other parameter 0.0001 for updates 1-2400, 0.001 after; + 1.0 * [relu(eta2_index - 0.2) + relu(eta2_half - 0.2)] at the header KEY positions on each training batch
  pairing seeds 160-169, paired with batch 3's far_A_slow and batch 2's far_A (same initial parameters and batches)
----------------------------------------------------------------------------------------------------
----------------------------------------------------------------------------------------------------
[EXPLORATORY, not a result — DRY RUN (shortened: 1 seed per arm, runs capped at 3600 steps; exercises the code, not for interpretation)] SCREEN dry_stuck_memory
  idea    what the stalled routed runs answer (block order, key position, the other stream's value), and a long perfect-gate run
  source  batch 5's S14 (the stalls are not in the gate) and S15 (SLOW_MEM's schedule prevents them)
  change  none to the runs; probes at their end states
  arm hdr_far_nudge lr 0.001  iters 3600  seeds 161-161 (1)  — batch 4's far_nudge
                   schedule: lr 0.001 throughout
  arm hdr_far_A    lr 0.001  iters 3600  seeds 165-165 (1)  — batch 2's far_A
                   schedule: lr 0.001 throughout
  arm blk_A        lr 0.001  iters 3600  seeds 120-120 (1)  — X's test_router_layout A_blocked
                   schedule: lr 0.001 throughout
  pairing each probe against its own recorded run (reproduced exactly first) and S14's probes
----------------------------------------------------------------------------------------------------
  PROJECTION (worst case: every run to its iters; 100 timed steps per model, 1 thread, this machine):
    dry_kick_control KICK        1 runs x   1.7 min  (3600 steps x 25.9 ms + 3 evals x 2.3 s)
    dry_far_slow_hinge FAR_SLOW_HINGE  1 runs x   1.1 min  (3600 steps x 18.0 ms + 3 evals x 1.0 s)
    dry_stuck_memory hdr_far_nudge  1 runs x  14.6 min  (27600 steps x 30.9 ms + 23 evals x 0.9 s)
    dry_stuck_memory hdr_far_A   1 runs x   7.8 min  (27600 steps x 16.3 ms + 23 evals x 0.9 s)
    dry_stuck_memory blk_A       1 runs x   9.7 min  (27600 steps x 20.0 ms + 23 evals x 1.4 s)
    total 0.58 h of runs; makespan on 4 workers 0.24 h (worst case)
  5 runs queued on 4 workers (1 torch thread each)
  [  1/5]    1.4 min  dry_kick_control KICK       seed 162  lr 0.001 (gate W_in/W_h/W_g 0.001 throughout; every other parameter 0.0001 for updates 1-2400, 0.001 after; + on a batch where S13's hinge (TAU 0.2) would fire, a Gaussian tensor of the hinge gradient's norm added to W_in, W_h, W_g, embed.weight's .grad (at most N_s kicks per seed))
          acc 0.485  trans  None  VALcos 1.000  margin 0.00  POSITION  ROUTED* 1200/2400/end -/-/-
  [  2/5]    1.8 min  dry_stuck_memory hdr_far_A  seed 165  lr 0.001 (lr 0.001 throughout)
          acc 0.520  trans  None  VALcos 0.001  margin 1.00  STREAM-PARTIAL  ROUTED* 1200/2400/end -/-/Y
  [  3/5]    1.8 min  dry_stuck_memory hdr_far_nudge seed 161  lr 0.001 (lr 0.001 throughout)
          acc 0.498  trans  None  VALcos 0.000  margin 1.00  STREAM-PARTIAL  ROUTED* 1200/2400/end -/-/-
  [  4/5]    2.3 min  dry_stuck_memory blk_A      seed 120  lr 0.001 (lr 0.001 throughout)
          acc 0.176  trans  None  VALcos 1.000  margin -0.00  POSITION  ROUTED* 1200/2400/end -/-/-
  [  5/5]    2.6 min  dry_far_slow_hinge FAR_SLOW_HINGE seed 160  lr 0.001 (gate W_in/W_h/W_g 0.001 throughout; every other parameter 0.0001 for updates 1-2400, 0.001 after; + 1.0 * [relu(eta2_index - 0.2) + relu(eta2_half - 0.2)] at the header KEY positions on each training batch)
          acc 0.503  trans  None  VALcos 1.000  margin 0.00  KEY  ROUTED* 1200/2400/end -/-/-
  batch wall clock 2.6 min (this segment)
####################################################################################################
REPORTS — EXPLORATORY, not a result — DRY RUN (shortened: 1 seed per arm, runs capped at 3600 steps; exercises the code, not for interpretation)
####################################################################################################
----------------------------------------------------------------------------------------------------
[EXPLORATORY, not a result — DRY RUN (shortened: 1 seed per arm, runs capped at 3600 steps; exercises the code, not for interpretation)] SCREEN dry_kick_control
  idea    S13's hinge replaced by a random kick of the same size, on the batches where it would fire
  source  batch 5's S13 (a few hinge firings flipped POSITION failures to DISCOVERED); random-direction controls for a gradient intervention
  change  SLOW_MEM; on each batch where S13's hinge would be nonzero (at most N_s per seed), add to W_in, W_h, W_g, embed.weight a Gaussian tensor scaled to the hinge gradient's norm on that tensor; the hinge's own gradient is not applied
  arm KICK         lr 0.001  iters 3600  seeds 162-162 (1)  — SLOW_MEM + random kicks sized as S13's hinge gradient (at most N_s per seed)
                   schedule: gate W_in/W_h/W_g 0.001 throughout; every other parameter 0.0001 for updates 1-2400, 0.001 after; + on a batch where S13's hinge (TAU 0.2) would fire, a Gaussian tensor of the hinge gradient's norm added to W_in, W_h, W_g, embed.weight's .grad (at most N_s kicks per seed)
  pairing the 20 seeds where S13's hinge fired, paired with SLOW_HINGE (S13) and SLOW_MEM (S5 / S7) on the same seeds (same initial parameters and batches)
----------------------------------------------------------------------------------------------------
  per seed (ROUTED* at 1200/2400/3600/end; N_s = S13's hinge firings on the seed = the kick budget; kicks = kicks used; fires = batches where the hinge would have fired in this run; first = update of the first kick):
    seed    acc  trans  VALcos margin      eta key s/k/h/i  ROUTED*  outcome         SLOW_HINGE      SLOW_MEM         N_s kicks fires  first norm diff
     162  0.485   None   1.000   0.00  0.00/0.07/0.73/0.93  -/-/-/-  POSITION        DISCOVERED      POSITION           3     3  2592    104   2.0e-07
  vs SLOW_HINGE (S13; the hinge's own direction), 1 seeds:
    DISCOVERED    KICK  0/1   SLOW_HINGE  1/1   KICK only 0, SLOW_HINGE only 1, McNemar two-sided p = 1
    ROUTED*@1200  KICK  0/1   SLOW_HINGE  0/1   KICK only 0, SLOW_HINGE only 0, McNemar two-sided p = 1
  vs SLOW_MEM (no kick), 1 seeds:
    DISCOVERED    KICK  0/1   SLOW_MEM  0/1   KICK only 0, SLOW_MEM only 0, McNemar two-sided p = 1
    ROUTED*@1200  KICK  0/1   SLOW_MEM  0/1   KICK only 0, SLOW_MEM only 0, McNemar two-sided p = 1
  failure classes (1 seeds): KICK {'POSITION': 1}   SLOW_HINGE {}   SLOW_MEM {'POSITION': 1}
  kicks used per seed (budget N_s): 162: 3/3
  kicks in updates 1-1200: 162: 3
  READING S16 (KICK DISCOVERED 0/1; 'the direction matters' if <= 7/20, 'a kick of that size suffices' if >= 12/20): the direction matters
  DRY RUN READING dry_kick_control (KICK DISCOVERED 0/1): the direction matters  [EXPLORATORY, not a result]

----------------------------------------------------------------------------------------------------
[EXPLORATORY, not a result — DRY RUN (shortened: 1 seed per arm, runs capped at 3600 steps; exercises the code, not for interpretation)] SCREEN dry_far_slow_hinge
  idea    S13's SLOW_HINGE on the header layout, no nudge (label-free)
  source  batch 5's S13 (the hinge turned SLOW_MEM's POSITION failures into discoveries); batch 3's far_A_slow (0/10, 8 POSITION)
  change  far_A_slow + 1.0 * [relu(eta2_index - 0.2) + relu(eta2_half - 0.2)] of the read gate at the header layout's KEY positions, on each training batch
  arm FAR_SLOW_HINGE lr 0.001  iters 3600  seeds 160-160 (1)  — far_A_slow + hinge on position eta^2 (TAU 0.2), header layout
                   schedule: gate W_in/W_h/W_g 0.001 throughout; every other parameter 0.0001 for updates 1-2400, 0.001 after; + 1.0 * [relu(eta2_index - 0.2) + relu(eta2_half - 0.2)] at the header KEY positions on each training batch
  pairing seeds 160-169, paired with batch 3's far_A_slow and batch 2's far_A (same initial parameters and batches)
----------------------------------------------------------------------------------------------------
  per seed (ROUTED* at 1200/2400/3600/end; b3 = batch 3's far_A_slow, b2 = batch 2's far_A; hinge = fraction of training batches with the hinge on, updates 1-1200 / 1-2400 / whole run, and the count):
    seed    acc  trans  VALcos margin      eta key s/k/h/i  ROUTED*  outcome         b3 far_A_slow   b2 far_A                          hinge
     160  0.503   None   1.000   0.00  0.00/1.00/0.00/0.00  -/-/-/-  KEY             POSITION        POSITION        0.001/0.000/0.000     1/3600
     161 not run                                                                KEY             POSITION       
     162 not run                                                                POSITION        POSITION       
     163 not run                                                                POSITION        POSITION       
     164 not run                                                                STREAM-PARTIAL  OTHER          
     165 not run                                                                POSITION        STREAM-PARTIAL 
     166 not run                                                                POSITION        STREAM-PARTIAL 
     167 not run                                                                POSITION        OTHER          
     168 not run                                                                POSITION        OTHER          
     169 not run                                                                POSITION        POSITION       
  paired with far_A_slow:
    DISCOVERED    FAR_SLOW_HINGE  0/1   far_A_slow  0/1   FAR_SLOW_HINGE only 0, far_A_slow only 0, McNemar two-sided p = 1
    BOUND         FAR_SLOW_HINGE  0/1   far_A_slow  0/1   FAR_SLOW_HINGE only 0, far_A_slow only 0, McNemar two-sided p = 1
    ROUTED*@1200  FAR_SLOW_HINGE  0/1   far_A_slow  0/1   FAR_SLOW_HINGE only 0, far_A_slow only 0, McNemar two-sided p = 1
    ROUTED*@end   FAR_SLOW_HINGE  0/1   far_A_slow  0/1   FAR_SLOW_HINGE only 0, far_A_slow only 0, McNemar two-sided p = 1
    STALLS        FAR_SLOW_HINGE  0/1   far_A_slow  0/1   FAR_SLOW_HINGE only 0, far_A_slow only 0, McNemar two-sided p = 1
  paired with far_A:
    DISCOVERED    FAR_SLOW_HINGE  0/1   far_A  0/1   FAR_SLOW_HINGE only 0, far_A only 0, McNemar two-sided p = 1
    BOUND         FAR_SLOW_HINGE  0/1   far_A  0/1   FAR_SLOW_HINGE only 0, far_A only 0, McNemar two-sided p = 1
    ROUTED*@1200  FAR_SLOW_HINGE  0/1   far_A  0/1   FAR_SLOW_HINGE only 0, far_A only 0, McNemar two-sided p = 1
    ROUTED*@end   FAR_SLOW_HINGE  0/1   far_A  0/1   FAR_SLOW_HINGE only 0, far_A only 0, McNemar two-sided p = 1
    STALLS        FAR_SLOW_HINGE  0/1   far_A  0/1   FAR_SLOW_HINGE only 0, far_A only 0, McNemar two-sided p = 1
    stalls (routed at the end or stream-partial, not bound): FAR_SLOW_HINGE []   far_A_slow []   far_A []
    failures FAR_SLOW_HINGE {'KEY': 1}   far_A_slow {'POSITION': 1}   far_A {'POSITION': 1}
    hinge firings: 1/1 runs fired at least once; total 1 of 3600 training batches
  DRY RUN VERDICT dry_far_slow_hinge: not (DISCOVERED 0/1)  [EXPLORATORY, not a result]

----------------------------------------------------------------------------------------------------
[EXPLORATORY, not a result — DRY RUN (shortened: 1 seed per arm, runs capped at 3600 steps; exercises the code, not for interpretation)] SCREEN dry_stuck_memory
  idea    what the stalled routed runs answer (block order, key position, the other stream's value), and a long perfect-gate run
  source  batch 5's S14 (the stalls are not in the gate) and S15 (SLOW_MEM's schedule prevents them)
  change  none to the runs; probes at their end states
  arm hdr_far_nudge lr 0.001  iters 3600  seeds 161-161 (1)  — batch 4's far_nudge
                   schedule: lr 0.001 throughout
  arm hdr_far_A    lr 0.001  iters 3600  seeds 165-165 (1)  — batch 2's far_A
                   schedule: lr 0.001 throughout
  arm blk_A        lr 0.001  iters 3600  seeds 120-120 (1)  — X's test_router_layout A_blocked
                   schedule: lr 0.001 throughout
  pairing each probe against its own recorded run (reproduced exactly first) and S14's probes
----------------------------------------------------------------------------------------------------
  per run (rec = recorded final accuracy; (a) on the held-out batch, 2048 queries; (b) 24000 perfect-gate updates from the end state, accuracy every 1200):
    hdr_far_nudge   161  rec 0.498  rerun reproduces: yes  map stream->channel [0, 1]  breakdown = evaluation: learned yes, perfect yes
                         (a) learned gate:  overall 0.498  first-block 0.480 (n 973)  last-block 0.514 (n 1075)  key position 0-3 0.807/0.376/0.364/0.443  wrong 1028: other stream's value 0.068
                             by block x key position: first 0.81/0.33/0.33/0.44  last 0.80/0.41/0.39/0.45
                         (a) perfect gate:  overall 0.328  first-block 0.321 (n 973)  last-block 0.335 (n 1075)  key position 0-3 0.170/0.453/0.360/0.334  wrong 1376: other stream's value 0.065
                             by block x key position: first 0.17/0.45/0.36/0.33  last 0.17/0.46/0.36/0.34
                         (b) perfect-gate continuation: 0.54   first >= 0.95: never
                             after (b), perfect gate (extra): overall 0.543  first-block 0.547 (n 973)  last-block 0.540 (n 1075)  key position 0-3 1.000/0.349/0.374/0.445  wrong 936: other stream's value 0.066
                         (c) extra, S14's learned-gate continuation corrected: 0.49; S14 reading with it: NEITHER; run's optimizer unchanged by (b), (c): yes
                         READING: neither; basin
    hdr_far_A       165  rec 0.520  rerun reproduces: yes  map stream->channel [0, 1]  breakdown = evaluation: learned yes, perfect yes
                         (a) learned gate:  overall 0.520  first-block 0.501 (n 973)  last-block 0.537 (n 1075)  key position 0-3 0.547/0.478/0.461/0.589  wrong 984: other stream's value 0.068
                             by block x key position: first 0.53/0.42/0.42/0.61  last 0.56/0.52/0.50/0.57
                         (a) perfect gate:  overall 0.517  first-block 0.498 (n 973)  last-block 0.534 (n 1075)  key position 0-3 0.545/0.473/0.457/0.589  wrong 989: other stream's value 0.068
                             by block x key position: first 0.53/0.42/0.41/0.61  last 0.55/0.52/0.50/0.57
                         (b) perfect-gate continuation: 0.54   first >= 0.95: never
                             after (b), perfect gate (extra): overall 0.538  first-block 0.515 (n 973)  last-block 0.559 (n 1075)  key position 0-3 0.611/0.504/0.461/0.574  wrong 946: other stream's value 0.075
                         (c) extra, S14's learned-gate continuation corrected: 0.55; S14 reading with it: NEITHER; run's optimizer unchanged by (b), (c): yes
                         READING: neither; basin
    blk_A           120  rec 0.176  rerun reproduces: yes  map stream->channel [0, 1] (IDENTITY FALLBACK)  breakdown = evaluation: learned yes, perfect yes
                         (a) learned gate:  overall 0.176  first-block 0.176 (n 973)  last-block 0.176 (n 1075)  key position 0-3 0.188/0.186/0.149/0.181  wrong 1688: other stream's value 0.235
                             by block x key position: first 0.16/0.20/0.14/0.20  last 0.22/0.17/0.15/0.16
                         (a) perfect gate:  overall 0.293  first-block 0.284 (n 973)  last-block 0.301 (n 1075)  key position 0-3 0.398/0.302/0.236/0.238  wrong 1448: other stream's value 0.083
                             by block x key position: first 0.34/0.33/0.25/0.22  last 0.45/0.28/0.22/0.25
                         (b) perfect-gate continuation: 0.32   first >= 0.95: never
                             after (b), perfect gate (extra): overall 0.319  first-block 0.319 (n 973)  last-block 0.320 (n 1075)  key position 0-3 0.293/0.316/0.331/0.336  wrong 1394: other stream's value 0.075
                         (c) extra, S14's learned-gate continuation corrected: 0.19; S14 reading with it: NEITHER; run's optimizer unchanged by (b), (c): yes
                         READING: neither; basin
  SUMMARY of readings (by layout):
    header   hdr_far_nudge 161: neither; basin, hdr_far_A 165: neither; basin
    blocked  blk_A 120: neither; basin
  DRY RUN S18 dry_stuck_memory: diagnostic, 3/3 probes  [EXPLORATORY, not a result]

####################################################################################################
SUMMARY — EXPLORATORY, not a result — DRY RUN (shortened: 1 seed per arm, runs capped at 3600 steps; exercises the code, not for interpretation)
  S16 kick_control: the direction matters (KICK DISCOVERED 0/1; SLOW_HINGE 1/1, KICK only 0 vs SLOW_HINGE only 1, p = 1; SLOW_MEM 0/1, KICK only 0 vs SLOW_MEM only 0, p = 1)
  S17 far_slow_hinge: not (DISCOVERED 0/1; batch 3's far_A_slow 0/10, batch 2's far_A 0/10)
  S18 header   hdr_far_nudge 161: neither; basin, hdr_far_A 165: neither; basin
  S18 blocked  blk_A 120: neither; basin
####################################################################################################
