#################### NOTE 2026-09-30 16:01:38 UTC — batch 3 runs in segments with batch 2's machinery: the first segment runs the full CHECK suite and records its head in explore_out/batch3_checks.json; each later segment (--resume, after the session's background time limit stops the previous one) runs the repro check and skips the rest only if the screen code is unchanged. Order: slow_mem_ext, far_gates, near_check. A watcher outside the repo commits and pushes explore_out/ after every saved run. (EXPLORATORY, not a result) ####################
====================================================================================================
EXPLORATORY, NOT A RESULT — batch 3: slow_mem_ext (S7), far_gates (S8), near_check (S9)
  cpu Intel(R) Xeon(R) Processor @ 2.10GHz | torch 2.14.0+cu130 | git 82ee219+dirty | python 3.11.15 | torch threads 1
====================================================================================================
  recipe: lr = test_channel_binding.SUB_LR = 0.001 (passed explicitly), MAX_ITERS = test_short_conv.MAX_ITERS = 24000, task P=4 S=2 n_vals=16 n_q=1, 1 torch thread per run
  S7 rule (20 new seeds): promising if b - c >= 4 and McNemar p < 0.1; not if b - c <= 0; else inconclusive (DISCOVERED vs X's arm A)
  S8 rule per arm: promising if DISCOVERED >= 4/10; not if <= 1/10; else inconclusive (batch 2's far_A: 0/10)
  S9 per arm: 'keeps the near case' if DISCOVERED >= X's arm A (4/10) - 1
  ROUTED* = margin >= 0.9 and eta_key_by_stream > 0.9
  order (--order): slow_mem_ext, far_gates, near_check — run_jobs2 queues runs by arm priority, set in memory to 3..1 in this order (the screen files are unchanged)
  repro_check: arm A seed 160, 2400 steps, lr 0.001: BIT-IDENTICAL to X (49s)
    here [[1200, 0.25732421875, 2.1073341369628906], [2400, 0.50244140625, 1.1376346349716187]]
    X    [[1200, 0.25732421875, 2.1073341369628906], [2400, 0.50244140625, 1.1376346349716187]]
  (S7 runs explore_slow_mem's run path unchanged; its CHECKs:)
  CHECK slow_mem: parameters equal arm A's (build) for the same seed: ok
  CHECK slow_mem: run completed all 24000 updates under the stubs (24000 recorded, ok=True): ok
  CHECK slow_mem: gate group holds exactly W_in, W_h, W_g (['W_in', 'W_h', 'W_g']): ok
  CHECK slow_mem: other group holds every other parameter, embed.weight included (5 tensors): ok
  CHECK slow_mem: gate group lr 0.001 at every update: ok
  CHECK slow_mem: other group lr 0.0001 for updates 1-2400, 0.001 for 2401-24000 (update 2400: [0.001, 0.0001], 2401: [0.001, 0.001], 24000: [0.001, 0.001]): ok
  CHECK far_gates/far_EMA: every parameter shared with arm A is bitwise arm A's (new: ['theta']): ok
  CHECK far_gates/far_EMA: closed form equals the loop on inflated weights (gates far from uniform, spread 0.60; max diff 2.68e-07 < 1e-6) and stays causal there: ok
  CHECK far_gates/far_EMA: closed form equals the explicit per-step loop, train (max diff 5.96e-08 < 1e-6): ok
  CHECK far_gates/far_EMA: closed form equals the explicit per-step loop, eval (max diff 5.96e-08 < 1e-6): ok
  CHECK far_gates/far_EMA: causal in train (tokens after t changed: gates <= t identical, later ones change): ok
  CHECK far_gates/far_EMA: causal in eval: ok
  CHECK far_gates/far_EMA: initial half-lives are the log-spaced set 1..32 (max rel. diff 1.1e-07; 1.000, 1.118, ..., 32.000): ok
  CHECK far_gates/far_EMA: theta is a permutation drawn from its own generator (differs across seeds, same set): ok
  CHECK far_gates/far_SEL: every parameter shared with arm A is bitwise arm A's (new: ['W_z', 'b_z']): ok
  CHECK far_gates/far_SEL: closed form equals the loop on inflated weights (gates far from uniform, spread 0.60; max diff 4.77e-07 < 1e-6) and stays causal there: ok
  CHECK far_gates/far_SEL: closed form equals the explicit per-step loop, train (max diff 5.96e-08 < 1e-6): ok
  CHECK far_gates/far_SEL: closed form equals the explicit per-step loop, eval (max diff 5.96e-08 < 1e-6): ok
  CHECK far_gates/far_SEL: causal in train (tokens after t changed: gates <= t identical, later ones change): ok
  CHECK far_gates/far_SEL: causal in eval: ok
  CHECK far_gates/far_SEL: b_z = -1 at init: ok
  CHECK far_gates: far_A_slow: parameters equal arm A's (build on HEADER) for the same seed: ok
  CHECK far_gates: far_A_slow: run completed all 24000 updates under the stubs (24000 recorded, ok=True): ok
  CHECK far_gates: far_A_slow: gate group holds exactly W_in, W_h, W_g: ok
  CHECK far_gates: far_A_slow: other group holds every other parameter: ok
  CHECK far_gates: far_A_slow: gate group lr 0.001 at every update: ok
  CHECK far_gates: far_A_slow: other group lr 0.0001 for updates 1-2400, 0.001 after (update 2400: [0.001, 0.0001], 2401: [0.001, 0.001], 24000: [0.001, 0.001]): ok
  (the header layout: explore_far_cue's CHECKs)
  CHECK far_cue: every (stream, key) appears once: ok
  CHECK far_cue: S distinct values per key: ok
  CHECK far_cue: each query is answered by its own stream's value: ok
  CHECK far_cue: exactly one CTX token per block; block streams a permutation: ok
  CHECK far_cue: stream_labels = the block's stream (body), the query's stream (query): ok
  CHECK far_cue: L = 21, qpos = [19]: ok
  CHECK far_cue: select reads the query's KEY position and targets its value: ok
  CHECK far_cue: stream token in a width-3 window only for each block's first pair; the query sees its CTX at t-1: ok
  CHECK far_cue: perfect gate zeroes every cross-stream score at every layer (same-stream scores non-zero): ok
  CHECK far_cue: header_routing_stats under the perfect gate: margin 1.0000, eta_key_by_stream 1.0000: ok
  CHECK far_cue: far_A and far_L3 share arm A's initial parameters and vocabulary: ok
  CHECK near_check/EMA_near: every parameter shared with arm A is bitwise arm A's (new: ['theta']): ok
  CHECK near_check/EMA_near: closed form equals the loop on inflated weights (gates far from uniform, spread 0.62; max diff 2.68e-07 < 1e-6) and stays causal there: ok
  CHECK near_check/EMA_near: closed form equals the explicit per-step loop, train (max diff 5.96e-08 < 1e-6): ok
  CHECK near_check/EMA_near: closed form equals the explicit per-step loop, eval (max diff 5.96e-08 < 1e-6): ok
  CHECK near_check/EMA_near: causal in train (tokens after t changed: gates <= t identical, later ones change): ok
  CHECK near_check/EMA_near: causal in eval: ok
  CHECK near_check/EMA_near: initial half-lives are the log-spaced set 1..32 (max rel. diff 1.1e-07; 1.000, 1.118, ..., 32.000): ok
  CHECK near_check/EMA_near: theta is a permutation drawn from its own generator (differs across seeds, same set): ok
  CHECK near_check/SEL_near: every parameter shared with arm A is bitwise arm A's (new: ['W_z', 'b_z']): ok
  CHECK near_check/SEL_near: closed form equals the loop on inflated weights (gates far from uniform, spread 0.72; max diff 4.77e-07 < 1e-6) and stays causal there: ok
  CHECK near_check/SEL_near: closed form equals the explicit per-step loop, train (max diff 5.96e-08 < 1e-6): ok
  CHECK near_check/SEL_near: closed form equals the explicit per-step loop, eval (max diff 5.96e-08 < 1e-6): ok
  CHECK near_check/SEL_near: causal in train (tokens after t changed: gates <= t identical, later ones change): ok
  CHECK near_check/SEL_near: causal in eval: ok
  CHECK near_check/SEL_near: b_z = -1 at init: ok
  all CHECKs passed (0.8 min)
  recorded the full CHECK pass at 82ee219 in /home/user/clankers/explore_out/batch3_checks.json
----------------------------------------------------------------------------------------------------
[EXPLORATORY, not a result] SCREEN slow_mem_ext
  idea    S5's slow-memory schedule, unchanged, on 20 new seeds
  source  batch 2's S5 slow_mem (two-timescale training; the race reading)
  change  arm A, one Adam, two groups: gate (W_in, W_h, W_g) 1e-3 throughout; the rest 1e-4 for updates 1-2400, 1e-3 after
  arm SLOW_MEM     lr 0.001  iters 24000  seeds 180-199 (20)  — S5's SLOW_MEM, unchanged; seeds 180-199
                   schedule: gate W_in/W_h/W_g 0.001 throughout; every other parameter 0.0001 for updates 1-2400, 0.001 after
  pairing seeds 180-199, paired with X's recorded arm A (test_short_conv, lr 1e-3; same initial parameters and batches); pool 160-199 with batch 2's S5 records
----------------------------------------------------------------------------------------------------
----------------------------------------------------------------------------------------------------
[EXPLORATORY, not a result] SCREEN far_gates
  idea    gates with memory beyond a window on the header layout: multi-scale EMA, selective (minGRU)
  source  multi-timescale fading memory (e.g. RetNet / S4-style decays); minGRU (Feng et al. 2024); S5's slow-memory schedule
  change  far_EMA, far_SEL: the gate's recurrence (explore_gates); far_A_slow: S5's schedule
  arm far_EMA      lr 0.001  iters 24000  seeds 160-169 (10)  — multi-scale EMA gate (half-lives 1..32), header layout
                   schedule: lr 0.001 throughout
  arm far_SEL      lr 0.001  iters 24000  seeds 160-169 (10)  — selective (minGRU-style) gate, header layout
                   schedule: lr 0.001 throughout
  arm far_A_slow   lr 0.001  iters 24000  seeds 160-169 (10)  — arm A + S5's schedule, header layout
                   schedule: gate W_in/W_h/W_g 0.001 throughout; every other parameter 0.0001 for updates 1-2400, 0.001 after
  pairing seeds 160-169, paired with batch 2's far_A on the same seeds (explore_out/far_cue_results.json; same shared initial parameters, same batches)
----------------------------------------------------------------------------------------------------
----------------------------------------------------------------------------------------------------
[EXPLORATORY, not a result] SCREEN near_check
  idea    S8's EMA and selective gates on the standard grouped task (the near case)
  source  explore_gates (multi-timescale EMA; minGRU, Feng et al. 2024)
  change  the gate's recurrence only (explore_gates); grouped layout, arm A otherwise
  arm EMA_near     lr 0.001  iters 24000  seeds 160-169 (10)  — multi-scale EMA gate, grouped layout
                   schedule: lr 0.001 throughout
  arm SEL_near     lr 0.001  iters 24000  seeds 160-169 (10)  — selective (minGRU-style) gate, grouped layout
                   schedule: lr 0.001 throughout
  pairing seeds 160-169, paired with X's recorded arm A (test_short_conv, lr 1e-3; same shared initial parameters and batches); X's ROUTED* at 2400 from batch 2's ref_a2400
----------------------------------------------------------------------------------------------------
  PROJECTION (worst case: every run to its iters; 100 timed steps per model, 1 thread, this machine):
    slow_mem_ext   SLOW_MEM   20 runs x   8.8 min  (24000 steps x 21.1 ms + 20 evals x 1.2 s)
    far_gates      far_EMA    10 runs x   6.5 min  (24000 steps x 15.6 ms + 20 evals x 0.7 s)
    far_gates      far_SEL    10 runs x   8.1 min  (24000 steps x 19.4 ms + 20 evals x 1.2 s)
    far_gates      far_A_slow 10 runs x   6.3 min  (24000 steps x 15.1 ms + 20 evals x 0.7 s)
    near_check     EMA_near   10 runs x   6.9 min  (24000 steps x 16.0 ms + 20 evals x 1.4 s)
    near_check     SEL_near   10 runs x  11.1 min  (24000 steps x 25.9 ms + 20 evals x 2.2 s)
    total 9.42 h of runs; makespan on 4 workers 2.40 h (worst case)
  70 runs queued on 4 workers (1 torch thread each)
  [  1/70]    1.7 min  slow_mem_ext   SLOW_MEM   seed 183  lr 0.001 (gate W_in/W_h/W_g 0.001 throughout; every other parameter 0.0001 for updates 1-2400, 0.001 after)
          acc 1.000  trans  2400  VALcos 0.000  margin 1.00  DISCOVERED  ROUTED* 1200/2400/end Y/Y/Y
  [  2/70]    2.1 min  slow_mem_ext   SLOW_MEM   seed 182  lr 0.001 (gate W_in/W_h/W_g 0.001 throughout; every other parameter 0.0001 for updates 1-2400, 0.001 after)
          acc 1.000  trans  3600  VALcos 0.001  margin 1.00  DISCOVERED  ROUTED* 1200/2400/end Y/Y/Y
  [  3/70]    2.1 min  slow_mem_ext   SLOW_MEM   seed 181  lr 0.001 (gate W_in/W_h/W_g 0.001 throughout; every other parameter 0.0001 for updates 1-2400, 0.001 after)
          acc 1.000  trans  3600  VALcos 0.001  margin 1.00  DISCOVERED  ROUTED* 1200/2400/end Y/Y/Y
  [  4/70]    3.6 min  slow_mem_ext   SLOW_MEM   seed 185  lr 0.001 (gate W_in/W_h/W_g 0.001 throughout; every other parameter 0.0001 for updates 1-2400, 0.001 after)
          acc 1.000  trans  2400  VALcos 0.001  margin 1.00  DISCOVERED  ROUTED* 1200/2400/end Y/Y/Y
  [  5/70]    3.7 min  slow_mem_ext   SLOW_MEM   seed 184  lr 0.001 (gate W_in/W_h/W_g 0.001 throughout; every other parameter 0.0001 for updates 1-2400, 0.001 after)
          acc 1.000  trans  3600  VALcos 0.000  margin 1.00  DISCOVERED  ROUTED* 1200/2400/end Y/Y/Y
  [  6/70]    4.1 min  slow_mem_ext   SLOW_MEM   seed 186  lr 0.001 (gate W_in/W_h/W_g 0.001 throughout; every other parameter 0.0001 for updates 1-2400, 0.001 after)
          acc 1.000  trans  3600  VALcos 0.000  margin 1.00  DISCOVERED  ROUTED* 1200/2400/end Y/Y/Y
  [  7/70]    5.2 min  slow_mem_ext   SLOW_MEM   seed 188  lr 0.001 (gate W_in/W_h/W_g 0.001 throughout; every other parameter 0.0001 for updates 1-2400, 0.001 after)
          acc 1.000  trans  2400  VALcos 0.000  margin 1.00  DISCOVERED  ROUTED* 1200/2400/end Y/Y/Y
  [  8/70]    8.0 min  slow_mem_ext   SLOW_MEM   seed 180  lr 0.001 (gate W_in/W_h/W_g 0.001 throughout; every other parameter 0.0001 for updates 1-2400, 0.001 after)
          acc 0.396  trans  None  VALcos 1.000  margin -0.00  POSITION  ROUTED* 1200/2400/end -/-/-
  [  9/70]    9.6 min  slow_mem_ext   SLOW_MEM   seed 191  lr 0.001 (gate W_in/W_h/W_g 0.001 throughout; every other parameter 0.0001 for updates 1-2400, 0.001 after)
          acc 1.000  trans  2400  VALcos 0.000  margin 1.00  DISCOVERED  ROUTED* 1200/2400/end Y/Y/Y
  [ 10/70]   11.3 min  slow_mem_ext   SLOW_MEM   seed 187  lr 0.001 (gate W_in/W_h/W_g 0.001 throughout; every other parameter 0.0001 for updates 1-2400, 0.001 after)
          acc 0.521  trans  None  VALcos 1.000  margin 0.00  KEY  ROUTED* 1200/2400/end -/-/-
  [ 11/70]   11.8 min  slow_mem_ext   SLOW_MEM   seed 189  lr 0.001 (gate W_in/W_h/W_g 0.001 throughout; every other parameter 0.0001 for updates 1-2400, 0.001 after)
          acc 0.480  trans  None  VALcos 1.000  margin 0.00  KEY  ROUTED* 1200/2400/end -/-/-
  [ 12/70]   12.9 min  slow_mem_ext   SLOW_MEM   seed 190  lr 0.001 (gate W_in/W_h/W_g 0.001 throughout; every other parameter 0.0001 for updates 1-2400, 0.001 after)
          acc 0.501  trans  None  VALcos 1.000  margin -0.01  POSITION  ROUTED* 1200/2400/end -/-/-
  [ 13/70]   13.4 min  slow_mem_ext   SLOW_MEM   seed 194  lr 0.001 (gate W_in/W_h/W_g 0.001 throughout; every other parameter 0.0001 for updates 1-2400, 0.001 after)
          acc 1.000  trans  2400  VALcos 0.001  margin 1.00  DISCOVERED  ROUTED* 1200/2400/end Y/Y/Y
  [ 14/70]   14.5 min  slow_mem_ext   SLOW_MEM   seed 195  lr 0.001 (gate W_in/W_h/W_g 0.001 throughout; every other parameter 0.0001 for updates 1-2400, 0.001 after)
          acc 1.000  trans  2400  VALcos 0.001  margin 1.00  DISCOVERED  ROUTED* 1200/2400/end Y/Y/Y
  [ 15/70]   15.4 min  slow_mem_ext   SLOW_MEM   seed 196  lr 0.001 (gate W_in/W_h/W_g 0.001 throughout; every other parameter 0.0001 for updates 1-2400, 0.001 after)
          acc 1.000  trans  3600  VALcos 0.001  margin 1.00  DISCOVERED  ROUTED* 1200/2400/end -/Y/Y
  [ 16/70]   17.0 min  slow_mem_ext   SLOW_MEM   seed 198  lr 0.001 (gate W_in/W_h/W_g 0.001 throughout; every other parameter 0.0001 for updates 1-2400, 0.001 after)
          acc 1.000  trans  2400  VALcos 0.001  margin 1.00  DISCOVERED  ROUTED* 1200/2400/end Y/Y/Y
  [ 17/70]   17.4 min  slow_mem_ext   SLOW_MEM   seed 192  lr 0.001 (gate W_in/W_h/W_g 0.001 throughout; every other parameter 0.0001 for updates 1-2400, 0.001 after)
          acc 0.498  trans  None  VALcos 1.000  margin -0.00  OTHER  ROUTED* 1200/2400/end -/-/-
  [ 18/70]   19.1 min  slow_mem_ext   SLOW_MEM   seed 193  lr 0.001 (gate W_in/W_h/W_g 0.001 throughout; every other parameter 0.0001 for updates 1-2400, 0.001 after)
          acc 0.497  trans  None  VALcos 1.000  margin -0.00  KEY  ROUTED* 1200/2400/end -/-/-
  [ 19/70]   22.2 min  slow_mem_ext   SLOW_MEM   seed 197  lr 0.001 (gate W_in/W_h/W_g 0.001 throughout; every other parameter 0.0001 for updates 1-2400, 0.001 after)
          acc 0.488  trans  None  VALcos 0.998  margin 0.01  POSITION  ROUTED* 1200/2400/end -/-/-
  [ 20/70]   23.0 min  far_gates      far_EMA    seed 160  lr 0.001 (lr 0.001 throughout)
          acc 0.406  trans  None  VALcos 1.000  margin -0.00  KEY  ROUTED* 1200/2400/end -/-/-
  [ 21/70]   24.6 min  slow_mem_ext   SLOW_MEM   seed 199  lr 0.001 (gate W_in/W_h/W_g 0.001 throughout; every other parameter 0.0001 for updates 1-2400, 0.001 after)
          acc 0.402  trans  None  VALcos 1.000  margin 0.00  POSITION  ROUTED* 1200/2400/end -/-/-
  [ 22/70]   26.6 min  far_gates      far_SEL    seed 160  lr 0.001 (lr 0.001 throughout)
          acc 0.311  trans  None  VALcos 1.000  margin -0.00  KEY  ROUTED* 1200/2400/end -/-/-
#################### RESUME 2026-09-30 16:33:31 UTC — the previous segment was stopped by the session's background time limit; saved runs are reused, missing runs re-run (EXPLORATORY, not a result) ####################
====================================================================================================
EXPLORATORY, NOT A RESULT — batch 3: slow_mem_ext (S7), far_gates (S8), near_check (S9)
  cpu Intel(R) Xeon(R) Processor @ 2.10GHz | torch 2.14.0+cu130 | git 890f4d4+dirty | python 3.11.15 | torch threads 1
====================================================================================================
  recipe: lr = test_channel_binding.SUB_LR = 0.001 (passed explicitly), MAX_ITERS = test_short_conv.MAX_ITERS = 24000, task P=4 S=2 n_vals=16 n_q=1, 1 torch thread per run
  S7 rule (20 new seeds): promising if b - c >= 4 and McNemar p < 0.1; not if b - c <= 0; else inconclusive (DISCOVERED vs X's arm A)
  S8 rule per arm: promising if DISCOVERED >= 4/10; not if <= 1/10; else inconclusive (batch 2's far_A: 0/10)
  S9 per arm: 'keeps the near case' if DISCOVERED >= X's arm A (4/10) - 1
  ROUTED* = margin >= 0.9 and eta_key_by_stream > 0.9
  order (--order): slow_mem_ext, far_gates, near_check — run_jobs2 queues runs by arm priority, set in memory to 3..1 in this order (the screen files are unchanged)
  repro_check: arm A seed 160, 2400 steps, lr 0.001: BIT-IDENTICAL to X (43s)
    here [[1200, 0.25732421875, 2.1073341369628906], [2400, 0.50244140625, 1.1376346349716187]]
    X    [[1200, 0.25732421875, 2.1073341369628906], [2400, 0.50244140625, 1.1376346349716187]]
  CHECKs skipped (repro check above still run): the screen code is unchanged — no file outside explore_out/ and explore_batch3.py differs from 82ee219, where the full CHECK suite passed (2026-09-30 16:03:15 UTC; its output is earlier in this log). git diff --stat 82ee219:
     explore_out/README.md                 |    2 +-
     explore_out/batch3.log                |  171 +
     explore_out/batch3_checks.json        |    6 +
     explore_out/far_gates_results.json    |  978 ++++++
     explore_out/near_check_results.json   |   67 +
     explore_out/slow_mem_ext_results.json | 5697 +++++++++++++++++++++++++++++++++
     6 files changed, 6920 insertions(+), 1 deletion(-)
----------------------------------------------------------------------------------------------------
[EXPLORATORY, not a result] SCREEN slow_mem_ext
  idea    S5's slow-memory schedule, unchanged, on 20 new seeds
  source  batch 2's S5 slow_mem (two-timescale training; the race reading)
  change  arm A, one Adam, two groups: gate (W_in, W_h, W_g) 1e-3 throughout; the rest 1e-4 for updates 1-2400, 1e-3 after
  arm SLOW_MEM     lr 0.001  iters 24000  seeds 180-199 (20)  — S5's SLOW_MEM, unchanged; seeds 180-199
                   schedule: gate W_in/W_h/W_g 0.001 throughout; every other parameter 0.0001 for updates 1-2400, 0.001 after
  pairing seeds 180-199, paired with X's recorded arm A (test_short_conv, lr 1e-3; same initial parameters and batches); pool 160-199 with batch 2's S5 records
----------------------------------------------------------------------------------------------------
----------------------------------------------------------------------------------------------------
[EXPLORATORY, not a result] SCREEN far_gates
  idea    gates with memory beyond a window on the header layout: multi-scale EMA, selective (minGRU)
  source  multi-timescale fading memory (e.g. RetNet / S4-style decays); minGRU (Feng et al. 2024); S5's slow-memory schedule
  change  far_EMA, far_SEL: the gate's recurrence (explore_gates); far_A_slow: S5's schedule
  arm far_EMA      lr 0.001  iters 24000  seeds 160-169 (10)  — multi-scale EMA gate (half-lives 1..32), header layout
                   schedule: lr 0.001 throughout
  arm far_SEL      lr 0.001  iters 24000  seeds 160-169 (10)  — selective (minGRU-style) gate, header layout
                   schedule: lr 0.001 throughout
  arm far_A_slow   lr 0.001  iters 24000  seeds 160-169 (10)  — arm A + S5's schedule, header layout
                   schedule: gate W_in/W_h/W_g 0.001 throughout; every other parameter 0.0001 for updates 1-2400, 0.001 after
  pairing seeds 160-169, paired with batch 2's far_A on the same seeds (explore_out/far_cue_results.json; same shared initial parameters, same batches)
----------------------------------------------------------------------------------------------------
----------------------------------------------------------------------------------------------------
[EXPLORATORY, not a result] SCREEN near_check
  idea    S8's EMA and selective gates on the standard grouped task (the near case)
  source  explore_gates (multi-timescale EMA; minGRU, Feng et al. 2024)
  change  the gate's recurrence only (explore_gates); grouped layout, arm A otherwise
  arm EMA_near     lr 0.001  iters 24000  seeds 160-169 (10)  — multi-scale EMA gate, grouped layout
                   schedule: lr 0.001 throughout
  arm SEL_near     lr 0.001  iters 24000  seeds 160-169 (10)  — selective (minGRU-style) gate, grouped layout
                   schedule: lr 0.001 throughout
  pairing seeds 160-169, paired with X's recorded arm A (test_short_conv, lr 1e-3; same shared initial parameters and batches); X's ROUTED* at 2400 from batch 2's ref_a2400
----------------------------------------------------------------------------------------------------
  PROJECTION (worst case: every run to its iters; 100 timed steps per model, 1 thread, this machine):
    slow_mem_ext   SLOW_MEM   20 runs x   6.7 min  (24000 steps x 16.1 ms + 20 evals x 0.8 s)
    far_gates      far_EMA    10 runs x   5.3 min  (24000 steps x 12.7 ms + 20 evals x 0.7 s)
    far_gates      far_SEL    10 runs x   7.7 min  (24000 steps x 18.2 ms + 20 evals x 1.2 s)
    far_gates      far_A_slow 10 runs x   5.6 min  (24000 steps x 13.4 ms + 20 evals x 0.6 s)
    near_check     EMA_near   10 runs x   6.0 min  (24000 steps x 14.3 ms + 20 evals x 0.8 s)
    near_check     SEL_near   10 runs x   9.9 min  (24000 steps x 23.3 ms + 20 evals x 1.6 s)
    total 7.98 h of runs; makespan on 4 workers 2.02 h (worst case)
  48 runs queued on 4 workers (1 torch thread each)
  [  1/48]    5.4 min  far_gates      far_EMA    seed 161  lr 0.001 (lr 0.001 throughout)
          acc 0.412  trans  None  VALcos 1.000  margin -0.00  KEY  ROUTED* 1200/2400/end -/-/-
  [  2/48]    5.9 min  far_gates      far_A_slow seed 161  lr 0.001 (gate W_in/W_h/W_g 0.001 throughout; every other parameter 0.0001 for updates 1-2400, 0.001 after)
          acc 0.401  trans  None  VALcos 1.000  margin 0.00  KEY  ROUTED* 1200/2400/end -/-/-
  [  3/48]    6.0 min  far_gates      far_A_slow seed 160  lr 0.001 (gate W_in/W_h/W_g 0.001 throughout; every other parameter 0.0001 for updates 1-2400, 0.001 after)
          acc 0.241  trans  None  VALcos 1.000  margin 0.00  POSITION  ROUTED* 1200/2400/end -/-/-
  [  4/48]    7.3 min  far_gates      far_SEL    seed 161  lr 0.001 (lr 0.001 throughout)
          acc 0.303  trans  None  VALcos 1.000  margin 0.00  KEY  ROUTED* 1200/2400/end -/-/-
  [  5/48]   10.7 min  far_gates      far_EMA    seed 162  lr 0.001 (lr 0.001 throughout)
          acc 0.645  trans  None  VALcos 1.000  margin -0.00  KEY  ROUTED* 1200/2400/end -/-/-
  [  6/48]   11.9 min  far_gates      far_A_slow seed 162  lr 0.001 (gate W_in/W_h/W_g 0.001 throughout; every other parameter 0.0001 for updates 1-2400, 0.001 after)
          acc 0.221  trans  None  VALcos 1.000  margin -0.00  POSITION  ROUTED* 1200/2400/end -/-/-
  [  7/48]   12.6 min  far_gates      far_EMA    seed 163  lr 0.001 (lr 0.001 throughout)
          acc 0.328  trans  None  VALcos 1.000  margin 0.00  KEY  ROUTED* 1200/2400/end -/-/-
  [  8/48]   13.1 min  far_gates      far_SEL    seed 162  lr 0.001 (lr 0.001 throughout)
          acc 0.440  trans  None  VALcos 1.000  margin -0.00  KEY  ROUTED* 1200/2400/end -/-/-
  [  9/48]   17.8 min  far_gates      far_A_slow seed 163  lr 0.001 (gate W_in/W_h/W_g 0.001 throughout; every other parameter 0.0001 for updates 1-2400, 0.001 after)
          acc 0.222  trans  None  VALcos 1.000  margin 0.00  POSITION  ROUTED* 1200/2400/end -/-/-
  [ 10/48]   17.9 min  far_gates      far_EMA    seed 164  lr 0.001 (lr 0.001 throughout)
          acc 0.304  trans  None  VALcos 1.000  margin 0.00  KEY  ROUTED* 1200/2400/end -/-/-
  [ 11/48]   18.0 min  far_gates      far_SEL    seed 163  lr 0.001 (lr 0.001 throughout)
          acc 0.322  trans  None  VALcos 1.000  margin 0.00  KEY  ROUTED* 1200/2400/end -/-/-
  [ 12/48]   20.3 min  far_gates      far_SEL    seed 164  lr 0.001 (lr 0.001 throughout)
          acc 0.309  trans  None  VALcos 1.000  margin -0.00  KEY  ROUTED* 1200/2400/end -/-/-
  [ 13/48]   23.2 min  far_gates      far_EMA    seed 165  lr 0.001 (lr 0.001 throughout)
          acc 0.311  trans  None  VALcos 1.000  margin 0.00  KEY  ROUTED* 1200/2400/end -/-/-
  [ 14/48]   23.7 min  far_gates      far_A_slow seed 164  lr 0.001 (gate W_in/W_h/W_g 0.001 throughout; every other parameter 0.0001 for updates 1-2400, 0.001 after)
          acc 0.311  trans  None  VALcos 0.698  margin 0.50  STREAM-PARTIAL  ROUTED* 1200/2400/end -/-/-
  [ 15/48]   25.2 min  far_gates      far_SEL    seed 165  lr 0.001 (lr 0.001 throughout)
          acc 0.318  trans  None  VALcos 1.000  margin -0.00  KEY  ROUTED* 1200/2400/end -/-/-
  [ 16/48]   26.3 min  far_gates      far_A_slow seed 165  lr 0.001 (gate W_in/W_h/W_g 0.001 throughout; every other parameter 0.0001 for updates 1-2400, 0.001 after)
          acc 0.228  trans  None  VALcos 1.000  margin 0.00  POSITION  ROUTED* 1200/2400/end -/-/-
  [ 17/48]   28.7 min  far_gates      far_EMA    seed 166  lr 0.001 (lr 0.001 throughout)
          acc 0.310  trans  None  VALcos 1.000  margin 0.00  KEY  ROUTED* 1200/2400/end -/-/-
#################### RESUME 2026-09-30 17:13:23 UTC — the previous segment was stopped by the session's background time limit; saved runs are reused, missing runs re-run (EXPLORATORY, not a result) ####################
====================================================================================================
EXPLORATORY, NOT A RESULT — batch 3: slow_mem_ext (S7), far_gates (S8), near_check (S9)
  cpu Intel(R) Xeon(R) Processor @ 2.10GHz | torch 2.14.0+cu130 | git d224db9+dirty | python 3.11.15 | torch threads 1
====================================================================================================
  recipe: lr = test_channel_binding.SUB_LR = 0.001 (passed explicitly), MAX_ITERS = test_short_conv.MAX_ITERS = 24000, task P=4 S=2 n_vals=16 n_q=1, 1 torch thread per run
  S7 rule (20 new seeds): promising if b - c >= 4 and McNemar p < 0.1; not if b - c <= 0; else inconclusive (DISCOVERED vs X's arm A)
  S8 rule per arm: promising if DISCOVERED >= 4/10; not if <= 1/10; else inconclusive (batch 2's far_A: 0/10)
  S9 per arm: 'keeps the near case' if DISCOVERED >= X's arm A (4/10) - 1
  ROUTED* = margin >= 0.9 and eta_key_by_stream > 0.9
  order (--order): slow_mem_ext, far_gates, near_check — run_jobs2 queues runs by arm priority, set in memory to 3..1 in this order (the screen files are unchanged)
  repro_check: arm A seed 160, 2400 steps, lr 0.001: BIT-IDENTICAL to X (49s)
    here [[1200, 0.25732421875, 2.1073341369628906], [2400, 0.50244140625, 1.1376346349716187]]
    X    [[1200, 0.25732421875, 2.1073341369628906], [2400, 0.50244140625, 1.1376346349716187]]
  CHECKs skipped (repro check above still run): the screen code is unchanged — no file outside explore_out/ and explore_batch3.py differs from 82ee219, where the full CHECK suite passed (2026-09-30 16:03:15 UTC; its output is earlier in this log). git diff --stat 82ee219:
     explore_out/README.md                 |    2 +-
     explore_out/batch3.log                |  269 ++
     explore_out/batch3_checks.json        |    6 +
     explore_out/far_gates_results.json    | 8475 +++++++++++++++++++++++++++++++++
     explore_out/near_check_results.json   |   67 +
     explore_out/slow_mem_ext_results.json | 5697 ++++++++++++++++++++++
     6 files changed, 14515 insertions(+), 1 deletion(-)
----------------------------------------------------------------------------------------------------
[EXPLORATORY, not a result] SCREEN slow_mem_ext
  idea    S5's slow-memory schedule, unchanged, on 20 new seeds
  source  batch 2's S5 slow_mem (two-timescale training; the race reading)
  change  arm A, one Adam, two groups: gate (W_in, W_h, W_g) 1e-3 throughout; the rest 1e-4 for updates 1-2400, 1e-3 after
  arm SLOW_MEM     lr 0.001  iters 24000  seeds 180-199 (20)  — S5's SLOW_MEM, unchanged; seeds 180-199
                   schedule: gate W_in/W_h/W_g 0.001 throughout; every other parameter 0.0001 for updates 1-2400, 0.001 after
  pairing seeds 180-199, paired with X's recorded arm A (test_short_conv, lr 1e-3; same initial parameters and batches); pool 160-199 with batch 2's S5 records
----------------------------------------------------------------------------------------------------
----------------------------------------------------------------------------------------------------
[EXPLORATORY, not a result] SCREEN far_gates
  idea    gates with memory beyond a window on the header layout: multi-scale EMA, selective (minGRU)
  source  multi-timescale fading memory (e.g. RetNet / S4-style decays); minGRU (Feng et al. 2024); S5's slow-memory schedule
  change  far_EMA, far_SEL: the gate's recurrence (explore_gates); far_A_slow: S5's schedule
  arm far_EMA      lr 0.001  iters 24000  seeds 160-169 (10)  — multi-scale EMA gate (half-lives 1..32), header layout
                   schedule: lr 0.001 throughout
  arm far_SEL      lr 0.001  iters 24000  seeds 160-169 (10)  — selective (minGRU-style) gate, header layout
                   schedule: lr 0.001 throughout
  arm far_A_slow   lr 0.001  iters 24000  seeds 160-169 (10)  — arm A + S5's schedule, header layout
                   schedule: gate W_in/W_h/W_g 0.001 throughout; every other parameter 0.0001 for updates 1-2400, 0.001 after
  pairing seeds 160-169, paired with batch 2's far_A on the same seeds (explore_out/far_cue_results.json; same shared initial parameters, same batches)
----------------------------------------------------------------------------------------------------
----------------------------------------------------------------------------------------------------
[EXPLORATORY, not a result] SCREEN near_check
  idea    S8's EMA and selective gates on the standard grouped task (the near case)
  source  explore_gates (multi-timescale EMA; minGRU, Feng et al. 2024)
  change  the gate's recurrence only (explore_gates); grouped layout, arm A otherwise
  arm EMA_near     lr 0.001  iters 24000  seeds 160-169 (10)  — multi-scale EMA gate, grouped layout
                   schedule: lr 0.001 throughout
  arm SEL_near     lr 0.001  iters 24000  seeds 160-169 (10)  — selective (minGRU-style) gate, grouped layout
                   schedule: lr 0.001 throughout
  pairing seeds 160-169, paired with X's recorded arm A (test_short_conv, lr 1e-3; same shared initial parameters and batches); X's ROUTED* at 2400 from batch 2's ref_a2400
----------------------------------------------------------------------------------------------------
  PROJECTION (worst case: every run to its iters; 100 timed steps per model, 1 thread, this machine):
    slow_mem_ext   SLOW_MEM   20 runs x   7.1 min  (24000 steps x 17.1 ms + 20 evals x 0.9 s)
    far_gates      far_EMA    10 runs x   5.3 min  (24000 steps x 12.7 ms + 20 evals x 0.7 s)
    far_gates      far_SEL    10 runs x   7.3 min  (24000 steps x 17.4 ms + 20 evals x 1.2 s)
    far_gates      far_A_slow 10 runs x   6.8 min  (24000 steps x 16.4 ms + 20 evals x 0.6 s)
    near_check     EMA_near   10 runs x   6.3 min  (24000 steps x 14.9 ms + 20 evals x 0.9 s)
    near_check     SEL_near   10 runs x  10.9 min  (24000 steps x 25.8 ms + 20 evals x 1.8 s)
    total 8.47 h of runs; makespan on 4 workers 2.14 h (worst case)
  31 runs queued on 4 workers (1 torch thread each)
  [  1/31]    5.6 min  far_gates      far_EMA    seed 167  lr 0.001 (lr 0.001 throughout)
          acc 0.328  trans  None  VALcos 1.000  margin 0.00  KEY  ROUTED* 1200/2400/end -/-/-
  [  2/31]    6.2 min  far_gates      far_A_slow seed 166  lr 0.001 (gate W_in/W_h/W_g 0.001 throughout; every other parameter 0.0001 for updates 1-2400, 0.001 after)
          acc 0.230  trans  None  VALcos 1.000  margin -0.00  POSITION  ROUTED* 1200/2400/end -/-/-
  [  3/31]    7.7 min  far_gates      far_SEL    seed 166  lr 0.001 (lr 0.001 throughout)
          acc 0.320  trans  None  VALcos 1.000  margin 0.00  KEY  ROUTED* 1200/2400/end -/-/-
  [  4/31]    7.7 min  far_gates      far_SEL    seed 167  lr 0.001 (lr 0.001 throughout)
          acc 0.497  trans  None  VALcos 1.000  margin 0.00  KEY  ROUTED* 1200/2400/end -/-/-
  [  5/31]   11.7 min  far_gates      far_A_slow seed 167  lr 0.001 (gate W_in/W_h/W_g 0.001 throughout; every other parameter 0.0001 for updates 1-2400, 0.001 after)
          acc 0.230  trans  None  VALcos 1.000  margin -0.01  POSITION  ROUTED* 1200/2400/end -/-/-
  [  6/31]   11.8 min  far_gates      far_EMA    seed 168  lr 0.001 (lr 0.001 throughout)
          acc 0.321  trans  None  VALcos 1.000  margin -0.00  KEY  ROUTED* 1200/2400/end -/-/-
  [  7/31]   13.9 min  far_gates      far_A_slow seed 168  lr 0.001 (gate W_in/W_h/W_g 0.001 throughout; every other parameter 0.0001 for updates 1-2400, 0.001 after)
          acc 0.223  trans  None  VALcos 1.000  margin 0.00  POSITION  ROUTED* 1200/2400/end -/-/-
  [  8/31]   15.2 min  far_gates      far_SEL    seed 168  lr 0.001 (lr 0.001 throughout)
          acc 0.290  trans  None  VALcos 1.000  margin 0.00  KEY  ROUTED* 1200/2400/end -/-/-
  [  9/31]   17.2 min  far_gates      far_EMA    seed 169  lr 0.001 (lr 0.001 throughout)
          acc 0.396  trans  None  VALcos 1.000  margin 0.00  KEY  ROUTED* 1200/2400/end -/-/-
  [ 10/31]   19.2 min  far_gates      far_SEL    seed 169  lr 0.001 (lr 0.001 throughout)
          acc 0.291  trans  None  VALcos 1.000  margin 0.00  KEY  ROUTED* 1200/2400/end -/-/-
  [ 11/31]   19.9 min  far_gates      far_A_slow seed 169  lr 0.001 (gate W_in/W_h/W_g 0.001 throughout; every other parameter 0.0001 for updates 1-2400, 0.001 after)
          acc 0.219  trans  None  VALcos 1.000  margin 0.00  POSITION  ROUTED* 1200/2400/end -/-/-
  [ 12/31]   21.8 min  near_check     EMA_near   seed 160  lr 0.001 (lr 0.001 throughout)
          acc 0.497  trans  None  VALcos 1.000  margin -0.00  KEY  ROUTED* 1200/2400/end -/-/-
  [ 13/31]   25.7 min  near_check     EMA_near   seed 161  lr 0.001 (lr 0.001 throughout)
          acc 0.510  trans  None  VALcos 1.000  margin -0.00  KEY  ROUTED* 1200/2400/end -/-/-
  [ 14/31]   27.3 min  near_check     SEL_near   seed 160  lr 0.001 (lr 0.001 throughout)
          acc 0.507  trans  None  VALcos 1.000  margin -0.00  KEY  ROUTED* 1200/2400/end -/-/-
  [ 15/31]   28.4 min  near_check     EMA_near   seed 162  lr 0.001 (lr 0.001 throughout)
          acc 0.493  trans  None  VALcos 1.000  margin 0.00  KEY  ROUTED* 1200/2400/end -/-/-
#################### RESUME 2026-09-30 17:53:08 UTC — the previous segment was stopped by the session's background time limit; saved runs are reused, missing runs re-run (EXPLORATORY, not a result) ####################
====================================================================================================
EXPLORATORY, NOT A RESULT — batch 3: slow_mem_ext (S7), far_gates (S8), near_check (S9)
  cpu Intel(R) Xeon(R) Processor @ 2.10GHz | torch 2.14.0+cu130 | git b3f4d11+dirty | python 3.11.15 | torch threads 1
====================================================================================================
  recipe: lr = test_channel_binding.SUB_LR = 0.001 (passed explicitly), MAX_ITERS = test_short_conv.MAX_ITERS = 24000, task P=4 S=2 n_vals=16 n_q=1, 1 torch thread per run
  S7 rule (20 new seeds): promising if b - c >= 4 and McNemar p < 0.1; not if b - c <= 0; else inconclusive (DISCOVERED vs X's arm A)
  S8 rule per arm: promising if DISCOVERED >= 4/10; not if <= 1/10; else inconclusive (batch 2's far_A: 0/10)
  S9 per arm: 'keeps the near case' if DISCOVERED >= X's arm A (4/10) - 1
  ROUTED* = margin >= 0.9 and eta_key_by_stream > 0.9
  order (--order): slow_mem_ext, far_gates, near_check — run_jobs2 queues runs by arm priority, set in memory to 3..1 in this order (the screen files are unchanged)
  repro_check: arm A seed 160, 2400 steps, lr 0.001: BIT-IDENTICAL to X (47s)
    here [[1200, 0.25732421875, 2.1073341369628906], [2400, 0.50244140625, 1.1376346349716187]]
    X    [[1200, 0.25732421875, 2.1073341369628906], [2400, 0.50244140625, 1.1376346349716187]]
  CHECKs skipped (repro check above still run): the screen code is unchanged — no file outside explore_out/ and explore_batch3.py differs from 82ee219, where the full CHECK suite passed (2026-09-30 16:03:15 UTC; its output is earlier in this log). git diff --stat 82ee219:
     explore_out/README.md                 |     2 +-
     explore_out/batch3.log                |   363 +
     explore_out/batch3_checks.json        |     6 +
     explore_out/far_gates_results.json    | 13326 ++++++++++++++++++++++++++++++++
     explore_out/near_check_results.json   |  1832 +++++
     explore_out/slow_mem_ext_results.json |  5697 ++++++++++++++
     6 files changed, 21225 insertions(+), 1 deletion(-)
----------------------------------------------------------------------------------------------------
[EXPLORATORY, not a result] SCREEN slow_mem_ext
  idea    S5's slow-memory schedule, unchanged, on 20 new seeds
  source  batch 2's S5 slow_mem (two-timescale training; the race reading)
  change  arm A, one Adam, two groups: gate (W_in, W_h, W_g) 1e-3 throughout; the rest 1e-4 for updates 1-2400, 1e-3 after
  arm SLOW_MEM     lr 0.001  iters 24000  seeds 180-199 (20)  — S5's SLOW_MEM, unchanged; seeds 180-199
                   schedule: gate W_in/W_h/W_g 0.001 throughout; every other parameter 0.0001 for updates 1-2400, 0.001 after
  pairing seeds 180-199, paired with X's recorded arm A (test_short_conv, lr 1e-3; same initial parameters and batches); pool 160-199 with batch 2's S5 records
----------------------------------------------------------------------------------------------------
----------------------------------------------------------------------------------------------------
[EXPLORATORY, not a result] SCREEN far_gates
  idea    gates with memory beyond a window on the header layout: multi-scale EMA, selective (minGRU)
  source  multi-timescale fading memory (e.g. RetNet / S4-style decays); minGRU (Feng et al. 2024); S5's slow-memory schedule
  change  far_EMA, far_SEL: the gate's recurrence (explore_gates); far_A_slow: S5's schedule
  arm far_EMA      lr 0.001  iters 24000  seeds 160-169 (10)  — multi-scale EMA gate (half-lives 1..32), header layout
                   schedule: lr 0.001 throughout
  arm far_SEL      lr 0.001  iters 24000  seeds 160-169 (10)  — selective (minGRU-style) gate, header layout
                   schedule: lr 0.001 throughout
  arm far_A_slow   lr 0.001  iters 24000  seeds 160-169 (10)  — arm A + S5's schedule, header layout
                   schedule: gate W_in/W_h/W_g 0.001 throughout; every other parameter 0.0001 for updates 1-2400, 0.001 after
  pairing seeds 160-169, paired with batch 2's far_A on the same seeds (explore_out/far_cue_results.json; same shared initial parameters, same batches)
----------------------------------------------------------------------------------------------------
----------------------------------------------------------------------------------------------------
[EXPLORATORY, not a result] SCREEN near_check
  idea    S8's EMA and selective gates on the standard grouped task (the near case)
  source  explore_gates (multi-timescale EMA; minGRU, Feng et al. 2024)
  change  the gate's recurrence only (explore_gates); grouped layout, arm A otherwise
  arm EMA_near     lr 0.001  iters 24000  seeds 160-169 (10)  — multi-scale EMA gate, grouped layout
                   schedule: lr 0.001 throughout
  arm SEL_near     lr 0.001  iters 24000  seeds 160-169 (10)  — selective (minGRU-style) gate, grouped layout
                   schedule: lr 0.001 throughout
  pairing seeds 160-169, paired with X's recorded arm A (test_short_conv, lr 1e-3; same shared initial parameters and batches); X's ROUTED* at 2400 from batch 2's ref_a2400
----------------------------------------------------------------------------------------------------
  PROJECTION (worst case: every run to its iters; 100 timed steps per model, 1 thread, this machine):
    slow_mem_ext   SLOW_MEM   20 runs x   7.6 min  (24000 steps x 18.1 ms + 20 evals x 1.1 s)
    far_gates      far_EMA    10 runs x   5.1 min  (24000 steps x 12.3 ms + 20 evals x 0.6 s)
    far_gates      far_SEL    10 runs x   6.4 min  (24000 steps x 15.2 ms + 20 evals x 1.0 s)
    far_gates      far_A_slow 10 runs x   5.5 min  (24000 steps x 13.3 ms + 20 evals x 0.6 s)
    near_check     EMA_near   10 runs x   6.1 min  (24000 steps x 14.7 ms + 20 evals x 0.8 s)
    near_check     SEL_near   10 runs x   9.7 min  (24000 steps x 22.8 ms + 20 evals x 1.8 s)
    total 8.02 h of runs; makespan on 4 workers 2.05 h (worst case)
  16 runs queued on 4 workers (1 torch thread each)
  [  1/16]    6.4 min  near_check     EMA_near   seed 163  lr 0.001 (lr 0.001 throughout)
          acc 0.292  trans  None  VALcos 1.000  margin -0.00  KEY  ROUTED* 1200/2400/end -/-/-
  [  2/16]    9.9 min  near_check     SEL_near   seed 163  lr 0.001 (lr 0.001 throughout)
          acc 0.613  trans  None  VALcos 0.894  margin 0.27  STREAM-PARTIAL  ROUTED* 1200/2400/end -/-/-
  [  3/16]    9.9 min  near_check     SEL_near   seed 162  lr 0.001 (lr 0.001 throughout)
          acc 0.483  trans  None  VALcos 1.000  margin -0.00  KEY  ROUTED* 1200/2400/end -/-/-
  [  4/16]   10.0 min  near_check     SEL_near   seed 161  lr 0.001 (lr 0.001 throughout)
          acc 0.524  trans  None  VALcos 1.000  margin -0.00  KEY  ROUTED* 1200/2400/end -/-/-
  [  5/16]   13.0 min  near_check     EMA_near   seed 164  lr 0.001 (lr 0.001 throughout)
          acc 0.501  trans  None  VALcos 1.000  margin -0.00  KEY  ROUTED* 1200/2400/end -/-/-
  [  6/16]   16.4 min  near_check     EMA_near   seed 165  lr 0.001 (lr 0.001 throughout)
          acc 0.509  trans  None  VALcos 1.000  margin 0.00  KEY  ROUTED* 1200/2400/end -/-/-
  [  7/16]   19.4 min  near_check     EMA_near   seed 166  lr 0.001 (lr 0.001 throughout)
          acc 0.495  trans  None  VALcos 1.000  margin 0.00  KEY  ROUTED* 1200/2400/end -/-/-
  [  8/16]   19.9 min  near_check     SEL_near   seed 164  lr 0.001 (lr 0.001 throughout)
          acc 0.737  trans  None  VALcos 0.601  margin 0.46  STREAM-PARTIAL  ROUTED* 1200/2400/end -/-/-
  [  9/16]   20.2 min  near_check     SEL_near   seed 165  lr 0.001 (lr 0.001 throughout)
          acc 0.617  trans  None  VALcos 0.910  margin 0.23  KEY  ROUTED* 1200/2400/end -/-/-
  [ 10/16]   26.0 min  near_check     EMA_near   seed 167  lr 0.001 (lr 0.001 throughout)
          acc 0.497  trans  None  VALcos 1.000  margin -0.00  KEY  ROUTED* 1200/2400/end -/-/-
  [ 11/16]   26.4 min  near_check     SEL_near   seed 166  lr 0.001 (lr 0.001 throughout)
          acc 0.504  trans  None  VALcos 1.000  margin 0.00  KEY  ROUTED* 1200/2400/end -/-/-
  [ 12/16]   26.9 min  near_check     EMA_near   seed 168  lr 0.001 (lr 0.001 throughout)
          acc 0.740  trans  None  VALcos 0.600  margin 0.49  STREAM-PARTIAL  ROUTED* 1200/2400/end -/-/-
#################### RESUME 2026-09-30 18:32:58 UTC — the previous segment was stopped by the session's background time limit; saved runs are reused, missing runs re-run (EXPLORATORY, not a result) ####################
====================================================================================================
EXPLORATORY, NOT A RESULT — batch 3: slow_mem_ext (S7), far_gates (S8), near_check (S9)
  cpu Intel(R) Xeon(R) Processor @ 2.10GHz | torch 2.14.0+cu130 | git b19e5ce+dirty | python 3.11.15 | torch threads 1
====================================================================================================
  recipe: lr = test_channel_binding.SUB_LR = 0.001 (passed explicitly), MAX_ITERS = test_short_conv.MAX_ITERS = 24000, task P=4 S=2 n_vals=16 n_q=1, 1 torch thread per run
  S7 rule (20 new seeds): promising if b - c >= 4 and McNemar p < 0.1; not if b - c <= 0; else inconclusive (DISCOVERED vs X's arm A)
  S8 rule per arm: promising if DISCOVERED >= 4/10; not if <= 1/10; else inconclusive (batch 2's far_A: 0/10)
  S9 per arm: 'keeps the near case' if DISCOVERED >= X's arm A (4/10) - 1
  ROUTED* = margin >= 0.9 and eta_key_by_stream > 0.9
  order (--order): slow_mem_ext, far_gates, near_check — run_jobs2 queues runs by arm priority, set in memory to 3..1 in this order (the screen files are unchanged)
  repro_check: arm A seed 160, 2400 steps, lr 0.001: BIT-IDENTICAL to X (46s)
    here [[1200, 0.25732421875, 2.1073341369628906], [2400, 0.50244140625, 1.1376346349716187]]
    X    [[1200, 0.25732421875, 2.1073341369628906], [2400, 0.50244140625, 1.1376346349716187]]
  CHECKs skipped (repro check above still run): the screen code is unchanged — no file outside explore_out/ and explore_batch3.py differs from 82ee219, where the full CHECK suite passed (2026-09-30 16:03:15 UTC; its output is earlier in this log). git diff --stat 82ee219:
     explore_out/README.md                 |     2 +-
     explore_out/batch3.log                |   451 ++
     explore_out/batch3_checks.json        |     6 +
     explore_out/far_gates_results.json    | 13326 ++++++++++++++++++++++++++++++++
     explore_out/near_check_results.json   |  7124 +++++++++++++++++
     explore_out/slow_mem_ext_results.json |  5697 ++++++++++++++
     6 files changed, 26605 insertions(+), 1 deletion(-)
----------------------------------------------------------------------------------------------------
[EXPLORATORY, not a result] SCREEN slow_mem_ext
  idea    S5's slow-memory schedule, unchanged, on 20 new seeds
  source  batch 2's S5 slow_mem (two-timescale training; the race reading)
  change  arm A, one Adam, two groups: gate (W_in, W_h, W_g) 1e-3 throughout; the rest 1e-4 for updates 1-2400, 1e-3 after
  arm SLOW_MEM     lr 0.001  iters 24000  seeds 180-199 (20)  — S5's SLOW_MEM, unchanged; seeds 180-199
                   schedule: gate W_in/W_h/W_g 0.001 throughout; every other parameter 0.0001 for updates 1-2400, 0.001 after
  pairing seeds 180-199, paired with X's recorded arm A (test_short_conv, lr 1e-3; same initial parameters and batches); pool 160-199 with batch 2's S5 records
----------------------------------------------------------------------------------------------------
----------------------------------------------------------------------------------------------------
[EXPLORATORY, not a result] SCREEN far_gates
  idea    gates with memory beyond a window on the header layout: multi-scale EMA, selective (minGRU)
  source  multi-timescale fading memory (e.g. RetNet / S4-style decays); minGRU (Feng et al. 2024); S5's slow-memory schedule
  change  far_EMA, far_SEL: the gate's recurrence (explore_gates); far_A_slow: S5's schedule
  arm far_EMA      lr 0.001  iters 24000  seeds 160-169 (10)  — multi-scale EMA gate (half-lives 1..32), header layout
                   schedule: lr 0.001 throughout
  arm far_SEL      lr 0.001  iters 24000  seeds 160-169 (10)  — selective (minGRU-style) gate, header layout
                   schedule: lr 0.001 throughout
  arm far_A_slow   lr 0.001  iters 24000  seeds 160-169 (10)  — arm A + S5's schedule, header layout
                   schedule: gate W_in/W_h/W_g 0.001 throughout; every other parameter 0.0001 for updates 1-2400, 0.001 after
  pairing seeds 160-169, paired with batch 2's far_A on the same seeds (explore_out/far_cue_results.json; same shared initial parameters, same batches)
----------------------------------------------------------------------------------------------------
----------------------------------------------------------------------------------------------------
[EXPLORATORY, not a result] SCREEN near_check
  idea    S8's EMA and selective gates on the standard grouped task (the near case)
  source  explore_gates (multi-timescale EMA; minGRU, Feng et al. 2024)
  change  the gate's recurrence only (explore_gates); grouped layout, arm A otherwise
  arm EMA_near     lr 0.001  iters 24000  seeds 160-169 (10)  — multi-scale EMA gate, grouped layout
                   schedule: lr 0.001 throughout
  arm SEL_near     lr 0.001  iters 24000  seeds 160-169 (10)  — selective (minGRU-style) gate, grouped layout
                   schedule: lr 0.001 throughout
  pairing seeds 160-169, paired with X's recorded arm A (test_short_conv, lr 1e-3; same shared initial parameters and batches); X's ROUTED* at 2400 from batch 2's ref_a2400
----------------------------------------------------------------------------------------------------
  PROJECTION (worst case: every run to its iters; 100 timed steps per model, 1 thread, this machine):
    slow_mem_ext   SLOW_MEM   20 runs x   6.7 min  (24000 steps x 16.1 ms + 20 evals x 0.8 s)
    far_gates      far_EMA    10 runs x   5.0 min  (24000 steps x 12.1 ms + 20 evals x 0.7 s)
    far_gates      far_SEL    10 runs x   7.1 min  (24000 steps x 16.7 ms + 20 evals x 1.1 s)
    far_gates      far_A_slow 10 runs x   5.6 min  (24000 steps x 13.5 ms + 20 evals x 0.6 s)
    near_check     EMA_near   10 runs x   6.2 min  (24000 steps x 14.9 ms + 20 evals x 0.8 s)
    near_check     SEL_near   10 runs x   8.9 min  (24000 steps x 21.0 ms + 20 evals x 1.6 s)
    total 7.73 h of runs; makespan on 4 workers 1.96 h (worst case)
  4 runs queued on 4 workers (1 torch thread each)
  [  1/4]    6.7 min  near_check     EMA_near   seed 169  lr 0.001 (lr 0.001 throughout)
          acc 0.409  trans  None  VALcos 1.000  margin -0.00  KEY  ROUTED* 1200/2400/end -/-/-
  [  2/4]   10.3 min  near_check     SEL_near   seed 169  lr 0.001 (lr 0.001 throughout)
          acc 0.505  trans  None  VALcos 1.000  margin 0.00  KEY  ROUTED* 1200/2400/end -/-/-
  [  3/4]   10.3 min  near_check     SEL_near   seed 168  lr 0.001 (lr 0.001 throughout)
          acc 0.502  trans  None  VALcos 1.000  margin 0.00  KEY  ROUTED* 1200/2400/end -/-/-
  [  4/4]   10.3 min  near_check     SEL_near   seed 167  lr 0.001 (lr 0.001 throughout)
          acc 0.506  trans  None  VALcos 1.000  margin 0.00  KEY  ROUTED* 1200/2400/end -/-/-
  batch wall clock 10.3 min (this segment)
####################################################################################################
REPORTS — EXPLORATORY, not a result
####################################################################################################
----------------------------------------------------------------------------------------------------
[EXPLORATORY, not a result] SCREEN slow_mem_ext
  idea    S5's slow-memory schedule, unchanged, on 20 new seeds
  source  batch 2's S5 slow_mem (two-timescale training; the race reading)
  change  arm A, one Adam, two groups: gate (W_in, W_h, W_g) 1e-3 throughout; the rest 1e-4 for updates 1-2400, 1e-3 after
  arm SLOW_MEM     lr 0.001  iters 24000  seeds 180-199 (20)  — S5's SLOW_MEM, unchanged; seeds 180-199
                   schedule: gate W_in/W_h/W_g 0.001 throughout; every other parameter 0.0001 for updates 1-2400, 0.001 after
  pairing seeds 180-199, paired with X's recorded arm A (test_short_conv, lr 1e-3; same initial parameters and batches); pool 160-199 with batch 2's S5 records
----------------------------------------------------------------------------------------------------
  per seed  (ROUTED* = margin >= 0.9 and eta_key_by_stream > 0.9, at 1200/2400/3600/end; X columns are X's test_short_conv runs at lr 0.001):
   arm SLOW_MEM (lr 0.001; gate W_in/W_h/W_g 0.001 throughout; every other parameter 0.0001 for updates 1-2400, 0.001 after)
    seed    acc  trans  VALcos margin      eta key s/k/h/i  ROUTED*  outcome         X A             X A_conv         X A ROUTED* 1200/2400/3600/end
     180  0.396   None   1.000  -0.00  0.00/0.00/0.78/1.00  -/-/-/-  POSITION        POSITION        POSITION         -/?/?/-
     181  1.000   3600   0.001   1.00  1.00/0.00/0.00/0.00  Y/Y/Y/Y  DISCOVERED      DISCOVERED      DISCOVERED       Y/?/?/Y
     182  1.000   3600   0.001   1.00  1.00/0.00/0.00/0.00  Y/Y/Y/Y  DISCOVERED      DISCOVERED      DISCOVERED       Y/?/?/Y
     183  1.000   2400   0.000   1.00  1.00/0.00/0.00/0.00  Y/Y/Y/Y  DISCOVERED      DISCOVERED      DISCOVERED       Y/?/?/Y
     184  1.000   3600   0.000   1.00  1.00/0.00/0.00/0.00  Y/Y/Y/Y  DISCOVERED      POSITION        DISCOVERED       -/?/?/-
     185  1.000   2400   0.001   1.00  1.00/0.00/0.00/0.01  Y/Y/Y/Y  DISCOVERED      KEY             DISCOVERED       -/?/?/-
     186  1.000   3600   0.000   1.00  1.00/0.00/0.00/0.00  Y/Y/Y/Y  DISCOVERED      KEY             BOUND unrouted   -/?/?/-
     187  0.521   None   1.000   0.00  0.00/1.00/0.00/0.00  -/-/-/-  KEY             POSITION        DISCOVERED       -/?/?/-
     188  1.000   2400   0.000   1.00  1.00/0.00/0.00/0.00  Y/Y/Y/Y  DISCOVERED      KEY             BOUND unrouted   -/?/?/-
     189  0.480   None   1.000   0.00  0.00/1.00/0.00/0.00  -/-/-/-  KEY             KEY             POSITION         -/?/?/-
     190  0.501   None   1.000  -0.01  0.00/0.00/0.21/1.00  -/-/-/-  POSITION        POSITION        POSITION         -/?/?/-
     191  1.000   2400   0.000   1.00  1.00/0.00/0.00/0.00  Y/Y/Y/Y  DISCOVERED      POSITION        POSITION         -/?/?/-
     192  0.498   None   1.000  -0.00  0.00/0.00/0.00/0.25  -/-/-/-  OTHER           DISCOVERED      DISCOVERED       Y/?/?/Y
     193  0.497   None   1.000  -0.00  0.00/1.00/0.00/0.01  -/-/-/-  KEY             KEY             BOUND unrouted   -/?/?/-
     194  1.000   2400   0.001   1.00  1.00/0.00/0.00/0.00  Y/Y/Y/Y  DISCOVERED      POSITION        BOUND unrouted   -/?/?/-
     195  1.000   2400   0.001   1.00  1.00/0.00/0.00/0.00  Y/Y/Y/Y  DISCOVERED      POSITION        DISCOVERED       -/?/?/-
     196  1.000   3600   0.001   1.00  1.00/0.00/0.00/0.00  -/Y/Y/Y  DISCOVERED      POSITION        POSITION         -/?/?/-
     197  0.488   None   0.998   0.01  0.00/0.00/0.08/0.99  -/-/-/-  POSITION        DISCOVERED      POSITION         Y/?/?/Y
     198  1.000   2400   0.001   1.00  1.00/0.00/0.00/0.00  Y/Y/Y/Y  DISCOVERED      POSITION        POSITION         -/?/?/-
     199  0.402   None   1.000   0.00  0.00/0.00/0.97/1.00  -/-/-/-  POSITION        POSITION        POSITION         -/?/?/-
  paired with X's arm A on the new seeds (same seeds, initial parameters and batches):
    DISCOVERED  SLOW_MEM       12/20   X A  5/20   SLOW_MEM only 9, A only 2, McNemar two-sided p = 0.0654
    BOUND       SLOW_MEM       12/20   X A  5/20   SLOW_MEM only 9, A only 2, McNemar two-sided p = 0.0654
    ROUTED*@1200  SLOW_MEM   11/20   X A  5/20   SLOW_MEM only 8, A only 2, McNemar two-sided p = 0.109   [X A from X record]
    ROUTED*@end   SLOW_MEM   12/20   X A  5/20   SLOW_MEM only 9, A only 2, McNemar two-sided p = 0.0654   [X A from X record]
    failures SLOW_MEM {'POSITION': 4, 'KEY': 3, 'OTHER': 1}   X arm A {'POSITION': 10, 'KEY': 5}
  POOL, seeds 160-199 (batch 2's S5: 20 runs from slow_mem_results.json; S7: 20 runs):
    DISCOVERED  SLOW_MEM       24/40   X A 12/40   SLOW_MEM only 15, A only 3, McNemar two-sided p = 0.00754
    ROUTED*@1200  SLOW_MEM   23/40   X A 11/40   SLOW_MEM only 15, A only 3, McNemar two-sided p = 0.00754   [X A from X record]
    failures SLOW_MEM {'POSITION': 11, 'OTHER': 2, 'KEY': 3}   X arm A {'KEY': 9, 'POSITION': 18, 'OTHER': 1}   (over the 40 pool seeds run)
  VERDICT slow_mem_ext (20 new seeds): promising  [EXPLORATORY, not a result]

----------------------------------------------------------------------------------------------------
[EXPLORATORY, not a result] SCREEN far_gates
  idea    gates with memory beyond a window on the header layout: multi-scale EMA, selective (minGRU)
  source  multi-timescale fading memory (e.g. RetNet / S4-style decays); minGRU (Feng et al. 2024); S5's slow-memory schedule
  change  far_EMA, far_SEL: the gate's recurrence (explore_gates); far_A_slow: S5's schedule
  arm far_EMA      lr 0.001  iters 24000  seeds 160-169 (10)  — multi-scale EMA gate (half-lives 1..32), header layout
                   schedule: lr 0.001 throughout
  arm far_SEL      lr 0.001  iters 24000  seeds 160-169 (10)  — selective (minGRU-style) gate, header layout
                   schedule: lr 0.001 throughout
  arm far_A_slow   lr 0.001  iters 24000  seeds 160-169 (10)  — arm A + S5's schedule, header layout
                   schedule: gate W_in/W_h/W_g 0.001 throughout; every other parameter 0.0001 for updates 1-2400, 0.001 after
  pairing seeds 160-169, paired with batch 2's far_A on the same seeds (explore_out/far_cue_results.json; same shared initial parameters, same batches)
----------------------------------------------------------------------------------------------------
  per seed (ROUTED* = margin >= 0.9 and eta_key_by_stream > 0.9, at 1200/2400/3600/end; b2 columns are batch 2's far_A and far_L3 on the same seeds):
   arm far_EMA (lr 0.001; lr 0.001 throughout)
    seed    acc  trans  VALcos margin      eta key s/k/h/i  ROUTED*  outcome         b2 far_A        b2 far_L3      
     160  0.406   None   1.000  -0.00  0.00/1.00/0.00/0.00  -/-/-/-  KEY             POSITION        OTHER          
     161  0.412   None   1.000  -0.00  0.00/1.00/0.00/0.00  -/-/-/-  KEY             POSITION        POSITION       
     162  0.645   None   1.000  -0.00  0.00/1.00/0.00/0.00  -/-/-/-  KEY             POSITION        BOUND unrouted 
     163  0.328   None   1.000   0.00  0.00/1.00/0.00/0.01  -/-/-/-  KEY             POSITION        BOUND unrouted 
     164  0.304   None   1.000   0.00  0.00/1.00/0.00/0.00  -/-/-/-  KEY             OTHER           POSITION       
     165  0.311   None   1.000   0.00  0.00/1.00/0.00/0.00  -/-/-/-  KEY             STREAM-PARTIAL  KEY            
     166  0.310   None   1.000   0.00  0.00/1.00/0.00/0.00  -/-/-/-  KEY             STREAM-PARTIAL  KEY            
     167  0.328   None   1.000   0.00  0.00/1.00/0.00/0.00  -/-/-/-  KEY             OTHER           OTHER          
     168  0.321   None   1.000  -0.00  0.00/1.00/0.00/0.00  -/-/-/-  KEY             OTHER           KEY            
     169  0.396   None   1.000   0.00  0.00/1.00/0.00/0.00  -/-/-/-  KEY             POSITION        OTHER          
   arm far_SEL (lr 0.001; lr 0.001 throughout)
    seed    acc  trans  VALcos margin      eta key s/k/h/i  ROUTED*  outcome         b2 far_A        b2 far_L3      
     160  0.311   None   1.000  -0.00  0.00/1.00/0.00/0.00  -/-/-/-  KEY             POSITION        OTHER          
     161  0.303   None   1.000   0.00  0.00/1.00/0.00/0.00  -/-/-/-  KEY             POSITION        POSITION       
     162  0.440   None   1.000  -0.00  0.00/1.00/0.00/0.00  -/-/-/-  KEY             POSITION        BOUND unrouted 
     163  0.322   None   1.000   0.00  0.00/1.00/0.00/0.01  -/-/-/-  KEY             POSITION        BOUND unrouted 
     164  0.309   None   1.000  -0.00  0.00/1.00/0.00/0.00  -/-/-/-  KEY             OTHER           POSITION       
     165  0.318   None   1.000  -0.00  0.00/1.00/0.00/0.00  -/-/-/-  KEY             STREAM-PARTIAL  KEY            
     166  0.320   None   1.000   0.00  0.00/1.00/0.00/0.00  -/-/-/-  KEY             STREAM-PARTIAL  KEY            
     167  0.497   None   1.000   0.00  0.00/1.00/0.00/0.00  -/-/-/-  KEY             OTHER           OTHER          
     168  0.290   None   1.000   0.00  0.00/1.00/0.00/0.00  -/-/-/-  KEY             OTHER           KEY            
     169  0.291   None   1.000   0.00  0.00/1.00/0.00/0.00  -/-/-/-  KEY             POSITION        OTHER          
   arm far_A_slow (lr 0.001; gate W_in/W_h/W_g 0.001 throughout; every other parameter 0.0001 for updates 1-2400, 0.001 after)
    seed    acc  trans  VALcos margin      eta key s/k/h/i  ROUTED*  outcome         b2 far_A        b2 far_L3      
     160  0.241   None   1.000   0.00  0.00/0.00/0.11/0.76  -/-/-/-  POSITION        POSITION        OTHER          
     161  0.401   None   1.000   0.00  0.00/1.00/0.00/0.00  -/-/-/-  KEY             POSITION        POSITION       
     162  0.221   None   1.000  -0.00  0.00/0.00/0.13/0.95  -/-/-/-  POSITION        POSITION        BOUND unrouted 
     163  0.222   None   1.000   0.00  0.00/0.00/0.21/0.98  -/-/-/-  POSITION        POSITION        BOUND unrouted 
     164  0.311   None   0.698   0.50  0.20/0.00/0.22/0.29  -/-/-/-  STREAM-PARTIAL  OTHER           POSITION       
     165  0.228   None   1.000   0.00  0.00/0.00/0.01/1.00  -/-/-/-  POSITION        STREAM-PARTIAL  KEY            
     166  0.230   None   1.000  -0.00  0.00/0.00/0.10/0.69  -/-/-/-  POSITION        STREAM-PARTIAL  KEY            
     167  0.230   None   1.000  -0.01  0.00/0.00/0.03/1.00  -/-/-/-  POSITION        OTHER           OTHER          
     168  0.223   None   1.000   0.00  0.00/0.00/0.15/0.83  -/-/-/-  POSITION        OTHER           KEY            
     169  0.219   None   1.000   0.00  0.02/0.00/0.14/0.73  -/-/-/-  POSITION        POSITION        OTHER          
  batch 2's far_A on seeds 160-169: DISCOVERED 0/10, bound 0/10
    far_EMA    DISCOVERED 0/10   bound 0/10   ROUTED*@1200 0/10   ROUTED*@end 0/10   failures {'KEY': 10}   vs b2 far_A (DISCOVERED): far_EMA only 0, far_A only 0, McNemar p = 1
    far_SEL    DISCOVERED 0/10   bound 0/10   ROUTED*@1200 0/10   ROUTED*@end 0/10   failures {'KEY': 10}   vs b2 far_A (DISCOVERED): far_SEL only 0, far_A only 0, McNemar p = 1
    far_A_slow DISCOVERED 0/10   bound 0/10   ROUTED*@1200 0/10   ROUTED*@end 0/10   failures {'POSITION': 8, 'KEY': 1, 'STREAM-PARTIAL': 1}   vs b2 far_A (DISCOVERED): far_A_slow only 0, far_A only 0, McNemar p = 1
  VERDICT far_gates far_EMA: not (DISCOVERED 0/10)  [EXPLORATORY, not a result]
  VERDICT far_gates far_SEL: not (DISCOVERED 0/10)  [EXPLORATORY, not a result]
  VERDICT far_gates far_A_slow: not (DISCOVERED 0/10)  [EXPLORATORY, not a result]

----------------------------------------------------------------------------------------------------
[EXPLORATORY, not a result] SCREEN near_check
  idea    S8's EMA and selective gates on the standard grouped task (the near case)
  source  explore_gates (multi-timescale EMA; minGRU, Feng et al. 2024)
  change  the gate's recurrence only (explore_gates); grouped layout, arm A otherwise
  arm EMA_near     lr 0.001  iters 24000  seeds 160-169 (10)  — multi-scale EMA gate, grouped layout
                   schedule: lr 0.001 throughout
  arm SEL_near     lr 0.001  iters 24000  seeds 160-169 (10)  — selective (minGRU-style) gate, grouped layout
                   schedule: lr 0.001 throughout
  pairing seeds 160-169, paired with X's recorded arm A (test_short_conv, lr 1e-3; same shared initial parameters and batches); X's ROUTED* at 2400 from batch 2's ref_a2400
----------------------------------------------------------------------------------------------------
  per seed  (ROUTED* = margin >= 0.9 and eta_key_by_stream > 0.9, at 1200/2400/3600/end; X columns are X's test_short_conv runs at lr 0.001):
   arm EMA_near (lr 0.001; lr 0.001 throughout)
    seed    acc  trans  VALcos margin      eta key s/k/h/i  ROUTED*  outcome         X A             X A_conv         X A ROUTED* 1200/2400/3600/end
     160  0.497   None   1.000  -0.00  0.00/1.00/0.00/0.00  -/-/-/-  KEY             KEY             DISCOVERED       -/-/?/-
     161  0.510   None   1.000  -0.00  0.00/1.00/0.00/0.00  -/-/-/-  KEY             KEY             POSITION         -/-/?/-
     162  0.493   None   1.000   0.00  0.00/1.00/0.00/0.00  -/-/-/-  KEY             POSITION        POSITION         -/-/?/-
     163  0.292   None   1.000  -0.00  0.00/1.00/0.00/0.01  -/-/-/-  KEY             DISCOVERED      DISCOVERED       -/-/?/Y
     164  0.501   None   1.000  -0.00  0.00/1.00/0.00/0.00  -/-/-/-  KEY             DISCOVERED      DISCOVERED       Y/Y/?/Y
     165  0.509   None   1.000   0.00  0.00/1.00/0.00/0.00  -/-/-/-  KEY             DISCOVERED      POSITION         Y/Y/?/Y
     166  0.495   None   1.000   0.00  0.00/1.00/0.00/0.00  -/-/-/-  KEY             KEY             BOUND unrouted   -/-/?/-
     167  0.497   None   1.000  -0.00  0.00/1.00/0.00/0.00  -/-/-/-  KEY             KEY             DISCOVERED       -/-/?/-
     168  0.740   None   0.600   0.49  0.25/0.50/0.00/0.00  -/-/-/-  STREAM-PARTIAL  POSITION        DISCOVERED       -/-/?/-
     169  0.409   None   1.000  -0.00  0.00/1.00/0.00/0.00  -/-/-/-  KEY             DISCOVERED      DISCOVERED       Y/Y/?/Y
   arm SEL_near (lr 0.001; lr 0.001 throughout)
    seed    acc  trans  VALcos margin      eta key s/k/h/i  ROUTED*  outcome         X A             X A_conv         X A ROUTED* 1200/2400/3600/end
     160  0.507   None   1.000  -0.00  0.00/1.00/0.00/0.00  -/-/-/-  KEY             KEY             DISCOVERED       -/-/?/-
     161  0.524   None   1.000  -0.00  0.00/1.00/0.00/0.00  -/-/-/-  KEY             KEY             POSITION         -/-/?/-
     162  0.483   None   1.000  -0.00  0.00/1.00/0.00/0.00  -/-/-/-  KEY             POSITION        POSITION         -/-/?/-
     163  0.613   None   0.894   0.27  0.07/0.73/0.00/0.01  -/-/-/-  STREAM-PARTIAL  DISCOVERED      DISCOVERED       -/-/?/Y
     164  0.737   None   0.601   0.46  0.25/0.50/0.01/0.01  -/-/-/-  STREAM-PARTIAL  DISCOVERED      DISCOVERED       Y/Y/?/Y
     165  0.617   None   0.910   0.23  0.07/0.73/0.00/0.00  -/-/-/-  KEY             DISCOVERED      POSITION         Y/Y/?/Y
     166  0.504   None   1.000   0.00  0.00/1.00/0.00/0.00  -/-/-/-  KEY             KEY             BOUND unrouted   -/-/?/-
     167  0.506   None   1.000   0.00  0.00/1.00/0.00/0.00  -/-/-/-  KEY             KEY             DISCOVERED       -/-/?/-
     168  0.502   None   1.000   0.00  0.00/1.00/0.01/0.01  -/-/-/-  KEY             POSITION        DISCOVERED       -/-/?/-
     169  0.505   None   1.000   0.00  0.00/1.00/0.00/0.00  -/-/-/-  KEY             DISCOVERED      DISCOVERED       Y/Y/?/Y
  EMA_near, paired with X's arm A:
    DISCOVERED  EMA_near        0/10   X A  4/10   EMA_near only 0, A only 4, McNemar two-sided p = 0.125
    BOUND       EMA_near        0/10   X A  4/10   EMA_near only 0, A only 4, McNemar two-sided p = 0.125
    ROUTED*@1200  EMA_near    0/10   X A  3/10   EMA_near only 0, A only 3, McNemar two-sided p = 0.25   [X A from X record]
    ROUTED*@2400  EMA_near    0/10   X A  3/10   EMA_near only 0, A only 3, McNemar two-sided p = 0.25   [X A from re-run of X's arm A (explore_ref_a2400)]
    ROUTED*@end   EMA_near    0/10   X A  4/10   EMA_near only 0, A only 4, McNemar two-sided p = 0.125   [X A from X record]
    failures EMA_near {'KEY': 9, 'STREAM-PARTIAL': 1}   X arm A {'KEY': 4, 'POSITION': 2}
  READING EMA_near: DISCOVERED 0/10 vs X's arm A 4/10 on the same seeds (threshold >= 3): does not keep the near case
  SEL_near, paired with X's arm A:
    DISCOVERED  SEL_near        0/10   X A  4/10   SEL_near only 0, A only 4, McNemar two-sided p = 0.125
    BOUND       SEL_near        0/10   X A  4/10   SEL_near only 0, A only 4, McNemar two-sided p = 0.125
    ROUTED*@1200  SEL_near    0/10   X A  3/10   SEL_near only 0, A only 3, McNemar two-sided p = 0.25   [X A from X record]
    ROUTED*@2400  SEL_near    0/10   X A  3/10   SEL_near only 0, A only 3, McNemar two-sided p = 0.25   [X A from re-run of X's arm A (explore_ref_a2400)]
    ROUTED*@end   SEL_near    0/10   X A  4/10   SEL_near only 0, A only 4, McNemar two-sided p = 0.125   [X A from X record]
    failures SEL_near {'KEY': 8, 'STREAM-PARTIAL': 2}   X arm A {'KEY': 4, 'POSITION': 2}
  READING SEL_near: DISCOVERED 0/10 vs X's arm A 4/10 on the same seeds (threshold >= 3): does not keep the near case
  S9 near_check EMA_near: does not keep the near case (DISCOVERED 0/10)  (descriptive)  [EXPLORATORY, not a result]
  S9 near_check SEL_near: does not keep the near case (DISCOVERED 0/10)  (descriptive)  [EXPLORATORY, not a result]

####################################################################################################
SUMMARY — EXPLORATORY, not a result
  S7 slow_mem_ext: promising (DISCOVERED 12/20 vs X A 5/20, 9 vs 2, p = 0.0654)
     pool 160-199: DISCOVERED 24/40 vs X A 12/40 (15 vs 3, p = 0.00754); ROUTED*@1200 15 vs 3 (p = 0.00754)
  S8 far_EMA    not (DISCOVERED 0/10; batch 2's far_A 0/10)
  S8 far_SEL    not (DISCOVERED 0/10; batch 2's far_A 0/10)
  S8 far_A_slow not (DISCOVERED 0/10; batch 2's far_A 0/10)
  S9 EMA_near   does not keep the near case (DISCOVERED 0/10 vs X A 4/10)
  S9 SEL_near   does not keep the near case (DISCOVERED 0/10 vs X A 4/10)
####################################################################################################
