====================================================================================================
EXPLORATORY, NOT A RESULT — batch 10: muon_slow (S32), muon_scale (S33) — DRY RUN (shortened: 1 seed per arm, runs capped at 3600 steps; exercises the code, not for interpretation)
  cpu Intel(R) Xeon(R) Processor @ 2.10GHz | torch 2.14.0+cu130 | git 3305b5f | python 3.11.15 | torch threads 1
====================================================================================================
  recipe: S32 lr = test_channel_binding.SUB_LR = 0.001 (Adam on the embedding; Muon lr 0.005; slow phase x0.1 for updates 1-2400), MAX_ITERS = test_short_conv.MAX_ITERS = 24000, task P=4 S=2 grouped; 1 torch thread per run
  S33 recipe read in the child from main at 9c5939e: test_slow_start.LR 0.001, test_stream_recipe.LR 0.001, test_stream_curriculum.LR 0.001 (Adam groups; the branch's SUB_LR 0.001); WARM 2400, TAU 0.2, LAMBDA 1.0; MAX_ITERS 28800 / TOTAL 28800; schedules {'t_check': 4800, 'a_check': 0.4, 'total': 28800, 'eval_every': 1200} (a), {'t1': 4800, 't2': 9600, 'total': 28800, 'eval_every': 1200, 't_check': 2400, 'a_check': 0.6} (b)
    parameters a|SLOW: decoder (256, 32), encoder (1, 32, 256), encoder_v (1, 32, 256), lm_head (32, 24), W_in (32, 32), W_h (32, 32), W_g (4, 32), embed.weight (24, 32), short_conv.conv_w (32, 4)
    parameters a|CEIL: decoder (256, 32), encoder (1, 32, 256), encoder_v (1, 32, 256), lm_head (32, 24), embed.weight (24, 32), short_conv.conv_w (32, 4)
    parameters b|SLOW: decoder (256, 32), encoder (1, 32, 256), encoder_v (1, 32, 256), lm_head (32, 28), W_in (32, 32), W_h (32, 32), W_g (16, 32), embed.weight (28, 32), short_conv.conv_w (32, 4)
    parameters b|CEIL: decoder (256, 32), encoder (1, 32, 256), encoder_v (1, 32, 256), lm_head (32, 28), embed.weight (28, 32), short_conv.conv_w (32, 4)
  lr read for dry_muon_slow MUON_SLOW: 0.001 (Adam groups); Muon lr 0.005
  lr read for dry_muon_slow MUON_HINGE: 0.001 (Adam groups); Muon lr 0.005
  lr read for dry_muon_slow MUON_HINGE_S25: 0.001 (Adam groups); Muon lr 0.005
  lr read for dry_muon_scale A_SLOW: 0.001 (Adam groups); Muon lr from the validity runs
  lr read for dry_muon_scale A_HINGE: 0.001 (Adam groups); Muon lr from the validity runs
  lr read for dry_muon_scale D8_SLOW: 0.001 (Adam groups); Muon lr from the validity runs
  lr read for dry_muon_scale D8_HINGE: 0.001 (Adam groups); Muon lr from the validity runs
  S32 readings: 'the hinge is unnecessary under Muon' if MUON_SLOW DISCOVERED >= 37/40 and b - c <= 1; 'the hinge matters under Muon' if b - c >= 4 and p < 0.1; otherwise neither (b = MUON_HINGE-only, c = MUON_SLOW-only, exact McNemar two-sided)
  S33 readings: (a) 'promising at four streams' if the better Muon arm binds >= 8/10; (b) 'breaks the coarse split' if an arm binds >= 3 runs or its median number of distinct channels at the end is >= 6; UNTESTED configurations get no reading
  ROUTED* = margin >= 0.9 and eta_key_by_stream > 0.9
  order: muon_slow, muon_scale — run_jobs2 queues runs by arm priority (S32 first; within S33, (b) before (a), the longer runs first)
  repro_check: arm A seed 160, 2400 steps, lr 0.001: BIT-IDENTICAL to X (39s)
    here [[1200, 0.25732421875, 2.1073341369628906], [2400, 0.50244140625, 1.1376346349716187]]
    X    [[1200, 0.25732421875, 2.1073341369628906], [2400, 0.50244140625, 1.1376346349716187]]
  CHECK dry_muon_slow: with the extra evaluations, MUON_HINGE|160 equals S25's recorded run bit for bit through 2400 (curve True; statistics at 1200 and 2400 True): ok
  CHECK dry_muon_slow: the extra evaluations are logged at updates [300, 600, 900] (ROUTED* 300: False, 600: False, 900: True): ok
  CHECK dry_muon_slow: the firing log has one entry per counted firing ([194, 195] vs hinge counts [2, 2400]): ok
  CHECK dry_muon_slow: with the hinge's TAU at 1.0, MUON_HINGE equals MUON_SLOW bit for bit (seed 160, 1200 steps; curves [[1200, 0.8056640625, 1.0763039588928223]] vs [[1200, 0.8056640625, 1.0763039588928223]]; weights equal; hinge on [0, 1200]): ok
  CHECK dry_muon_scale: config a SLOW: the groups cover every parameter exactly once [('gate', 'muon', ['W_in', 'W_h', 'W_g']), ('rest', 'muon', ['decoder', 'encoder', 'encoder_v', 'lm_head']), ('rest', 'adam', ['embed.weight', 'short_conv.conv_w'])]: ok
  CHECK dry_muon_scale: config a HINGE: the groups cover every parameter exactly once [('gate', 'muon', ['W_in', 'W_h', 'W_g']), ('rest', 'muon', ['decoder', 'encoder', 'encoder_v', 'lm_head']), ('rest', 'adam', ['embed.weight', 'short_conv.conv_w'])]: ok
  CHECK dry_muon_scale: config a CEIL: the groups cover every parameter exactly once [('rest', 'muon', ['decoder', 'encoder', 'encoder_v', 'lm_head']), ('rest', 'adam', ['embed.weight', 'short_conv.conv_w'])]: ok
  CHECK dry_muon_scale: config b SLOW: the groups cover every parameter exactly once [('gate', 'muon', ['W_in', 'W_h', 'W_g']), ('rest', 'muon', ['decoder', 'encoder', 'encoder_v', 'lm_head']), ('rest', 'adam', ['embed.weight', 'short_conv.conv_w'])]: ok
  CHECK dry_muon_scale: config b HINGE: the groups cover every parameter exactly once [('gate', 'muon', ['W_in', 'W_h', 'W_g']), ('rest', 'muon', ['decoder', 'encoder', 'encoder_v', 'lm_head']), ('rest', 'adam', ['embed.weight', 'short_conv.conv_w'])]: ok
  CHECK dry_muon_scale: config b CEIL: the groups cover every parameter exactly once [('rest', 'muon', ['decoder', 'encoder', 'encoder_v', 'lm_head']), ('rest', 'adam', ['embed.weight', 'short_conv.conv_w'])]: ok
  CHECK dry_muon_scale: config a SLOW: lrs per group [('gate', 'muon'), ('rest', 'muon'), ('rest', 'adam')] at update 1 [0.005, 0.0005, 0.0001], 2400 [0.005, 0.0005, 0.0001], 2401 [0.005, 0.005, 0.001] (2401 updates): ok
  CHECK dry_muon_scale: config a HINGE: lrs per group [('gate', 'muon'), ('rest', 'muon'), ('rest', 'adam')] at update 1 [0.005, 0.0005, 0.0001], 2400 [0.005, 0.0005, 0.0001], 2401 [0.005, 0.005, 0.001] (2401 updates): ok
  CHECK dry_muon_scale: config b SLOW: lrs per group [('gate', 'muon'), ('rest', 'muon'), ('rest', 'adam')] at update 1 [0.005, 0.0005, 0.0001], 2400 [0.005, 0.0005, 0.0001], 2401 [0.005, 0.005, 0.001] (2401 updates): ok
  CHECK dry_muon_scale: config b HINGE: lrs per group [('gate', 'muon'), ('rest', 'muon'), ('rest', 'adam')] at update 1 [0.005, 0.0005, 0.0001], 2400 [0.005, 0.0005, 0.0001], 2401 [0.005, 0.005, 0.001] (2401 updates): ok
  CHECK dry_muon_scale: config a: the perfect gate zeroes every cross-stream score at every layer (max |cross| per layer [0.0, 0.0, 0.0]; max |same-stream| [5.4383, 5.39, 5.8016]): ok
  CHECK dry_muon_scale: config b: the perfect gate zeroes every cross-stream score at every layer (max |cross| per layer [0.0, 0.0, 0.0]; max |same-stream| [5.8193, 7.0994, 7.6905]): ok
  CHECK dry_muon_scale: config b: test_slow_start's HINGE recipe (Adam) on run_sc reproduces X's HINGE_D8|260 through 1200 (curve [[1200, 0.0615234375, 2.8093132972717285]] vs [[1200, 0.0615234375, 2.8093132972717285]]; statistics at 1200 True): ok
  CHECK dry_muon_scale: config a: run_attempt (recipe None) reproduces X's A4k4|240 through 1200 (curve [[1200, 0.09130859375, 2.738024950027466]] vs [[1200, 0.09130859375, 2.738024950027466]]): ok
  CHECK dry_muon_scale: config a: with the hinge's TAU at 1.0, MUON_HINGE equals MUON_SLOW bit for bit (seed 240, 1200 steps, Muon lr 0.005; curves [[1200, 0.2880859375, 2.410649538040161]] vs [[1200, 0.2880859375, 2.410649538040161]]; weights equal; hinge fired 0): ok
  CHECK dry_muon_scale: child at 9c5939e (4.5 min); served from main: test_binding_capacity, test_curriculum_confirm, test_short_conv, test_scale_axes, test_slow_start, test_stream_channels, test_stream_curriculum, test_stream_recipe
  CHECK dry_muon_scale: the modules served from main are exactly the test modules that differ between this branch and 9c5939e (['test_binding_capacity', 'test_curriculum_confirm', 'test_scale_axes', 'test_short_conv', 'test_slow_start', 'test_stream_channels', 'test_stream_curriculum', 'test_stream_recipe']): ok
  all CHECKs passed (6.0 min)
  S33 VALIDITY (EXPLORATORY, not a result): the perfect gate under MUON (no slow phase), Muon lr 0.005, then 0.0025, then 0.01 while fewer than 1 bind; seeds (a) [240], (b) [260]; 3600 steps; Adam lr 0.001 on the embedding and conv
  [valid a 0.005 seed 240]   2.0 min  (Adam lr 0.001, 3600 steps): acc 1.000  trans  1200  VALcos 0.000  margin 1.00  DISCOVERED
  [valid b 0.005 seed 260]   3.9 min  (Adam lr 0.001, 3600 steps): acc 0.893  trans  None  VALcos 0.000  margin 1.00  STREAM-PARTIAL
    config a Muon lr 0.005  seed 240: BOUND at 1200 (acc 1.000)
    config b Muon lr 0.005  seed 260: unbound (acc 0.893)
  [valid b 0.0025 seed 260]   7.7 min  (Adam lr 0.001, 3600 steps): acc 0.963  trans  3600  VALcos 0.000  margin 1.00  DISCOVERED
    config b Muon lr 0.0025 seed 260: BOUND at 3600 (acc 0.963)
  S33 LR CHOICE config a: smallest lr at which both seeds bind (S25's rule): 0.005
  S33 LR CHOICE config b: smallest lr at which both seeds bind (S25's rule): 0.0025
----------------------------------------------------------------------------------------------------
[EXPLORATORY, not a result — DRY RUN (shortened: 1 seed per arm, runs capped at 3600 steps; exercises the code, not for interpretation)] SCREEN dry_muon_slow
  idea    S25's MUON_HINGE without the hinge (MUON_SLOW): is the hinge still needed under Muon?
  source  batch 9's S25 (MUON_HINGE 20/20, stream-routed at 1200 on every seed; the hinge fired 0-4 times on 19 seeds); Muon has no per-weight second moment
  change  S25's MUON_HINGE without the hinge; extra routing evaluations at updates 300, 600, 900
  arm MUON_SLOW    lr 0.001  iters 3600  seeds 160-160 (1)  — S25's MUON_HINGE without the hinge
                   schedule: Muon lr 0.005: gate W_in/W_h/W_g throughout, other Muon weights x0.1 for updates 1-2400; Adam on the embedding 0.0001 for 1-2400, 0.001 after
  arm MUON_HINGE   lr 0.001  iters 3600  seeds 180-180 (1)  — S25's MUON_HINGE, new seeds
                   schedule: Muon lr 0.005: gate W_in/W_h/W_g throughout, other Muon weights x0.1 for updates 1-2400; Adam on the embedding 0.0001 for 1-2400, 0.001 after; + 1.0 * [relu(eta2_index - 0.2) + relu(eta2_half - 0.2)] on each training batch
  arm MUON_HINGE_S25 lr 0.001  iters 3600  seeds 160-160 (1)  — S25's MUON_HINGE runs re-run to their recorded stop, for the logs only
                   schedule: Muon lr 0.005: gate W_in/W_h/W_g throughout, other Muon weights x0.1 for updates 1-2400; Adam on the embedding 0.0001 for 1-2400, 0.001 after; + the hinge; to S25's recorded stop step
  pairing seeds 160-199: MUON_SLOW with MUON_HINGE (S25's runs on 160-179, new runs on 180-199) and with SLOW_MEM (S5 160-179, S7 180-199); same initial parameters and batches
----------------------------------------------------------------------------------------------------
----------------------------------------------------------------------------------------------------
[EXPLORATORY, not a result — DRY RUN (shortened: 1 seed per arm, runs capped at 3600 steps; exercises the code, not for interpretation)] SCREEN dry_muon_scale
  idea    S25's Muon recipe (MUON_SLOW, MUON_HINGE) in the main line's configurations: S=4 k=4, and S=8 k=16
  source  batch 9's S25 (MUON_HINGE 20/20 at S=2, stream-routed at 1200 on every seed); the main line's HINGE binds 0/10 at S=8 (the coarse split)
  change  main's run paths at 9c5939e (child process) with S25's optimizer groups: gate on Muon at the Muon lr; other weights on Muon; embedding and conv on Adam 1e-3; non-gate groups x0.1 for updates 1-2400
  arm A_SLOW       lr 0.001  iters 3600  seeds 240-240 (1)  — MUON_SLOW (S=4, P=4, k=4, conv)
                   schedule: Muon lr 0.005 (validity): gate W_in/W_h/W_g throughout, other Muon weights x0.1 for updates 1-2400; Adam on embedding and conv 0.0001 for 1-2400, 0.001 after
  arm A_HINGE      lr 0.001  iters 3600  seeds 240-240 (1)  — MUON_HINGE (S=4, P=4, k=4, conv)
                   schedule: Muon lr 0.005 (validity): gate W_in/W_h/W_g throughout, other Muon weights x0.1 for updates 1-2400; Adam on embedding and conv 0.0001 for 1-2400, 0.001 after; + main's HINGE hinge (1.0 x [relu(eta2_index - 0.2) + relu(eta2_half - 0.2)], pooled over channels)
  arm D8_SLOW      lr 0.001  iters 3600  seeds 260-260 (1)  — MUON_SLOW (S=8, P=4, k=16, conv, 8 streams from step 1)
                   schedule: Muon lr 0.0025 (validity): gate W_in/W_h/W_g throughout, other Muon weights x0.1 for updates 1-2400; Adam on embedding and conv 0.0001 for 1-2400, 0.001 after
  arm D8_HINGE     lr 0.001  iters 3600  seeds 260-260 (1)  — MUON_HINGE (S=8, P=4, k=16, conv, 8 streams from step 1)
                   schedule: Muon lr 0.0025 (validity): gate W_in/W_h/W_g throughout, other Muon weights x0.1 for updates 1-2400; Adam on embedding and conv 0.0001 for 1-2400, 0.001 after; + main's HINGE hinge (1.0 x [relu(eta2_index - 0.2) + relu(eta2_half - 0.2)], pooled over channels)
  pairing (a) seeds 240-249 with X's recorded A4k4 (stream_recipe); (b) seeds 260-269 with X's recorded HINGE_D8 (slow_start at b8c6007); same initial parameters and batches
----------------------------------------------------------------------------------------------------
  S32 PROJECTION (worst case: every run to its iters; S25's recorded runs here: 25.5 ms/step MUON_A, 26.5 ms/step MUON_HINGE, evaluations included):
    dry_muon_slow  MUON_SLOW        1 runs,  0.03 h (max  1.5 min per run)
    dry_muon_slow  MUON_HINGE       1 runs,  0.03 h (max  1.6 min per run)
    dry_muon_slow  MUON_HINGE_S25   1 runs,  0.03 h (max  1.6 min per run)
    S32 total 0.08 h of runs; makespan on 4 workers 0.03 h
  S33 PROJECTION (worst case: every run to its iters; MuonAdam timed in the child, the difference of 120- and 20-step runs, 1 thread, this machine):
    dry_muon_scale A_SLOW      1 runs x   1.4 min  (3600 steps x 22.0 ms + 3 evals x 1.7 s)
    dry_muon_scale A_HINGE     1 runs x   2.1 min  (3600 steps x 33.0 ms + 3 evals x 1.8 s)
    dry_muon_scale D8_SLOW     1 runs x   4.4 min  (3600 steps x 68.0 ms + 3 evals x 6.1 s)
    dry_muon_scale D8_HINGE    1 runs x   4.6 min  (3600 steps x 73.3 ms + 3 evals x 4.5 s)
    S33 total 0.21 h of runs; makespan on 4 workers 0.08 h (worst case)
  S33 RUNTIME RULE: projected makespan 0.08 h <= 10 h: no cut (dry run: not stored)
  BATCH PROJECTION: S32 then S33 on 4 workers, worst case about 0.1 h (S32's runs / workers + S33's makespan)
  7 runs queued on 4 workers (1 torch thread each)
  [  1/7]    1.2 min  dry_muon_slow  MUON_SLOW  seed 160  lr 0.001 (Muon lr 0.005: gate W_in/W_h/W_g throughout, other Muon weights x0.1 for updates 1-2400; Adam on the embedding 0.0001 for 1-2400, 0.001 after)
          acc 0.959  trans  2400  VALcos 0.086  margin 0.92  DISCOVERED  ROUTED* 1200/2400/end Y/Y/Y
  [  2/7]    1.2 min  dry_muon_slow  MUON_HINGE seed 180  lr 0.001 (Muon lr 0.005: gate W_in/W_h/W_g throughout, other Muon weights x0.1 for updates 1-2400; Adam on the embedding 0.0001 for 1-2400, 0.001 after; + 1.0 * [relu(eta2_index - 0.2) + relu(eta2_half - 0.2)] on each training batch)
          acc 0.992  trans  2400  VALcos 0.019  margin 0.98  DISCOVERED  ROUTED* 1200/2400/end Y/Y/Y
  [  3/7]    1.2 min  dry_muon_slow  MUON_HINGE_S25 seed 160  lr 0.001 (Muon lr 0.005: gate W_in/W_h/W_g throughout, other Muon weights x0.1 for updates 1-2400; Adam on the embedding 0.0001 for 1-2400, 0.001 after; + the hinge; to S25's recorded stop step)
          acc 0.999  trans  2400  VALcos 0.000  margin 1.00  DISCOVERED  ROUTED* 1200/2400/end Y/Y/Y
  [  4/7]    3.6 min  dry_muon_scale A_SLOW     seed 240  lr 0.001 (Muon lr 0.005 (validity): gate W_in/W_h/W_g throughout, other Muon weights x0.1 for updates 1-2400; Adam on embedding and conv 0.0001 for 1-2400, 0.001 after)
          acc 0.762  trans  None  VALcos 0.000  margin 0.77  STREAM-PARTIAL  ROUTED* 1200/2400/end -/-/-
  [  5/7]    3.6 min  dry_muon_scale A_HINGE    seed 240  lr 0.001 (Muon lr 0.005 (validity): gate W_in/W_h/W_g throughout, other Muon weights x0.1 for updates 1-2400; Adam on embedding and conv 0.0001 for 1-2400, 0.001 after; + main's HINGE hinge (1.0 x [relu(eta2_index - 0.2) + relu(eta2_half - 0.2)], pooled over channels))
          acc 0.750  trans  None  VALcos 1.000  margin 0.79  STREAM-PARTIAL  ROUTED* 1200/2400/end -/-/-
  [  6/7]    4.9 min  dry_muon_scale D8_SLOW    seed 260  lr 0.001 (Muon lr 0.0025 (validity): gate W_in/W_h/W_g throughout, other Muon weights x0.1 for updates 1-2400; Adam on embedding and conv 0.0001 for 1-2400, 0.001 after)
          acc 0.082  trans  None  VALcos 1.000  margin -0.00  POSITION  ROUTED* 1200/2400/end -/-/-
  [  7/7]    6.0 min  dry_muon_scale D8_HINGE   seed 260  lr 0.001 (Muon lr 0.0025 (validity): gate W_in/W_h/W_g throughout, other Muon weights x0.1 for updates 1-2400; Adam on embedding and conv 0.0001 for 1-2400, 0.001 after; + main's HINGE hinge (1.0 x [relu(eta2_index - 0.2) + relu(eta2_half - 0.2)], pooled over channels))
          acc 0.160  trans  None  VALcos 0.001  margin 0.41  STREAM-PARTIAL  ROUTED* 1200/2400/end -/-/-
  batch wall clock 6.0 min (this segment)
####################################################################################################
REPORTS — EXPLORATORY, not a result — DRY RUN (shortened: 1 seed per arm, runs capped at 3600 steps; exercises the code, not for interpretation)
####################################################################################################
----------------------------------------------------------------------------------------------------
[EXPLORATORY, not a result — DRY RUN (shortened: 1 seed per arm, runs capped at 3600 steps; exercises the code, not for interpretation)] SCREEN dry_muon_slow
  idea    S25's MUON_HINGE without the hinge (MUON_SLOW): is the hinge still needed under Muon?
  source  batch 9's S25 (MUON_HINGE 20/20, stream-routed at 1200 on every seed; the hinge fired 0-4 times on 19 seeds); Muon has no per-weight second moment
  change  S25's MUON_HINGE without the hinge; extra routing evaluations at updates 300, 600, 900
  arm MUON_SLOW    lr 0.001  iters 3600  seeds 160-160 (1)  — S25's MUON_HINGE without the hinge
                   schedule: Muon lr 0.005: gate W_in/W_h/W_g throughout, other Muon weights x0.1 for updates 1-2400; Adam on the embedding 0.0001 for 1-2400, 0.001 after
  arm MUON_HINGE   lr 0.001  iters 3600  seeds 180-180 (1)  — S25's MUON_HINGE, new seeds
                   schedule: Muon lr 0.005: gate W_in/W_h/W_g throughout, other Muon weights x0.1 for updates 1-2400; Adam on the embedding 0.0001 for 1-2400, 0.001 after; + 1.0 * [relu(eta2_index - 0.2) + relu(eta2_half - 0.2)] on each training batch
  arm MUON_HINGE_S25 lr 0.001  iters 3600  seeds 160-160 (1)  — S25's MUON_HINGE runs re-run to their recorded stop, for the logs only
                   schedule: Muon lr 0.005: gate W_in/W_h/W_g throughout, other Muon weights x0.1 for updates 1-2400; Adam on the embedding 0.0001 for 1-2400, 0.001 after; + the hinge; to S25's recorded stop step
  pairing seeds 160-199: MUON_SLOW with MUON_HINGE (S25's runs on 160-179, new runs on 180-199) and with SLOW_MEM (S5 160-179, S7 180-199); same initial parameters and batches
----------------------------------------------------------------------------------------------------
  per seed (ROUTED* at 300/600/900/1200 as Y/-; MUON_HINGE 160-179 = S25's runs, re-run here for the logs and checked against S25's curve):
    seed | MUON_SLOW       R*300-1200    acc  trans | MUON_HINGE      R*300-1200  trans firings at updates                  =S25 | SLOW_MEM        SLOW_HINGE     
     160 | DISCOVERED            --YY  0.959   2400 | DISCOVERED            --YY   2400 [194, 195]                           yes | DISCOVERED      DISCOVERED     
     161 | not run                                  | not run                                                                    | DISCOVERED      DISCOVERED     
     162 | not run                                  | not run                                                                    | POSITION        DISCOVERED     
     163 | not run                                  | not run                                                                    | DISCOVERED      DISCOVERED     
     164 | not run                                  | not run                                                                    | DISCOVERED      DISCOVERED     
     165 | not run                                  | not run                                                                    | DISCOVERED      DISCOVERED     
     166 | not run                                  | not run                                                                    | POSITION        DISCOVERED     
     167 | not run                                  | not run                                                                    | POSITION        OTHER          
     168 | not run                                  | not run                                                                    | DISCOVERED      DISCOVERED     
     169 | not run                                  | not run                                                                    | DISCOVERED      DISCOVERED     
     170 | not run                                  | not run                                                                    | DISCOVERED      DISCOVERED     
     171 | not run                                  | not run                                                                    | OTHER           OTHER          
     172 | not run                                  | not run                                                                    | DISCOVERED      DISCOVERED     
     173 | not run                                  | not run                                                                    | POSITION        DISCOVERED     
     174 | not run                                  | not run                                                                    | DISCOVERED      DISCOVERED     
     175 | not run                                  | not run                                                                    | POSITION        DISCOVERED     
     176 | not run                                  | not run                                                                    | POSITION        DISCOVERED     
     177 | not run                                  | not run                                                                    | POSITION        DISCOVERED     
     178 | not run                                  | not run                                                                    | DISCOVERED      DISCOVERED     
     179 | not run                                  | not run                                                                    | DISCOVERED      DISCOVERED     
     180 | not run                                  | DISCOVERED            --YY   2400 [162, 1459]                           -- | POSITION        DISCOVERED     
     181 | not run                                  | not run                                                                    | DISCOVERED      DISCOVERED     
     182 | not run                                  | not run                                                                    | DISCOVERED      DISCOVERED     
     183 | not run                                  | not run                                                                    | DISCOVERED      DISCOVERED     
     184 | not run                                  | not run                                                                    | DISCOVERED      DISCOVERED     
     185 | not run                                  | not run                                                                    | DISCOVERED      DISCOVERED     
     186 | not run                                  | not run                                                                    | DISCOVERED      DISCOVERED     
     187 | not run                                  | not run                                                                    | KEY             KEY            
     188 | not run                                  | not run                                                                    | DISCOVERED      DISCOVERED     
     189 | not run                                  | not run                                                                    | KEY             KEY            
     190 | not run                                  | not run                                                                    | POSITION        DISCOVERED     
     191 | not run                                  | not run                                                                    | DISCOVERED      DISCOVERED     
     192 | not run                                  | not run                                                                    | OTHER           DISCOVERED     
     193 | not run                                  | not run                                                                    | KEY             OTHER          
     194 | not run                                  | not run                                                                    | DISCOVERED      DISCOVERED     
     195 | not run                                  | not run                                                                    | DISCOVERED      DISCOVERED     
     196 | not run                                  | not run                                                                    | DISCOVERED      DISCOVERED     
     197 | not run                                  | not run                                                                    | POSITION        OTHER          
     198 | not run                                  | not run                                                                    | DISCOVERED      DISCOVERED     
     199 | not run                                  | not run                                                                    | POSITION        DISCOVERED     
  MUON_HINGE 160-179 re-runs reproduce S25's curves: 1/1
  MUON_HINGE vs MUON_SLOW (1 seeds; the rule):
    DISCOVERED    MUON_HINGE  1/1   MUON_SLOW  1/1   MUON_HINGE only 0, MUON_SLOW only 0, McNemar two-sided p = 1
    BOUND         MUON_HINGE  1/1   MUON_SLOW  1/1   MUON_HINGE only 0, MUON_SLOW only 0, McNemar two-sided p = 1
    ROUTED*@300   MUON_HINGE  0/1   MUON_SLOW  0/1   MUON_HINGE only 0, MUON_SLOW only 0, McNemar two-sided p = 1
    ROUTED*@600   MUON_HINGE  0/1   MUON_SLOW  0/1   MUON_HINGE only 0, MUON_SLOW only 0, McNemar two-sided p = 1
    ROUTED*@900   MUON_HINGE  1/1   MUON_SLOW  1/1   MUON_HINGE only 0, MUON_SLOW only 0, McNemar two-sided p = 1
    ROUTED*@1200  MUON_HINGE  1/1   MUON_SLOW  1/1   MUON_HINGE only 0, MUON_SLOW only 0, McNemar two-sided p = 1
  MUON_SLOW vs SLOW_MEM (Adam), 160-199:
    DISCOVERED    MUON_SLOW  1/1   SLOW_MEM  1/1   MUON_SLOW only 0, SLOW_MEM only 0, McNemar two-sided p = 1
    ROUTED*@1200  MUON_SLOW  1/1   SLOW_MEM  1/1   MUON_SLOW only 0, SLOW_MEM only 0, McNemar two-sided p = 1
  MUON_HINGE vs SLOW_HINGE (Adam), 160-199 (printed):
    DISCOVERED    MUON_HINGE  2/2   SLOW_HINGE  2/2   MUON_HINGE only 0, SLOW_HINGE only 0, McNemar two-sided p = 1
  ROUTED* at 300/600/900/1200: MUON_SLOW 0/0/1/1 of 1; MUON_HINGE 0/0/2/2 of 2
  failure classes: MUON_SLOW {}   MUON_HINGE {}   SLOW_MEM {'POSITION': 11, 'OTHER': 2, 'KEY': 3}
  MUON_HINGE hinge firings: 4 in total; runs with at least one 2/2; firings by update 300/600/900/1200/after: 3/0/0/0/1
  RULE S32 (MUON_SLOW DISCOVERED 1/1; MUON_HINGE only 0, MUON_SLOW only 0, p = 1; 'unnecessary' if MUON_SLOW >= 37/40 and b - c <= 1, 'matters' if b - c >= 4 and p < 0.1): neither
  DRY RUN READING dry_muon_slow: neither (MUON_HINGE DISCOVERED 1/1 vs MUON_SLOW 1/1, 0 vs 0, p = 1; MUON_SLOW vs SLOW_MEM 1/1 vs 1/1)  [EXPLORATORY, not a result]

----------------------------------------------------------------------------------------------------
[EXPLORATORY, not a result — DRY RUN (shortened: 1 seed per arm, runs capped at 3600 steps; exercises the code, not for interpretation)] SCREEN dry_muon_scale
  idea    S25's Muon recipe (MUON_SLOW, MUON_HINGE) in the main line's configurations: S=4 k=4, and S=8 k=16
  source  batch 9's S25 (MUON_HINGE 20/20 at S=2, stream-routed at 1200 on every seed); the main line's HINGE binds 0/10 at S=8 (the coarse split)
  change  main's run paths at 9c5939e (child process) with S25's optimizer groups: gate on Muon at the Muon lr; other weights on Muon; embedding and conv on Adam 1e-3; non-gate groups x0.1 for updates 1-2400
  arm A_SLOW       lr 0.001  iters 3600  seeds 240-240 (1)  — MUON_SLOW (S=4, P=4, k=4, conv)
                   schedule: Muon lr 0.005 (validity): gate W_in/W_h/W_g throughout, other Muon weights x0.1 for updates 1-2400; Adam on embedding and conv 0.0001 for 1-2400, 0.001 after
  arm A_HINGE      lr 0.001  iters 3600  seeds 240-240 (1)  — MUON_HINGE (S=4, P=4, k=4, conv)
                   schedule: Muon lr 0.005 (validity): gate W_in/W_h/W_g throughout, other Muon weights x0.1 for updates 1-2400; Adam on embedding and conv 0.0001 for 1-2400, 0.001 after; + main's HINGE hinge (1.0 x [relu(eta2_index - 0.2) + relu(eta2_half - 0.2)], pooled over channels)
  arm D8_SLOW      lr 0.001  iters 3600  seeds 260-260 (1)  — MUON_SLOW (S=8, P=4, k=16, conv, 8 streams from step 1)
                   schedule: Muon lr 0.0025 (validity): gate W_in/W_h/W_g throughout, other Muon weights x0.1 for updates 1-2400; Adam on embedding and conv 0.0001 for 1-2400, 0.001 after
  arm D8_HINGE     lr 0.001  iters 3600  seeds 260-260 (1)  — MUON_HINGE (S=8, P=4, k=16, conv, 8 streams from step 1)
                   schedule: Muon lr 0.0025 (validity): gate W_in/W_h/W_g throughout, other Muon weights x0.1 for updates 1-2400; Adam on embedding and conv 0.0001 for 1-2400, 0.001 after; + main's HINGE hinge (1.0 x [relu(eta2_index - 0.2) + relu(eta2_half - 0.2)], pooled over channels)
  pairing (a) seeds 240-249 with X's recorded A4k4 (stream_recipe); (b) seeds 260-269 with X's recorded HINGE_D8 (slow_start at b8c6007); same initial parameters and batches
----------------------------------------------------------------------------------------------------
    validity config a (S=4, P=4, k=4, conv): Muon lr 0.005 seed 240 BOUND at 1200 (acc 1.000) -> smallest lr at which both seeds bind (S25's rule): 0.005
    validity config b (S=8, P=4, k=16, conv, 8 streams from step 1): Muon lr 0.0025 seed 260 BOUND at 3600 (acc 0.963); Muon lr 0.005 seed 260 unbound (acc 0.893) -> smallest lr at which both seeds bind (S25's rule): 0.0025
  CONFIG (a) S=4, P=4, k=4, conv; Muon lr 0.005; seeds 240-240 (1)
    seed | X A4k4                             | MUON_SLOW                  trans   acc ch 4800/9600/end  per ch end | MUON_HINGE                 trans   acc ch 4800/9600/end  per ch end fired
     240 | non-stream POSITION     None   1/1/1 | MERGED (2 share)            None 0.762            3/3/3       2+1+1 | MERGED (2 share)            None 0.750            3/3/3       2+1+1     3
     241 | BOUND ROUTED            8400   3/4/4 | not run                                                             | not run                                                                  
     242 | BOUND ROUTED           18000   2/3/4 | not run                                                             | not run                                                                  
     243 | non-stream POSITION     None   1/1/1 | not run                                                             | not run                                                                  
     244 | MERGED (3 share)        None   2/2/2 | not run                                                             | not run                                                                  
     245 | non-stream POSITION     None   1/1/1 | not run                                                             | not run                                                                  
     246 | BOUND ROUTED            4800  4/--/4 | not run                                                             | not run                                                                  
     247 | MERGED (2 share)        None   3/3/3 | not run                                                             | not run                                                                  
     248 | MERGED (2 share)        None   3/3/3 | not run                                                             | not run                                                                  
     249 | BOUND ROUTED           24000   1/2/4 | not run                                                             | not run                                                                  
  A_SLOW (MUON_SLOW) vs X A4k4:
    BOUND  A_SLOW 0/1  X A4k4 0/1  A_SLOW only 0, X A4k4 only 0, McNemar two-sided p = 1 (printed)
    merged at the end (two streams on one channel): 1/1 [240]; outcomes {'MERGED (2 share)': 1}
    distinct channels holding the 4 streams at 4800: [3] (median 3); streams per channel ['2+1+1']
    distinct channels holding the 4 streams at 9600: [3] (median 3); streams per channel ['2+1+1']
    distinct channels holding the 4 streams at end: [3] (median 3); streams per channel ['2+1+1']
  A_HINGE (MUON_HINGE) vs X A4k4:
    BOUND  A_HINGE 0/1  X A4k4 0/1  A_HINGE only 0, X A4k4 only 0, McNemar two-sided p = 1 (printed)
    merged at the end (two streams on one channel): 1/1 [240]; outcomes {'MERGED (2 share)': 1}
    distinct channels holding the 4 streams at 4800: [3] (median 3); streams per channel ['2+1+1']
    distinct channels holding the 4 streams at 9600: [3] (median 3); streams per channel ['2+1+1']
    distinct channels holding the 4 streams at end: [3] (median 3); streams per channel ['2+1+1']
    hinge firings (training batches with a term above TAU, of all): {240: [3, 3600]}
    X A4k4: BOUND 4/10; distinct channels at the end [1, 4, 4, 1, 2, 1, 4, 3, 3, 4] (median 3.0); outcomes ['non-stream POSITION', 'BOUND ROUTED', 'BOUND ROUTED', 'non-stream POSITION', 'MERGED (3 share)', 'non-stream POSITION', 'BOUND ROUTED', 'MERGED (2 share)', 'MERGED (2 share)', 'BOUND ROUTED']
  READING S33 (a): not promising at four streams (better Muon arm A_SLOW 0/1; >= 8/10 needed)
  CONFIG (b) S=8, P=4, k=16, conv, 8 streams from step 1; Muon lr 0.0025; seeds 260-260 (1)
    seed | X HINGE_D8                         | MUON_SLOW                  trans   acc ch 4800/9600/end  per ch end | MUON_HINGE                 trans   acc ch 4800/9600/end  per ch end fired
     260 | non-stream OTHER        None   1/2/2 | non-stream POSITION         None 0.082            1/1/1           8 | MERGED (4 share)            None 0.160            3/3/3       4+3+1     6
     261 | non-stream OTHER        None   2/1/1 | not run                                                             | not run                                                                  
     262 | MERGED (4 share)        None   1/1/3 | not run                                                             | not run                                                                  
     263 | non-stream OTHER        None   1/4/2 | not run                                                             | not run                                                                  
     264 | non-stream OTHER        None   2/1/3 | not run                                                             | not run                                                                  
     265 | MERGED (4 share)        None   1/1/4 | not run                                                             | not run                                                                  
     266 | non-stream OTHER        None   2/1/1 | not run                                                             | not run                                                                  
     267 | MERGED (6 share)        None   4/2/2 | not run                                                             | not run                                                                  
     268 | non-stream OTHER        None   1/1/1 | not run                                                             | not run                                                                  
     269 | MERGED (3 share)        None   1/2/3 | not run                                                             | not run                                                                  
  D8_SLOW (MUON_SLOW) vs X HINGE_D8:
    BOUND  D8_SLOW 0/1  X HINGE_D8 0/1  D8_SLOW only 0, X HINGE_D8 only 0, McNemar two-sided p = 1 (printed)
    merged at the end (two streams on one channel): 1/1 [260]; outcomes {'non-stream POSITION': 1}
    distinct channels holding the 8 streams at 4800: [1] (median 1); streams per channel ['8']
    distinct channels holding the 8 streams at 9600: [1] (median 1); streams per channel ['8']
    distinct channels holding the 8 streams at end: [1] (median 1); streams per channel ['8']
  D8_HINGE (MUON_HINGE) vs X HINGE_D8:
    BOUND  D8_HINGE 0/1  X HINGE_D8 0/1  D8_HINGE only 0, X HINGE_D8 only 0, McNemar two-sided p = 1 (printed)
    merged at the end (two streams on one channel): 1/1 [260]; outcomes {'MERGED (4 share)': 1}
    distinct channels holding the 8 streams at 4800: [3] (median 3); streams per channel ['4+3+1']
    distinct channels holding the 8 streams at 9600: [3] (median 3); streams per channel ['4+3+1']
    distinct channels holding the 8 streams at end: [3] (median 3); streams per channel ['4+3+1']
    hinge firings (training batches with a term above TAU, of all): {260: [6, 3600]}
    X HINGE_D8: BOUND 0/10; distinct channels at the end [2, 1, 3, 2, 3, 4, 1, 2, 1, 3] (median 2.0); outcomes ['non-stream OTHER', 'non-stream OTHER', 'MERGED (4 share)', 'non-stream OTHER', 'non-stream OTHER', 'MERGED (4 share)', 'non-stream OTHER', 'MERGED (6 share)', 'non-stream OTHER', 'MERGED (3 share)']
  READING S33 (b): does not break the coarse split (D8_SLOW BOUND 0/1, median distinct channels at the end 1; D8_HINGE BOUND 0/1, median distinct channels at the end 3; X HINGE_D8 median 2.0; >= 3 bound or median >= 6)
  DRY RUN READING dry_muon_scale (a): not promising at four streams (better Muon arm A_SLOW 0/1; >= 8/10 needed)  [EXPLORATORY, not a result]
  DRY RUN READING dry_muon_scale (b): does not break the coarse split (D8_SLOW BOUND 0/1, median distinct channels at the end 1; D8_HINGE BOUND 0/1, median distinct channels at the end 3; X HINGE_D8 median 2.0; >= 3 bound or median >= 6)  [EXPLORATORY, not a result]

####################################################################################################
SUMMARY — EXPLORATORY, not a result — DRY RUN (shortened: 1 seed per arm, runs capped at 3600 steps; exercises the code, not for interpretation)
  S32 muon_slow: neither (MUON_SLOW 1/1 vs MUON_HINGE 1/1 DISCOVERED; MUON_SLOW vs SLOW_MEM 1/1 vs 1/1)
  S33 muon_scale (a, Muon lr 0.005): not promising at four streams (better Muon arm A_SLOW 0/1; >= 8/10 needed)
  S33 muon_scale (b, Muon lr 0.0025): does not break the coarse split (D8_SLOW BOUND 0/1, median distinct channels at the end 1; D8_HINGE BOUND 0/1, median distinct channels at the end 3; X HINGE_D8 median 2.0; >= 3 bound or median >= 6)
####################################################################################################
