====================================================================================================
EXPLORATORY, NOT A RESULT — batch 17: window_d8 (S48), window_fail (S49) — DRY RUN (shortened: 1 seed per arm, runs capped at 2400 steps; exercises the code, not for interpretation)
  cpu Intel(R) Xeon(R) Processor @ 2.10GHz | torch 2.14.0+cu130 | git 25e5691 | python 3.11.15 | torch threads 1
====================================================================================================
  S48's Muon pair: W_M_REF (LOCAL3_SLOW_D8_M fresh on Intel(R) Xeon(R) Processor @ 2.10GHz; batch 16's records are on ['Intel(R) Xeon(R) Processor @ 2.80GHz'])
  code SHA dry_window_d8: 2f2357db0f85 over 41 modules (8 served from main at 9c5939e): bdh bdh_recurrent explore_aux_gate explore_b16_gates explore_b16_main explore_common explore_common2 explore_main9c explore_muon_k16_child explore_muon_recipe explore_muon_scale_child explore_slow_hinge explore_slow_mem explore_slow_pos explore_split_child explore_split_target_child explore_stream_knobs_child explore_window_d8_child test_binding_capacity test_binding_onset test_binding_recipe test_channel_binding test_conv_lr test_curriculum_confirm test_instrument_v2 test_interference test_load_curriculum test_multilayer_binding test_p_scaling test_readout_path test_router_confirm test_router_curriculum test_router_discovery test_router_layout test_router_reliability test_scale_axes test_short_conv test_slow_start test_stream_channels test_stream_curriculum test_stream_recipe
  code SHA dry_window_fail: 3d097ab8b5cc over 22 modules (0 served from main at 9c5939e): bdh bdh_recurrent explore_b16_gates explore_common explore_common2 explore_local_gate explore_window_fail_child explore_window_recipe_child test_binding_capacity test_binding_onset test_binding_recipe test_channel_binding test_instrument_v2 test_interference test_multilayer_binding test_readout_path test_router_confirm test_router_curriculum test_router_discovery test_router_layout test_router_reliability test_short_conv
  this segment's CPU: Intel(R) Xeon(R) Processor @ 2.10GHz; the batch's CPU (Muon runs and their pairs): Intel(R) Xeon(R) Processor @ 2.10GHz
  repro_check: arm A seed 160, 2400 steps, lr 0.001: BIT-IDENTICAL to X (49s)
    here [[1200, 0.25732421875, 2.1073341369628906], [2400, 0.50244140625, 1.1376346349716187]]
    X    [[1200, 0.25732421875, 2.1073341369628906], [2400, 0.50244140625, 1.1376346349716187]]
  PROJECTION OF THIS DRY RUN (worst case: every run to its iters; pool-load timing, 1 thread each, this machine):
    window_d8    W_SPLIT             1 runs x    3.2 min  (step 74.4 ms, evaluation 6.3 s, decoder 0.9 s)
    window_d8    W_D98               1 runs x    3.1 min  (step 71.0 ms, evaluation 6.6 s, decoder 0.9 s)
    window_d8    W_SPLIT_D98         1 runs x    3.2 min  (step 73.7 ms, evaluation 6.4 s, decoder 0.8 s)
    window_d8    W_LONG              1 runs x    3.1 min  (step 71.4 ms, evaluation 5.9 s, decoder 1.0 s)
    window_d8    W_NOSLOW            1 runs x    2.9 min  (step 67.8 ms, evaluation 5.6 s, decoder 0.9 s)
    window_d8    W_WIDTH4            1 runs x    3.0 min  (step 68.0 ms, evaluation 6.0 s, decoder 0.9 s)
    window_d8    W_SPLIT_M           1 runs x    3.0 min  (step 69.2 ms, evaluation 5.3 s, decoder 0.9 s)
    window_d8    W_M_REF             1 runs x    3.1 min  (step 70.9 ms, evaluation 6.3 s, decoder 0.8 s)
    window_fail  LOCAL3_SLOW_RERUN   1 runs x    0.8 min  (step 13.5 ms, evaluation 0.8 s, decoder 0.2 s, gate cells 0.10 s)
    total 0.42 h of runs; makespan on 4 workers 0.11 h (worst case)
  PROJECTION OF THE FULL BATCH (worst case: every run to its iters; pool-load timing, 1 thread each, this machine):
    window_d8    W_SPLIT            10 runs x   38.3 min  (step 74.4 ms, evaluation 6.3 s, decoder 0.9 s)
    window_d8    W_D98              10 runs x   36.7 min  (step 71.0 ms, evaluation 6.6 s, decoder 0.9 s)
    window_d8    W_SPLIT_D98        10 runs x   38.0 min  (step 73.7 ms, evaluation 6.4 s, decoder 0.8 s)
    window_d8    W_LONG             10 runs x   54.9 min  (step 71.4 ms, evaluation 5.9 s, decoder 1.0 s)
    window_d8    W_NOSLOW           10 runs x   34.8 min  (step 67.8 ms, evaluation 5.6 s, decoder 0.9 s)
    window_d8    W_WIDTH4           10 runs x   35.1 min  (step 68.0 ms, evaluation 6.0 s, decoder 0.9 s)
    window_d8    W_SPLIT_M          10 runs x   35.4 min  (step 69.2 ms, evaluation 5.3 s, decoder 0.9 s)
    window_d8    W_M_REF            10 runs x   36.6 min  (step 70.9 ms, evaluation 6.3 s, decoder 0.8 s)
    window_fail  LOCAL3_SLOW_RERUN   9 runs x    5.9 min  (step 13.5 ms, evaluation 0.8 s, decoder 0.2 s, gate cells 0.10 s)
    total 52.52 h of runs; makespan on 4 workers 13.19 h (worst case)
  RUNTIME RULE: projected makespan 13.19 h > 10 h: cut, re-projecting after each: window_d8 W_WIDTH4 -> 11.72 h; window_d8 W_NOSLOW -> 10.27 h; window_d8 W_SPLIT_M -> 7.26 h (dry run: not stored)
  dry run: the runtime rule's decision is printed, not applied (every arm is exercised)
  recipe read in children from main at 9c5939e: test_slow_start.LR 0.001, test_stream_recipe.LR 0.001, test_stream_curriculum.LR 0.001 (Adam groups), WARM 2400; the warm lr 0.0001; the trigger: every 2400 from 4800 (reference 2400), acc < 0.95, rise < 0.02, <= 3 splits (S37: 2), gap 4800; decay 0.98; S49: the branch's test_channel_binding.SUB_LR 0.001, test_short_conv.MAX_ITERS 24000; Muon lr 0.005; 1 torch thread per run
  lr for dry_window_d8 W_SPLIT: 0.001; iters 2400; seeds 260-260 (1)
  lr for dry_window_d8 W_D98: 0.001; iters 2400; seeds 260-260 (1)
  lr for dry_window_d8 W_SPLIT_D98: 0.001; iters 2400; seeds 260-260 (1)
  lr for dry_window_d8 W_LONG: 0.001; iters 2400; seeds 260-260 (1)
  lr for dry_window_d8 W_NOSLOW: 0.001; iters 2400; seeds 260-260 (1)
  lr for dry_window_d8 W_WIDTH4: 0.001; iters 2400; seeds 260-260 (1)
  lr for dry_window_d8 W_SPLIT_M: 0.001; Muon lr 0.005; iters 2400; seeds 260-260 (1)
  lr for dry_window_d8 W_M_REF: 0.001; Muon lr 0.005; iters 2400; seeds 260-260 (1)
  lr for dry_window_fail LOCAL3_SLOW_RERUN: 0.001; iters 2400; seeds 163-163 (1)
  CHECK dry_window_fail: the (stream, key) cell table on a synthetic gate (stream 0 on channel 0; stream 1 on channel 0 for keys 0, 1 and on channel 1 for keys 2, 3): KEY [[1.0, 1.0, 1.0, 1.0], [1.0, 1.0, 0.0, 0.0]], VAL [[1.0, 1.0, 1.0, 1.0], [1.0, 1.0, 0.0, 0.0]]; soft share 0.0; eta^2 by cell 1.000 (1 = p fixed by the cell): ok
  CHECK dry_window_fail: cells() carries test_router_layout.routing_stats unchanged (the eta^2 and margin fail_class reads): ok
  CHECK dry_window_fail: the dense measurements are inert: LOCAL3_SLOW|163 through 2400 with them equals S43's run code without them (curve [[1200, 0.30810546875, 2.3693504333496094], [2400, 0.533203125, 1.5524489879608154]]; statistics and decoder equal True); 61 measurements at [0, 25, 50, 75, 100]..2400, 2400 updates: ok
  CHECK dry_window_fail: the nine seeds are S43's unbound LOCAL3_SLOW seeds (40 records of code 46867e792241; not DISCOVERED: [163, 169, 173, 183, 185, 186, 188, 192, 197]; classes ['STREAM-PARTIAL', 'KEY', 'KEY', 'STREAM-PARTIAL', 'STREAM-PARTIAL', 'KEY', 'STREAM-PARTIAL', 'KEY', 'STREAM-PARTIAL']): ok
  CHECK dry_window_d8: to_local_w(3) is explore_b16_gates.to_local (batch 16's LOCAL3 conversion): ok
  CHECK dry_window_d8: width 4: the conversion keeps every parameter of the run path's model bitwise (9), adds only ['gate_conv.conv_w'] of shape (32, 4) = window_init_w(seed, 4) (|w| max 0.4990 <= 0.5), W_h frozen (True); window_init_w(seed, 3) equals batch 1's window (True): ok
  CHECK dry_window_d8: width 3: the gate at t = 30 ignores token t-3 (True) and sees token t-2 (True): ok
  CHECK dry_window_d8: width 4: the gate at t = 30 ignores token t-4 (True) and sees token t-3 (True): ok
  CHECK dry_window_d8: with the windows at [1, 0, 0] and [1, 0, 0, 0] the width-3 and width-4 gates are equal (max |diff| 0.00e+00): ok
  CHECK dry_window_d8: decay 0.98 on the LOCAL3 model: parameters and buffers equal (True); attention attributes that differ ['decay']; gate equal (True); logits differ (True) and equal the 0.95 model's bit for bit with the decay set back (True); set_decay is S46's: ok
  CHECK dry_window_d8: W_NOSLOW: groups [('gate', 3), ('rest', 6)] cover every trainable parameter once, gate ['W_in', 'W_g', 'gate_conv.conv_w']; lrs at update 1 [0.001, 0.001], 2400 [0.001, 0.001], 2401 [0.001, 0.001]; window width 3, decay 0.95: ok
  CHECK dry_window_d8: W_WIDTH4: groups [('gate', 3), ('rest', 6)] cover every trainable parameter once, gate ['W_in', 'W_g', 'gate_conv.conv_w']; lrs at update 1 [0.001, 0.0001], 2400 [0.001, 0.0001], 2401 [0.001, 0.001]; window width 4, decay 0.95: ok
  CHECK dry_window_d8: W_D98: groups [('gate', 3), ('rest', 6)] cover every trainable parameter once, gate ['W_in', 'W_g', 'gate_conv.conv_w']; lrs at update 1 [0.001, 0.0001], 2400 [0.001, 0.0001], 2401 [0.001, 0.001]; window width 3, decay 0.98: ok
  CHECK dry_window_d8: the trigger at cap 2 equals S37's make_trigger row for row over checks 2400..26400 (fired at [4800, 9600] vs [4800, 9600]; W_g equal after): ok
  CHECK dry_window_d8: the trigger at cap 3 (Adam): fired at [4800, 9600, 14400], blocked by the 4800 gap at [7200, 12000], by the cap at [16800, 19200, 21600, 24000, 26400] (from the third split on the cap is named); each split copies W_g's row c* onto c0 with noise (row distances after [0.0976, 0.092, 0.0846] > 0) and zeroes W_g's Adam state (exp_avg, exp_avg_sq zero after: True); targets labelled [(6, 4, False), (6, 1, False), (6, 8, False)]: ok
  CHECK dry_window_d8: the trigger under Muon: W_g is in the Muon optimizer (True); fired at [4800]; W_g's Muon state ['momentum_buffer'] nonzero before and zero after (True): ok
  CHECK dry_window_d8: with the trigger's threshold at 0, W_SPLIT|260 equals batch 16's LOCAL3_SLOW_D8_A|260 (Intel(R) Xeon(R) Processor @ 2.80GHz) bit for bit through 6000 (curve [[1200, 0.060546875, 2.809293270111084], [2400, 0.1005859375, 2.770794153213501], [3600, 0.09716796875, 2.7249908447265625], [4800, 0.09423828125, 2.714980363845825], [6000, 0.15966796875, 2.5879364013671875]]; statistics and the decoder at [1200, 2400, 4800] equal: False; checks logged at [2400], 0 splits): FAIL
  CHECK dry_window_d8: with the threshold at 0, W_SPLIT_M|260 equals its Muon pair (W_M_REF) bit for bit through 3600 (curve [[1200, 0.068359375, 2.9911153316497803], [2400, 0.2373046875, 2.4884212017059326], [3600, 0.43359375, 1.5793131589889526]]; True): ok
  CHECK batch 17: the modules served from main are exactly the test modules that differ between this branch and 9c5939e (['test_binding_capacity', 'test_curriculum_confirm', 'test_scale_axes', 'test_short_conv', 'test_slow_start', 'test_stream_channels', 'test_stream_curriculum', 'test_stream_recipe']): ok
  ! CHECK failed in ['dry_window_d8']; stopping.
####################################################################################################
ADDENDUM (EXPLORATORY, not a result): the one failed CHECK (W_SPLIT|260 at threshold 0 vs batch 16's LOCAL3_SLOW_D8_A|260
through 6000) failed on its condition "at least two trigger checks logged": the check run's trigger stopped checking at
iters - 2400 = 3600, so only the reference check at 2400 ran (batch 16's split check used the full run's last check, 26400).
Fixed after this log: the check passes the full run's length (28800) for the trigger's horizon, and prints the equality
on its own. The arms' runs are unchanged (their iters are the full length). The dry run was then rerun: batch17_dry.log.
