#################### NOTE 2026-09-30 19:40:22 UTC — batch 4 runs in segments with batch 3's machinery: the first segment runs the full CHECK suite and records its head in explore_out/batch4_checks.json; each later segment (--resume, after the session's background time limit stops the previous one) runs the repro check and skips the rest only if the screen code is unchanged. Order: far_express, gate_reset, slow_pos. A watcher outside the repo commits and pushes explore_out/ after every saved run. S10 (a)'s fits have no training runs and are deterministic; they are computed in the report and were already printed once by the dry run. (EXPLORATORY, not a result) ####################
====================================================================================================
EXPLORATORY, NOT A RESULT — batch 4: far_express (S10), gate_reset (S11), slow_pos (S12)
  cpu Intel(R) Xeon(R) Processor @ 2.10GHz | torch 2.14.0+cu130 | git 6ac992e+dirty | python 3.11.15 | torch threads 1
====================================================================================================
  recipe: lr = test_channel_binding.SUB_LR = 0.001 (passed explicitly), MAX_ITERS = test_short_conv.MAX_ITERS = 24000, task P=4 S=2 n_vals=16 n_q=1, 1 torch thread per run
  S10 readings: a gate fits (argmax >= 0.99) and far_nudge >= 7/10 -> discovery problem; a gate fits and far_nudge <= 3/10 -> the loss cannot finish it; no gate fits -> cannot express
  S11, S12 rule: promising if b - c >= 4 and McNemar p < 0.1; not if b - c <= 0; else inconclusive (DISCOVERED vs X's arm A)
  ROUTED* = margin >= 0.9 and eta_key_by_stream > 0.9
  order (--order): far_express, gate_reset, slow_pos — run_jobs2 queues runs by arm priority, set in memory to 3..1 in this order (the screen files are unchanged)
  repro_check: arm A seed 160, 2400 steps, lr 0.001: BIT-IDENTICAL to X (48s)
    here [[1200, 0.25732421875, 2.1073341369628906], [2400, 0.50244140625, 1.1376346349716187]]
    X    [[1200, 0.25732421875, 2.1073341369628906], [2400, 0.50244140625, 1.1376346349716187]]
  CHECK far_express: the header routing target equals the perfect gate's (one-hot of the block's stream = far_ceil's gate) on the fit batch: ok
  CHECK far_express: fit('A') on the grouped layout reproduces CHECK 45's gate_fit_k at k=2 exactly (mse 3.103e-07 vs 3.103e-07, argmax 1.0000 vs 1.0000): ok
  (the header layout: explore_far_cue's CHECKs)
  CHECK far_cue: every (stream, key) appears once: ok
  CHECK far_cue: S distinct values per key: ok
  CHECK far_cue: each query is answered by its own stream's value: ok
  CHECK far_cue: exactly one CTX token per block; block streams a permutation: ok
  CHECK far_cue: stream_labels = the block's stream (body), the query's stream (query): ok
  CHECK far_cue: L = 21, qpos = [19]: ok
  CHECK far_cue: select reads the query's KEY position and targets its value: ok
  CHECK far_cue: stream token in a width-3 window only for each block's first pair; the query sees its CTX at t-1: ok
  CHECK far_cue: perfect gate zeroes every cross-stream score at every layer (same-stream scores non-zero): ok
  CHECK far_cue: header_routing_stats under the perfect gate: margin 1.0000, eta_key_by_stream 1.0000: ok
  CHECK far_cue: far_A and far_L3 share arm A's initial parameters and vocabulary: ok
  CHECK gate_reset: detector inputs are ['model', 'tokens', 'task'] (no labels); with the probe's stream labels and role masks withheld it equals routing_stats' eta_key_by_index/half/key (0.0106/0.0023/0.6522): ok
  CHECK gate_reset: a forced reset changes only W_in, W_h, W_g (changed: ['W_g', 'W_h', 'W_in']): ok
  CHECK gate_reset: ... and clears exactly their Adam state (cleared: ['W_g', 'W_h', 'W_in']); every other parameter's Adam state is untouched: ok
  CHECK gate_reset: threshold 2.0 (never fires): curve equals X's record through 2400 and a fresh arm-A run's, weights after update 2400 equal ([[1200, 0.25732421875, 2.1073341369628906], [2400, 0.50244140625, 1.1376346349716187]]): ok
  CHECK slow_pos: lambda = 0 equals SLOW_MEM bit for bit through 3600 steps (curves equal to a fresh SLOW_MEM run and to batch 2's record; weights equal): ok
  CHECK slow_pos: the penalty's gradient reaches only ['W_g', 'W_h', 'W_in', 'embed.weight']: ok
  CHECK slow_pos: the penalty enters the training loss's backward (W_g's gradient with lambda 1 differs from lambda 0 on the same weights): ok
  CHECK slow_pos: the penalty matches routing_stats' eta_key_by_index / _by_half on the probe, at init and on a gate far from uniform (max diff 1.5e-06 < 1e-5): ok
  all CHECKs passed (4.4 min)
  recorded the full CHECK pass at 6ac992e in /home/user/clankers/explore_out/batch4_checks.json
----------------------------------------------------------------------------------------------------
[EXPLORATORY, not a result] SCREEN far_express
  idea    expressibility of the header-layout routing by each gate; arm A from a 5% labelled lean
  source  CHECK 45's gate fit; test_router_curriculum's A_nudge (positive control on the grouped layout)
  change  (a) supervised gate fits, no training runs; (b) far_nudge: A_nudge on the header layout
  arm far_nudge    lr 0.001  iters 24000  seeds 160-169 (10)  — arm A + the 5% labelled nudge, header layout
                   schedule: lr 0.001 throughout
  pairing far_nudge seeds 160-169, paired with batch 2's far_A on the same seeds (explore_out/far_cue_results.json)
----------------------------------------------------------------------------------------------------
----------------------------------------------------------------------------------------------------
[EXPLORATORY, not a result] SCREEN gate_reset
  idea    a label-free detector of position/key gate splits at step 1200; reset only the gate
  source  restart heuristics for bad initial commitments (e.g. dead-unit / expert re-initialization in MoE training); the project's restart rule, applied to the gate alone
  change  arm A; at 1200 (and 1200 after each reset, max 3) if eta^2 of the read gate at key positions by index, half or key >= 0.5: re-draw W_in, W_h, W_g, clear their Adam state
  arm RESET        lr 0.001  iters 24000  seeds 160-179 (20)  — arm A + label-free gate reset (max 3)
                   schedule: lr 0.001 throughout; gate reset if eta^2(index/half/key) >= 0.5 at 1200 and 1200 after each reset (max 3)
  pairing seeds 160-179, paired with X's recorded arm A (test_short_conv, lr 1e-3; same initial parameters and batches)
----------------------------------------------------------------------------------------------------
----------------------------------------------------------------------------------------------------
[EXPLORATORY, not a result] SCREEN slow_pos
  idea    SLOW_MEM + a penalty on the read gate's position information (eta^2 by index and half)
  source  batch 2-3's SLOW_MEM (failures mostly POSITION splits); invariance penalties on a representation's nuisance variable (e.g. HSIC / decorrelation penalties)
  change  SLOW_MEM + 1.0 * (eta^2 by triple index + eta^2 by half) of the read gate at key positions, on each training batch
  arm SLOW_POS     lr 0.001  iters 24000  seeds 160-179 (20)  — SLOW_MEM + 1.0 * position penalty on the read gate
                   schedule: gate W_in/W_h/W_g 0.001 throughout; every other parameter 0.0001 for updates 1-2400, 0.001 after; + 1.0 * eta^2(index + half) penalty on each training batch
  pairing seeds 160-179, paired with X's recorded arm A and with batch 2's SLOW_MEM on the same seeds (same initial parameters and batches)
----------------------------------------------------------------------------------------------------
  PROJECTION (worst case: every run to its iters; 100 timed steps per model, 1 thread, this machine):
    far_express    far_nudge  10 runs x  11.2 min  (24000 steps x 27.2 ms + 20 evals x 1.0 s)
    gate_reset     RESET      20 runs x   7.1 min  (24000 steps x 16.6 ms + 20 evals x 1.4 s)
    slow_pos       SLOW_POS   20 runs x   8.4 min  (24000 steps x 19.7 ms + 20 evals x 1.6 s)
    total 7.05 h of runs; makespan on 4 workers 1.81 h (worst case)
  50 runs queued on 4 workers (1 torch thread each)
  [  1/50]    1.0 min  far_express    far_nudge  seed 162  lr 0.001 (lr 0.001 throughout)
          acc 1.000  trans  1200  VALcos 0.001  margin 1.00  DISCOVERED  ROUTED* 1200/2400/end Y/Y/Y
  [  2/50]    1.0 min  far_express    far_nudge  seed 160  lr 0.001 (lr 0.001 throughout)
          acc 1.000  trans  1200  VALcos 0.001  margin 1.00  DISCOVERED  ROUTED* 1200/2400/end Y/Y/Y
  [  3/50]    1.3 min  far_express    far_nudge  seed 163  lr 0.001 (lr 0.001 throughout)
          acc 1.000  trans  2400  VALcos 0.000  margin 1.00  DISCOVERED  ROUTED* 1200/2400/end Y/Y/Y
  [  4/50]    6.1 min  far_express    far_nudge  seed 161  lr 0.001 (lr 0.001 throughout)
          acc 0.553  trans  None  VALcos 0.000  margin 1.00  STREAM-PARTIAL  ROUTED* 1200/2400/end -/-/-
  [  5/50]    6.5 min  far_express    far_nudge  seed 166  lr 0.001 (lr 0.001 throughout)
          acc 1.000  trans 18000  VALcos 1.000  margin 0.00  BOUND unrouted  ROUTED* 1200/2400/end -/-/-
  [  6/50]    7.0 min  far_express    far_nudge  seed 167  lr 0.001 (lr 0.001 throughout)
          acc 1.000  trans  1200  VALcos 0.000  margin 1.00  DISCOVERED  ROUTED* 1200/2400/end Y/Y/Y
  [  7/50]    7.1 min  far_express    far_nudge  seed 165  lr 0.001 (lr 0.001 throughout)
          acc 0.545  trans  None  VALcos 0.002  margin 1.00  STREAM-PARTIAL  ROUTED* 1200/2400/end Y/Y/Y
  [  8/50]    7.2 min  far_express    far_nudge  seed 164  lr 0.001 (lr 0.001 throughout)
          acc 0.524  trans  None  VALcos 0.000  margin 1.00  STREAM-PARTIAL  ROUTED* 1200/2400/end -/Y/Y
  [  9/50]    7.9 min  far_express    far_nudge  seed 169  lr 0.001 (lr 0.001 throughout)
          acc 1.000  trans  1200  VALcos 0.000  margin 1.00  DISCOVERED  ROUTED* 1200/2400/end Y/Y/Y
  [ 10/50]   11.0 min  gate_reset     RESET      seed 162  lr 0.001 (lr 0.001 throughout; gate reset if eta^2(index/half/key) >= 0.5 at 1200 and 1200 after each reset (max 3))
          acc 1.000  trans  7200  VALcos 0.000  margin 1.00  DISCOVERED  ROUTED* 1200/2400/end -/Y/Y
  [ 11/50]   12.6 min  far_express    far_nudge  seed 168  lr 0.001 (lr 0.001 throughout)
          acc 0.228  trans  None  VALcos 1.000  margin 0.00  POSITION  ROUTED* 1200/2400/end -/-/-
  [ 12/50]   14.1 min  gate_reset     RESET      seed 164  lr 0.001 (lr 0.001 throughout; gate reset if eta^2(index/half/key) >= 0.5 at 1200 and 1200 after each reset (max 3))
          acc 1.000  trans  2400  VALcos 0.001  margin 1.00  DISCOVERED  ROUTED* 1200/2400/end Y/Y/Y
  [ 13/50]   14.4 min  gate_reset     RESET      seed 163  lr 0.001 (lr 0.001 throughout; gate reset if eta^2(index/half/key) >= 0.5 at 1200 and 1200 after each reset (max 3))
          acc 0.958  trans  8400  VALcos 0.013  margin 0.94  DISCOVERED  ROUTED* 1200/2400/end -/-/Y
  [ 14/50]   14.7 min  gate_reset     RESET      seed 160  lr 0.001 (lr 0.001 throughout; gate reset if eta^2(index/half/key) >= 0.5 at 1200 and 1200 after each reset (max 3))
          acc 0.505  trans  None  VALcos 1.000  margin -0.00  KEY  ROUTED* 1200/2400/end -/-/-
  [ 15/50]   14.8 min  gate_reset     RESET      seed 161  lr 0.001 (lr 0.001 throughout; gate reset if eta^2(index/half/key) >= 0.5 at 1200 and 1200 after each reset (max 3))
          acc 0.500  trans  None  VALcos 1.000  margin -0.00  KEY  ROUTED* 1200/2400/end -/-/-
  [ 16/50]   15.6 min  gate_reset     RESET      seed 165  lr 0.001 (lr 0.001 throughout; gate reset if eta^2(index/half/key) >= 0.5 at 1200 and 1200 after each reset (max 3))
          acc 1.000  trans  2400  VALcos 0.000  margin 1.00  DISCOVERED  ROUTED* 1200/2400/end Y/Y/Y
  [ 17/50]   16.7 min  gate_reset     RESET      seed 168  lr 0.001 (lr 0.001 throughout; gate reset if eta^2(index/half/key) >= 0.5 at 1200 and 1200 after each reset (max 3))
          acc 1.000  trans  3600  VALcos 0.001  margin 1.00  DISCOVERED  ROUTED* 1200/2400/end -/Y/Y
  [ 18/50]   17.5 min  gate_reset     RESET      seed 169  lr 0.001 (lr 0.001 throughout; gate reset if eta^2(index/half/key) >= 0.5 at 1200 and 1200 after each reset (max 3))
          acc 1.000  trans  3600  VALcos 0.000  margin 1.00  DISCOVERED  ROUTED* 1200/2400/end Y/Y/Y
  [ 19/50]   21.8 min  gate_reset     RESET      seed 166  lr 0.001 (lr 0.001 throughout; gate reset if eta^2(index/half/key) >= 0.5 at 1200 and 1200 after each reset (max 3))
          acc 0.493  trans  None  VALcos 1.000  margin -0.00  KEY  ROUTED* 1200/2400/end -/-/-
  [ 20/50]   22.3 min  gate_reset     RESET      seed 167  lr 0.001 (lr 0.001 throughout; gate reset if eta^2(index/half/key) >= 0.5 at 1200 and 1200 after each reset (max 3))
          acc 0.490  trans  None  VALcos 1.000  margin -0.00  KEY  ROUTED* 1200/2400/end -/-/-
  [ 21/50]   24.2 min  gate_reset     RESET      seed 173  lr 0.001 (lr 0.001 throughout; gate reset if eta^2(index/half/key) >= 0.5 at 1200 and 1200 after each reset (max 3))
          acc 0.996  trans  3600  VALcos 0.000  margin 1.00  DISCOVERED  ROUTED* 1200/2400/end -/Y/Y
  [ 22/50]   24.3 min  gate_reset     RESET      seed 170  lr 0.001 (lr 0.001 throughout; gate reset if eta^2(index/half/key) >= 0.5 at 1200 and 1200 after each reset (max 3))
          acc 0.479  trans  None  VALcos 1.000  margin -0.00  KEY  ROUTED* 1200/2400/end -/-/-
#################### RESUME 2026-09-30 20:15:46 UTC — the previous segment was stopped by the session's background time limit; saved runs are reused, missing runs re-run (EXPLORATORY, not a result) ####################
====================================================================================================
EXPLORATORY, NOT A RESULT — batch 4: far_express (S10), gate_reset (S11), slow_pos (S12)
  cpu Intel(R) Xeon(R) Processor @ 2.10GHz | torch 2.14.0+cu130 | git 56a1ff0+dirty | python 3.11.15 | torch threads 1
====================================================================================================
  recipe: lr = test_channel_binding.SUB_LR = 0.001 (passed explicitly), MAX_ITERS = test_short_conv.MAX_ITERS = 24000, task P=4 S=2 n_vals=16 n_q=1, 1 torch thread per run
  S10 readings: a gate fits (argmax >= 0.99) and far_nudge >= 7/10 -> discovery problem; a gate fits and far_nudge <= 3/10 -> the loss cannot finish it; no gate fits -> cannot express
  S11, S12 rule: promising if b - c >= 4 and McNemar p < 0.1; not if b - c <= 0; else inconclusive (DISCOVERED vs X's arm A)
  ROUTED* = margin >= 0.9 and eta_key_by_stream > 0.9
  order (--order): far_express, gate_reset, slow_pos — run_jobs2 queues runs by arm priority, set in memory to 3..1 in this order (the screen files are unchanged)
  repro_check: arm A seed 160, 2400 steps, lr 0.001: BIT-IDENTICAL to X (52s)
    here [[1200, 0.25732421875, 2.1073341369628906], [2400, 0.50244140625, 1.1376346349716187]]
    X    [[1200, 0.25732421875, 2.1073341369628906], [2400, 0.50244140625, 1.1376346349716187]]
  CHECKs skipped (repro check above still run): the screen code is unchanged — no file outside explore_out/ and explore_batch4.py differs from 6ac992e, where the full CHECK suite passed (2026-09-30 19:45:33 UTC; its output is earlier in this log). git diff --stat 6ac992e:
     explore_out/README.md                |    2 +-
     explore_out/batch4.log               |  127 ++
     explore_out/batch4_checks.json       |    6 +
     explore_out/far_express_results.json | 2975 +++++++++++++++++++++++++
     explore_out/gate_reset_results.json  | 3943 ++++++++++++++++++++++++++++++++++
     explore_out/slow_pos_results.json    |   55 +
     6 files changed, 7107 insertions(+), 1 deletion(-)
----------------------------------------------------------------------------------------------------
[EXPLORATORY, not a result] SCREEN far_express
  idea    expressibility of the header-layout routing by each gate; arm A from a 5% labelled lean
  source  CHECK 45's gate fit; test_router_curriculum's A_nudge (positive control on the grouped layout)
  change  (a) supervised gate fits, no training runs; (b) far_nudge: A_nudge on the header layout
  arm far_nudge    lr 0.001  iters 24000  seeds 160-169 (10)  — arm A + the 5% labelled nudge, header layout
                   schedule: lr 0.001 throughout
  pairing far_nudge seeds 160-169, paired with batch 2's far_A on the same seeds (explore_out/far_cue_results.json)
----------------------------------------------------------------------------------------------------
----------------------------------------------------------------------------------------------------
[EXPLORATORY, not a result] SCREEN gate_reset
  idea    a label-free detector of position/key gate splits at step 1200; reset only the gate
  source  restart heuristics for bad initial commitments (e.g. dead-unit / expert re-initialization in MoE training); the project's restart rule, applied to the gate alone
  change  arm A; at 1200 (and 1200 after each reset, max 3) if eta^2 of the read gate at key positions by index, half or key >= 0.5: re-draw W_in, W_h, W_g, clear their Adam state
  arm RESET        lr 0.001  iters 24000  seeds 160-179 (20)  — arm A + label-free gate reset (max 3)
                   schedule: lr 0.001 throughout; gate reset if eta^2(index/half/key) >= 0.5 at 1200 and 1200 after each reset (max 3)
  pairing seeds 160-179, paired with X's recorded arm A (test_short_conv, lr 1e-3; same initial parameters and batches)
----------------------------------------------------------------------------------------------------
----------------------------------------------------------------------------------------------------
[EXPLORATORY, not a result] SCREEN slow_pos
  idea    SLOW_MEM + a penalty on the read gate's position information (eta^2 by index and half)
  source  batch 2-3's SLOW_MEM (failures mostly POSITION splits); invariance penalties on a representation's nuisance variable (e.g. HSIC / decorrelation penalties)
  change  SLOW_MEM + 1.0 * (eta^2 by triple index + eta^2 by half) of the read gate at key positions, on each training batch
  arm SLOW_POS     lr 0.001  iters 24000  seeds 160-179 (20)  — SLOW_MEM + 1.0 * position penalty on the read gate
                   schedule: gate W_in/W_h/W_g 0.001 throughout; every other parameter 0.0001 for updates 1-2400, 0.001 after; + 1.0 * eta^2(index + half) penalty on each training batch
  pairing seeds 160-179, paired with X's recorded arm A and with batch 2's SLOW_MEM on the same seeds (same initial parameters and batches)
----------------------------------------------------------------------------------------------------
  PROJECTION (worst case: every run to its iters; 100 timed steps per model, 1 thread, this machine):
    far_express    far_nudge  10 runs x  11.3 min  (24000 steps x 27.8 ms + 20 evals x 0.6 s)
    gate_reset     RESET      20 runs x   7.8 min  (24000 steps x 18.8 ms + 20 evals x 0.8 s)
    slow_pos       SLOW_POS   20 runs x   8.1 min  (24000 steps x 19.5 ms + 20 evals x 0.9 s)
    total 7.19 h of runs; makespan on 4 workers 1.84 h (worst case)
  28 runs queued on 4 workers (1 torch thread each)
  [  1/28]    1.9 min  gate_reset     RESET      seed 174  lr 0.001 (lr 0.001 throughout; gate reset if eta^2(index/half/key) >= 0.5 at 1200 and 1200 after each reset (max 3))
          acc 0.984  trans  3600  VALcos 0.000  margin 1.00  DISCOVERED  ROUTED* 1200/2400/end Y/Y/Y
  [  2/28]    3.5 min  gate_reset     RESET      seed 176  lr 0.001 (lr 0.001 throughout; gate reset if eta^2(index/half/key) >= 0.5 at 1200 and 1200 after each reset (max 3))
          acc 1.000  trans  2400  VALcos 0.000  margin 1.00  DISCOVERED  ROUTED* 1200/2400/end Y/Y/Y
  [  3/28]    7.7 min  gate_reset     RESET      seed 172  lr 0.001 (lr 0.001 throughout; gate reset if eta^2(index/half/key) >= 0.5 at 1200 and 1200 after each reset (max 3))
          acc 0.494  trans  None  VALcos 1.000  margin -0.00  KEY  ROUTED* 1200/2400/end -/-/-
  [  4/28]    7.7 min  gate_reset     RESET      seed 171  lr 0.001 (lr 0.001 throughout; gate reset if eta^2(index/half/key) >= 0.5 at 1200 and 1200 after each reset (max 3))
          acc 0.502  trans  None  VALcos 1.000  margin -0.02  OTHER  ROUTED* 1200/2400/end -/-/-
  [  5/28]    7.7 min  gate_reset     RESET      seed 175  lr 0.001 (lr 0.001 throughout; gate reset if eta^2(index/half/key) >= 0.5 at 1200 and 1200 after each reset (max 3))
          acc 0.509  trans  None  VALcos 1.000  margin 0.00  KEY  ROUTED* 1200/2400/end -/-/-
  [  6/28]    8.8 min  gate_reset     RESET      seed 178  lr 0.001 (lr 0.001 throughout; gate reset if eta^2(index/half/key) >= 0.5 at 1200 and 1200 after each reset (max 3))
          acc 1.000  trans  1200  VALcos 0.000  margin 1.00  DISCOVERED  ROUTED* 1200/2400/end Y/Y/Y
  [  7/28]   11.0 min  gate_reset     RESET      seed 177  lr 0.001 (lr 0.001 throughout; gate reset if eta^2(index/half/key) >= 0.5 at 1200 and 1200 after each reset (max 3))
          acc 0.475  trans  None  VALcos 1.000  margin 0.00  KEY  ROUTED* 1200/2400/end -/-/-
  [  8/28]   12.9 min  slow_pos       SLOW_POS   seed 162  lr 0.001 (gate W_in/W_h/W_g 0.001 throughout; every other parameter 0.0001 for updates 1-2400, 0.001 after; + 1.0 * eta^2(index + half) penalty on each training batch)
          acc 1.000  trans  3600  VALcos 0.001  margin 1.00  DISCOVERED  ROUTED* 1200/2400/end -/Y/Y
  [  9/28]   15.3 min  gate_reset     RESET      seed 179  lr 0.001 (lr 0.001 throughout; gate reset if eta^2(index/half/key) >= 0.5 at 1200 and 1200 after each reset (max 3))
          acc 0.493  trans  None  VALcos 1.000  margin 0.00  KEY  ROUTED* 1200/2400/end -/-/-
  [ 10/28]   15.7 min  slow_pos       SLOW_POS   seed 160  lr 0.001 (gate W_in/W_h/W_g 0.001 throughout; every other parameter 0.0001 for updates 1-2400, 0.001 after; + 1.0 * eta^2(index + half) penalty on each training batch)
          acc 0.505  trans  None  VALcos 1.000  margin 0.00  OTHER  ROUTED* 1200/2400/end -/-/-
  [ 11/28]   16.2 min  slow_pos       SLOW_POS   seed 163  lr 0.001 (gate W_in/W_h/W_g 0.001 throughout; every other parameter 0.0001 for updates 1-2400, 0.001 after; + 1.0 * eta^2(index + half) penalty on each training batch)
          acc 1.000  trans  7200  VALcos 0.003  margin 1.00  DISCOVERED  ROUTED* 1200/2400/end -/-/Y
  [ 12/28]   16.8 min  slow_pos       SLOW_POS   seed 161  lr 0.001 (gate W_in/W_h/W_g 0.001 throughout; every other parameter 0.0001 for updates 1-2400, 0.001 after; + 1.0 * eta^2(index + half) penalty on each training batch)
          acc 0.498  trans  None  VALcos 0.999  margin 0.00  OTHER  ROUTED* 1200/2400/end -/-/-
  [ 13/28]   17.7 min  slow_pos       SLOW_POS   seed 165  lr 0.001 (gate W_in/W_h/W_g 0.001 throughout; every other parameter 0.0001 for updates 1-2400, 0.001 after; + 1.0 * eta^2(index + half) penalty on each training batch)
          acc 1.000  trans  3600  VALcos 0.001  margin 1.00  DISCOVERED  ROUTED* 1200/2400/end -/-/Y
  [ 14/28]   18.2 min  slow_pos       SLOW_POS   seed 166  lr 0.001 (gate W_in/W_h/W_g 0.001 throughout; every other parameter 0.0001 for updates 1-2400, 0.001 after; + 1.0 * eta^2(index + half) penalty on each training batch)
          acc 1.000  trans  3600  VALcos 0.004  margin 1.00  DISCOVERED  ROUTED* 1200/2400/end -/-/Y
  [ 15/28]   18.8 min  slow_pos       SLOW_POS   seed 167  lr 0.001 (gate W_in/W_h/W_g 0.001 throughout; every other parameter 0.0001 for updates 1-2400, 0.001 after; + 1.0 * eta^2(index + half) penalty on each training batch)
          acc 1.000  trans  3600  VALcos 0.013  margin 0.98  DISCOVERED  ROUTED* 1200/2400/end -/-/Y
  [ 16/28]   20.1 min  slow_pos       SLOW_POS   seed 168  lr 0.001 (gate W_in/W_h/W_g 0.001 throughout; every other parameter 0.0001 for updates 1-2400, 0.001 after; + 1.0 * eta^2(index + half) penalty on each training batch)
          acc 1.000  trans  4800  VALcos 0.000  margin 1.00  DISCOVERED  ROUTED* 1200/2400/end -/-/Y
  [ 17/28]   20.2 min  slow_pos       SLOW_POS   seed 169  lr 0.001 (gate W_in/W_h/W_g 0.001 throughout; every other parameter 0.0001 for updates 1-2400, 0.001 after; + 1.0 * eta^2(index + half) penalty on each training batch)
          acc 1.000  trans  3600  VALcos 0.000  margin 1.00  DISCOVERED  ROUTED* 1200/2400/end -/-/Y
  [ 18/28]   21.2 min  slow_pos       SLOW_POS   seed 170  lr 0.001 (gate W_in/W_h/W_g 0.001 throughout; every other parameter 0.0001 for updates 1-2400, 0.001 after; + 1.0 * eta^2(index + half) penalty on each training batch)
          acc 1.000  trans  4800  VALcos 0.000  margin 1.00  DISCOVERED  ROUTED* 1200/2400/end -/-/Y
  [ 19/28]   22.2 min  slow_pos       SLOW_POS   seed 172  lr 0.001 (gate W_in/W_h/W_g 0.001 throughout; every other parameter 0.0001 for updates 1-2400, 0.001 after; + 1.0 * eta^2(index + half) penalty on each training batch)
          acc 1.000  trans  3600  VALcos 0.001  margin 1.00  DISCOVERED  ROUTED* 1200/2400/end -/-/Y
  [ 20/28]   23.3 min  slow_pos       SLOW_POS   seed 164  lr 0.001 (gate W_in/W_h/W_g 0.001 throughout; every other parameter 0.0001 for updates 1-2400, 0.001 after; + 1.0 * eta^2(index + half) penalty on each training batch)
          acc 0.495  trans  None  VALcos 1.000  margin 0.00  OTHER  ROUTED* 1200/2400/end -/-/-
  [ 21/28]   25.4 min  slow_pos       SLOW_POS   seed 175  lr 0.001 (gate W_in/W_h/W_g 0.001 throughout; every other parameter 0.0001 for updates 1-2400, 0.001 after; + 1.0 * eta^2(index + half) penalty on each training batch)
          acc 1.000  trans  3600  VALcos 0.001  margin 1.00  DISCOVERED  ROUTED* 1200/2400/end -/-/Y
  [ 22/28]   25.4 min  slow_pos       SLOW_POS   seed 174  lr 0.001 (gate W_in/W_h/W_g 0.001 throughout; every other parameter 0.0001 for updates 1-2400, 0.001 after; + 1.0 * eta^2(index + half) penalty on each training batch)
          acc 1.000  trans  7200  VALcos 0.071  margin 0.88  DISCOVERED  ROUTED* 1200/2400/end -/-/-
  [ 23/28]   27.5 min  slow_pos       SLOW_POS   seed 177  lr 0.001 (gate W_in/W_h/W_g 0.001 throughout; every other parameter 0.0001 for updates 1-2400, 0.001 after; + 1.0 * eta^2(index + half) penalty on each training batch)
          acc 1.000  trans  3600  VALcos 0.001  margin 1.00  DISCOVERED  ROUTED* 1200/2400/end -/-/Y
  [ 24/28]   27.8 min  slow_pos       SLOW_POS   seed 176  lr 0.001 (gate W_in/W_h/W_g 0.001 throughout; every other parameter 0.0001 for updates 1-2400, 0.001 after; + 1.0 * eta^2(index + half) penalty on each training batch)
          acc 1.000  trans  4800  VALcos 0.038  margin 0.90  DISCOVERED  ROUTED* 1200/2400/end -/-/-
  [ 25/28]   28.1 min  slow_pos       SLOW_POS   seed 171  lr 0.001 (gate W_in/W_h/W_g 0.001 throughout; every other parameter 0.0001 for updates 1-2400, 0.001 after; + 1.0 * eta^2(index + half) penalty on each training batch)
          acc 0.517  trans  None  VALcos 1.000  margin 0.00  OTHER  ROUTED* 1200/2400/end -/-/-
#################### RESUME 2026-09-30 20:55:29 UTC — the previous segment was stopped by the session's background time limit; saved runs are reused, missing runs re-run (EXPLORATORY, not a result) ####################
====================================================================================================
EXPLORATORY, NOT A RESULT — batch 4: far_express (S10), gate_reset (S11), slow_pos (S12)
  cpu Intel(R) Xeon(R) Processor @ 2.10GHz | torch 2.14.0+cu130 | git a124a7c+dirty | python 3.11.15 | torch threads 1
====================================================================================================
  recipe: lr = test_channel_binding.SUB_LR = 0.001 (passed explicitly), MAX_ITERS = test_short_conv.MAX_ITERS = 24000, task P=4 S=2 n_vals=16 n_q=1, 1 torch thread per run
  S10 readings: a gate fits (argmax >= 0.99) and far_nudge >= 7/10 -> discovery problem; a gate fits and far_nudge <= 3/10 -> the loss cannot finish it; no gate fits -> cannot express
  S11, S12 rule: promising if b - c >= 4 and McNemar p < 0.1; not if b - c <= 0; else inconclusive (DISCOVERED vs X's arm A)
  ROUTED* = margin >= 0.9 and eta_key_by_stream > 0.9
  order (--order): far_express, gate_reset, slow_pos — run_jobs2 queues runs by arm priority, set in memory to 3..1 in this order (the screen files are unchanged)
  repro_check: arm A seed 160, 2400 steps, lr 0.001: BIT-IDENTICAL to X (49s)
    here [[1200, 0.25732421875, 2.1073341369628906], [2400, 0.50244140625, 1.1376346349716187]]
    X    [[1200, 0.25732421875, 2.1073341369628906], [2400, 0.50244140625, 1.1376346349716187]]
  CHECKs skipped (repro check above still run): the screen code is unchanged — no file outside explore_out/ and explore_batch4.py differs from 6ac992e, where the full CHECK suite passed (2026-09-30 19:45:33 UTC; its output is earlier in this log). git diff --stat 6ac992e:
     explore_out/README.md                |    2 +-
     explore_out/batch4.log               |  231 ++
     explore_out/batch4_checks.json       |    6 +
     explore_out/far_express_results.json | 2975 +++++++++++++++
     explore_out/gate_reset_results.json  | 6875 ++++++++++++++++++++++++++++++++++
     explore_out/slow_pos_results.json    | 5092 +++++++++++++++++++++++++
     6 files changed, 15180 insertions(+), 1 deletion(-)
----------------------------------------------------------------------------------------------------
[EXPLORATORY, not a result] SCREEN far_express
  idea    expressibility of the header-layout routing by each gate; arm A from a 5% labelled lean
  source  CHECK 45's gate fit; test_router_curriculum's A_nudge (positive control on the grouped layout)
  change  (a) supervised gate fits, no training runs; (b) far_nudge: A_nudge on the header layout
  arm far_nudge    lr 0.001  iters 24000  seeds 160-169 (10)  — arm A + the 5% labelled nudge, header layout
                   schedule: lr 0.001 throughout
  pairing far_nudge seeds 160-169, paired with batch 2's far_A on the same seeds (explore_out/far_cue_results.json)
----------------------------------------------------------------------------------------------------
----------------------------------------------------------------------------------------------------
[EXPLORATORY, not a result] SCREEN gate_reset
  idea    a label-free detector of position/key gate splits at step 1200; reset only the gate
  source  restart heuristics for bad initial commitments (e.g. dead-unit / expert re-initialization in MoE training); the project's restart rule, applied to the gate alone
  change  arm A; at 1200 (and 1200 after each reset, max 3) if eta^2 of the read gate at key positions by index, half or key >= 0.5: re-draw W_in, W_h, W_g, clear their Adam state
  arm RESET        lr 0.001  iters 24000  seeds 160-179 (20)  — arm A + label-free gate reset (max 3)
                   schedule: lr 0.001 throughout; gate reset if eta^2(index/half/key) >= 0.5 at 1200 and 1200 after each reset (max 3)
  pairing seeds 160-179, paired with X's recorded arm A (test_short_conv, lr 1e-3; same initial parameters and batches)
----------------------------------------------------------------------------------------------------
----------------------------------------------------------------------------------------------------
[EXPLORATORY, not a result] SCREEN slow_pos
  idea    SLOW_MEM + a penalty on the read gate's position information (eta^2 by index and half)
  source  batch 2-3's SLOW_MEM (failures mostly POSITION splits); invariance penalties on a representation's nuisance variable (e.g. HSIC / decorrelation penalties)
  change  SLOW_MEM + 1.0 * (eta^2 by triple index + eta^2 by half) of the read gate at key positions, on each training batch
  arm SLOW_POS     lr 0.001  iters 24000  seeds 160-179 (20)  — SLOW_MEM + 1.0 * position penalty on the read gate
                   schedule: gate W_in/W_h/W_g 0.001 throughout; every other parameter 0.0001 for updates 1-2400, 0.001 after; + 1.0 * eta^2(index + half) penalty on each training batch
  pairing seeds 160-179, paired with X's recorded arm A and with batch 2's SLOW_MEM on the same seeds (same initial parameters and batches)
----------------------------------------------------------------------------------------------------
  PROJECTION (worst case: every run to its iters; 100 timed steps per model, 1 thread, this machine):
    far_express    far_nudge  10 runs x  11.3 min  (24000 steps x 27.6 ms + 20 evals x 0.7 s)
    gate_reset     RESET      20 runs x   7.2 min  (24000 steps x 17.2 ms + 20 evals x 1.0 s)
    slow_pos       SLOW_POS   20 runs x   7.5 min  (24000 steps x 18.0 ms + 20 evals x 0.9 s)
    total 6.78 h of runs; makespan on 4 workers 1.73 h (worst case)
  3 runs queued on 4 workers (1 torch thread each)
  [  1/3]    1.9 min  slow_pos       SLOW_POS   seed 179  lr 0.001 (gate W_in/W_h/W_g 0.001 throughout; every other parameter 0.0001 for updates 1-2400, 0.001 after; + 1.0 * eta^2(index + half) penalty on each training batch)
          acc 1.000  trans  3600  VALcos 0.009  margin 0.99  DISCOVERED  ROUTED* 1200/2400/end -/-/Y
  [  2/3]    2.0 min  slow_pos       SLOW_POS   seed 178  lr 0.001 (gate W_in/W_h/W_g 0.001 throughout; every other parameter 0.0001 for updates 1-2400, 0.001 after; + 1.0 * eta^2(index + half) penalty on each training batch)
          acc 1.000  trans  3600  VALcos 0.002  margin 1.00  DISCOVERED  ROUTED* 1200/2400/end -/-/Y
  [  3/3]    7.6 min  slow_pos       SLOW_POS   seed 173  lr 0.001 (gate W_in/W_h/W_g 0.001 throughout; every other parameter 0.0001 for updates 1-2400, 0.001 after; + 1.0 * eta^2(index + half) penalty on each training batch)
          acc 0.479  trans  None  VALcos 1.000  margin 0.00  OTHER  ROUTED* 1200/2400/end -/-/-
  batch wall clock 7.6 min (this segment)
####################################################################################################
REPORTS — EXPLORATORY, not a result
####################################################################################################
----------------------------------------------------------------------------------------------------
[EXPLORATORY, not a result] SCREEN far_express
  idea    expressibility of the header-layout routing by each gate; arm A from a 5% labelled lean
  source  CHECK 45's gate fit; test_router_curriculum's A_nudge (positive control on the grouped layout)
  change  (a) supervised gate fits, no training runs; (b) far_nudge: A_nudge on the header layout
  arm far_nudge    lr 0.001  iters 24000  seeds 160-169 (10)  — arm A + the 5% labelled nudge, header layout
                   schedule: lr 0.001 throughout
  pairing far_nudge seeds 160-169, paired with batch 2's far_A on the same seeds (explore_out/far_cue_results.json)
----------------------------------------------------------------------------------------------------
  (a) EXPRESSIBILITY: CHECK 45's recipe (400 Adam steps at lr 0.01 on the gate's parameters and the embedding, 64 sequences), FITS if argmax >= 0.99:
    header layout:
      A       mse 1.099e-07   argmax match 1.0000   FITS
      EMA     mse 1.292e-05   argmax match 1.0000   FITS
      SEL     mse 2.241e-07   argmax match 1.0000   FITS
      LOCAL3  mse 1.388e-01   argmax match 0.7648   does not fit
    grouped layout   (diagnostic):
      A       mse 3.103e-07   argmax match 1.0000   FITS
      EMA     mse 8.100e-06   argmax match 1.0000   FITS
      SEL     mse 3.141e-07   argmax match 1.0000   FITS
      LOCAL3  mse 5.960e-08   argmax match 1.0000   FITS
  (b) far_nudge, per seed (ROUTED* at 1200/2400/3600/end; sep0 = the lean after the pre-fit; b2 = batch 2's far_A):
    seed   sep0    acc  trans  VALcos margin      eta key s/k/h/i  ROUTED*  outcome         b2 far_A       
     160  0.050  1.000   1200   0.001   1.00  1.00/0.00/0.00/0.00  Y/Y/Y/Y  DISCOVERED      POSITION
     161  0.050  0.553   None   0.000   1.00  0.25/0.00/0.00/0.01  -/-/-/-  STREAM-PARTIAL  POSITION
     162  0.050  1.000   1200   0.001   1.00  1.00/0.00/0.00/0.00  Y/Y/Y/Y  DISCOVERED      POSITION
     163  0.050  1.000   2400   0.000   1.00  1.00/0.00/0.00/0.00  Y/Y/Y/Y  DISCOVERED      POSITION
     164  0.050  0.524   None   0.000   1.00  1.00/0.00/0.00/0.00  -/Y/Y/Y  STREAM-PARTIAL  OTHER
     165  0.050  0.545   None   0.002   1.00  1.00/0.00/0.00/0.00  Y/Y/Y/Y  STREAM-PARTIAL  STREAM-PARTIAL
     166  0.050  1.000  18000   1.000   0.00  0.00/1.00/0.00/0.00  -/-/-/-  BOUND unrouted  STREAM-PARTIAL
     167  0.050  1.000   1200   0.000   1.00  1.00/0.00/0.01/0.01  Y/Y/Y/Y  DISCOVERED      OTHER
     168  0.050  0.228   None   1.000   0.00  0.00/0.00/0.20/1.00  -/-/-/-  POSITION        OTHER
     169  0.050  1.000   1200   0.000   1.00  1.00/0.00/0.00/0.00  Y/Y/Y/Y  DISCOVERED      POSITION
    far_nudge DISCOVERED 5/10   bound 6/10   ROUTED*@1200 6/10   ROUTED*@end 7/10   failures {'STREAM-PARTIAL': 3, 'POSITION': 1}   vs b2 far_A: far_nudge only 5, far_A only 0, McNemar p = 0.0625
  gates that fit the header routing: ['A', 'EMA', 'SEL']; the nudged gate (arm A's) fits
  READING S10: neither reading applies (a gate fits; far_nudge 5/10)
  S10 far_express: neither reading applies (a gate fits; far_nudge 5/10)  [EXPLORATORY, not a result]

----------------------------------------------------------------------------------------------------
[EXPLORATORY, not a result] SCREEN gate_reset
  idea    a label-free detector of position/key gate splits at step 1200; reset only the gate
  source  restart heuristics for bad initial commitments (e.g. dead-unit / expert re-initialization in MoE training); the project's restart rule, applied to the gate alone
  change  arm A; at 1200 (and 1200 after each reset, max 3) if eta^2 of the read gate at key positions by index, half or key >= 0.5: re-draw W_in, W_h, W_g, clear their Adam state
  arm RESET        lr 0.001  iters 24000  seeds 160-179 (20)  — arm A + label-free gate reset (max 3)
                   schedule: lr 0.001 throughout; gate reset if eta^2(index/half/key) >= 0.5 at 1200 and 1200 after each reset (max 3)
  pairing seeds 160-179, paired with X's recorded arm A (test_short_conv, lr 1e-3; same initial parameters and batches)
----------------------------------------------------------------------------------------------------
  per seed  (ROUTED* = margin >= 0.9 and eta_key_by_stream > 0.9, at 1200/2400/3600/end; X columns are X's test_short_conv runs at lr 0.001):
   arm RESET (lr 0.001; lr 0.001 throughout; gate reset if eta^2(index/half/key) >= 0.5 at 1200 and 1200 after each reset (max 3))
    seed    acc  trans  VALcos margin      eta key s/k/h/i  ROUTED*  outcome         X A             X A_conv         X A ROUTED* 1200/2400/3600/end
     160  0.505   None   1.000  -0.00  0.00/1.00/0.00/0.00  -/-/-/-  KEY             KEY             DISCOVERED       -/?/?/-
     161  0.500   None   1.000  -0.00  0.00/1.00/0.00/0.00  -/-/-/-  KEY             KEY             POSITION         -/?/?/-
     162  1.000   7200   0.000   1.00  1.00/0.00/0.00/0.00  -/Y/Y/Y  DISCOVERED      POSITION        POSITION         -/?/?/-
     163  0.958   8400   0.013   0.94  0.99/0.00/0.00/0.00  -/-/-/Y  DISCOVERED      DISCOVERED      DISCOVERED       -/?/?/Y
     164  1.000   2400   0.001   1.00  1.00/0.00/0.00/0.00  Y/Y/Y/Y  DISCOVERED      DISCOVERED      DISCOVERED       Y/?/?/Y
     165  1.000   2400   0.000   1.00  1.00/0.00/0.00/0.01  Y/Y/Y/Y  DISCOVERED      DISCOVERED      POSITION         Y/?/?/Y
     166  0.493   None   1.000  -0.00  0.00/1.00/0.00/0.00  -/-/-/-  KEY             KEY             BOUND unrouted   -/?/?/-
     167  0.490   None   1.000  -0.00  0.00/1.00/0.00/0.01  -/-/-/-  KEY             KEY             DISCOVERED       -/?/?/-
     168  1.000   3600   0.001   1.00  1.00/0.00/0.00/0.00  -/Y/Y/Y  DISCOVERED      POSITION        DISCOVERED       -/?/?/-
     169  1.000   3600   0.000   1.00  1.00/0.00/0.00/0.01  Y/Y/Y/Y  DISCOVERED      DISCOVERED      DISCOVERED       Y/?/?/Y
     170  0.479   None   1.000  -0.00  0.00/0.96/0.00/0.02  -/-/-/-  KEY             POSITION        POSITION         -/?/?/-
     171  0.502   None   1.000  -0.02  0.00/0.28/0.07/0.19  -/-/-/-  OTHER           OTHER           BOUND unrouted   -/?/?/-
     172  0.494   None   1.000  -0.00  0.00/1.00/0.00/0.01  -/-/-/-  KEY             POSITION        POSITION         -/?/?/-
     173  0.996   3600   0.000   1.00  1.00/0.00/0.00/0.00  -/Y/Y/Y  DISCOVERED      POSITION        POSITION         -/?/?/-
     174  0.984   3600   0.000   1.00  1.00/0.00/0.00/0.00  Y/Y/Y/Y  DISCOVERED      DISCOVERED      DISCOVERED       Y/?/?/Y
     175  0.509   None   1.000   0.00  0.00/1.00/0.00/0.00  -/-/-/-  KEY             POSITION        POSITION         -/?/?/-
     176  1.000   2400   0.000   1.00  1.00/0.00/0.00/0.00  Y/Y/Y/Y  DISCOVERED      DISCOVERED      DISCOVERED       Y/?/?/Y
     177  0.475   None   1.000   0.00  0.00/1.00/0.00/0.01  -/-/-/-  KEY             POSITION        POSITION         -/?/?/-
     178  1.000   1200   0.000   1.00  1.00/0.00/0.00/0.00  Y/Y/Y/Y  DISCOVERED      DISCOVERED      DISCOVERED       Y/?/?/Y
     179  0.493   None   1.000   0.00  0.00/1.00/0.01/0.01  -/-/-/-  KEY             POSITION        OTHER            -/?/?/-
  resets per run (step: eta index/half/key -> reset r):
     160 resets 3  KEY             1200: 0.00/0.00/1.00 -> reset 1; 2400: 0.00/0.00/1.00 -> reset 2; 3600: 0.00/0.00/1.00 -> reset 3; 4800: 0.00/0.00/1.00 -> fired, no resets left
     161 resets 0  KEY             1200: 0.18/0.02/0.49
     162 resets 1  DISCOVERED      1200: 0.98/0.91/0.00 -> reset 1; 2400: 0.00/0.00/0.00
     163 resets 0  DISCOVERED      1200: 0.09/0.02/0.03
     164 resets 0  DISCOVERED      1200: 0.00/0.00/0.00
     165 resets 0  DISCOVERED      1200: 0.01/0.00/0.00
     166 resets 3  KEY             1200: 0.00/0.00/1.00 -> reset 1; 2400: 0.00/0.00/1.00 -> reset 2; 3600: 0.00/0.00/1.00 -> reset 3; 4800: 0.00/0.00/1.00 -> fired, no resets left
     167 resets 3  KEY             1200: 0.01/0.00/0.96 -> reset 1; 2400: 0.01/0.00/1.00 -> reset 2; 3600: 0.01/0.00/1.00 -> reset 3; 4800: 0.01/0.00/1.00 -> fired, no resets left
     168 resets 1  DISCOVERED      1200: 0.95/0.84/0.00 -> reset 1; 2400: 0.00/0.00/0.00
     169 resets 0  DISCOVERED      1200: 0.01/0.00/0.00
     170 resets 3  KEY             1200: 0.97/0.82/0.00 -> reset 1; 2400: 0.01/0.00/0.99 -> reset 2; 3600: 0.01/0.00/0.99 -> reset 3; 4800: 0.00/0.00/1.00 -> fired, no resets left
     171 resets 0  OTHER           1200: 0.01/0.00/0.01
     172 resets 3  KEY             1200: 0.95/0.47/0.00 -> reset 1; 2400: 0.01/0.00/1.00 -> reset 2; 3600: 0.01/0.00/1.00 -> reset 3; 4800: 0.01/0.00/1.00 -> fired, no resets left
     173 resets 1  DISCOVERED      1200: 0.96/0.77/0.00 -> reset 1; 2400: 0.00/0.00/0.00
     174 resets 0  DISCOVERED      1200: 0.00/0.00/0.00
     175 resets 3  KEY             1200: 1.00/0.67/0.00 -> reset 1; 2400: 0.01/0.00/0.87 -> reset 2; 3600: 0.00/0.00/1.00 -> reset 3; 4800: 0.00/0.00/0.99 -> fired, no resets left
     176 resets 0  DISCOVERED      1200: 0.00/0.00/0.00
     177 resets 3  KEY             1200: 0.95/0.30/0.00 -> reset 1; 2400: 0.01/0.00/1.00 -> reset 2; 3600: 0.01/0.00/1.00 -> reset 3; 4800: 0.01/0.00/1.00 -> fired, no resets left
     178 resets 0  DISCOVERED      1200: 0.00/0.00/0.00
     179 resets 3  KEY             1200: 0.95/0.77/0.01 -> reset 1; 2400: 0.01/0.01/0.99 -> reset 2; 3600: 0.01/0.01/1.00 -> reset 3; 4800: 0.01/0.01/1.00 -> fired, no resets left
  paired with X's arm A (same seeds, initial parameters and batches):
    DISCOVERED  RESET          10/20   X A  7/20   RESET only 3, A only 0, McNemar two-sided p = 0.25
    BOUND       RESET          10/20   X A  7/20   RESET only 3, A only 0, McNemar two-sided p = 0.25
    ROUTED*@1200  RESET       6/20   X A  6/20   RESET only 0, A only 0, McNemar two-sided p = 1   [X A from X record]
    ROUTED*@end   RESET      10/20   X A  7/20   RESET only 3, A only 0, McNemar two-sided p = 0.25   [X A from X record]
    failures RESET {'KEY': 9, 'OTHER': 1}   X arm A {'KEY': 4, 'POSITION': 8, 'OTHER': 1}
  outcome by number of resets: 0 resets: DISCOVERED 7/9   1 resets: DISCOVERED 3/3   3 resets: DISCOVERED 0/8
  resets used: 27 over 20 runs
  VERDICT gate_reset: inconclusive  [EXPLORATORY, not a result]

----------------------------------------------------------------------------------------------------
[EXPLORATORY, not a result] SCREEN slow_pos
  idea    SLOW_MEM + a penalty on the read gate's position information (eta^2 by index and half)
  source  batch 2-3's SLOW_MEM (failures mostly POSITION splits); invariance penalties on a representation's nuisance variable (e.g. HSIC / decorrelation penalties)
  change  SLOW_MEM + 1.0 * (eta^2 by triple index + eta^2 by half) of the read gate at key positions, on each training batch
  arm SLOW_POS     lr 0.001  iters 24000  seeds 160-179 (20)  — SLOW_MEM + 1.0 * position penalty on the read gate
                   schedule: gate W_in/W_h/W_g 0.001 throughout; every other parameter 0.0001 for updates 1-2400, 0.001 after; + 1.0 * eta^2(index + half) penalty on each training batch
  pairing seeds 160-179, paired with X's recorded arm A and with batch 2's SLOW_MEM on the same seeds (same initial parameters and batches)
----------------------------------------------------------------------------------------------------
  per seed  (ROUTED* = margin >= 0.9 and eta_key_by_stream > 0.9, at 1200/2400/3600/end; X columns are X's test_short_conv runs at lr 0.001):
   arm SLOW_POS (lr 0.001; gate W_in/W_h/W_g 0.001 throughout; every other parameter 0.0001 for updates 1-2400, 0.001 after; + 1.0 * eta^2(index + half) penalty on each training batch)
    seed    acc  trans  VALcos margin      eta key s/k/h/i  ROUTED*  outcome         X A             X A_conv         X A ROUTED* 1200/2400/3600/end
     160  0.505   None   1.000   0.00  0.00/0.00/0.00/0.00  -/-/-/-  OTHER           KEY             DISCOVERED       -/?/?/-
     161  0.498   None   0.999   0.00  0.00/0.06/0.00/0.00  -/-/-/-  OTHER           KEY             POSITION         -/?/?/-
     162  1.000   3600   0.001   1.00  1.00/0.00/0.00/0.00  -/Y/Y/Y  DISCOVERED      POSITION        POSITION         -/?/?/-
     163  1.000   7200   0.003   1.00  1.00/0.00/0.00/0.00  -/-/Y/Y  DISCOVERED      DISCOVERED      DISCOVERED       -/?/?/Y
     164  0.495   None   1.000   0.00  0.00/0.00/0.00/0.00  -/-/-/-  OTHER           DISCOVERED      DISCOVERED       Y/?/?/Y
     165  1.000   3600   0.001   1.00  1.00/0.00/0.00/0.01  -/-/Y/Y  DISCOVERED      DISCOVERED      POSITION         Y/?/?/Y
     166  1.000   3600   0.004   1.00  1.00/0.00/0.00/0.00  -/-/Y/Y  DISCOVERED      KEY             BOUND unrouted   -/?/?/-
     167  1.000   3600   0.013   0.98  1.00/0.00/0.00/0.01  -/-/Y/Y  DISCOVERED      KEY             DISCOVERED       -/?/?/-
     168  1.000   4800   0.000   1.00  1.00/0.00/0.00/0.00  -/-/Y/Y  DISCOVERED      POSITION        DISCOVERED       -/?/?/-
     169  1.000   3600   0.000   1.00  1.00/0.00/0.00/0.01  -/-/Y/Y  DISCOVERED      DISCOVERED      DISCOVERED       Y/?/?/Y
     170  1.000   4800   0.000   1.00  1.00/0.00/0.00/0.00  -/-/Y/Y  DISCOVERED      POSITION        POSITION         -/?/?/-
     171  0.517   None   1.000   0.00  0.00/0.00/0.00/0.00  -/-/-/-  OTHER           OTHER           BOUND unrouted   -/?/?/-
     172  1.000   3600   0.001   1.00  1.00/0.00/0.00/0.01  -/-/Y/Y  DISCOVERED      POSITION        POSITION         -/?/?/-
     173  0.479   None   1.000   0.00  0.00/0.00/0.00/0.00  -/-/-/-  OTHER           POSITION        POSITION         -/?/?/-
     174  1.000   7200   0.071   0.88  1.00/0.00/0.00/0.00  -/-/-/-  DISCOVERED      DISCOVERED      DISCOVERED       Y/?/?/Y
     175  1.000   3600   0.001   1.00  1.00/0.00/0.00/0.01  -/-/Y/Y  DISCOVERED      POSITION        POSITION         -/?/?/-
     176  1.000   4800   0.038   0.90  1.00/0.00/0.00/0.00  -/-/-/-  DISCOVERED      DISCOVERED      DISCOVERED       Y/?/?/Y
     177  1.000   3600   0.001   1.00  1.00/0.00/0.00/0.01  -/-/Y/Y  DISCOVERED      POSITION        POSITION         -/?/?/-
     178  1.000   3600   0.002   1.00  1.00/0.00/0.00/0.00  -/-/Y/Y  DISCOVERED      DISCOVERED      DISCOVERED       Y/?/?/Y
     179  1.000   3600   0.009   0.99  1.00/0.00/0.00/0.00  -/-/Y/Y  DISCOVERED      POSITION        OTHER            -/?/?/-
  per seed vs batch 2's SLOW_MEM (outcome; position penalty eta^2 index/half on the last training batch before 1200 and before the end):
     160 SLOW_POS OTHER           SLOW_MEM DISCOVERED      penalty@1200 0.02/0.00  end 0.00/0.00
     161 SLOW_POS OTHER           SLOW_MEM DISCOVERED      penalty@1200 0.03/0.00  end 0.04/0.00
     162 SLOW_POS DISCOVERED      SLOW_MEM POSITION        penalty@1200 0.03/0.00  end 0.03/0.00
     163 SLOW_POS DISCOVERED      SLOW_MEM DISCOVERED      penalty@1200 0.02/0.00  end 0.03/0.00
     164 SLOW_POS OTHER           SLOW_MEM DISCOVERED      penalty@1200 0.02/0.00  end 0.00/0.00
     165 SLOW_POS DISCOVERED      SLOW_MEM DISCOVERED      penalty@1200 0.04/0.00  end 0.03/0.00
     166 SLOW_POS DISCOVERED      SLOW_MEM POSITION        penalty@1200 0.02/0.00  end 0.04/0.00
     167 SLOW_POS DISCOVERED      SLOW_MEM POSITION        penalty@1200 0.02/0.00  end 0.03/0.00
     168 SLOW_POS DISCOVERED      SLOW_MEM DISCOVERED      penalty@1200 0.02/0.00  end 0.04/0.00
     169 SLOW_POS DISCOVERED      SLOW_MEM DISCOVERED      penalty@1200 0.03/0.00  end 0.06/0.00
     170 SLOW_POS DISCOVERED      SLOW_MEM DISCOVERED      penalty@1200 0.03/0.01  end 0.07/0.00
     171 SLOW_POS OTHER           SLOW_MEM OTHER           penalty@1200 0.03/0.00  end 0.00/0.00
     172 SLOW_POS DISCOVERED      SLOW_MEM DISCOVERED      penalty@1200 0.09/0.00  end 0.06/0.00
     173 SLOW_POS OTHER           SLOW_MEM POSITION        penalty@1200 0.02/0.00  end 0.00/0.00
     174 SLOW_POS DISCOVERED      SLOW_MEM DISCOVERED      penalty@1200 0.05/0.00  end 0.04/0.00
     175 SLOW_POS DISCOVERED      SLOW_MEM POSITION        penalty@1200 0.04/0.00  end 0.03/0.00
     176 SLOW_POS DISCOVERED      SLOW_MEM POSITION        penalty@1200 0.05/0.00  end 0.02/0.00
     177 SLOW_POS DISCOVERED      SLOW_MEM POSITION        penalty@1200 0.02/0.00  end 0.02/0.00
     178 SLOW_POS DISCOVERED      SLOW_MEM DISCOVERED      penalty@1200 0.01/0.00  end 0.06/0.00
     179 SLOW_POS DISCOVERED      SLOW_MEM DISCOVERED      penalty@1200 0.02/0.00  end 0.03/0.00
  paired with X's arm A (same seeds, initial parameters and batches):
    DISCOVERED  SLOW_POS       15/20   X A  7/20   SLOW_POS only 9, A only 1, McNemar two-sided p = 0.0215
    BOUND       SLOW_POS       15/20   X A  7/20   SLOW_POS only 9, A only 1, McNemar two-sided p = 0.0215
    ROUTED*@1200  SLOW_POS    0/20   X A  6/20   SLOW_POS only 0, A only 6, McNemar two-sided p = 0.0312   [X A from X record]
    ROUTED*@end   SLOW_POS   13/20   X A  7/20   SLOW_POS only 9, A only 3, McNemar two-sided p = 0.146   [X A from X record]
  paired with batch 2's SLOW_MEM: DISCOVERED SLOW_POS 15/20 vs SLOW_MEM 12/20, SLOW_POS only 6, SLOW_MEM only 3, McNemar p = 0.508;  ROUTED*@1200 SLOW_POS only 0, SLOW_MEM only 12, p = 0.000488
  failure classes: SLOW_POS {'OTHER': 5}   SLOW_MEM {'POSITION': 7, 'OTHER': 1}   X arm A {'KEY': 4, 'POSITION': 8, 'OTHER': 1}
  VERDICT slow_pos: promising  [EXPLORATORY, not a result]

####################################################################################################
SUMMARY — EXPLORATORY, not a result
  S10 far_express: neither reading applies (a gate fits; far_nudge 5/10)
      header-layout fits (argmax): A 1.000, EMA 1.000, SEL 1.000, LOCAL3 0.765; far_nudge DISCOVERED 5/10
  S11 gate_reset: inconclusive (DISCOVERED 10/20 vs X A 7/20, 3 vs 0, p = 0.25)
  S12 slow_pos:   promising (DISCOVERED 15/20 vs X A 7/20, 9 vs 1, p = 0.0215); vs SLOW_MEM 12/20: 6 vs 3, p = 0.508
####################################################################################################
