====================================================================================================
EXPLORATORY, NOT A RESULT — batch 17: window_d8 (S48), window_fail (S49) — DRY RUN (shortened: 1 seed per arm, runs capped at 2400 steps; exercises the code, not for interpretation)
  cpu Intel(R) Xeon(R) Processor @ 2.10GHz | torch 2.14.0+cu130 | git f91f08b | python 3.11.15 | torch threads 1
====================================================================================================
  S48's Muon pair: W_M_REF (LOCAL3_SLOW_D8_M fresh on Intel(R) Xeon(R) Processor @ 2.10GHz; batch 16's records are on ['Intel(R) Xeon(R) Processor @ 2.80GHz'])
  code SHA dry_window_d8: 375b30d487df over 41 modules (8 served from main at 9c5939e): bdh bdh_recurrent explore_aux_gate explore_b16_gates explore_b16_main explore_common explore_common2 explore_main9c explore_muon_k16_child explore_muon_recipe explore_muon_scale_child explore_slow_hinge explore_slow_mem explore_slow_pos explore_split_child explore_split_target_child explore_stream_knobs_child explore_window_d8_child test_binding_capacity test_binding_onset test_binding_recipe test_channel_binding test_conv_lr test_curriculum_confirm test_instrument_v2 test_interference test_load_curriculum test_multilayer_binding test_p_scaling test_readout_path test_router_confirm test_router_curriculum test_router_discovery test_router_layout test_router_reliability test_scale_axes test_short_conv test_slow_start test_stream_channels test_stream_curriculum test_stream_recipe
  code SHA dry_window_fail: 3d097ab8b5cc over 22 modules (0 served from main at 9c5939e): bdh bdh_recurrent explore_b16_gates explore_common explore_common2 explore_local_gate explore_window_fail_child explore_window_recipe_child test_binding_capacity test_binding_onset test_binding_recipe test_channel_binding test_instrument_v2 test_interference test_multilayer_binding test_readout_path test_router_confirm test_router_curriculum test_router_discovery test_router_layout test_router_reliability test_short_conv
  this segment's CPU: Intel(R) Xeon(R) Processor @ 2.10GHz; the batch's CPU (Muon runs and their pairs): Intel(R) Xeon(R) Processor @ 2.10GHz
  repro_check: arm A seed 160, 2400 steps, lr 0.001: BIT-IDENTICAL to X (46s)
    here [[1200, 0.25732421875, 2.1073341369628906], [2400, 0.50244140625, 1.1376346349716187]]
    X    [[1200, 0.25732421875, 2.1073341369628906], [2400, 0.50244140625, 1.1376346349716187]]
  PROJECTION OF THIS DRY RUN (worst case: every run to its iters; pool-load timing, 1 thread each, this machine):
    window_d8    W_SPLIT             1 runs x    2.9 min  (step 66.5 ms, evaluation 5.3 s, decoder 0.9 s)
    window_d8    W_D98               1 runs x    2.9 min  (step 67.8 ms, evaluation 5.6 s, decoder 0.8 s)
    window_d8    W_SPLIT_D98         1 runs x    3.0 min  (step 69.4 ms, evaluation 5.5 s, decoder 0.9 s)
    window_d8    W_LONG              1 runs x    2.9 min  (step 67.2 ms, evaluation 5.5 s, decoder 0.9 s)
    window_d8    W_NOSLOW            1 runs x    2.9 min  (step 68.5 ms, evaluation 5.2 s, decoder 0.9 s)
    window_d8    W_WIDTH4            1 runs x    3.0 min  (step 69.5 ms, evaluation 5.5 s, decoder 0.8 s)
    window_d8    W_SPLIT_M           1 runs x    3.1 min  (step 72.4 ms, evaluation 5.3 s, decoder 0.8 s)
    window_d8    W_M_REF             1 runs x    3.1 min  (step 72.6 ms, evaluation 5.5 s, decoder 0.8 s)
    window_fail  LOCAL3_SLOW_RERUN   1 runs x    0.8 min  (step 14.0 ms, evaluation 0.9 s, decoder 0.1 s, gate cells 0.10 s)
    total 0.41 h of runs; makespan on 4 workers 0.11 h (worst case)
  PROJECTION OF THE FULL BATCH (worst case: every run to its iters; pool-load timing, 1 thread each, this machine):
    window_d8    W_SPLIT            10 runs x   34.1 min  (step 66.5 ms, evaluation 5.3 s, decoder 0.9 s)
    window_d8    W_D98              10 runs x   34.8 min  (step 67.8 ms, evaluation 5.6 s, decoder 0.8 s)
    window_d8    W_SPLIT_D98        10 runs x   35.6 min  (step 69.4 ms, evaluation 5.5 s, decoder 0.9 s)
    window_d8    W_LONG             10 runs x   51.7 min  (step 67.2 ms, evaluation 5.5 s, decoder 0.9 s)
    window_d8    W_NOSLOW           10 runs x   35.0 min  (step 68.5 ms, evaluation 5.2 s, decoder 0.9 s)
    window_d8    W_WIDTH4           10 runs x   35.6 min  (step 69.5 ms, evaluation 5.5 s, decoder 0.8 s)
    window_d8    W_SPLIT_M          10 runs x   36.9 min  (step 72.4 ms, evaluation 5.3 s, decoder 0.8 s)
    window_d8    W_M_REF            10 runs x   37.1 min  (step 72.6 ms, evaluation 5.5 s, decoder 0.8 s)
    window_fail  LOCAL3_SLOW_RERUN   9 runs x    6.1 min  (step 14.0 ms, evaluation 0.9 s, decoder 0.1 s, gate cells 0.10 s)
    total 51.02 h of runs; makespan on 4 workers 12.83 h (worst case)
  RUNTIME RULE: projected makespan 12.83 h > 10 h: cut, re-projecting after each: window_d8 W_WIDTH4 -> 11.32 h; window_d8 W_NOSLOW -> 9.89 h (dry run: not stored)
  dry run: the runtime rule's decision is printed, not applied (every arm is exercised)
  recipe read in children from main at 9c5939e: test_slow_start.LR 0.001, test_stream_recipe.LR 0.001, test_stream_curriculum.LR 0.001 (Adam groups), WARM 2400; the warm lr 0.0001; the trigger: every 2400 from 4800 (reference 2400), acc < 0.95, rise < 0.02, <= 3 splits (S37: 2), gap 4800; decay 0.98; S49: the branch's test_channel_binding.SUB_LR 0.001, test_short_conv.MAX_ITERS 24000; Muon lr 0.005; 1 torch thread per run
  lr for dry_window_d8 W_SPLIT: 0.001; iters 2400; seeds 260-260 (1)
  lr for dry_window_d8 W_D98: 0.001; iters 2400; seeds 260-260 (1)
  lr for dry_window_d8 W_SPLIT_D98: 0.001; iters 2400; seeds 260-260 (1)
  lr for dry_window_d8 W_LONG: 0.001; iters 2400; seeds 260-260 (1)
  lr for dry_window_d8 W_NOSLOW: 0.001; iters 2400; seeds 260-260 (1)
  lr for dry_window_d8 W_WIDTH4: 0.001; iters 2400; seeds 260-260 (1)
  lr for dry_window_d8 W_SPLIT_M: 0.001; Muon lr 0.005; iters 2400; seeds 260-260 (1)
  lr for dry_window_d8 W_M_REF: 0.001; Muon lr 0.005; iters 2400; seeds 260-260 (1)
  lr for dry_window_fail LOCAL3_SLOW_RERUN: 0.001; iters 2400; seeds 163-163 (1)
  CHECK dry_window_fail: the (stream, key) cell table on a synthetic gate (stream 0 on channel 0; stream 1 on channel 0 for keys 0, 1 and on channel 1 for keys 2, 3): KEY [[1.0, 1.0, 1.0, 1.0], [1.0, 1.0, 0.0, 0.0]], VAL [[1.0, 1.0, 1.0, 1.0], [1.0, 1.0, 0.0, 0.0]]; soft share 0.0; eta^2 by cell 1.000 (1 = p fixed by the cell): ok
  CHECK dry_window_fail: cells() carries test_router_layout.routing_stats unchanged (the eta^2 and margin fail_class reads): ok
  CHECK dry_window_fail: the dense measurements are inert: LOCAL3_SLOW|163 through 2400 with them equals S43's run code without them (curve [[1200, 0.30810546875, 2.3693504333496094], [2400, 0.533203125, 1.5524489879608154]]; statistics and decoder equal True); 61 measurements at [0, 25, 50, 75, 100]..2400, 2400 updates: ok
  CHECK dry_window_fail: the nine seeds are S43's unbound LOCAL3_SLOW seeds (40 records of code 46867e792241; not DISCOVERED: [163, 169, 173, 183, 185, 186, 188, 192, 197]; classes ['STREAM-PARTIAL', 'KEY', 'KEY', 'STREAM-PARTIAL', 'STREAM-PARTIAL', 'KEY', 'STREAM-PARTIAL', 'KEY', 'STREAM-PARTIAL']): ok
  CHECK dry_window_d8: to_local_w(3) is explore_b16_gates.to_local (batch 16's LOCAL3 conversion): ok
  CHECK dry_window_d8: width 4: the conversion keeps every parameter of the run path's model bitwise (9), adds only ['gate_conv.conv_w'] of shape (32, 4) = window_init_w(seed, 4) (|w| max 0.4990 <= 0.5), W_h frozen (True); window_init_w(seed, 3) equals batch 1's window (True): ok
  CHECK dry_window_d8: width 3: the gate at t = 30 ignores token t-3 (True) and sees token t-2 (True): ok
  CHECK dry_window_d8: width 4: the gate at t = 30 ignores token t-4 (True) and sees token t-3 (True): ok
  CHECK dry_window_d8: with the windows at [1, 0, 0] and [1, 0, 0, 0] the width-3 and width-4 gates are equal (max |diff| 0.00e+00): ok
  CHECK dry_window_d8: decay 0.98 on the LOCAL3 model: parameters and buffers equal (True); attention attributes that differ ['decay']; gate equal (True); logits differ (True) and equal the 0.95 model's bit for bit with the decay set back (True); set_decay is S46's: ok
  CHECK dry_window_d8: W_NOSLOW: groups [('gate', 3), ('rest', 6)] cover every trainable parameter once, gate ['W_in', 'W_g', 'gate_conv.conv_w']; lrs at update 1 [0.001, 0.001], 2400 [0.001, 0.001], 2401 [0.001, 0.001]; window width 3, decay 0.95: ok
  CHECK dry_window_d8: W_WIDTH4: groups [('gate', 3), ('rest', 6)] cover every trainable parameter once, gate ['W_in', 'W_g', 'gate_conv.conv_w']; lrs at update 1 [0.001, 0.0001], 2400 [0.001, 0.0001], 2401 [0.001, 0.001]; window width 4, decay 0.95: ok
  CHECK dry_window_d8: W_D98: groups [('gate', 3), ('rest', 6)] cover every trainable parameter once, gate ['W_in', 'W_g', 'gate_conv.conv_w']; lrs at update 1 [0.001, 0.0001], 2400 [0.001, 0.0001], 2401 [0.001, 0.001]; window width 3, decay 0.98: ok
  CHECK dry_window_d8: the trigger at cap 2 equals S37's make_trigger row for row over checks 2400..26400 (fired at [4800, 9600] vs [4800, 9600]; W_g equal after): ok
  CHECK dry_window_d8: the trigger at cap 3 (Adam): fired at [4800, 9600, 14400], blocked by the 4800 gap at [7200, 12000], by the cap at [16800, 19200, 21600, 24000, 26400] (from the third split on the cap is named); each split copies W_g's row c* onto c0 with noise (row distances after [0.0976, 0.092, 0.0846] > 0) and zeroes W_g's Adam state (exp_avg, exp_avg_sq zero after: True); targets labelled [(6, 4, False), (6, 1, False), (6, 8, False)]: ok
  CHECK dry_window_d8: the trigger under Muon: W_g is in the Muon optimizer (True); fired at [4800]; W_g's Muon state ['momentum_buffer'] nonzero before and zero after (True): ok
  CHECK dry_window_d8: with the trigger's threshold at 0, W_SPLIT|260 equals batch 16's LOCAL3_SLOW_D8_A|260 (Intel(R) Xeon(R) Processor @ 2.80GHz) bit for bit through 6000 (curve [[1200, 0.060546875, 2.809293270111084], [2400, 0.1005859375, 2.770794153213501], [3600, 0.09716796875, 2.7249908447265625], [4800, 0.09423828125, 2.714980363845825], [6000, 0.15966796875, 2.5879364013671875]]; statistics and the decoder at [1200, 2400, 4800] equal: True; checks logged at [2400, 4800], 0 splits): ok
  CHECK dry_window_d8: with the threshold at 0, W_SPLIT_M|260 equals its Muon pair (W_M_REF) bit for bit through 3600 (curve [[1200, 0.068359375, 2.9911153316497803], [2400, 0.2373046875, 2.4884212017059326], [3600, 0.43359375, 1.5793131589889526]]; True): ok
  CHECK batch 17: the modules served from main are exactly the test modules that differ between this branch and 9c5939e (['test_binding_capacity', 'test_curriculum_confirm', 'test_scale_axes', 'test_short_conv', 'test_slow_start', 'test_stream_channels', 'test_stream_curriculum', 'test_stream_recipe']): ok
  all CHECKs passed (9.0 min)
----------------------------------------------------------------------------------------------------
[EXPLORATORY, not a result — DRY RUN (shortened: 1 seed per arm, runs capped at 2400 steps; exercises the code, not for interpretation)] SCREEN dry_window_d8
  idea    one-knob changes to the eight-stream window gate (LOCAL3_SLOW_D8_A, 3/10): splits, decay 0.98, length, one rate, width 4
  source  batch 16's S44(b) (the window gate broke the eight-stream stall at 3/10 Adam and 3/10 Muon); the user's batch 17
  change  LOCAL3_SLOW_D8_A + S37's KEYMASS trigger (<= 3 splits) / decay 0.98 / both / 43200 updates / one rate 1e-3 / a width-4 window; LOCAL3_SLOW_D8_M + the trigger
  arm W_SPLIT      lr 0.001  iters 2400  seeds 260-260 (1)  — LOCAL3_SLOW_D8_A + the KEYMASS trigger (<= 3 splits)
                   schedule: gate W_in/W_g/window 0.001 throughout; every other trainable parameter 0.0001 for updates 1-2400, 0.001 after; W_h frozen (unused); no hinge; + S37's KEYMASS trigger (every 2400 from 4800: probe acc < 0.95 and rise < 0.02; <= 3 splits, >= 4800 apart) -> S24's SPLIT of W_g's row c* onto c0, W_g's optimizer state zeroed
  arm W_D98        lr 0.001  iters 2400  seeds 260-260 (1)  — LOCAL3_SLOW_D8_A at decay 0.98
                   schedule: gate W_in/W_g/window 0.001 throughout; every other trainable parameter 0.0001 for updates 1-2400, 0.001 after; W_h frozen (unused); no hinge; decay 0.98
  arm W_SPLIT_D98  lr 0.001  iters 2400  seeds 260-260 (1)  — LOCAL3_SLOW_D8_A at decay 0.98 + the KEYMASS trigger
                   schedule: gate W_in/W_g/window 0.001 throughout; every other trainable parameter 0.0001 for updates 1-2400, 0.001 after; W_h frozen (unused); no hinge; decay 0.98; + S37's KEYMASS trigger (every 2400 from 4800: probe acc < 0.95 and rise < 0.02; <= 3 splits, >= 4800 apart) -> S24's SPLIT of W_g's row c* onto c0, W_g's optimizer state zeroed
  arm W_LONG       lr 0.001  iters 2400  seeds 260-260 (1)  — LOCAL3_SLOW_D8_A to 43200 updates
                   schedule: gate W_in/W_g/window 0.001 throughout; every other trainable parameter 0.0001 for updates 1-2400, 0.001 after; W_h frozen (unused); no hinge
  arm W_NOSLOW     lr 0.001  iters 2400  seeds 260-260 (1)  — LOCAL3_SLOW_D8_A at a single rate
                   schedule: every trainable parameter 0.001 throughout; W_h frozen (unused); no hinge
  arm W_WIDTH4     lr 0.001  iters 2400  seeds 260-260 (1)  — LOCAL3_SLOW_D8_A with a width-4 window
                   schedule: gate W_in/W_g/window 0.001 throughout; every other trainable parameter 0.0001 for updates 1-2400, 0.001 after; W_h frozen (unused); no hinge; window width 4
  arm W_SPLIT_M    lr 0.001  iters 2400  seeds 260-260 (1)  — LOCAL3_SLOW_D8_M + the KEYMASS trigger (<= 3 splits)
                   schedule: Muon lr 0.005: W_in/W_g throughout, other Muon weights x0.1 for updates 1-2400; Adam: the window 0.001 throughout, embedding/conv/1-D 0.0001 for 1-2400, 0.001 after; W_h frozen; no hinge; + S37's KEYMASS trigger (every 2400 from 4800: probe acc < 0.95 and rise < 0.02; <= 3 splits, >= 4800 apart) -> S24's SPLIT of W_g's row c* onto c0, W_g's optimizer state zeroed
  arm W_M_REF      lr 0.001  iters 2400  seeds 260-260 (1)  — LOCAL3_SLOW_D8_M, fresh on this CPU (reference)
                   schedule: Muon lr 0.005: W_in/W_g throughout, other Muon weights x0.1 for updates 1-2400; Adam: the window 0.001 throughout, embedding/conv/1-D 0.0001 for 1-2400, 0.001 after; W_h frozen; no hinge
  pairing seeds 260-269: the Adam arms with batch 16's LOCAL3_SLOW_D8_A records; W_SPLIT_M with LOCAL3_SLOW_D8_M on the same CPU (batch 16's records or W_M_REF); same initial parameters (+ the window) and batches
----------------------------------------------------------------------------------------------------
----------------------------------------------------------------------------------------------------
[EXPLORATORY, not a result — DRY RUN (shortened: 1 seed per arm, runs capped at 2400 steps; exercises the code, not for interpretation)] SCREEN dry_window_fail
  idea    classify LOCAL3_SLOW's nine unbound two-stream runs (S43): the gate at the write positions, and when key splits form
  source  batch 16's S43 (LOCAL3_SLOW 31/40; failures STREAM-PARTIAL 5, KEY 4); the user's batch 17
  change  none to the runs (S43's run code on the nine seeds); the gate measured densely early and at every evaluation
  arm LOCAL3_SLOW_RERUN lr 0.001  iters 2400  seeds 163-163 (1)  — S43's LOCAL3_SLOW on its nine unbound seeds, rerun with dense gate measurements
                   schedule: gate W_in/W_g/window 0.001 throughout; every other trainable parameter 0.0001 for updates 1-2400, 0.001 after; W_h frozen (unused)
  pairing each rerun against its own S43 record (must reproduce it bit for bit)
----------------------------------------------------------------------------------------------------
  9 runs queued on 4 workers (1 torch thread each)
  start    0.0 min  dry_window_d8    W_M_REF                  seed 260  (projected worst case 3 min)
  start    0.0 min  dry_window_d8    W_SPLIT_M                seed 260  (projected worst case 3 min)
  start    0.0 min  dry_window_d8    W_SPLIT_D98              seed 260  (projected worst case 3 min)
  start    0.0 min  dry_window_d8    W_WIDTH4                 seed 260  (projected worst case 3 min)
  [  1]    3.6 min  dry_window_d8    W_SPLIT_D98              seed 260  lr 0.001  (gate W_in/W_g/window 0.001 throughout; every other trainable parameter 0.0001 for updates 1-2400, 0.001 after; W_h frozen (unused); no hinge; decay 0.98; + S37's KEYMASS trigger (every 2400 from 4800: probe acc < 0.95 and rise < 0.02; <= 3 splits, >= 4800 apart) -> S24's SPLIT of W_g's row c* onto c0, W_g's optimizer state zeroed)
          on Intel(R) Xeon(R) Processor @ 2.10GHz, git f59e0d5, code 375b30d487df, attempt 1: acc 0.131  trans  None  outcome non-stream OTHER; decoder at 2400: h CTX/KEY/VAL 0.25/0.95/0.88; splits 0 at []
  start    3.6 min  dry_window_d8    W_NOSLOW                 seed 260  (projected worst case 3 min)
  [  2]    3.6 min  dry_window_d8    W_WIDTH4                 seed 260  lr 0.001  (gate W_in/W_g/window 0.001 throughout; every other trainable parameter 0.0001 for updates 1-2400, 0.001 after; W_h frozen (unused); no hinge; window width 4)
          on Intel(R) Xeon(R) Processor @ 2.10GHz, git f59e0d5+dirty, code 375b30d487df, attempt 1: acc 0.069  trans  None  outcome non-stream OTHER; decoder at 2400: h CTX/KEY/VAL 0.23/0.48/0.41
  start    3.6 min  dry_window_d8    W_D98                    seed 260  (projected worst case 3 min)
  [  3]    3.7 min  dry_window_d8    W_M_REF                  seed 260  lr 0.001, Muon lr 0.005  (Muon lr 0.005: W_in/W_g throughout, other Muon weights x0.1 for updates 1-2400; Adam: the window 0.001 throughout, embedding/conv/1-D 0.0001 for 1-2400, 0.001 after; W_h frozen; no hinge)
          on Intel(R) Xeon(R) Processor @ 2.10GHz, git f59e0d5+dirty, code 375b30d487df, attempt 1: acc 0.237  trans  None  outcome MERGED (2 share); decoder at 2400: h CTX/KEY/VAL 0.38/0.99/0.97
  start    3.7 min  dry_window_d8    W_LONG                   seed 260  (projected worst case 3 min)
  [  4]    3.7 min  dry_window_d8    W_SPLIT_M                seed 260  lr 0.001, Muon lr 0.005  (Muon lr 0.005: W_in/W_g throughout, other Muon weights x0.1 for updates 1-2400; Adam: the window 0.001 throughout, embedding/conv/1-D 0.0001 for 1-2400, 0.001 after; W_h frozen; no hinge; + S37's KEYMASS trigger (every 2400 from 4800: probe acc < 0.95 and rise < 0.02; <= 3 splits, >= 4800 apart) -> S24's SPLIT of W_g's row c* onto c0, W_g's optimizer state zeroed)
          on Intel(R) Xeon(R) Processor @ 2.10GHz, git f59e0d5+dirty, code 375b30d487df, attempt 1: acc 0.237  trans  None  outcome MERGED (2 share); decoder at 2400: h CTX/KEY/VAL 0.38/0.99/0.97; splits 0 at []
  start    3.7 min  dry_window_d8    W_SPLIT                  seed 260  (projected worst case 3 min)
  [  5]    7.1 min  dry_window_d8    W_NOSLOW                 seed 260  lr 0.001  (every trainable parameter 0.001 throughout; W_h frozen (unused); no hinge)
          on Intel(R) Xeon(R) Processor @ 2.10GHz, git 4f93aff, code 375b30d487df, attempt 1: acc 0.061  trans  None  outcome non-stream OTHER; decoder at 2400: h CTX/KEY/VAL 0.80/0.78/0.67
  start    7.1 min  dry_window_fail  LOCAL3_SLOW_RERUN        seed 163  (projected worst case 1 min)
  [  6]    7.3 min  dry_window_d8    W_LONG                   seed 260  lr 0.001  (gate W_in/W_g/window 0.001 throughout; every other trainable parameter 0.0001 for updates 1-2400, 0.001 after; W_h frozen (unused); no hinge)
          on Intel(R) Xeon(R) Processor @ 2.10GHz, git dae6f15, code 375b30d487df, attempt 1: acc 0.101  trans  None  outcome non-stream OTHER; decoder at 2400: h CTX/KEY/VAL 0.19/0.57/0.57
  [  7]    7.4 min  dry_window_d8    W_D98                    seed 260  lr 0.001  (gate W_in/W_g/window 0.001 throughout; every other trainable parameter 0.0001 for updates 1-2400, 0.001 after; W_h frozen (unused); no hinge; decay 0.98)
          on Intel(R) Xeon(R) Processor @ 2.10GHz, git dae6f15+dirty, code 375b30d487df, attempt 1: acc 0.131  trans  None  outcome non-stream OTHER; decoder at 2400: h CTX/KEY/VAL 0.25/0.95/0.88
  [  8]    7.4 min  dry_window_d8    W_SPLIT                  seed 260  lr 0.001  (gate W_in/W_g/window 0.001 throughout; every other trainable parameter 0.0001 for updates 1-2400, 0.001 after; W_h frozen (unused); no hinge; + S37's KEYMASS trigger (every 2400 from 4800: probe acc < 0.95 and rise < 0.02; <= 3 splits, >= 4800 apart) -> S24's SPLIT of W_g's row c* onto c0, W_g's optimizer state zeroed)
          on Intel(R) Xeon(R) Processor @ 2.10GHz, git dae6f15+dirty, code 375b30d487df, attempt 1: acc 0.101  trans  None  outcome non-stream OTHER; decoder at 2400: h CTX/KEY/VAL 0.19/0.57/0.57; splits 0 at []
  [  9]    8.0 min  dry_window_fail  LOCAL3_SLOW_RERUN        seed 163  lr 0.001  (gate W_in/W_g/window 0.001 throughout; every other trainable parameter 0.0001 for updates 1-2400, 0.001 after; W_h frozen (unused))
          on Intel(R) Xeon(R) Processor @ 2.10GHz, git 17568f9, code 3d097ab8b5cc, attempt 1: acc 0.533  trans  None  VALcos 0.601  margin 0.50  STREAM-PARTIAL
  batch wall clock 8.0 min (this segment)
####################################################################################################
REPORTS — EXPLORATORY, not a result — DRY RUN (shortened: 1 seed per arm, runs capped at 2400 steps; exercises the code, not for interpretation)
####################################################################################################
----------------------------------------------------------------------------------------------------
[EXPLORATORY, not a result — DRY RUN (shortened: 1 seed per arm, runs capped at 2400 steps; exercises the code, not for interpretation)] SCREEN dry_window_d8
  idea    one-knob changes to the eight-stream window gate (LOCAL3_SLOW_D8_A, 3/10): splits, decay 0.98, length, one rate, width 4
  source  batch 16's S44(b) (the window gate broke the eight-stream stall at 3/10 Adam and 3/10 Muon); the user's batch 17
  change  LOCAL3_SLOW_D8_A + S37's KEYMASS trigger (<= 3 splits) / decay 0.98 / both / 43200 updates / one rate 1e-3 / a width-4 window; LOCAL3_SLOW_D8_M + the trigger
  arm W_SPLIT      lr 0.001  iters 2400  seeds 260-260 (1)  — LOCAL3_SLOW_D8_A + the KEYMASS trigger (<= 3 splits)
                   schedule: gate W_in/W_g/window 0.001 throughout; every other trainable parameter 0.0001 for updates 1-2400, 0.001 after; W_h frozen (unused); no hinge; + S37's KEYMASS trigger (every 2400 from 4800: probe acc < 0.95 and rise < 0.02; <= 3 splits, >= 4800 apart) -> S24's SPLIT of W_g's row c* onto c0, W_g's optimizer state zeroed
  arm W_D98        lr 0.001  iters 2400  seeds 260-260 (1)  — LOCAL3_SLOW_D8_A at decay 0.98
                   schedule: gate W_in/W_g/window 0.001 throughout; every other trainable parameter 0.0001 for updates 1-2400, 0.001 after; W_h frozen (unused); no hinge; decay 0.98
  arm W_SPLIT_D98  lr 0.001  iters 2400  seeds 260-260 (1)  — LOCAL3_SLOW_D8_A at decay 0.98 + the KEYMASS trigger
                   schedule: gate W_in/W_g/window 0.001 throughout; every other trainable parameter 0.0001 for updates 1-2400, 0.001 after; W_h frozen (unused); no hinge; decay 0.98; + S37's KEYMASS trigger (every 2400 from 4800: probe acc < 0.95 and rise < 0.02; <= 3 splits, >= 4800 apart) -> S24's SPLIT of W_g's row c* onto c0, W_g's optimizer state zeroed
  arm W_LONG       lr 0.001  iters 2400  seeds 260-260 (1)  — LOCAL3_SLOW_D8_A to 43200 updates
                   schedule: gate W_in/W_g/window 0.001 throughout; every other trainable parameter 0.0001 for updates 1-2400, 0.001 after; W_h frozen (unused); no hinge
  arm W_NOSLOW     lr 0.001  iters 2400  seeds 260-260 (1)  — LOCAL3_SLOW_D8_A at a single rate
                   schedule: every trainable parameter 0.001 throughout; W_h frozen (unused); no hinge
  arm W_WIDTH4     lr 0.001  iters 2400  seeds 260-260 (1)  — LOCAL3_SLOW_D8_A with a width-4 window
                   schedule: gate W_in/W_g/window 0.001 throughout; every other trainable parameter 0.0001 for updates 1-2400, 0.001 after; W_h frozen (unused); no hinge; window width 4
  arm W_SPLIT_M    lr 0.001  iters 2400  seeds 260-260 (1)  — LOCAL3_SLOW_D8_M + the KEYMASS trigger (<= 3 splits)
                   schedule: Muon lr 0.005: W_in/W_g throughout, other Muon weights x0.1 for updates 1-2400; Adam: the window 0.001 throughout, embedding/conv/1-D 0.0001 for 1-2400, 0.001 after; W_h frozen; no hinge; + S37's KEYMASS trigger (every 2400 from 4800: probe acc < 0.95 and rise < 0.02; <= 3 splits, >= 4800 apart) -> S24's SPLIT of W_g's row c* onto c0, W_g's optimizer state zeroed
  arm W_M_REF      lr 0.001  iters 2400  seeds 260-260 (1)  — LOCAL3_SLOW_D8_M, fresh on this CPU (reference)
                   schedule: Muon lr 0.005: W_in/W_g throughout, other Muon weights x0.1 for updates 1-2400; Adam: the window 0.001 throughout, embedding/conv/1-D 0.0001 for 1-2400, 0.001 after; W_h frozen; no hinge
  pairing seeds 260-269: the Adam arms with batch 16's LOCAL3_SLOW_D8_A records; W_SPLIT_M with LOCAL3_SLOW_D8_M on the same CPU (batch 16's records or W_M_REF); same initial parameters (+ the window) and batches
----------------------------------------------------------------------------------------------------
  pairs: batch 16's LOCAL3_SLOW_D8_A (code 01767493e840; 10 runs on ['Intel(R) Xeon(R) Processor @ 2.80GHz']), BOUND ROUTED 3/10; Muon pair: W_M_REF (LOCAL3_SLOW_D8_M fresh, same CPU), BOUND ROUTED 0/1
  ARM W_SPLIT (LOCAL3_SLOW_D8_A + the KEYMASS trigger (<= 3 splits)), seeds 260-260 (1); gate W_in/W_g/window 0.001 throughout; every other trainable parameter 0.0001 for updates 1-2400, 0.001 after; W_h frozen (unused); no hinge; + S37's KEYMASS trigger (every 2400 from 4800: probe acc < 0.95 and rise < 0.02; <= 3 splits, >= 4800 apart) -> S24's SPLIT of W_g's row c* onto c0, W_g's optimizer state zeroed
    streams per channel (routing_k's map) at every check and at the end; '.' = the run had stopped (its last map holds):
    seed | outcome                trans  stop   acc |      2400 |             end | LOCAL3_SLOW_D8_A
     260 | non-stream OTHER        None  2400  0.10 |       5+3 |             5+3 | MERGED (3 share) (trans None)
    BOUND ROUTED  W_SPLIT 0/1  LOCAL3_SLOW_D8_A 0/1  W_SPLIT only 0, LOCAL3_SLOW_D8_A only 0, McNemar two-sided p = 1
    failure classes at the end: W_SPLIT {'non-stream OTHER': 1}; LOCAL3_SLOW_D8_A {'MERGED (3 share)': 1}
    transitions: W_SPLIT []; LOCAL3_SLOW_D8_A []
    the trigger's checks (step: probe acc; E eligible, F fired, B blocked by gap/cap), and each split's target (KEYMASS c* -> c0; labelled ok = c* holds >= 2 streams and c0 none; streams on c* before; map before -> after):
      260: 0 split(s); checks 
    S38's decoder: stream decodability of the gate state h at CTX / KEY / VAL positions (chance 0.125), per seed:
    seed |  1200:   CTX   KEY   VAL |  2400:   CTX   KEY   VAL |  4800:   CTX   KEY   VAL |  9600:   CTX   KEY   VAL | 19200:   CTX   KEY   VAL |   end:   CTX   KEY   VAL
     260 |         0.90  0.84  0.86 |         0.19  0.57  0.57 |           --    --    -- |           --    --    -- |           --    --    -- |         0.19  0.57  0.57
     med |         0.90  0.84  0.86 |         0.19  0.57  0.57 |           --    --    -- |           --    --    -- |           --    --    -- |         0.19  0.57  0.57
    agreement before the arms diverge — equal to LOCAL3_SLOW_D8_A through the first split (step), or throughout when none fired: {260: (None, True)}
  READING S48 W_SPLIT: does not (BOUND ROUTED 0/1; improves: >= 6/10; does not: <= 3/10; vs LOCAL3_SLOW_D8_A: arm only 0, pair only 0, p = 1)

  ARM W_D98 (LOCAL3_SLOW_D8_A at decay 0.98), seeds 260-260 (1); gate W_in/W_g/window 0.001 throughout; every other trainable parameter 0.0001 for updates 1-2400, 0.001 after; W_h frozen (unused); no hinge; decay 0.98
    streams per channel (routing_k's map) at every check and at the end; '.' = the run had stopped (its last map holds):
    seed | outcome                trans  stop   acc |      2400 |             end | LOCAL3_SLOW_D8_A
     260 | non-stream OTHER        None  2400  0.13 |       4+4 |             4+4 | MERGED (3 share) (trans None)
    BOUND ROUTED  W_D98 0/1  LOCAL3_SLOW_D8_A 0/1  W_D98 only 0, LOCAL3_SLOW_D8_A only 0, McNemar two-sided p = 1
    failure classes at the end: W_D98 {'non-stream OTHER': 1}; LOCAL3_SLOW_D8_A {'MERGED (3 share)': 1}
    transitions: W_D98 []; LOCAL3_SLOW_D8_A []
    S38's decoder: stream decodability of the gate state h at CTX / KEY / VAL positions (chance 0.125), per seed:
    seed |  1200:   CTX   KEY   VAL |  2400:   CTX   KEY   VAL |  4800:   CTX   KEY   VAL |  9600:   CTX   KEY   VAL | 19200:   CTX   KEY   VAL |   end:   CTX   KEY   VAL
     260 |         0.62  0.62  0.68 |         0.25  0.95  0.88 |           --    --    -- |           --    --    -- |           --    --    -- |         0.25  0.95  0.88
     med |         0.62  0.62  0.68 |         0.25  0.95  0.88 |           --    --    -- |           --    --    -- |           --    --    -- |         0.25  0.95  0.88
  READING S48 W_D98: does not (BOUND ROUTED 0/1; improves: >= 6/10; does not: <= 3/10; vs LOCAL3_SLOW_D8_A: arm only 0, pair only 0, p = 1)

  ARM W_SPLIT_D98 (LOCAL3_SLOW_D8_A at decay 0.98 + the KEYMASS trigger), seeds 260-260 (1); gate W_in/W_g/window 0.001 throughout; every other trainable parameter 0.0001 for updates 1-2400, 0.001 after; W_h frozen (unused); no hinge; decay 0.98; + S37's KEYMASS trigger (every 2400 from 4800: probe acc < 0.95 and rise < 0.02; <= 3 splits, >= 4800 apart) -> S24's SPLIT of W_g's row c* onto c0, W_g's optimizer state zeroed
    streams per channel (routing_k's map) at every check and at the end; '.' = the run had stopped (its last map holds):
    seed | outcome                trans  stop   acc |      2400 |             end | LOCAL3_SLOW_D8_A
     260 | non-stream OTHER        None  2400  0.13 |       4+4 |             4+4 | MERGED (3 share) (trans None)
    BOUND ROUTED  W_SPLIT_D98 0/1  LOCAL3_SLOW_D8_A 0/1  W_SPLIT_D98 only 0, LOCAL3_SLOW_D8_A only 0, McNemar two-sided p = 1
    failure classes at the end: W_SPLIT_D98 {'non-stream OTHER': 1}; LOCAL3_SLOW_D8_A {'MERGED (3 share)': 1}
    transitions: W_SPLIT_D98 []; LOCAL3_SLOW_D8_A []
    the trigger's checks (step: probe acc; E eligible, F fired, B blocked by gap/cap), and each split's target (KEYMASS c* -> c0; labelled ok = c* holds >= 2 streams and c0 none; streams on c* before; map before -> after):
      260: 0 split(s); checks 
    S38's decoder: stream decodability of the gate state h at CTX / KEY / VAL positions (chance 0.125), per seed:
    seed |  1200:   CTX   KEY   VAL |  2400:   CTX   KEY   VAL |  4800:   CTX   KEY   VAL |  9600:   CTX   KEY   VAL | 19200:   CTX   KEY   VAL |   end:   CTX   KEY   VAL
     260 |         0.62  0.62  0.68 |         0.25  0.95  0.88 |           --    --    -- |           --    --    -- |           --    --    -- |         0.25  0.95  0.88
     med |         0.62  0.62  0.68 |         0.25  0.95  0.88 |           --    --    -- |           --    --    -- |           --    --    -- |         0.25  0.95  0.88
    agreement before the arms diverge — equal to W_D98 through the first split (step), or throughout when none fired: {260: (None, True)}
  READING S48 W_SPLIT_D98: does not (BOUND ROUTED 0/1; improves: >= 6/10; does not: <= 3/10; vs LOCAL3_SLOW_D8_A: arm only 0, pair only 0, p = 1)

  ARM W_LONG (LOCAL3_SLOW_D8_A to 43200 updates), seeds 260-260 (1); gate W_in/W_g/window 0.001 throughout; every other trainable parameter 0.0001 for updates 1-2400, 0.001 after; W_h frozen (unused); no hinge
    streams per channel (routing_k's map) at every check and at the end; '.' = the run had stopped (its last map holds):
    seed | outcome                trans  stop   acc |      2400 |             end | LOCAL3_SLOW_D8_A
     260 | non-stream OTHER        None  2400  0.10 |       5+3 |             5+3 | MERGED (3 share) (trans None)
    BOUND ROUTED  W_LONG 0/1  LOCAL3_SLOW_D8_A 0/1  W_LONG only 0, LOCAL3_SLOW_D8_A only 0, McNemar two-sided p = 1
    failure classes at the end: W_LONG {'non-stream OTHER': 1}; LOCAL3_SLOW_D8_A {'MERGED (3 share)': 1}
    transitions: W_LONG []; LOCAL3_SLOW_D8_A []
    S38's decoder: stream decodability of the gate state h at CTX / KEY / VAL positions (chance 0.125), per seed:
    seed |  1200:   CTX   KEY   VAL |  2400:   CTX   KEY   VAL |  4800:   CTX   KEY   VAL |  9600:   CTX   KEY   VAL | 19200:   CTX   KEY   VAL |   end:   CTX   KEY   VAL
     260 |         0.90  0.84  0.86 |         0.19  0.57  0.57 |           --    --    -- |           --    --    -- |           --    --    -- |         0.19  0.57  0.57
     med |         0.90  0.84  0.86 |         0.19  0.57  0.57 |           --    --    -- |           --    --    -- |           --    --    -- |         0.19  0.57  0.57
    agreement before the arms diverge — equal to LOCAL3_SLOW_D8_A through 28800 (curve, statistics, common decoder steps): {260: True}
  READING S48 W_LONG: does not (BOUND ROUTED 0/1; improves: >= 6/10; does not: <= 3/10; vs LOCAL3_SLOW_D8_A: arm only 0, pair only 0, p = 1)

  ARM W_NOSLOW (LOCAL3_SLOW_D8_A at a single rate), seeds 260-260 (1); every trainable parameter 0.001 throughout; W_h frozen (unused); no hinge
    streams per channel (routing_k's map) at every check and at the end; '.' = the run had stopped (its last map holds):
    seed | outcome                trans  stop   acc |      2400 |             end | LOCAL3_SLOW_D8_A
     260 | non-stream OTHER        None  2400  0.06 |   3+2+2+1 |         3+2+2+1 | MERGED (3 share) (trans None)
    BOUND ROUTED  W_NOSLOW 0/1  LOCAL3_SLOW_D8_A 0/1  W_NOSLOW only 0, LOCAL3_SLOW_D8_A only 0, McNemar two-sided p = 1
    failure classes at the end: W_NOSLOW {'non-stream OTHER': 1}; LOCAL3_SLOW_D8_A {'MERGED (3 share)': 1}
    transitions: W_NOSLOW []; LOCAL3_SLOW_D8_A []
    S38's decoder: stream decodability of the gate state h at CTX / KEY / VAL positions (chance 0.125), per seed:
    seed |  1200:   CTX   KEY   VAL |  2400:   CTX   KEY   VAL |  4800:   CTX   KEY   VAL |  9600:   CTX   KEY   VAL | 19200:   CTX   KEY   VAL |   end:   CTX   KEY   VAL
     260 |         0.89  0.77  0.72 |         0.80  0.78  0.67 |           --    --    -- |           --    --    -- |           --    --    -- |         0.80  0.78  0.67
     med |         0.89  0.77  0.72 |         0.80  0.78  0.67 |           --    --    -- |           --    --    -- |           --    --    -- |         0.80  0.78  0.67
  READING S48 W_NOSLOW: does not (BOUND ROUTED 0/1; improves: >= 6/10; does not: <= 3/10; vs LOCAL3_SLOW_D8_A: arm only 0, pair only 0, p = 1)

  ARM W_WIDTH4 (LOCAL3_SLOW_D8_A with a width-4 window), seeds 260-260 (1); gate W_in/W_g/window 0.001 throughout; every other trainable parameter 0.0001 for updates 1-2400, 0.001 after; W_h frozen (unused); no hinge; window width 4
    streams per channel (routing_k's map) at every check and at the end; '.' = the run had stopped (its last map holds):
    seed | outcome                trans  stop   acc |      2400 |             end | LOCAL3_SLOW_D8_A
     260 | non-stream OTHER        None  2400  0.07 |       5+3 |             5+3 | MERGED (3 share) (trans None)
    BOUND ROUTED  W_WIDTH4 0/1  LOCAL3_SLOW_D8_A 0/1  W_WIDTH4 only 0, LOCAL3_SLOW_D8_A only 0, McNemar two-sided p = 1
    failure classes at the end: W_WIDTH4 {'non-stream OTHER': 1}; LOCAL3_SLOW_D8_A {'MERGED (3 share)': 1}
    transitions: W_WIDTH4 []; LOCAL3_SLOW_D8_A []
    S38's decoder: stream decodability of the gate state h at CTX / KEY / VAL positions (chance 0.125), per seed:
    seed |  1200:   CTX   KEY   VAL |  2400:   CTX   KEY   VAL |  4800:   CTX   KEY   VAL |  9600:   CTX   KEY   VAL | 19200:   CTX   KEY   VAL |   end:   CTX   KEY   VAL
     260 |         0.85  0.86  0.83 |         0.23  0.48  0.41 |           --    --    -- |           --    --    -- |           --    --    -- |         0.23  0.48  0.41
     med |         0.85  0.86  0.83 |         0.23  0.48  0.41 |           --    --    -- |           --    --    -- |           --    --    -- |         0.23  0.48  0.41
  READING S48 W_WIDTH4: does not (BOUND ROUTED 0/1; improves: >= 6/10; does not: <= 3/10; vs LOCAL3_SLOW_D8_A: arm only 0, pair only 0, p = 1)

  ARM W_SPLIT_M (LOCAL3_SLOW_D8_M + the KEYMASS trigger (<= 3 splits)), seeds 260-260 (1); Muon lr 0.005: W_in/W_g throughout, other Muon weights x0.1 for updates 1-2400; Adam: the window 0.001 throughout, embedding/conv/1-D 0.0001 for 1-2400, 0.001 after; W_h frozen; no hinge; + S37's KEYMASS trigger (every 2400 from 4800: probe acc < 0.95 and rise < 0.02; <= 3 splits, >= 4800 apart) -> S24's SPLIT of W_g's row c* onto c0, W_g's optimizer state zeroed
    streams per channel (routing_k's map) at every check and at the end; '.' = the run had stopped (its last map holds):
    seed | outcome                trans  stop   acc |      2400 |             end | W_M_REF (LOCAL3_SLOW_D8_M fresh, same CPU)
     260 | MERGED (2 share)        None  2400  0.24 |   2+2+2+2 |         2+2+2+2 | MERGED (2 share) (trans None)
    BOUND ROUTED  W_SPLIT_M 0/1  W_M_REF 0/1  W_SPLIT_M only 0, W_M_REF only 0, McNemar two-sided p = 1
    failure classes at the end: W_SPLIT_M {'MERGED (2 share)': 1}; W_M_REF (LOCAL3_SLOW_D8_M fresh, same CPU) {'MERGED (2 share)': 1}
    transitions: W_SPLIT_M []; W_M_REF (LOCAL3_SLOW_D8_M fresh, same CPU) []
    the trigger's checks (step: probe acc; E eligible, F fired, B blocked by gap/cap), and each split's target (KEYMASS c* -> c0; labelled ok = c* holds >= 2 streams and c0 none; streams on c* before; map before -> after):
      260: 0 split(s); checks 
    S38's decoder: stream decodability of the gate state h at CTX / KEY / VAL positions (chance 0.125), per seed:
    seed |  1200:   CTX   KEY   VAL |  2400:   CTX   KEY   VAL |  4800:   CTX   KEY   VAL |  9600:   CTX   KEY   VAL | 19200:   CTX   KEY   VAL |   end:   CTX   KEY   VAL
     260 |         0.29  0.87  0.78 |         0.38  0.99  0.97 |           --    --    -- |           --    --    -- |           --    --    -- |         0.38  0.99  0.97
     med |         0.29  0.87  0.78 |         0.38  0.99  0.97 |           --    --    -- |           --    --    -- |           --    --    -- |         0.38  0.99  0.97
    agreement before the arms diverge — equal to W_M_REF (LOCAL3_SLOW_D8_M fresh, same CPU) through the first split (step), or throughout when none fired: {260: (None, True)}
  READING S48 W_SPLIT_M: does not (BOUND ROUTED 0/1; improves: >= 6/10; does not: <= 3/10; vs W_M_REF (LOCAL3_SLOW_D8_M fresh, same CPU): arm only 0, pair only 0, p = 1)

  ARM W_M_REF (LOCAL3_SLOW_D8_M, fresh on this CPU (reference)), seeds 260-260 (1); Muon lr 0.005: W_in/W_g throughout, other Muon weights x0.1 for updates 1-2400; Adam: the window 0.001 throughout, embedding/conv/1-D 0.0001 for 1-2400, 0.001 after; W_h frozen; no hinge
    streams per channel (routing_k's map) at every check and at the end; '.' = the run had stopped (its last map holds):
    seed | outcome                trans  stop   acc |      2400 |             end | batch 16's LOCAL3_SLOW_D8_M (2.80GHz)
     260 | MERGED (2 share)        None  2400  0.24 |   2+2+2+2 |         2+2+2+2 | MERGED (2 share) (trans None)
    BOUND ROUTED  W_M_REF 0/1  batch 0/1  W_M_REF only 0, batch only 0, McNemar two-sided p = 1
    failure classes at the end: W_M_REF {'MERGED (2 share)': 1}; batch 16's LOCAL3_SLOW_D8_M (2.80GHz) {'MERGED (2 share)': 1}
    transitions: W_M_REF []; batch 16's LOCAL3_SLOW_D8_M (2.80GHz) []
    S38's decoder: stream decodability of the gate state h at CTX / KEY / VAL positions (chance 0.125), per seed:
    seed |  1200:   CTX   KEY   VAL |  2400:   CTX   KEY   VAL |  4800:   CTX   KEY   VAL |  9600:   CTX   KEY   VAL | 19200:   CTX   KEY   VAL |   end:   CTX   KEY   VAL
     260 |         0.29  0.87  0.78 |         0.38  0.99  0.97 |           --    --    -- |           --    --    -- |           --    --    -- |         0.38  0.99  0.97
     med |         0.29  0.87  0.78 |         0.38  0.99  0.97 |           --    --    -- |           --    --    -- |           --    --    -- |         0.38  0.99  0.97
  S48 W_M_REF: reference (no reading): BOUND ROUTED 0/1

  DRY RUN READING dry_window_d8 W_SPLIT: does not (BOUND ROUTED 0/1; improves: >= 6/10; does not: <= 3/10; vs LOCAL3_SLOW_D8_A: arm only 0, pair only 0, p = 1)  [EXPLORATORY, not a result]
  DRY RUN READING dry_window_d8 W_D98: does not (BOUND ROUTED 0/1; improves: >= 6/10; does not: <= 3/10; vs LOCAL3_SLOW_D8_A: arm only 0, pair only 0, p = 1)  [EXPLORATORY, not a result]
  DRY RUN READING dry_window_d8 W_SPLIT_D98: does not (BOUND ROUTED 0/1; improves: >= 6/10; does not: <= 3/10; vs LOCAL3_SLOW_D8_A: arm only 0, pair only 0, p = 1)  [EXPLORATORY, not a result]
  DRY RUN READING dry_window_d8 W_LONG: does not (BOUND ROUTED 0/1; improves: >= 6/10; does not: <= 3/10; vs LOCAL3_SLOW_D8_A: arm only 0, pair only 0, p = 1)  [EXPLORATORY, not a result]
  DRY RUN READING dry_window_d8 W_NOSLOW: does not (BOUND ROUTED 0/1; improves: >= 6/10; does not: <= 3/10; vs LOCAL3_SLOW_D8_A: arm only 0, pair only 0, p = 1)  [EXPLORATORY, not a result]
  DRY RUN READING dry_window_d8 W_WIDTH4: does not (BOUND ROUTED 0/1; improves: >= 6/10; does not: <= 3/10; vs LOCAL3_SLOW_D8_A: arm only 0, pair only 0, p = 1)  [EXPLORATORY, not a result]
  DRY RUN READING dry_window_d8 W_SPLIT_M: does not (BOUND ROUTED 0/1; improves: >= 6/10; does not: <= 3/10; vs W_M_REF (LOCAL3_SLOW_D8_M fresh, same CPU): arm only 0, pair only 0, p = 1)  [EXPLORATORY, not a result]

----------------------------------------------------------------------------------------------------
[EXPLORATORY, not a result — DRY RUN (shortened: 1 seed per arm, runs capped at 2400 steps; exercises the code, not for interpretation)] SCREEN dry_window_fail
  idea    classify LOCAL3_SLOW's nine unbound two-stream runs (S43): the gate at the write positions, and when key splits form
  source  batch 16's S43 (LOCAL3_SLOW 31/40; failures STREAM-PARTIAL 5, KEY 4); the user's batch 17
  change  none to the runs (S43's run code on the nine seeds); the gate measured densely early and at every evaluation
  arm LOCAL3_SLOW_RERUN lr 0.001  iters 2400  seeds 163-163 (1)  — S43's LOCAL3_SLOW on its nine unbound seeds, rerun with dense gate measurements
                   schedule: gate W_in/W_g/window 0.001 throughout; every other trainable parameter 0.0001 for updates 1-2400, 0.001 after; W_h frozen (unused)
  pairing each rerun against its own S43 record (must reproduce it bit for bit)
----------------------------------------------------------------------------------------------------
  1/9 reruns; each compared with its S43 record (code 46867e792241)
  (2) KEY SPLITS: eta^2 of p at KEY positions by key (>= 0.5 = a key split), by stream, and the query routing margin, at updates 0, 100, 200, 300, 400, 500, 600, 700, 800, 1000, 1200, 1600, 2400, 4800, 12000, 24000:
    163: S43 class STREAM-PARTIAL, rerun class STREAM-PARTIAL, reproduces S43's record bit for bit (curve and statistics): True; acc 0.533; KEY split none at the end (first crossing 200, not held)
       by key    0.10 0.39 0.50 0.52 0.74 0.80 0.74 0.53 0.50 0.50 0.50 0.49 0.49 -- -- --
       by stream 0.29 0.09 0.00 0.01 0.01 0.10 0.20 0.30 0.29 0.27 0.27 0.27 0.26 -- -- --
       margin    -0.00 0.00 -0.00 -0.00 0.00 0.01 0.08 0.33 0.44 0.47 0.49 0.50 0.50 -- -- --
    169: not run
    173: not run
    183: not run
    185: not run
    186: not run
    188: not run
    192: not run
    197: not run
  (1) THE GATE AT VAL POSITIONS (the writes) AT THE END, beside KEY positions (the reads): mean p = P(channel 0) per (stream, key) cell; per key: split (|p(s0) - p(s1)| >= 0.5) or shared on ch0 / ch1; soft = share of 0.1 < p < 0.9; eta^2 of p by stream / key / cell / value token:
    163 VAL stream 0 [1.00 0.00 0.00 0.00]  stream 1 [1.00 0.00 1.00 1.00]  keys ['ch0', 'ch1', 'split', 'split']: streams split on 2 of 4 keys, shared on the rest; soft 0.00; eta^2 by stream 0.25 key 0.50 cell 1.00 by value 0.01
    163 KEY stream 0 [0.99 0.00 0.00 0.00]  stream 1 [1.00 0.01 1.00 1.00]  keys ['ch0', 'ch1', 'split', 'split']: streams split on 2 of 4 keys, shared on the rest; soft 0.00; eta^2 by stream 0.26 key 0.49 cell 1.00
         margin 0.505
  (1') THE VAL PATTERN OVER TIME (per key: split / ch0 / ch1) at updates 600, 1200, 2400, 4800, 12000, end:
    163 (STREAM-PARTIAL): ch0/ch1/ch0/ch0  ch0/ch1/split/split  ch0/ch1/split/split  --  --  ch0/ch1/split/split
  S49 1/1 reruns reproduce S43's records
  S49 KEY runs (0): 
  S49 STREAM-PARTIAL runs (1): 163 none at the end
  S49 STREAM-PARTIAL at VAL: 163 streams split on 2 of 4 keys, shared on the rest ['ch0', 'ch1', 'split', 'split']
  S49 KEY at VAL: 

####################################################################################################
SUMMARY — EXPLORATORY, not a result — DRY RUN (shortened: 1 seed per arm, runs capped at 2400 steps; exercises the code, not for interpretation)
  S48 window_d8 W_SPLIT: does not (BOUND ROUTED 0/1; improves: >= 6/10; does not: <= 3/10; vs LOCAL3_SLOW_D8_A: arm only 0, pair only 0, p = 1); bound seeds []; classes {'non-stream OTHER': 1}
  S48 window_d8 W_D98: does not (BOUND ROUTED 0/1; improves: >= 6/10; does not: <= 3/10; vs LOCAL3_SLOW_D8_A: arm only 0, pair only 0, p = 1); bound seeds []; classes {'non-stream OTHER': 1}
  S48 window_d8 W_SPLIT_D98: does not (BOUND ROUTED 0/1; improves: >= 6/10; does not: <= 3/10; vs LOCAL3_SLOW_D8_A: arm only 0, pair only 0, p = 1); bound seeds []; classes {'non-stream OTHER': 1}
  S48 window_d8 W_LONG: does not (BOUND ROUTED 0/1; improves: >= 6/10; does not: <= 3/10; vs LOCAL3_SLOW_D8_A: arm only 0, pair only 0, p = 1); bound seeds []; classes {'non-stream OTHER': 1}
  S48 window_d8 W_NOSLOW: does not (BOUND ROUTED 0/1; improves: >= 6/10; does not: <= 3/10; vs LOCAL3_SLOW_D8_A: arm only 0, pair only 0, p = 1); bound seeds []; classes {'non-stream OTHER': 1}
  S48 window_d8 W_WIDTH4: does not (BOUND ROUTED 0/1; improves: >= 6/10; does not: <= 3/10; vs LOCAL3_SLOW_D8_A: arm only 0, pair only 0, p = 1); bound seeds []; classes {'non-stream OTHER': 1}
  S48 window_d8 W_SPLIT_M: does not (BOUND ROUTED 0/1; improves: >= 6/10; does not: <= 3/10; vs W_M_REF (LOCAL3_SLOW_D8_M fresh, same CPU): arm only 0, pair only 0, p = 1); bound seeds []; classes {'MERGED (2 share)': 1}
  S48 window_d8 W_M_REF: reference, BOUND ROUTED 0/1; bound seeds []; classes {'MERGED (2 share)': 1}
  S49 window_fail: 1/1 reruns reproduce S43's records (descriptive)
  S49 window_fail: KEY runs (0):  (descriptive)
  S49 window_fail: STREAM-PARTIAL runs (1): 163 none at the end (descriptive)
  S49 window_fail: STREAM-PARTIAL at VAL: 163 streams split on 2 of 4 keys, shared on the rest ['ch0', 'ch1', 'split', 'split'] (descriptive)
  S49 window_fail: KEY at VAL:  (descriptive)
####################################################################################################
