42 jobs to run
ORACLE 901 bound=True br=True T=6000 acc=0.977 splits=0 wall=760s
ORACLE 900 bound=True br=True T=10800 acc=0.981 splits=0 wall=1172s
WIN3_SPLIT_D8 900 bound=True br=True T=18000 acc=1.000 splits=2 wall=2034s
WIN3_SLOW_D8 900 bound=False br=False T=None acc=0.616 splits=0 wall=4240s
WIN3_SPLIT_D8 901 bound=True br=True T=33600 acc=0.998 splits=3 wall=3499s
WIN3_SPLIT_D8 902 bound=True br=True T=20400 acc=1.000 splits=1 wall=2274s
WIN3_SLOW_D8 901 bound=False br=False T=None acc=0.627 splits=0 wall=4048s
WIN3_SPLIT_D8 903 bound=True br=True T=20400 acc=1.000 splits=3 wall=2216s
WIN3_SPLIT_D8 904 bound=True br=True T=13200 acc=1.000 splits=2 wall=1517s
WIN3_SLOW_D8 903 bound=True br=True T=32400 acc=1.000 splits=0 wall=3308s
WIN3_SLOW_D8 902 bound=False br=False T=None acc=0.868 splits=0 wall=4553s
WIN3_SPLIT_D8 905 bound=True br=True T=19200 acc=1.000 splits=2 wall=2061s
WIN3_SLOW_D8 904 bound=True br=True T=24000 acc=1.000 splits=0 wall=2741s
WIN3_SPLIT_D8 906 bound=True br=True T=27600 acc=1.000 splits=3 wall=2998s
WIN3_SLOW_D8 905 bound=False br=False T=None acc=0.867 splits=0 wall=4239s
WIN3_SLOW_D8 906 bound=False br=False T=None acc=0.755 splits=0 wall=4298s
WIN3_SPLIT_D8 907 bound=False br=False T=None acc=0.756 splits=3 wall=4413s
WIN3_SPLIT_D8 908 bound=True br=True T=15600 acc=1.000 splits=1 wall=1797s
WIN3_SLOW_D8 908 bound=True br=True T=20400 acc=1.000 splits=0 wall=2277s
WIN3_SPLIT_D8 909 bound=True br=True T=20400 acc=1.000 splits=3 wall=2315s
WIN3_SLOW_D8 909 bound=True br=True T=22800 acc=1.000 splits=0 wall=2512s
WIN3_SLOW_D8 907 bound=False br=False T=None acc=0.628 splits=0 wall=4407s
WIN3_SPLIT_D8 910 bound=True br=True T=19200 acc=1.000 splits=2 wall=2325s
WIN3_SLOW_D8 910 bound=True br=True T=16800 acc=1.000 splits=0 wall=1976s
WIN3_SPLIT_D8 911 bound=True br=True T=21600 acc=1.000 splits=3 wall=2500s
WIN3_SPLIT_D8 913 bound=True br=True T=12000 acc=1.000 splits=1 wall=1428s
WIN3_SLOW_D8 911 bound=False br=False T=None acc=0.756 splits=0 wall=4953s
WIN3_SPLIT_D8 912 bound=True br=True T=42000 acc=1.000 splits=3 wall=4376s
WIN3_SLOW_D8 912 bound=False br=False T=None acc=0.768 splits=0 wall=4407s
WIN3_SLOW_D8 913 bound=False br=False T=None acc=0.883 splits=0 wall=4601s
WIN3_SPLIT_D8 914 bound=False br=False T=None acc=0.875 splits=1 wall=4648s
WIN3_SLOW_D8 914 bound=False br=False T=None acc=0.878 splits=0 wall=4492s
WIN3_SPLIT_D8 915 bound=False br=False T=None acc=0.738 splits=3 wall=4491s
WIN3_SPLIT_D8 916 bound=True br=True T=13200 acc=1.000 splits=2 wall=1596s
WIN3_SLOW_D8 915 bound=False br=False T=None acc=0.877 splits=0 wall=4463s
WIN3_SPLIT_D8 917 bound=True br=True T=30000 acc=1.000 splits=3 wall=3473s
WIN3_SLOW_D8 916 bound=False br=False T=None acc=0.882 splits=0 wall=4528s
WIN3_SLOW_D8 917 bound=False br=False T=None acc=0.756 splits=0 wall=4590s
WIN3_SPLIT_D8 918 bound=True br=True T=25200 acc=1.000 splits=2 wall=2976s
WIN3_SPLIT_D8 919 bound=True br=True T=13200 acc=1.000 splits=2 wall=1655s
WIN3_SLOW_D8 919 bound=True br=True T=22800 acc=1.000 splits=0 wall=2688s
WIN3_SLOW_D8 918 bound=True br=True T=40800 acc=1.000 splits=0 wall=4738s
