=== S70 phase 1 Fri Oct  9 14:19:53 UTC 2026
==============================================================================================================
EXPLORATORY, NOT A RESULT — Session F s70o (F/rh_lite)
  cpu Intel(R) Xeon(R) Processor @ 2.10GHz | torch 2.14.0+cu130 | git a1112da | python 3.11.17 | torch threads 1 | started 2026-10-09 14:19:54
==============================================================================================================
  code SHA F/rh_lite: ff908bdbc0b2 over 28 modules (bdh, bdh_recurrent, explore_b16_gates, explore_common, explore_common2, explore_delta_mem, explore_f_decay_child, explore_f_delta_fast, explore_f_followup_child, explore_f_tasks, explore_f_window_delta_child, explore_far_cue, explore_local_gate, explore_window_recipe_child, test_binding_capacity, test_binding_onset, test_binding_recipe, test_channel_binding, test_instrument_v2, test_interference, test_multilayer_binding, test_readout_path, test_router_confirm, test_router_curriculum, test_router_discovery, test_router_layout, test_router_reliability, test_short_conv)
  CHECK C1 parallel = sequential over 24 cases (beta 0 / 0.5 / 1 / per token, write tied / 1, decay fixed / routed / per-channel): forward max |diff| 4.44e-16 <= 1e-10, gradients 2.22e-15 <= 1e-8: ok
  CHECK C2 LOCAL3 S=2 k=2, parallel, beta 0 / write 1 / raw keys: logits max |diff| 1.34e-07, attention outputs 2.38e-06 (relative 2.4e-07) over 3 layers, all <= 1e-5: ok
  CHECK C2 LOCAL3 S=2 k=2, sequential, beta 0 / write 1 / raw keys: logits max |diff| 1.49e-07, attention outputs 3.81e-06 (relative 4.5e-07) over 3 layers, all <= 1e-5: ok
  CHECK C2 LOCAL3 S=2 k=2, impl hebb (beta 1 set, path disabled): logits bit-identical to the current model: ok
  CHECK C2 perfect S=2 k=2, parallel, beta 0 / write 1 / raw keys: logits max |diff| 0.00e+00, attention outputs 0.00e+00 (relative 0.0e+00) over 3 layers, all <= 1e-5: ok
  CHECK C2 perfect S=2 k=2, sequential, beta 0 / write 1 / raw keys: logits max |diff| 1.27e-07, attention outputs 6.68e-06 (relative 4.5e-07) over 3 layers, all <= 1e-5: ok
  CHECK C2 perfect S=2 k=2, impl hebb (beta 1 set, path disabled): logits bit-identical to the current model: ok
  CHECK C2 single k=1 (arm B), parallel, beta 0 / write 1 / raw keys: logits max |diff| 0.00e+00, attention outputs 0.00e+00 (relative 0.0e+00) over 3 layers, all <= 1e-5: ok
  CHECK C2 single k=1 (arm B), sequential, beta 0 / write 1 / raw keys: logits max |diff| 1.34e-07, attention outputs 8.58e-06 (relative 5.8e-07) over 3 layers, all <= 1e-5: ok
  CHECK C2 single k=1 (arm B), impl hebb (beta 1 set, path disabled): logits bit-identical to the current model: ok
  CHECK C2 LOCAL3 S=8 k=16 conv, parallel, beta 0 / write 1 / raw keys: logits max |diff| 1.19e-07, attention outputs 5.96e-07 (relative 3.8e-07) over 3 layers, all <= 1e-5: ok
  CHECK C2 LOCAL3 S=8 k=16 conv, sequential, beta 0 / write 1 / raw keys: logits max |diff| 1.79e-07, attention outputs 4.77e-07 (relative 3.9e-07) over 3 layers, all <= 1e-5: ok
  CHECK C2 LOCAL3 S=8 k=16 conv, impl hebb (beta 1 set, path disabled): logits bit-identical to the current model: ok
  CHECK C3 oracle gate, grouped, decay fixed, parallel: U^c = 0 outside stream c and the read gate 0 on other channels in all 3 layers (True); stream-s logits bit-identical with the other stream's VAL tokens replaced (True) and changed by its own (True): ok
  CHECK C3 oracle gate, grouped, decay fixed, sequential: U^c = 0 outside stream c and the read gate 0 on other channels in all 3 layers (True); stream-s logits bit-identical with the other stream's VAL tokens replaced (True) and changed by its own (True): ok
  CHECK C3 oracle gate, grouped, decay routed, parallel: U^c = 0 outside stream c and the read gate 0 on other channels in all 3 layers (True); stream-s logits bit-identical with the other stream's VAL tokens replaced (True) and changed by its own (True): ok
  CHECK C3 oracle gate, grouped, decay routed, sequential: U^c = 0 outside stream c and the read gate 0 on other channels in all 3 layers (True); stream-s logits bit-identical with the other stream's VAL tokens replaced (True) and changed by its own (True): ok
  CHECK C3 oracle gate, header, decay fixed, parallel: U^c = 0 outside stream c and the read gate 0 on other channels in all 3 layers (True); stream-s logits bit-identical with the other stream's VAL tokens replaced (True) and changed by its own (True): ok
  CHECK C3 oracle gate, header, decay fixed, sequential: U^c = 0 outside stream c and the read gate 0 on other channels in all 3 layers (True); stream-s logits bit-identical with the other stream's VAL tokens replaced (True) and changed by its own (True): ok
  CHECK C3 oracle gate, header, decay routed, parallel: U^c = 0 outside stream c and the read gate 0 on other channels in all 3 layers (True); stream-s logits bit-identical with the other stream's VAL tokens replaced (True) and changed by its own (True): ok
  CHECK C3 oracle gate, header, decay routed, sequential: U^c = 0 outside stream c and the read gate 0 on other channels in all 3 layers (True); stream-s logits bit-identical with the other stream's VAL tokens replaced (True) and changed by its own (True): ok
  CHECK C4 overwrite (beta 1, L2 keys, one channel, decay 0.95, float32): ‖S k̂ − v2‖ = 1.56e-06 after (k, v1), (k, v2); 1.09e-06 with 6 other writes between; the parallel read at a later key-k position equals 0.95·v2 to 1.59e-06 / 1.46e-06; all < 1e-5: ok
  CHECK C5 learned beta = 0.5 exactly at init (True); to_delta keeps every existing parameter (True) and adds ['attn.w_b', 'attn.b_b']: ok
  CHECK C5 routed decay at init: alpha at g = 1 0.9500000 (0.95 to 1e-6), at g = 0 1.0 (exactly 1), at g = 0.3 / 0.7 0.98473 / 0.96473; delta0 -2.6037: ok
  CHECK C5 GDN decay init (seed 350, k = 2): A [2.198, 13.653], dt [0.06425, 0.00468] (softplus(b_dt) recovers dt), alpha at init [0.8683, 0.9381]; w_a = 0; same seed same draw, another seed another: ok
  CHECK C6 recorded run LOCAL3_SLOW|160 (batch 16, S43) through 2400 with to_delta(impl='hebb'): curve [[1200, 0.482421875, 2.1559665203094482], [2400, 1.0, 0.4127413034439087]] vs [[1200, 0.482421875, 2.1559665203094482], [2400, 1.0, 0.4127413034439087]]; statistics at [0, 1200, 2400] equal (True); decoder at 1200/2400 equal (True); bit for bit on Intel(R) Xeon(R) Processor @ 2.10GHz (55 s): ok
  ALL CHECKS PASSED (26 ok, 0 n/a, 0 failed)
  (explore_f_delta_checks: 63 s, all passed)
  timings measured (11 s): F/rh_lite:S70_ORACLE_HEBB 14.4 ms/step, F/rh_lite:S70_ORACLE_DELTA 21.6 ms/step
  6 runs queued; projected worst case 0.79 h of runs, makespan 0.26 h on 4 workers
  start    0.0 min  F/rh_lite        S70_ORACLE_DELTA         seed 330  (projected worst case 9 min)
  start    0.0 min  F/rh_lite        S70_ORACLE_DELTA         seed 331  (projected worst case 9 min)
  start    0.0 min  F/rh_lite        S70_ORACLE_DELTA         seed 332  (projected worst case 9 min)
  start    0.0 min  F/rh_lite        S70_ORACLE_HEBB          seed 330  (projected worst case 6 min)
  [  1]    1.7 min  F/rh_lite        S70_ORACLE_DELTA         seed 330  lr 0.001  (Adam 1e-3 throughout)
          on Intel(R) Xeon(R) Processor @ 2.10GHz, git 9899520, code ff908bdbc0b2, attempt 1: acc 1.000  trans  1200  BOUND
  start    1.7 min  F/rh_lite        S70_ORACLE_HEBB          seed 331  (projected worst case 6 min)
  [  2]    1.7 min  F/rh_lite        S70_ORACLE_DELTA         seed 332  lr 0.001  (Adam 1e-3 throughout)
          on Intel(R) Xeon(R) Processor @ 2.10GHz, git 9899520+dirty, code ff908bdbc0b2, attempt 1: acc 1.000  trans  1200  BOUND
  start    1.7 min  F/rh_lite        S70_ORACLE_HEBB          seed 332  (projected worst case 6 min)
  [  3]    1.7 min  F/rh_lite        S70_ORACLE_DELTA         seed 331  lr 0.001  (Adam 1e-3 throughout)
          on Intel(R) Xeon(R) Processor @ 2.10GHz, git 9899520+dirty, code ff908bdbc0b2, attempt 1: acc 1.000  trans  1200  BOUND
  [  4]    2.7 min  F/rh_lite        S70_ORACLE_HEBB          seed 331  lr 0.001  (Adam 1e-3 throughout)
          on Intel(R) Xeon(R) Processor @ 2.10GHz, git 9899520+dirty, code ff908bdbc0b2, attempt 1: acc 1.000  trans  1200  BOUND
  [  5]    2.8 min  F/rh_lite        S70_ORACLE_HEBB          seed 332  lr 0.001  (Adam 1e-3 throughout)
          on Intel(R) Xeon(R) Processor @ 2.10GHz, git 9899520+dirty, code ff908bdbc0b2, attempt 1: acc 1.000  trans  1200  BOUND
  [  6]    3.2 min  F/rh_lite        S70_ORACLE_HEBB          seed 330  lr 0.001  (Adam 1e-3 throughout)
          on Intel(R) Xeon(R) Processor @ 2.10GHz, git 9899520+dirty, code ff908bdbc0b2, attempt 1: acc 1.000  trans  8400  BOUND
  segment saved 6 runs
  runs left: 0
### S70 RandHeaderTask-lite — counts (Wilson 95%; band)

Phase 1 (oracle first): {}

| arm | n | BOUND | DISCOVERED | ROUTED*@end | failures (unbound) | transitions: median (all) | final acc median |
|---|---|---|---|---|---|---|---|
| S70_ORACLE_HEBB | 3/3 | 3/3 [0.44, 1.00] RELIABLE | -- | -- | -- | 1200 (1200, 1200, 8400) | 1.00 |
| S70_ORACLE_DELTA | 3/3 | 3/3 [0.44, 1.00] RELIABLE | -- | -- | -- | 1200 (1200, 1200, 1200) | 1.00 |

Runs: 6 ok (failed records 0), 0.17 h of run time; CPU ['Intel(R) Xeon(R) Processor @ 2.10GHz']; code SHA ff908bdbc0b2
  code SHA F/rh_lite: ff908bdbc0b2 over 28 modules (bdh, bdh_recurrent, explore_b16_gates, explore_common, explore_common2, explore_delta_mem, explore_f_decay_child, explore_f_delta_fast, explore_f_followup_child, explore_f_tasks, explore_f_window_delta_child, explore_far_cue, explore_local_gate, explore_window_recipe_child, test_binding_capacity, test_binding_onset, test_binding_recipe, test_channel_binding, test_instrument_v2, test_interference, test_multilayer_binding, test_readout_path, test_router_confirm, test_router_curriculum, test_router_discovery, test_router_layout, test_router_reliability, test_short_conv)
  S70 decision: {'phase1': 'bound', 'oracle_24k': {'HEBB': 3, 'DELTA': 3}, 'budget': 24000}
=== S68, S69, S70 phase 2 Fri Oct  9 14:24:25 UTC 2026
==============================================================================================================
EXPLORATORY, NOT A RESULT — Session F followup (F/premise, F/hebb_decay, F/rh_lite)
  cpu Intel(R) Xeon(R) Processor @ 2.10GHz | torch 2.14.0+cu130 | git 9899520+dirty | python 3.11.17 | torch threads 1 | started 2026-10-09 14:24:27
==============================================================================================================
  code SHA F/premise: ff908bdbc0b2 over 28 modules (bdh, bdh_recurrent, explore_b16_gates, explore_common, explore_common2, explore_delta_mem, explore_f_decay_child, explore_f_delta_fast, explore_f_followup_child, explore_f_tasks, explore_f_window_delta_child, explore_far_cue, explore_local_gate, explore_window_recipe_child, test_binding_capacity, test_binding_onset, test_binding_recipe, test_channel_binding, test_instrument_v2, test_interference, test_multilayer_binding, test_readout_path, test_router_confirm, test_router_curriculum, test_router_discovery, test_router_layout, test_router_reliability, test_short_conv)
  code SHA F/hebb_decay: ff908bdbc0b2 over 28 modules (bdh, bdh_recurrent, explore_b16_gates, explore_common, explore_common2, explore_delta_mem, explore_f_decay_child, explore_f_delta_fast, explore_f_followup_child, explore_f_tasks, explore_f_window_delta_child, explore_far_cue, explore_local_gate, explore_window_recipe_child, test_binding_capacity, test_binding_onset, test_binding_recipe, test_channel_binding, test_instrument_v2, test_interference, test_multilayer_binding, test_readout_path, test_router_confirm, test_router_curriculum, test_router_discovery, test_router_layout, test_router_reliability, test_short_conv)
  code SHA F/rh_lite: ff908bdbc0b2 over 28 modules (bdh, bdh_recurrent, explore_b16_gates, explore_common, explore_common2, explore_delta_mem, explore_f_decay_child, explore_f_delta_fast, explore_f_followup_child, explore_f_tasks, explore_f_window_delta_child, explore_far_cue, explore_local_gate, explore_window_recipe_child, test_binding_capacity, test_binding_onset, test_binding_recipe, test_channel_binding, test_instrument_v2, test_interference, test_multilayer_binding, test_readout_path, test_router_confirm, test_router_curriculum, test_router_discovery, test_router_layout, test_router_reliability, test_short_conv)
  CHECK C1 parallel = sequential over 24 cases (beta 0 / 0.5 / 1 / per token, write tied / 1, decay fixed / routed / per-channel): forward max |diff| 4.44e-16 <= 1e-10, gradients 2.22e-15 <= 1e-8: ok
  CHECK C2 LOCAL3 S=2 k=2, parallel, beta 0 / write 1 / raw keys: logits max |diff| 1.34e-07, attention outputs 2.38e-06 (relative 2.4e-07) over 3 layers, all <= 1e-5: ok
  CHECK C2 LOCAL3 S=2 k=2, sequential, beta 0 / write 1 / raw keys: logits max |diff| 1.49e-07, attention outputs 3.81e-06 (relative 4.5e-07) over 3 layers, all <= 1e-5: ok
  CHECK C2 LOCAL3 S=2 k=2, impl hebb (beta 1 set, path disabled): logits bit-identical to the current model: ok
  CHECK C2 perfect S=2 k=2, parallel, beta 0 / write 1 / raw keys: logits max |diff| 0.00e+00, attention outputs 0.00e+00 (relative 0.0e+00) over 3 layers, all <= 1e-5: ok
  CHECK C2 perfect S=2 k=2, sequential, beta 0 / write 1 / raw keys: logits max |diff| 1.27e-07, attention outputs 6.68e-06 (relative 4.5e-07) over 3 layers, all <= 1e-5: ok
  CHECK C2 perfect S=2 k=2, impl hebb (beta 1 set, path disabled): logits bit-identical to the current model: ok
  CHECK C2 single k=1 (arm B), parallel, beta 0 / write 1 / raw keys: logits max |diff| 0.00e+00, attention outputs 0.00e+00 (relative 0.0e+00) over 3 layers, all <= 1e-5: ok
  CHECK C2 single k=1 (arm B), sequential, beta 0 / write 1 / raw keys: logits max |diff| 1.34e-07, attention outputs 8.58e-06 (relative 5.8e-07) over 3 layers, all <= 1e-5: ok
  CHECK C2 single k=1 (arm B), impl hebb (beta 1 set, path disabled): logits bit-identical to the current model: ok
  CHECK C2 LOCAL3 S=8 k=16 conv, parallel, beta 0 / write 1 / raw keys: logits max |diff| 1.19e-07, attention outputs 5.96e-07 (relative 3.8e-07) over 3 layers, all <= 1e-5: ok
  CHECK C2 LOCAL3 S=8 k=16 conv, sequential, beta 0 / write 1 / raw keys: logits max |diff| 1.79e-07, attention outputs 4.77e-07 (relative 3.9e-07) over 3 layers, all <= 1e-5: ok
  CHECK C2 LOCAL3 S=8 k=16 conv, impl hebb (beta 1 set, path disabled): logits bit-identical to the current model: ok
  CHECK C3 oracle gate, grouped, decay fixed, parallel: U^c = 0 outside stream c and the read gate 0 on other channels in all 3 layers (True); stream-s logits bit-identical with the other stream's VAL tokens replaced (True) and changed by its own (True): ok
  CHECK C3 oracle gate, grouped, decay fixed, sequential: U^c = 0 outside stream c and the read gate 0 on other channels in all 3 layers (True); stream-s logits bit-identical with the other stream's VAL tokens replaced (True) and changed by its own (True): ok
  CHECK C3 oracle gate, grouped, decay routed, parallel: U^c = 0 outside stream c and the read gate 0 on other channels in all 3 layers (True); stream-s logits bit-identical with the other stream's VAL tokens replaced (True) and changed by its own (True): ok
  CHECK C3 oracle gate, grouped, decay routed, sequential: U^c = 0 outside stream c and the read gate 0 on other channels in all 3 layers (True); stream-s logits bit-identical with the other stream's VAL tokens replaced (True) and changed by its own (True): ok
  CHECK C3 oracle gate, header, decay fixed, parallel: U^c = 0 outside stream c and the read gate 0 on other channels in all 3 layers (True); stream-s logits bit-identical with the other stream's VAL tokens replaced (True) and changed by its own (True): ok
  CHECK C3 oracle gate, header, decay fixed, sequential: U^c = 0 outside stream c and the read gate 0 on other channels in all 3 layers (True); stream-s logits bit-identical with the other stream's VAL tokens replaced (True) and changed by its own (True): ok
  CHECK C3 oracle gate, header, decay routed, parallel: U^c = 0 outside stream c and the read gate 0 on other channels in all 3 layers (True); stream-s logits bit-identical with the other stream's VAL tokens replaced (True) and changed by its own (True): ok
  CHECK C3 oracle gate, header, decay routed, sequential: U^c = 0 outside stream c and the read gate 0 on other channels in all 3 layers (True); stream-s logits bit-identical with the other stream's VAL tokens replaced (True) and changed by its own (True): ok
  CHECK C4 overwrite (beta 1, L2 keys, one channel, decay 0.95, float32): ‖S k̂ − v2‖ = 1.56e-06 after (k, v1), (k, v2); 1.09e-06 with 6 other writes between; the parallel read at a later key-k position equals 0.95·v2 to 1.59e-06 / 1.46e-06; all < 1e-5: ok
  CHECK C5 learned beta = 0.5 exactly at init (True); to_delta keeps every existing parameter (True) and adds ['attn.w_b', 'attn.b_b']: ok
  CHECK C5 routed decay at init: alpha at g = 1 0.9500000 (0.95 to 1e-6), at g = 0 1.0 (exactly 1), at g = 0.3 / 0.7 0.98473 / 0.96473; delta0 -2.6037: ok
  CHECK C5 GDN decay init (seed 350, k = 2): A [2.198, 13.653], dt [0.06425, 0.00468] (softplus(b_dt) recovers dt), alpha at init [0.8683, 0.9381]; w_a = 0; same seed same draw, another seed another: ok
  CHECK C6 recorded run LOCAL3_SLOW|160 (batch 16, S43) through 2400 with to_delta(impl='hebb'): curve [[1200, 0.482421875, 2.1559665203094482], [2400, 1.0, 0.4127413034439087]] vs [[1200, 0.482421875, 2.1559665203094482], [2400, 1.0, 0.4127413034439087]]; statistics at [0, 1200, 2400] equal (True); decoder at 1200/2400 equal (True); bit for bit on Intel(R) Xeon(R) Processor @ 2.10GHz (50 s): ok
  ALL CHECKS PASSED (26 ok, 0 n/a, 0 failed)
  (explore_f_delta_checks: 57 s, all passed)
  CHECK F/premise: S68 S=4: SINGLE k=1 conv layer, delta beta 1 L2 keys; ORACLE k=4 conv, perfect gate one-hot on each position's stream (True); L = 51: ok
  CHECK F/premise: S68 S=8: SINGLE k=1 conv layer, delta beta 1 L2 keys; ORACLE k=8 conv, perfect gate one-hot on each position's stream (True); L = 99: ok
  CHECK F/premise: S69: FIXED (beta 0, write 1, raw keys) equals the unconverted Hebbian single channel (logits max |diff| 0.0e+00 <= 1e-5); ROUTED at init equals it too (k = 1, g = 1: alpha 0.95; 1.2e-07 <= 1e-5); the memory skips the erase (True); GDN's init equals S59's for the seed: ok
  CHECK F/premise: S70 RandHeaderTask-lite: every (stream, key) appears exactly once in the body: ok
  CHECK F/premise: S70 RandHeaderTask-lite: S distinct values per key: ok
  CHECK F/premise: S70 RandHeaderTask-lite: each query is answered by its own stream's value; make_batch returns the query streams: ok
  CHECK F/premise: S70 RandHeaderTask-lite: exactly one CTX per block, at its start; 4 blocks per sequence: ok
  CHECK F/premise: S70 RandHeaderTask-lite: each stream has 2 blocks whose lengths are a composition of P = 4 with parts in 1..3: ok
  CHECK F/premise: S70 RandHeaderTask-lite: block-length frequencies {1: 0.338, 2: 0.324, 3: 0.338} each within 0.03 of 0.33: ok
  CHECK F/premise: S70 RandHeaderTask-lite: the stream order of the blocks varies (6 distinct orders over 4096 sequences): ok
  CHECK F/premise: S70 RandHeaderTask-lite: stream_labels = the latest CTX token's stream at every position: ok
  CHECK F/premise: S70 RandHeaderTask-lite: L = 23 = S(NB + 2P) + 3 n_q, qpos = [21]; select reads the query's KEY position and targets its value: ok
  CHECK F/premise: S70 RandHeaderTask-lite compositions [(1, 3), (2, 2), (3, 1)] (first block 1, 2 or 3; the remainder in the second): ok
  CHECK F/premise: S70: HEBB and DELTA share every initial parameter (True; beta 1 adds none); DELTA memory FastDeltaMemory beta 1.0, L2 keys True; window gate on vocab 22: ok
  CHECK F/premise: S70: the perfect gate routes perfectly (margin 1.000, eta2 by stream KEY / VAL 1.000 / 1.000): ok
  timings measured (60 s): F/premise:S68_SINGLE_S4 49.8 ms/step, F/premise:S68_ORACLE_S4 63.6 ms/step, F/premise:S68_SINGLE_S8 100.3 ms/step, F/premise:S68_ORACLE_S8 159.1 ms/step, F/hebb_decay:S69_FIXED 23.7 ms/step, F/hebb_decay:S69_ROUTED 24.9 ms/step, F/hebb_decay:S69_GDN 28.9 ms/step, F/hebb_decay:S69_ORACLE 28.7 ms/step, F/rh_lite:S70_ORACLE_HEBB 17.0 ms/step, F/rh_lite:S70_ORACLE_DELTA 23.2 ms/step, F/rh_lite:S70_HEBB 16.4 ms/step, F/rh_lite:S70_DELTA 26.1 ms/step
  96 runs queued; projected worst case 42.68 h of runs, makespan 10.73 h on 4 workers
  start    0.0 min  F/premise        S68_ORACLE_S8            seed 300  (projected worst case 121 min)
  start    0.0 min  F/premise        S68_ORACLE_S8            seed 301  (projected worst case 121 min)
  start    0.0 min  F/premise        S68_SINGLE_S8            seed 300  (projected worst case 77 min)
  start    0.0 min  F/premise        S68_SINGLE_S8            seed 301  (projected worst case 77 min)
  [  1]   10.9 min  F/premise        S68_ORACLE_S8            seed 300  lr 0.001  (Adam 1e-3 throughout)
          on Intel(R) Xeon(R) Processor @ 2.10GHz, git 9899520+dirty, code ff908bdbc0b2, attempt 1: acc 1.000  trans  1200  BOUND
  start   10.9 min  F/premise        S68_SINGLE_S8            seed 302  (projected worst case 77 min)
  [  2]   11.0 min  F/premise        S68_ORACLE_S8            seed 301  lr 0.001  (Adam 1e-3 throughout)
          on Intel(R) Xeon(R) Processor @ 2.10GHz, git 9899520+dirty, code ff908bdbc0b2, attempt 1: acc 1.000  trans  1200  BOUND
  start   11.0 min  F/premise        S68_SINGLE_S8            seed 303  (projected worst case 77 min)
  [  3]   78.2 min  F/premise        S68_SINGLE_S8            seed 300  lr 0.001  (Adam 1e-3 throughout)
          on Intel(R) Xeon(R) Processor @ 2.10GHz, git 1335f0b, code ff908bdbc0b2, attempt 1: acc 0.315  trans  None  unbound
  start   78.2 min  F/premise        S68_SINGLE_S8            seed 304  (projected worst case 77 min)
  [  4]   78.9 min  F/premise        S68_SINGLE_S8            seed 301  lr 0.001  (Adam 1e-3 throughout)
          on Intel(R) Xeon(R) Processor @ 2.10GHz, git 1335f0b+dirty, code ff908bdbc0b2, attempt 1: acc 0.303  trans  None  unbound
  start   78.9 min  F/premise        S68_SINGLE_S8            seed 305  (projected worst case 77 min)
  [  5]   88.8 min  F/premise        S68_SINGLE_S8            seed 303  lr 0.001  (Adam 1e-3 throughout)
          on Intel(R) Xeon(R) Processor @ 2.10GHz, git 3f63fd2, code ff908bdbc0b2, attempt 1: acc 0.287  trans  None  unbound
  start   88.8 min  F/premise        S68_SINGLE_S8            seed 306  (projected worst case 77 min)
  [  6]   89.1 min  F/premise        S68_SINGLE_S8            seed 302  lr 0.001  (Adam 1e-3 throughout)
          on Intel(R) Xeon(R) Processor @ 2.10GHz, git 3f63fd2+dirty, code ff908bdbc0b2, attempt 1: acc 0.586  trans  None  unbound
  start   89.1 min  F/premise        S68_SINGLE_S8            seed 307  (projected worst case 77 min)
  [  7]  152.2 min  F/premise        S68_SINGLE_S8            seed 304  lr 0.001  (Adam 1e-3 throughout)
          on Intel(R) Xeon(R) Processor @ 2.10GHz, git 83e2bdd, code ff908bdbc0b2, attempt 1: acc 0.388  trans  None  unbound
  start  152.2 min  F/premise        S68_SINGLE_S8            seed 308  (projected worst case 77 min)
  [  8]  153.4 min  F/premise        S68_SINGLE_S8            seed 305  lr 0.001  (Adam 1e-3 throughout)
          on Intel(R) Xeon(R) Processor @ 2.10GHz, git 83e2bdd+dirty, code ff908bdbc0b2, attempt 1: acc 0.457  trans  None  unbound
  start  153.4 min  F/premise        S68_SINGLE_S8            seed 309  (projected worst case 77 min)
  [  9]  163.3 min  F/premise        S68_SINGLE_S8            seed 306  lr 0.001  (Adam 1e-3 throughout)
          on Intel(R) Xeon(R) Processor @ 2.10GHz, git 4e8a0e3, code ff908bdbc0b2, attempt 1: acc 0.537  trans  None  unbound
  start  163.3 min  F/premise        S68_ORACLE_S4            seed 300  (projected worst case 48 min)
  [ 10]  163.4 min  F/premise        S68_SINGLE_S8            seed 307  lr 0.001  (Adam 1e-3 throughout)
          on Intel(R) Xeon(R) Processor @ 2.10GHz, git 4e8a0e3+dirty, code ff908bdbc0b2, attempt 1: acc 0.560  trans  None  unbound
  start  163.4 min  F/premise        S68_ORACLE_S4            seed 301  (projected worst case 48 min)
  [ 11]  167.2 min  F/premise        S68_ORACLE_S4            seed 300  lr 0.001  (Adam 1e-3 throughout)
          on Intel(R) Xeon(R) Processor @ 2.10GHz, git 4e8a0e3+dirty, code ff908bdbc0b2, attempt 1: acc 1.000  trans  1200  BOUND
  start  167.2 min  F/premise        S68_SINGLE_S4            seed 300  (projected worst case 38 min)
  [ 12]  167.4 min  F/premise        S68_ORACLE_S4            seed 301  lr 0.001  (Adam 1e-3 throughout)
          on Intel(R) Xeon(R) Processor @ 2.10GHz, git 4e8a0e3+dirty, code ff908bdbc0b2, attempt 1: acc 1.000  trans  1200  BOUND
  start  167.4 min  F/premise        S68_SINGLE_S4            seed 301  (projected worst case 38 min)
  [ 13]  196.8 min  F/premise        S68_SINGLE_S4            seed 301  lr 0.001  (Adam 1e-3 throughout)
          on Intel(R) Xeon(R) Processor @ 2.10GHz, git 88d4368, code ff908bdbc0b2, attempt 1: acc 1.000  trans 33600  BOUND
  start  196.8 min  F/premise        S68_SINGLE_S4            seed 302  (projected worst case 38 min)
  [ 14]  202.8 min  F/premise        S68_SINGLE_S4            seed 300  lr 0.001  (Adam 1e-3 throughout)
          on Intel(R) Xeon(R) Processor @ 2.10GHz, git c7a5ba8, code ff908bdbc0b2, attempt 1: acc 0.255  trans  None  unbound
  start  202.8 min  F/premise        S68_SINGLE_S4            seed 303  (projected worst case 38 min)
  [ 15]  225.0 min  F/premise        S68_SINGLE_S8            seed 308  lr 0.001  (Adam 1e-3 throughout)
          on Intel(R) Xeon(R) Processor @ 2.10GHz, git a80d4e1, code ff908bdbc0b2, attempt 1: acc 0.290  trans  None  unbound
  start  225.0 min  F/premise        S68_SINGLE_S4            seed 304  (projected worst case 38 min)
  [ 16]  226.4 min  F/premise        S68_SINGLE_S8            seed 309  lr 0.001  (Adam 1e-3 throughout)
          on Intel(R) Xeon(R) Processor @ 2.10GHz, git a80d4e1+dirty, code ff908bdbc0b2, attempt 1: acc 0.529  trans  None  unbound
  start  226.4 min  F/premise        S68_SINGLE_S4            seed 305  (projected worst case 38 min)
  [ 17]  232.1 min  F/premise        S68_SINGLE_S4            seed 302  lr 0.001  (Adam 1e-3 throughout)
          on Intel(R) Xeon(R) Processor @ 2.10GHz, git a80d4e1+dirty, code ff908bdbc0b2, attempt 1: acc 0.234  trans  None  unbound
  start  232.1 min  F/premise        S68_SINGLE_S4            seed 306  (projected worst case 38 min)
  [ 18]  238.2 min  F/premise        S68_SINGLE_S4            seed 303  lr 0.001  (Adam 1e-3 throughout)
          on Intel(R) Xeon(R) Processor @ 2.10GHz, git a80d4e1+dirty, code ff908bdbc0b2, attempt 1: acc 0.248  trans  None  unbound
  start  238.2 min  F/premise        S68_SINGLE_S4            seed 307  (projected worst case 38 min)
  [ 19]  248.9 min  F/premise        S68_SINGLE_S4            seed 306  lr 0.001  (Adam 1e-3 throughout)
          on Intel(R) Xeon(R) Processor @ 2.10GHz, git 719ac78, code ff908bdbc0b2, attempt 1: acc 1.000  trans 18000  BOUND
  start  248.9 min  F/premise        S68_SINGLE_S4            seed 308  (projected worst case 38 min)
  [ 20]  260.8 min  F/premise        S68_SINGLE_S4            seed 304  lr 0.001  (Adam 1e-3 throughout)
          on Intel(R) Xeon(R) Processor @ 2.10GHz, git 719ac78+dirty, code ff908bdbc0b2, attempt 1: acc 0.223  trans  None  unbound
  start  260.8 min  F/premise        S68_SINGLE_S4            seed 309  (projected worst case 38 min)
  [ 21]  262.2 min  F/premise        S68_SINGLE_S4            seed 305  lr 0.001  (Adam 1e-3 throughout)
          on Intel(R) Xeon(R) Processor @ 2.10GHz, git 719ac78+dirty, code ff908bdbc0b2, attempt 1: acc 0.552  trans  None  unbound
  start  262.2 min  F/hebb_decay     S69_ORACLE               seed 350  (projected worst case 24 min)
  [ 22]  274.8 min  F/premise        S68_SINGLE_S4            seed 307  lr 0.001  (Adam 1e-3 throughout)
          on Intel(R) Xeon(R) Processor @ 2.10GHz, git be7bde1, code ff908bdbc0b2, attempt 1: acc 0.264  trans  None  unbound
  start  274.8 min  F/hebb_decay     S69_ORACLE               seed 351  (projected worst case 24 min)
  [ 23]  284.4 min  F/hebb_decay     S69_ORACLE               seed 350  lr 0.001  (Adam 1e-3 throughout)
          on Intel(R) Xeon(R) Processor @ 2.10GHz, git be7bde1+dirty, code ff908bdbc0b2, attempt 1: acc 0.762  trans  None  unbound
  start  284.4 min  F/hebb_decay     S69_GDN                  seed 350  (projected worst case 24 min)
  [ 24]  284.9 min  F/premise        S68_SINGLE_S4            seed 308  lr 0.001  (Adam 1e-3 throughout)
          on Intel(R) Xeon(R) Processor @ 2.10GHz, git be7bde1+dirty, code ff908bdbc0b2, attempt 1: acc 0.745  trans  None  unbound
  start  284.9 min  F/hebb_decay     S69_GDN                  seed 351  (projected worst case 24 min)
  [ 25]  290.0 min  F/hebb_decay     S69_ORACLE               seed 351  lr 0.001  (Adam 1e-3 throughout)
          on Intel(R) Xeon(R) Processor @ 2.10GHz, git be7bde1+dirty, code ff908bdbc0b2, attempt 1: acc 1.000  trans 31200  BOUND
  start  290.0 min  F/hebb_decay     S69_GDN                  seed 352  (projected worst case 24 min)
  [ 26]  296.3 min  F/premise        S68_SINGLE_S4            seed 309  lr 0.001  (Adam 1e-3 throughout)
          on Intel(R) Xeon(R) Processor @ 2.10GHz, git da5e67e, code ff908bdbc0b2, attempt 1: acc 0.750  trans  None  unbound
  start  296.3 min  F/hebb_decay     S69_GDN                  seed 353  (projected worst case 24 min)
  [ 27]  306.2 min  F/hebb_decay     S69_GDN                  seed 350  lr 0.001  (Adam 1e-3 throughout)
          on Intel(R) Xeon(R) Processor @ 2.10GHz, git da5e67e+dirty, code ff908bdbc0b2, attempt 1: acc 0.232  trans  None  unbound
  start  306.2 min  F/hebb_decay     S69_GDN                  seed 354  (projected worst case 24 min)
  [ 28]  306.6 min  F/hebb_decay     S69_GDN                  seed 351  lr 0.001  (Adam 1e-3 throughout)
          on Intel(R) Xeon(R) Processor @ 2.10GHz, git da5e67e+dirty, code ff908bdbc0b2, attempt 1: acc 0.151  trans  None  unbound
  start  306.6 min  F/hebb_decay     S69_GDN                  seed 355  (projected worst case 24 min)
  [ 29]  311.8 min  F/hebb_decay     S69_GDN                  seed 352  lr 0.001  (Adam 1e-3 throughout)
          on Intel(R) Xeon(R) Processor @ 2.10GHz, git da5e67e+dirty, code ff908bdbc0b2, attempt 1: acc 0.226  trans  None  unbound
  start  311.8 min  F/hebb_decay     S69_GDN                  seed 356  (projected worst case 24 min)
  [ 30]  318.8 min  F/hebb_decay     S69_GDN                  seed 353  lr 0.001  (Adam 1e-3 throughout)
          on Intel(R) Xeon(R) Processor @ 2.10GHz, git a2e55ed, code ff908bdbc0b2, attempt 1: acc 0.306  trans  None  unbound
  start  318.8 min  F/hebb_decay     S69_GDN                  seed 357  (projected worst case 24 min)
  [ 31]  329.4 min  F/hebb_decay     S69_GDN                  seed 354  lr 0.001  (Adam 1e-3 throughout)
          on Intel(R) Xeon(R) Processor @ 2.10GHz, git a2e55ed+dirty, code ff908bdbc0b2, attempt 1: acc 0.208  trans  None  unbound
  start  329.4 min  F/hebb_decay     S69_GDN                  seed 358  (projected worst case 24 min)
  [ 32]  330.1 min  F/hebb_decay     S69_GDN                  seed 355  lr 0.001  (Adam 1e-3 throughout)
          on Intel(R) Xeon(R) Processor @ 2.10GHz, git a2e55ed+dirty, code ff908bdbc0b2, attempt 1: acc 0.167  trans  None  unbound
  start  330.1 min  F/hebb_decay     S69_GDN                  seed 359  (projected worst case 24 min)
  [ 33]  335.5 min  F/hebb_decay     S69_GDN                  seed 356  lr 0.001  (Adam 1e-3 throughout)
          on Intel(R) Xeon(R) Processor @ 2.10GHz, git a2e55ed+dirty, code ff908bdbc0b2, attempt 1: acc 0.169  trans  None  unbound
  start  335.5 min  F/hebb_decay     S69_ROUTED               seed 350  (projected worst case 21 min)
  [ 34]  342.6 min  F/hebb_decay     S69_GDN                  seed 357  lr 0.001  (Adam 1e-3 throughout)
          on Intel(R) Xeon(R) Processor @ 2.10GHz, git 1e38bc5, code ff908bdbc0b2, attempt 1: acc 0.158  trans  None  unbound
  start  342.6 min  F/hebb_decay     S69_ROUTED               seed 351  (projected worst case 21 min)
  [ 35]  352.9 min  F/hebb_decay     S69_GDN                  seed 358  lr 0.001  (Adam 1e-3 throughout)
          on Intel(R) Xeon(R) Processor @ 2.10GHz, git 1e38bc5+dirty, code ff908bdbc0b2, attempt 1: acc 0.159  trans  None  unbound
  start  352.9 min  F/hebb_decay     S69_ROUTED               seed 352  (projected worst case 21 min)
  [ 36]  353.3 min  F/hebb_decay     S69_GDN                  seed 359  lr 0.001  (Adam 1e-3 throughout)
          on Intel(R) Xeon(R) Processor @ 2.10GHz, git 1e38bc5+dirty, code ff908bdbc0b2, attempt 1: acc 0.165  trans  None  unbound
  start  353.3 min  F/hebb_decay     S69_ROUTED               seed 353  (projected worst case 21 min)
  [ 37]  358.4 min  F/hebb_decay     S69_ROUTED               seed 350  lr 0.001  (Adam 1e-3 throughout)
          on Intel(R) Xeon(R) Processor @ 2.10GHz, git 1e38bc5+dirty, code ff908bdbc0b2, attempt 1: acc 0.158  trans  None  unbound
  start  358.4 min  F/hebb_decay     S69_ROUTED               seed 354  (projected worst case 21 min)
  [ 38]  365.1 min  F/hebb_decay     S69_ROUTED               seed 351  lr 0.001  (Adam 1e-3 throughout)
          on Intel(R) Xeon(R) Processor @ 2.10GHz, git 1e65e28, code ff908bdbc0b2, attempt 1: acc 0.159  trans  None  unbound
  start  365.1 min  F/hebb_decay     S69_ROUTED               seed 355  (projected worst case 21 min)
  [ 39]  374.8 min  F/hebb_decay     S69_ROUTED               seed 352  lr 0.001  (Adam 1e-3 throughout)
          on Intel(R) Xeon(R) Processor @ 2.10GHz, git 1e65e28+dirty, code ff908bdbc0b2, attempt 1: acc 0.170  trans  None  unbound
  start  374.8 min  F/hebb_decay     S69_ROUTED               seed 356  (projected worst case 21 min)
  [ 40]  375.0 min  F/hebb_decay     S69_ROUTED               seed 353  lr 0.001  (Adam 1e-3 throughout)
          on Intel(R) Xeon(R) Processor @ 2.10GHz, git 1e65e28+dirty, code ff908bdbc0b2, attempt 1: acc 0.163  trans  None  unbound
  start  375.0 min  F/hebb_decay     S69_ROUTED               seed 357  (projected worst case 21 min)
  [ 41]  379.6 min  F/hebb_decay     S69_ROUTED               seed 354  lr 0.001  (Adam 1e-3 throughout)
          on Intel(R) Xeon(R) Processor @ 2.10GHz, git 1e65e28+dirty, code ff908bdbc0b2, attempt 1: acc 0.155  trans  None  unbound
  start  379.6 min  F/hebb_decay     S69_ROUTED               seed 358  (projected worst case 21 min)
  [ 42]  386.3 min  F/hebb_decay     S69_ROUTED               seed 355  lr 0.001  (Adam 1e-3 throughout)
          on Intel(R) Xeon(R) Processor @ 2.10GHz, git 6a23458, code ff908bdbc0b2, attempt 1: acc 0.239  trans  None  unbound
  start  386.3 min  F/hebb_decay     S69_ROUTED               seed 359  (projected worst case 21 min)
  [ 43]  396.1 min  F/hebb_decay     S69_ROUTED               seed 356  lr 0.001  (Adam 1e-3 throughout)
          on Intel(R) Xeon(R) Processor @ 2.10GHz, git 6a23458+dirty, code ff908bdbc0b2, attempt 1: acc 0.168  trans  None  unbound
  start  396.1 min  F/hebb_decay     S69_FIXED                seed 350  (projected worst case 21 min)
  [ 44]  396.4 min  F/hebb_decay     S69_ROUTED               seed 357  lr 0.001  (Adam 1e-3 throughout)
          on Intel(R) Xeon(R) Processor @ 2.10GHz, git 6a23458+dirty, code ff908bdbc0b2, attempt 1: acc 0.229  trans  None  unbound
  start  396.4 min  F/hebb_decay     S69_FIXED                seed 351  (projected worst case 21 min)
  [ 45]  401.3 min  F/hebb_decay     S69_ROUTED               seed 358  lr 0.001  (Adam 1e-3 throughout)
          on Intel(R) Xeon(R) Processor @ 2.10GHz, git 6a23458+dirty, code ff908bdbc0b2, attempt 1: acc 0.238  trans  None  unbound
  start  401.3 min  F/hebb_decay     S69_FIXED                seed 352  (projected worst case 21 min)
  [ 46]  407.7 min  F/hebb_decay     S69_ROUTED               seed 359  lr 0.001  (Adam 1e-3 throughout)
          on Intel(R) Xeon(R) Processor @ 2.10GHz, git 6a23458+dirty, code ff908bdbc0b2, attempt 1: acc 0.252  trans  None  unbound
  start  407.7 min  F/hebb_decay     S69_FIXED                seed 353  (projected worst case 21 min)
  [ 47]  415.7 min  F/hebb_decay     S69_FIXED                seed 350  lr 0.001  (Adam 1e-3 throughout)
          on Intel(R) Xeon(R) Processor @ 2.10GHz, git b452783, code ff908bdbc0b2, attempt 1: acc 0.223  trans  None  unbound
  start  415.7 min  F/hebb_decay     S69_FIXED                seed 354  (projected worst case 21 min)
  [ 48]  415.9 min  F/hebb_decay     S69_FIXED                seed 351  lr 0.001  (Adam 1e-3 throughout)
          on Intel(R) Xeon(R) Processor @ 2.10GHz, git b452783+dirty, code ff908bdbc0b2, attempt 1: acc 0.225  trans  None  unbound
  start  415.9 min  F/hebb_decay     S69_FIXED                seed 355  (projected worst case 21 min)
  [ 49]  420.8 min  F/hebb_decay     S69_FIXED                seed 352  lr 0.001  (Adam 1e-3 throughout)
          on Intel(R) Xeon(R) Processor @ 2.10GHz, git b452783+dirty, code ff908bdbc0b2, attempt 1: acc 0.161  trans  None  unbound
  start  420.8 min  F/hebb_decay     S69_FIXED                seed 356  (projected worst case 21 min)
  [ 50]  427.0 min  F/hebb_decay     S69_FIXED                seed 353  lr 0.001  (Adam 1e-3 throughout)
          on Intel(R) Xeon(R) Processor @ 2.10GHz, git b452783+dirty, code ff908bdbc0b2, attempt 1: acc 0.152  trans  None  unbound
  start  427.0 min  F/hebb_decay     S69_FIXED                seed 357  (projected worst case 21 min)
  [ 51]  434.8 min  F/hebb_decay     S69_FIXED                seed 354  lr 0.001  (Adam 1e-3 throughout)
          on Intel(R) Xeon(R) Processor @ 2.10GHz, git d8ac997, code ff908bdbc0b2, attempt 1: acc 0.247  trans  None  unbound
  start  434.8 min  F/hebb_decay     S69_FIXED                seed 358  (projected worst case 21 min)
  [ 52]  435.1 min  F/hebb_decay     S69_FIXED                seed 355  lr 0.001  (Adam 1e-3 throughout)
          on Intel(R) Xeon(R) Processor @ 2.10GHz, git d8ac997+dirty, code ff908bdbc0b2, attempt 1: acc 0.232  trans  None  unbound
  start  435.1 min  F/hebb_decay     S69_FIXED                seed 359  (projected worst case 21 min)
  [ 53]  440.2 min  F/hebb_decay     S69_FIXED                seed 356  lr 0.001  (Adam 1e-3 throughout)
          on Intel(R) Xeon(R) Processor @ 2.10GHz, git d8ac997+dirty, code ff908bdbc0b2, attempt 1: acc 0.186  trans  None  unbound
  start  440.2 min  F/rh_lite        S70_DELTA                seed 330  (projected worst case 11 min)
  [ 54]  446.1 min  F/hebb_decay     S69_FIXED                seed 357  lr 0.001  (Adam 1e-3 throughout)
          on Intel(R) Xeon(R) Processor @ 2.10GHz, git d8ac997+dirty, code ff908bdbc0b2, attempt 1: acc 0.217  trans  None  unbound
  start  446.1 min  F/rh_lite        S70_DELTA                seed 331  (projected worst case 11 min)
  [ 55]  449.9 min  F/rh_lite        S70_DELTA                seed 330  lr 0.001  (gate W_in/W_g/window 1e-3 throughout; rest 1e-4 for 1-2400, 1e-3 after)
          on Intel(R) Xeon(R) Processor @ 2.10GHz, git d8ac997+dirty, code ff908bdbc0b2, attempt 1: acc 0.871  trans  None  KEY
  start  449.9 min  F/rh_lite        S70_DELTA                seed 332  (projected worst case 11 min)
  [ 56]  453.4 min  F/rh_lite        S70_DELTA                seed 332  lr 0.001  (gate W_in/W_g/window 1e-3 throughout; rest 1e-4 for 1-2400, 1e-3 after)
          on Intel(R) Xeon(R) Processor @ 2.10GHz, git d8ac997+dirty, code ff908bdbc0b2, attempt 1: acc 1.000  trans  6000  BOUND unrouted
  start  453.4 min  F/rh_lite        S70_DELTA                seed 333  (projected worst case 11 min)
  [ 57]  454.2 min  F/hebb_decay     S69_FIXED                seed 358  lr 0.001  (Adam 1e-3 throughout)
          on Intel(R) Xeon(R) Processor @ 2.10GHz, git d8ac997+dirty, code ff908bdbc0b2, attempt 1: acc 0.210  trans  None  unbound
  start  454.2 min  F/rh_lite        S70_DELTA                seed 334  (projected worst case 11 min)
  [ 58]  454.4 min  F/hebb_decay     S69_FIXED                seed 359  lr 0.001  (Adam 1e-3 throughout)
          on Intel(R) Xeon(R) Processor @ 2.10GHz, git 61ba46e, code ff908bdbc0b2, attempt 1: acc 0.243  trans  None  unbound
  start  454.4 min  F/rh_lite        S70_DELTA                seed 335  (projected worst case 11 min)
  [ 59]  455.8 min  F/rh_lite        S70_DELTA                seed 331  lr 0.001  (gate W_in/W_g/window 1e-3 throughout; rest 1e-4 for 1-2400, 1e-3 after)
          on Intel(R) Xeon(R) Processor @ 2.10GHz, git 5b97e52, code ff908bdbc0b2, attempt 1: acc 0.744  trans  None  KEY
  start  455.8 min  F/rh_lite        S70_DELTA                seed 336  (projected worst case 11 min)
  [ 60]  457.3 min  F/rh_lite        S70_DELTA                seed 335  lr 0.001  (gate W_in/W_g/window 1e-3 throughout; rest 1e-4 for 1-2400, 1e-3 after)
          on Intel(R) Xeon(R) Processor @ 2.10GHz, git 5b97e52+dirty, code ff908bdbc0b2, attempt 1: acc 0.995  trans  4800  BOUND unrouted
  start  457.3 min  F/rh_lite        S70_DELTA                seed 337  (projected worst case 11 min)
  [ 61]  458.0 min  F/rh_lite        S70_DELTA                seed 334  lr 0.001  (gate W_in/W_g/window 1e-3 throughout; rest 1e-4 for 1-2400, 1e-3 after)
          on Intel(R) Xeon(R) Processor @ 2.10GHz, git 5b97e52+dirty, code ff908bdbc0b2, attempt 1: acc 1.000  trans  7200  BOUND unrouted
  start  458.0 min  F/rh_lite        S70_DELTA                seed 338  (projected worst case 11 min)
  [ 62]  459.8 min  F/rh_lite        S70_DELTA                seed 337  lr 0.001  (gate W_in/W_g/window 1e-3 throughout; rest 1e-4 for 1-2400, 1e-3 after)
          on Intel(R) Xeon(R) Processor @ 2.10GHz, git 5b97e52+dirty, code ff908bdbc0b2, attempt 1: acc 0.956  trans  3600  BOUND unrouted
  start  459.8 min  F/rh_lite        S70_DELTA                seed 339  (projected worst case 11 min)
  [ 63]  463.2 min  F/rh_lite        S70_DELTA                seed 333  lr 0.001  (gate W_in/W_g/window 1e-3 throughout; rest 1e-4 for 1-2400, 1e-3 after)
          on Intel(R) Xeon(R) Processor @ 2.10GHz, git 5b97e52+dirty, code ff908bdbc0b2, attempt 1: acc 0.862  trans  None  KEY
  start  463.2 min  F/rh_lite        S70_DELTA                seed 340  (projected worst case 11 min)
  [ 64]  465.4 min  F/rh_lite        S70_DELTA                seed 336  lr 0.001  (gate W_in/W_g/window 1e-3 throughout; rest 1e-4 for 1-2400, 1e-3 after)
          on Intel(R) Xeon(R) Processor @ 2.10GHz, git 5b97e52+dirty, code ff908bdbc0b2, attempt 1: acc 0.765  trans  None  KEY
  start  465.4 min  F/rh_lite        S70_DELTA                seed 341  (projected worst case 11 min)
  [ 65]  465.8 min  F/rh_lite        S70_DELTA                seed 338  lr 0.001  (gate W_in/W_g/window 1e-3 throughout; rest 1e-4 for 1-2400, 1e-3 after)
          on Intel(R) Xeon(R) Processor @ 2.10GHz, git 5b97e52+dirty, code ff908bdbc0b2, attempt 1: acc 0.960  trans 16800  BOUND unrouted
  start  465.8 min  F/rh_lite        S70_DELTA                seed 342  (projected worst case 11 min)
  [ 66]  469.4 min  F/rh_lite        S70_DELTA                seed 339  lr 0.001  (gate W_in/W_g/window 1e-3 throughout; rest 1e-4 for 1-2400, 1e-3 after)
          on Intel(R) Xeon(R) Processor @ 2.10GHz, git 5b97e52+dirty, code ff908bdbc0b2, attempt 1: acc 0.883  trans  None  KEY
  start  469.4 min  F/rh_lite        S70_DELTA                seed 343  (projected worst case 11 min)
  [ 67]  473.1 min  F/rh_lite        S70_DELTA                seed 340  lr 0.001  (gate W_in/W_g/window 1e-3 throughout; rest 1e-4 for 1-2400, 1e-3 after)
          on Intel(R) Xeon(R) Processor @ 2.10GHz, git 5b97e52+dirty, code ff908bdbc0b2, attempt 1: acc 0.749  trans  None  KEY
  start  473.1 min  F/rh_lite        S70_DELTA                seed 344  (projected worst case 11 min)
  [ 68]  475.1 min  F/rh_lite        S70_DELTA                seed 341  lr 0.001  (gate W_in/W_g/window 1e-3 throughout; rest 1e-4 for 1-2400, 1e-3 after)
          on Intel(R) Xeon(R) Processor @ 2.10GHz, git 5b97e52+dirty, code ff908bdbc0b2, attempt 1: acc 0.864  trans  None  KEY
  start  475.1 min  F/rh_lite        S70_DELTA                seed 345  (projected worst case 11 min)
  [ 69]  475.7 min  F/rh_lite        S70_DELTA                seed 342  lr 0.001  (gate W_in/W_g/window 1e-3 throughout; rest 1e-4 for 1-2400, 1e-3 after)
          on Intel(R) Xeon(R) Processor @ 2.10GHz, git 5b97e52+dirty, code ff908bdbc0b2, attempt 1: acc 0.884  trans  None  KEY
  start  475.7 min  F/rh_lite        S70_DELTA                seed 346  (projected worst case 11 min)
  [ 70]  479.3 min  F/rh_lite        S70_DELTA                seed 343  lr 0.001  (gate W_in/W_g/window 1e-3 throughout; rest 1e-4 for 1-2400, 1e-3 after)
          on Intel(R) Xeon(R) Processor @ 2.10GHz, git 1683bc7, code ff908bdbc0b2, attempt 1: acc 0.762  trans  None  KEY
  start  479.3 min  F/rh_lite        S70_DELTA                seed 347  (projected worst case 11 min)
  [ 71]  482.7 min  F/rh_lite        S70_DELTA                seed 344  lr 0.001  (gate W_in/W_g/window 1e-3 throughout; rest 1e-4 for 1-2400, 1e-3 after)
          on Intel(R) Xeon(R) Processor @ 2.10GHz, git 1683bc7+dirty, code ff908bdbc0b2, attempt 1: acc 0.736  trans  None  KEY
  start  482.7 min  F/rh_lite        S70_DELTA                seed 348  (projected worst case 11 min)
  [ 72]  485.0 min  F/rh_lite        S70_DELTA                seed 345  lr 0.001  (gate W_in/W_g/window 1e-3 throughout; rest 1e-4 for 1-2400, 1e-3 after)
          on Intel(R) Xeon(R) Processor @ 2.10GHz, git 1683bc7+dirty, code ff908bdbc0b2, attempt 1: acc 0.750  trans  None  KEY
  start  485.0 min  F/rh_lite        S70_DELTA                seed 349  (projected worst case 11 min)
  [ 73]  485.5 min  F/rh_lite        S70_DELTA                seed 346  lr 0.001  (gate W_in/W_g/window 1e-3 throughout; rest 1e-4 for 1-2400, 1e-3 after)
          on Intel(R) Xeon(R) Processor @ 2.10GHz, git 1683bc7+dirty, code ff908bdbc0b2, attempt 1: acc 0.866  trans  None  KEY
  start  485.5 min  F/rh_lite        S70_HEBB                 seed 330  (projected worst case 7 min)
  [ 74]  487.4 min  F/rh_lite        S70_DELTA                seed 349  lr 0.001  (gate W_in/W_g/window 1e-3 throughout; rest 1e-4 for 1-2400, 1e-3 after)
          on Intel(R) Xeon(R) Processor @ 2.10GHz, git 1683bc7+dirty, code ff908bdbc0b2, attempt 1: acc 1.000  trans  3600  BOUND unrouted
  start  487.4 min  F/rh_lite        S70_HEBB                 seed 331  (projected worst case 7 min)
  [ 75]  489.2 min  F/rh_lite        S70_DELTA                seed 347  lr 0.001  (gate W_in/W_g/window 1e-3 throughout; rest 1e-4 for 1-2400, 1e-3 after)
          on Intel(R) Xeon(R) Processor @ 2.10GHz, git 1683bc7+dirty, code ff908bdbc0b2, attempt 1: acc 0.882  trans  None  KEY
  start  489.2 min  F/rh_lite        S70_HEBB                 seed 332  (projected worst case 7 min)
  [ 76]  491.9 min  F/rh_lite        S70_HEBB                 seed 330  lr 0.001  (gate W_in/W_g/window 1e-3 throughout; rest 1e-4 for 1-2400, 1e-3 after)
          on Intel(R) Xeon(R) Processor @ 2.10GHz, git 1683bc7+dirty, code ff908bdbc0b2, attempt 1: acc 0.498  trans  None  KEY
  start  491.9 min  F/rh_lite        S70_HEBB                 seed 333  (projected worst case 7 min)
  [ 77]  492.1 min  F/rh_lite        S70_DELTA                seed 348  lr 0.001  (gate W_in/W_g/window 1e-3 throughout; rest 1e-4 for 1-2400, 1e-3 after)
          on Intel(R) Xeon(R) Processor @ 2.10GHz, git 1683bc7+dirty, code ff908bdbc0b2, attempt 1: acc 0.761  trans  None  KEY
  start  492.1 min  F/rh_lite        S70_HEBB                 seed 334  (projected worst case 7 min)
  [ 78]  493.9 min  F/rh_lite        S70_HEBB                 seed 331  lr 0.001  (gate W_in/W_g/window 1e-3 throughout; rest 1e-4 for 1-2400, 1e-3 after)
          on Intel(R) Xeon(R) Processor @ 2.10GHz, git 1683bc7+dirty, code ff908bdbc0b2, attempt 1: acc 0.515  trans  None  KEY
  start  493.9 min  F/rh_lite        S70_HEBB                 seed 335  (projected worst case 7 min)
  [ 79]  495.8 min  F/rh_lite        S70_HEBB                 seed 332  lr 0.001  (gate W_in/W_g/window 1e-3 throughout; rest 1e-4 for 1-2400, 1e-3 after)
          on Intel(R) Xeon(R) Processor @ 2.10GHz, git 1683bc7+dirty, code ff908bdbc0b2, attempt 1: acc 0.514  trans  None  KEY
  start  495.8 min  F/rh_lite        S70_HEBB                 seed 336  (projected worst case 7 min)
  [ 80]  498.1 min  F/rh_lite        S70_HEBB                 seed 335  lr 0.001  (gate W_in/W_g/window 1e-3 throughout; rest 1e-4 for 1-2400, 1e-3 after)
          on Intel(R) Xeon(R) Processor @ 2.10GHz, git 1683bc7+dirty, code ff908bdbc0b2, attempt 1: acc 0.982  trans 13200  BOUND unrouted
  start  498.1 min  F/rh_lite        S70_HEBB                 seed 337  (projected worst case 7 min)
  [ 81]  498.5 min  F/rh_lite        S70_HEBB                 seed 333  lr 0.001  (gate W_in/W_g/window 1e-3 throughout; rest 1e-4 for 1-2400, 1e-3 after)
          on Intel(R) Xeon(R) Processor @ 2.10GHz, git 1683bc7+dirty, code ff908bdbc0b2, attempt 1: acc 0.500  trans  None  KEY
  start  498.5 min  F/rh_lite        S70_HEBB                 seed 338  (projected worst case 7 min)
  [ 82]  498.8 min  F/rh_lite        S70_HEBB                 seed 334  lr 0.001  (gate W_in/W_g/window 1e-3 throughout; rest 1e-4 for 1-2400, 1e-3 after)
          on Intel(R) Xeon(R) Processor @ 2.10GHz, git 1683bc7+dirty, code ff908bdbc0b2, attempt 1: acc 0.474  trans  None  KEY
  start  498.8 min  F/rh_lite        S70_HEBB                 seed 339  (projected worst case 7 min)
  [ 83]  502.5 min  F/rh_lite        S70_HEBB                 seed 336  lr 0.001  (gate W_in/W_g/window 1e-3 throughout; rest 1e-4 for 1-2400, 1e-3 after)
          on Intel(R) Xeon(R) Processor @ 2.10GHz, git 328fe2d, code ff908bdbc0b2, attempt 1: acc 0.516  trans  None  KEY
  start  502.5 min  F/rh_lite        S70_HEBB                 seed 340  (projected worst case 7 min)
  [ 84]  504.9 min  F/rh_lite        S70_HEBB                 seed 337  lr 0.001  (gate W_in/W_g/window 1e-3 throughout; rest 1e-4 for 1-2400, 1e-3 after)
          on Intel(R) Xeon(R) Processor @ 2.10GHz, git 328fe2d+dirty, code ff908bdbc0b2, attempt 1: acc 0.497  trans  None  KEY
  start  504.9 min  F/rh_lite        S70_HEBB                 seed 341  (projected worst case 7 min)
  [ 85]  505.4 min  F/rh_lite        S70_HEBB                 seed 338  lr 0.001  (gate W_in/W_g/window 1e-3 throughout; rest 1e-4 for 1-2400, 1e-3 after)
          on Intel(R) Xeon(R) Processor @ 2.10GHz, git 328fe2d+dirty, code ff908bdbc0b2, attempt 1: acc 0.479  trans  None  KEY
  start  505.4 min  F/rh_lite        S70_HEBB                 seed 342  (projected worst case 7 min)
  [ 86]  505.7 min  F/rh_lite        S70_HEBB                 seed 339  lr 0.001  (gate W_in/W_g/window 1e-3 throughout; rest 1e-4 for 1-2400, 1e-3 after)
          on Intel(R) Xeon(R) Processor @ 2.10GHz, git 328fe2d+dirty, code ff908bdbc0b2, attempt 1: acc 0.518  trans  None  KEY
  start  505.7 min  F/rh_lite        S70_HEBB                 seed 343  (projected worst case 7 min)
  [ 87]  509.4 min  F/rh_lite        S70_HEBB                 seed 340  lr 0.001  (gate W_in/W_g/window 1e-3 throughout; rest 1e-4 for 1-2400, 1e-3 after)
          on Intel(R) Xeon(R) Processor @ 2.10GHz, git 328fe2d+dirty, code ff908bdbc0b2, attempt 1: acc 0.498  trans  None  KEY
  start  509.4 min  F/rh_lite        S70_HEBB                 seed 344  (projected worst case 7 min)
  [ 88]  511.6 min  F/rh_lite        S70_HEBB                 seed 341  lr 0.001  (gate W_in/W_g/window 1e-3 throughout; rest 1e-4 for 1-2400, 1e-3 after)
          on Intel(R) Xeon(R) Processor @ 2.10GHz, git 328fe2d+dirty, code ff908bdbc0b2, attempt 1: acc 0.503  trans  None  KEY
  start  511.6 min  F/rh_lite        S70_HEBB                 seed 345  (projected worst case 7 min)
  [ 89]  512.0 min  F/rh_lite        S70_HEBB                 seed 342  lr 0.001  (gate W_in/W_g/window 1e-3 throughout; rest 1e-4 for 1-2400, 1e-3 after)
          on Intel(R) Xeon(R) Processor @ 2.10GHz, git 328fe2d+dirty, code ff908bdbc0b2, attempt 1: acc 0.485  trans  None  KEY
  start  512.0 min  F/rh_lite        S70_HEBB                 seed 346  (projected worst case 7 min)
  [ 90]  512.5 min  F/rh_lite        S70_HEBB                 seed 343  lr 0.001  (gate W_in/W_g/window 1e-3 throughout; rest 1e-4 for 1-2400, 1e-3 after)
          on Intel(R) Xeon(R) Processor @ 2.10GHz, git 328fe2d+dirty, code ff908bdbc0b2, attempt 1: acc 0.509  trans  None  KEY
  start  512.5 min  F/rh_lite        S70_HEBB                 seed 347  (projected worst case 7 min)
  [ 91]  515.9 min  F/rh_lite        S70_HEBB                 seed 344  lr 0.001  (gate W_in/W_g/window 1e-3 throughout; rest 1e-4 for 1-2400, 1e-3 after)
          on Intel(R) Xeon(R) Processor @ 2.10GHz, git 328fe2d+dirty, code ff908bdbc0b2, attempt 1: acc 0.488  trans  None  KEY
  start  515.9 min  F/rh_lite        S70_HEBB                 seed 348  (projected worst case 7 min)
  [ 92]  518.1 min  F/rh_lite        S70_HEBB                 seed 345  lr 0.001  (gate W_in/W_g/window 1e-3 throughout; rest 1e-4 for 1-2400, 1e-3 after)
          on Intel(R) Xeon(R) Processor @ 2.10GHz, git 328fe2d+dirty, code ff908bdbc0b2, attempt 1: acc 0.509  trans  None  KEY
  start  518.1 min  F/rh_lite        S70_HEBB                 seed 349  (projected worst case 7 min)
  [ 93]  518.7 min  F/rh_lite        S70_HEBB                 seed 346  lr 0.001  (gate W_in/W_g/window 1e-3 throughout; rest 1e-4 for 1-2400, 1e-3 after)
          on Intel(R) Xeon(R) Processor @ 2.10GHz, git 328fe2d+dirty, code ff908bdbc0b2, attempt 1: acc 0.475  trans  None  KEY
  [ 94]  519.2 min  F/rh_lite        S70_HEBB                 seed 347  lr 0.001  (gate W_in/W_g/window 1e-3 throughout; rest 1e-4 for 1-2400, 1e-3 after)
          on Intel(R) Xeon(R) Processor @ 2.10GHz, git 328fe2d+dirty, code ff908bdbc0b2, attempt 1: acc 0.502  trans  None  KEY
  [ 95]  522.6 min  F/rh_lite        S70_HEBB                 seed 348  lr 0.001  (gate W_in/W_g/window 1e-3 throughout; rest 1e-4 for 1-2400, 1e-3 after)
          on Intel(R) Xeon(R) Processor @ 2.10GHz, git 328fe2d+dirty, code ff908bdbc0b2, attempt 1: acc 0.500  trans  None  KEY
  [ 96]  524.8 min  F/rh_lite        S70_HEBB                 seed 349  lr 0.001  (gate W_in/W_g/window 1e-3 throughout; rest 1e-4 for 1-2400, 1e-3 after)
          on Intel(R) Xeon(R) Processor @ 2.10GHz, git ac147b4, code ff908bdbc0b2, attempt 1: acc 0.489  trans  None  KEY
  segment saved 96 runs
  runs left: 0
### S68 premise — counts (BOUND; Wilson 95%; band)

| arm | n | BOUND | transitions: median (all) | final acc median | write order acc last / not-last |
|---|---|---|---|---|---|
| S68_SINGLE_S4 | 10/10 | 2/10 [0.06, 0.51] MINORITY | 25800 (18000, 33600) | 0.41 | 0.42 / 0.41 |
| S68_ORACLE_S4 | 2/2 | 2/2 [0.34, 1.00] RELIABLE | 1200 (1200, 1200) | 1.00 | 1.00 / 1.00 |
| S68_SINGLE_S8 | 10/10 | 0/10 [0.00, 0.28] NEVER | -- | 0.42 | 0.47 / 0.42 |
| S68_ORACLE_S8 | 2/2 | 2/2 [0.34, 1.00] RELIABLE | 1200 (1200, 1200) | 1.00 | 1.00 / 1.00 |

Validity S=4: S68_ORACLE_S4 2/2 (transitions [1200, 1200]) -> VALID

Validity S=8: S68_ORACLE_S8 2/2 (transitions [1200, 1200]) -> VALID

READING S68: **neither** (SINGLE_DELTA S=4 2/10, S=8 0/10; rules: scale >= 7/10 at S=8; number of streams <= 3/10 at S=8 with >= 7/10 at S=4)
- S=4: one delta channel BOUND 2/10 [0.06, 0.51] MINORITY vs recorded gated Hebbian S54 B_HEBB BOUND ROUTED 19/20 [0.76, 0.99] RELIABLE (BOUND 20/20); counts only, other seeds; Fisher one-sided p(gated > single) = 6.36e-05
- S=8: one delta channel BOUND 0/10 [0.00, 0.28] NEVER vs recorded gated Hebbian S54 C_HEBB BOUND ROUTED 9/10 [0.60, 0.98] RELIABLE (BOUND 9/10); counts only, other seeds; Fisher one-sided p(gated > single) = 5.95e-05

Per seed (B@transition or final acc): S68_SINGLE_S4 300 0.26, 301 B@33600, 302 0.23, 303 0.25, 304 0.22, 305 0.55, 306 B@18000, 307 0.26, 308 0.74, 309 0.75; S68_SINGLE_S8 300 0.32, 301 0.30, 302 0.59, 303 0.29, 304 0.39, 305 0.46, 306 0.54, 307 0.56, 308 0.29, 309 0.53

Runs: 24 ok (failed records 0), 18.63 h of run time; CPU ['Intel(R) Xeon(R) Processor @ 2.10GHz']; code SHA ff908bdbc0b2
### S69 forget gate on a single Hebbian channel — counts (BOUND; Wilson 95%; band)

| arm | n | BOUND | transitions: median (all) | final acc median | write order acc last / not-last | S59 delta, same seeds |
|---|---|---|---|---|---|---|
| S69_FIXED | 10/10 | 0/10 [0.00, 0.28] NEVER | -- | 0.22 | 0.21 / 0.23 | 3/10 |
| S69_ROUTED | 10/10 | 0/10 [0.00, 0.28] NEVER | -- | 0.17 | 0.17 / 0.16 | 9/10 |
| S69_GDN | 10/10 | 0/10 [0.00, 0.28] NEVER | -- | 0.17 | 0.17 / 0.16 | 8/10 |
| S69_ORACLE | 2/2 | 1/2 [0.09, 0.91] MAJORITY | 31200 (31200) | 0.88 | 0.88 / 0.88 | --/10 |

Validity: S69_ORACLE 1/2 (transitions [None, 31200]) -> VALID

READING S69: **the forget gate needs the delta rule** (Hebbian FIXED 0/10, ROUTED 0/10, GDN 0/10; rules: needs delta if ROUTED and GDN <= FIXED + 1; alone suffices if either >= 8/10)

Paired with S59's delta single channel on the same seeds and batches (BOUND; delta only / hebb only): FIXED: S59 delta 3/10 vs Hebbian 0/10; ROUTED: S59 delta 9/10 vs Hebbian 0/10; GDN: S59 delta 8/10 vs Hebbian 0/10

Learned decay at the end (median α per layer at CTX/KEY/VAL):

- S69_FIXED: L1 ch0 0.950/0.950/0.950; L2 ch0 0.950/0.950/0.950; L3 ch0 0.950/0.950/0.950
- S69_ROUTED: L1 ch0 0.975/0.999/0.982; L2 ch0 0.944/0.997/0.966; L3 ch0 0.886/0.990/0.914
- S69_GDN: L1 ch0 0.988/0.999/0.990; L2 ch0 0.943/0.997/0.952; L3 ch0 0.684/0.994/0.926
- S69_ORACLE: L1 other 0.950/0.950/0.950, own 0.950/0.950/0.950; L2 other 0.950/0.950/0.950, own 0.950/0.950/0.950; L3 other 0.950/0.950/0.950, own 0.950/0.950/0.950

Runs: 32 ok (failed records 0), 11.28 h of run time; CPU ['Intel(R) Xeon(R) Processor @ 2.10GHz']; code SHA ff908bdbc0b2
### S70 RandHeaderTask-lite — counts (Wilson 95%; band)

Phase 1 (oracle first): {'phase1': 'bound', 'oracle_24k': {'HEBB': 3, 'DELTA': 3}, 'budget': 24000}

| arm | n | BOUND | DISCOVERED | ROUTED*@end | failures (unbound) | transitions: median (all) | final acc median |
|---|---|---|---|---|---|---|---|
| S70_ORACLE_HEBB | 3/3 | 3/3 [0.44, 1.00] RELIABLE | -- | -- | -- | 1200 (1200, 1200, 8400) | 1.00 |
| S70_ORACLE_DELTA | 3/3 | 3/3 [0.44, 1.00] RELIABLE | -- | -- | -- | 1200 (1200, 1200, 1200) | 1.00 |
| S70_HEBB | 20/20 | 1/20 [0.01, 0.24] MINORITY | 0/20 [0.00, 0.16] NEVER | 0/20 [0.00, 0.16] NEVER | {'KEY': 19} | 13200 (13200) | 0.50 |
| S70_DELTA | 20/20 | 6/20 [0.15, 0.52] MINORITY | 0/20 [0.00, 0.16] NEVER | 0/20 [0.00, 0.16] NEVER | {'KEY': 14} | 5400 (3600, 3600, 4800, 6000, 7200, 16800) | 0.87 |

**BASELINE for Session G (S70_HEBB, LOCAL3 + SLOW, Hebbian, RandHeaderTask-lite, 24000 updates, seeds 330-349): DISCOVERED 0/20 [0.00, 0.16] NEVER; BOUND 1/20 [0.01, 0.24] MINORITY; ROUTED*@end 0/20 [0.00, 0.16] NEVER; failures {'KEY': 19}**
- paired DISCOVERED: DELTA 0/20 vs HEBB 0/20: delta only 0, hebb only 0; p(delta > hebb) = 1, p(hebb > delta) = 1
- paired BOUND: DELTA 6/20 vs HEBB 1/20: delta only 5, hebb only 0; p(delta > hebb) = 0.0312, p(hebb > delta) = 1
- paired ROUTED*@end: DELTA 0/20 vs HEBB 0/20: delta only 0, hebb only 0; p(delta > hebb) = 1, p(hebb > delta) = 1

η² of the read gate at the end (median; by stream / key / half / index), KEY and VAL; margin:

- S70_HEBB: KEY 0.00/1.00/0.00/0.00; VAL 0.00/1.00/0.00/0.00; margin 0.00
- S70_DELTA: KEY 0.00/1.00/0.00/0.01; VAL 0.00/1.00/0.00/0.00; margin 0.00

Per seed: S70_HEBB 330 KEY 0.50, 331 KEY 0.52, 332 KEY 0.51, 333 KEY 0.50, 334 KEY 0.47, 335 BOUND unrouted@13200, 336 KEY 0.52, 337 KEY 0.50, 338 KEY 0.48, 339 KEY 0.52, 340 KEY 0.50, 341 KEY 0.50, 342 KEY 0.49, 343 KEY 0.51, 344 KEY 0.49, 345 KEY 0.51, 346 KEY 0.47, 347 KEY 0.50, 348 KEY 0.50, 349 KEY 0.49; S70_DELTA 330 KEY 0.87, 331 KEY 0.74, 332 BOUND unrouted@6000, 333 KEY 0.86, 334 BOUND unrouted@7200, 335 BOUND unrouted@4800, 336 KEY 0.77, 337 BOUND unrouted@3600, 338 BOUND unrouted@16800, 339 KEY 0.88, 340 KEY 0.75, 341 KEY 0.86, 342 KEY 0.88, 343 KEY 0.76, 344 KEY 0.74, 345 KEY 0.75, 346 KEY 0.87, 347 KEY 0.88, 348 KEY 0.76, 349 BOUND unrouted@3600

Runs: 46 ok (failed records 0), 5.01 h of run time; CPU ['Intel(R) Xeon(R) Processor @ 2.10GHz']; code SHA ff908bdbc0b2
exit 0
=== done Fri Oct  9 23:11:21 UTC 2026
