==============================================================================================================
EXPLORATORY, NOT A RESULT — Session F s53 (F/delta_controls)
  cpu Intel(R) Xeon(R) Processor @ 2.10GHz | torch 2.14.0+cu130 | git bb906e5 | python 3.11.17 | torch threads 1 | started 2026-10-08 04:14:55
==============================================================================================================
  code SHA F/delta_controls: 429221e60279 over 23 modules (bdh, bdh_recurrent, explore_common, explore_common2, explore_delta_mem, explore_f_delta_controls_child, explore_f_tasks, explore_far_cue, explore_local_gate, test_binding_capacity, test_binding_onset, test_binding_recipe, test_channel_binding, test_instrument_v2, test_interference, test_multilayer_binding, test_readout_path, test_router_confirm, test_router_curriculum, test_router_discovery, test_router_layout, test_router_reliability, test_short_conv)
  CHECK C1 parallel = sequential over 24 cases (beta 0 / 0.5 / 1 / per token, write tied / 1, decay fixed / routed / per-channel): forward max |diff| 4.44e-16 <= 1e-10, gradients 2.22e-15 <= 1e-8: ok
  CHECK C2 LOCAL3 S=2 k=2, parallel, beta 0 / write 1 / raw keys: logits max |diff| 1.34e-07, attention outputs 2.38e-06 (relative 2.4e-07) over 3 layers, all <= 1e-5: ok
  CHECK C2 LOCAL3 S=2 k=2, sequential, beta 0 / write 1 / raw keys: logits max |diff| 1.49e-07, attention outputs 3.81e-06 (relative 4.5e-07) over 3 layers, all <= 1e-5: ok
  CHECK C2 LOCAL3 S=2 k=2, impl hebb (beta 1 set, path disabled): logits bit-identical to the current model: ok
  CHECK C2 perfect S=2 k=2, parallel, beta 0 / write 1 / raw keys: logits max |diff| 0.00e+00, attention outputs 0.00e+00 (relative 0.0e+00) over 3 layers, all <= 1e-5: ok
  CHECK C2 perfect S=2 k=2, sequential, beta 0 / write 1 / raw keys: logits max |diff| 1.27e-07, attention outputs 6.68e-06 (relative 4.5e-07) over 3 layers, all <= 1e-5: ok
  CHECK C2 perfect S=2 k=2, impl hebb (beta 1 set, path disabled): logits bit-identical to the current model: ok
  CHECK C2 single k=1 (arm B), parallel, beta 0 / write 1 / raw keys: logits max |diff| 0.00e+00, attention outputs 0.00e+00 (relative 0.0e+00) over 3 layers, all <= 1e-5: ok
  CHECK C2 single k=1 (arm B), sequential, beta 0 / write 1 / raw keys: logits max |diff| 1.34e-07, attention outputs 8.58e-06 (relative 5.8e-07) over 3 layers, all <= 1e-5: ok
  CHECK C2 single k=1 (arm B), impl hebb (beta 1 set, path disabled): logits bit-identical to the current model: ok
  CHECK C2 LOCAL3 S=8 k=16 conv, parallel, beta 0 / write 1 / raw keys: logits max |diff| 1.19e-07, attention outputs 5.96e-07 (relative 3.8e-07) over 3 layers, all <= 1e-5: ok
  CHECK C2 LOCAL3 S=8 k=16 conv, sequential, beta 0 / write 1 / raw keys: logits max |diff| 1.79e-07, attention outputs 4.77e-07 (relative 3.9e-07) over 3 layers, all <= 1e-5: ok
  CHECK C2 LOCAL3 S=8 k=16 conv, impl hebb (beta 1 set, path disabled): logits bit-identical to the current model: ok
  CHECK C3 oracle gate, grouped, decay fixed, parallel: U^c = 0 outside stream c and the read gate 0 on other channels in all 3 layers (True); stream-s logits bit-identical with the other stream's VAL tokens replaced (True) and changed by its own (True): ok
  CHECK C3 oracle gate, grouped, decay fixed, sequential: U^c = 0 outside stream c and the read gate 0 on other channels in all 3 layers (True); stream-s logits bit-identical with the other stream's VAL tokens replaced (True) and changed by its own (True): ok
  CHECK C3 oracle gate, grouped, decay routed, parallel: U^c = 0 outside stream c and the read gate 0 on other channels in all 3 layers (True); stream-s logits bit-identical with the other stream's VAL tokens replaced (True) and changed by its own (True): ok
  CHECK C3 oracle gate, grouped, decay routed, sequential: U^c = 0 outside stream c and the read gate 0 on other channels in all 3 layers (True); stream-s logits bit-identical with the other stream's VAL tokens replaced (True) and changed by its own (True): ok
  CHECK C3 oracle gate, header, decay fixed, parallel: U^c = 0 outside stream c and the read gate 0 on other channels in all 3 layers (True); stream-s logits bit-identical with the other stream's VAL tokens replaced (True) and changed by its own (True): ok
  CHECK C3 oracle gate, header, decay fixed, sequential: U^c = 0 outside stream c and the read gate 0 on other channels in all 3 layers (True); stream-s logits bit-identical with the other stream's VAL tokens replaced (True) and changed by its own (True): ok
  CHECK C3 oracle gate, header, decay routed, parallel: U^c = 0 outside stream c and the read gate 0 on other channels in all 3 layers (True); stream-s logits bit-identical with the other stream's VAL tokens replaced (True) and changed by its own (True): ok
  CHECK C3 oracle gate, header, decay routed, sequential: U^c = 0 outside stream c and the read gate 0 on other channels in all 3 layers (True); stream-s logits bit-identical with the other stream's VAL tokens replaced (True) and changed by its own (True): ok
  CHECK C4 overwrite (beta 1, L2 keys, one channel, decay 0.95, float32): ‖S k̂ − v2‖ = 1.56e-06 after (k, v1), (k, v2); 1.09e-06 with 6 other writes between; the parallel read at a later key-k position equals 0.95·v2 to 1.59e-06 / 1.46e-06; all < 1e-5: ok
  CHECK C5 learned beta = 0.5 exactly at init (True); to_delta keeps every existing parameter (True) and adds ['attn.w_b', 'attn.b_b']: ok
  CHECK C5 routed decay at init: alpha at g = 1 0.9500000 (0.95 to 1e-6), at g = 0 1.0 (exactly 1), at g = 0.3 / 0.7 0.98473 / 0.96473; delta0 -2.6037: ok
  CHECK C5 GDN decay init (seed 350, k = 2): A [2.198, 13.653], dt [0.06425, 0.00468] (softplus(b_dt) recovers dt), alpha at init [0.8683, 0.9381]; w_a = 0; same seed same draw, another seed another: ok
  CHECK C6 recorded run LOCAL3_SLOW|160 (batch 16, S43) through 2400 with to_delta(impl='hebb'): curve [[1200, 0.482421875, 2.1559665203094482], [2400, 1.0, 0.4127413034439087]] vs [[1200, 0.482421875, 2.1559665203094482], [2400, 1.0, 0.4127413034439087]]; statistics at [0, 1200, 2400] equal (True); decoder at 1200/2400 equal (True); bit for bit on Intel(R) Xeon(R) Processor @ 2.10GHz (38 s): ok
  ALL CHECKS PASSED (26 ok, 0 n/a, 0 failed)
  (explore_f_delta_checks: 44 s, all passed)
  CHECK F/delta_controls: grouped: models as stated (k, gate, memory, beta, no conv); SINGLE_DELTA and SINGLE_HEBB share every initial parameter (True); SINGLE_DELTA_L shares them and adds attn.w_b, attn.b_b (True); ORACLE_DELTA and ORACLE_HEBB share every initial parameter (True): ok
  CHECK F/delta_controls: header: models as stated (k, gate, memory, beta, no conv); SINGLE_DELTA and SINGLE_HEBB share every initial parameter (True); SINGLE_DELTA_L shares them and adds attn.w_b, attn.b_b (True); ORACLE_DELTA and ORACLE_HEBB share every initial parameter (True): ok
  CHECK F/delta_controls: header8: models as stated (k, gate, memory, beta, no conv); SINGLE_DELTA and SINGLE_HEBB share every initial parameter (True); SINGLE_DELTA_L shares them and adds attn.w_b, attn.b_b (True); ORACLE_DELTA and ORACLE_HEBB share every initial parameter (True): ok
  CHECK F/delta_controls: P = 8 header task: L = 37, qpos = [35], vocab 26: ok
  timings measured (26 s): F/delta_controls:SINGLE_HEBB_G 13.1 ms/step, F/delta_controls:SINGLE_HEBB_H 10.9 ms/step, F/delta_controls:SINGLE_DELTA_G 18.7 ms/step, F/delta_controls:SINGLE_DELTA_H 15.1 ms/step, F/delta_controls:SINGLE_DELTA_L_G 19.2 ms/step, F/delta_controls:SINGLE_DELTA_L_H 15.3 ms/step, F/delta_controls:ORACLE_HEBB_G 13.4 ms/step, F/delta_controls:ORACLE_HEBB_H 11.1 ms/step, F/delta_controls:ORACLE_DELTA_G 20.1 ms/step, F/delta_controls:ORACLE_DELTA_H 16.2 ms/step, F/delta_controls:ORACLE_HEBB_P8 17.4 ms/step, F/delta_controls:ORACLE_DELTA_P8 29.4 ms/step
  106 runs queued; projected worst case 13.19 h of runs, makespan 3.32 h on 4 workers; segment budget 115 min
  start    0.0 min  F/delta_controls ORACLE_DELTA_P8          seed 300  (projected worst case 25 min)
  start    0.0 min  F/delta_controls ORACLE_DELTA_P8          seed 301  (projected worst case 25 min)
  start    0.0 min  F/delta_controls ORACLE_DELTA_P8          seed 302  (projected worst case 25 min)
  start    0.0 min  F/delta_controls ORACLE_HEBB_P8           seed 300  (projected worst case 15 min)
  [  1]    3.6 min  F/delta_controls ORACLE_DELTA_P8          seed 301  lr 0.001  (Adam 0.001 throughout)
          on Intel(R) Xeon(R) Processor @ 2.10GHz, git bb906e5, code 429221e60279, attempt 1: acc 0.996  trans  2400  BOUND  last/notlast 1.00/1.00
  start    3.6 min  F/delta_controls ORACLE_HEBB_P8           seed 301  (projected worst case 15 min)
  [  2]    5.0 min  F/delta_controls ORACLE_DELTA_P8          seed 302  lr 0.001  (Adam 0.001 throughout)
          on Intel(R) Xeon(R) Processor @ 2.10GHz, git bb906e5, code 429221e60279, attempt 1: acc 1.000  trans  4800  BOUND  last/notlast 1.00/1.00
  start    5.0 min  F/delta_controls ORACLE_HEBB_P8           seed 302  (projected worst case 15 min)
  [  3]    5.9 min  F/delta_controls ORACLE_DELTA_P8          seed 300  lr 0.001  (Adam 0.001 throughout)
          on Intel(R) Xeon(R) Processor @ 2.10GHz, git bb906e5, code 429221e60279, attempt 1: acc 1.000  trans  6000  BOUND  last/notlast 1.00/1.00
  start    5.9 min  F/delta_controls ORACLE_DELTA_G           seed 300  (projected worst case 9 min)
  [  4]    7.8 min  F/delta_controls ORACLE_DELTA_G           seed 300  lr 0.001  (Adam 0.001 throughout)
          on Intel(R) Xeon(R) Processor @ 2.10GHz, git bb906e5, code 429221e60279, attempt 1: acc 1.000  trans  1200  BOUND  last/notlast 1.00/1.00
  start    7.8 min  F/delta_controls ORACLE_DELTA_G           seed 301  (projected worst case 9 min)
  [  5]    9.7 min  F/delta_controls ORACLE_DELTA_G           seed 301  lr 0.001  (Adam 0.001 throughout)
          on Intel(R) Xeon(R) Processor @ 2.10GHz, git bb906e5+dirty, code 429221e60279, attempt 1: acc 1.000  trans  1200  BOUND  last/notlast 1.00/1.00
  start    9.7 min  F/delta_controls ORACLE_DELTA_G           seed 302  (projected worst case 9 min)
  [  6]   10.8 min  F/delta_controls ORACLE_HEBB_P8           seed 301  lr 0.001  (Adam 0.001 throughout)
          on Intel(R) Xeon(R) Processor @ 2.10GHz, git bb906e5+dirty, code 429221e60279, attempt 1: acc 0.998  trans 14400  BOUND  last/notlast 1.00/1.00
  start   10.8 min  F/delta_controls ORACLE_DELTA_G           seed 303  (projected worst case 9 min)
  [  7]   11.5 min  F/delta_controls ORACLE_HEBB_P8           seed 300  lr 0.001  (Adam 0.001 throughout)
          on Intel(R) Xeon(R) Processor @ 2.10GHz, git bb906e5+dirty, code 429221e60279, attempt 1: acc 0.996  trans 24000  BOUND  last/notlast 1.00/0.99
  start   11.5 min  F/delta_controls ORACLE_DELTA_G           seed 304  (projected worst case 9 min)
  [  8]   11.7 min  F/delta_controls ORACLE_DELTA_G           seed 302  lr 0.001  (Adam 0.001 throughout)
          on Intel(R) Xeon(R) Processor @ 2.10GHz, git bb906e5+dirty, code 429221e60279, attempt 1: acc 1.000  trans  1200  BOUND  last/notlast 1.00/1.00
  start   11.7 min  F/delta_controls ORACLE_DELTA_G           seed 305  (projected worst case 9 min)
  [  9]   12.7 min  F/delta_controls ORACLE_DELTA_G           seed 303  lr 0.001  (Adam 0.001 throughout)
          on Intel(R) Xeon(R) Processor @ 2.10GHz, git bb906e5+dirty, code 429221e60279, attempt 1: acc 1.000  trans  1200  BOUND  last/notlast 1.00/1.00
  start   12.7 min  F/delta_controls ORACLE_DELTA_G           seed 306  (projected worst case 9 min)
  [ 10]   13.5 min  F/delta_controls ORACLE_DELTA_G           seed 304  lr 0.001  (Adam 0.001 throughout)
          on Intel(R) Xeon(R) Processor @ 2.10GHz, git bb906e5+dirty, code 429221e60279, attempt 1: acc 1.000  trans  1200  BOUND  last/notlast 1.00/1.00
  start   13.5 min  F/delta_controls ORACLE_DELTA_G           seed 307  (projected worst case 9 min)
  [ 11]   13.7 min  F/delta_controls ORACLE_DELTA_G           seed 305  lr 0.001  (Adam 0.001 throughout)
          on Intel(R) Xeon(R) Processor @ 2.10GHz, git bb906e5+dirty, code 429221e60279, attempt 1: acc 1.000  trans  1200  BOUND  last/notlast 1.00/1.00
  start   13.7 min  F/delta_controls ORACLE_DELTA_G           seed 308  (projected worst case 9 min)
  [ 12]   14.3 min  F/delta_controls ORACLE_HEBB_P8           seed 302  lr 0.001  (Adam 0.001 throughout)
          on Intel(R) Xeon(R) Processor @ 2.10GHz, git bb906e5+dirty, code 429221e60279, attempt 1: acc 1.000  trans 18000  BOUND  last/notlast 1.00/1.00
  start   14.3 min  F/delta_controls ORACLE_DELTA_G           seed 309  (projected worst case 9 min)
  [ 13]   14.7 min  F/delta_controls ORACLE_DELTA_G           seed 306  lr 0.001  (Adam 0.001 throughout)
          on Intel(R) Xeon(R) Processor @ 2.10GHz, git bb906e5+dirty, code 429221e60279, attempt 1: acc 1.000  trans  1200  BOUND  last/notlast 1.00/1.00
  start   14.7 min  F/delta_controls SINGLE_DELTA_L_G         seed 300  (projected worst case 8 min)
  [ 14]   15.5 min  F/delta_controls ORACLE_DELTA_G           seed 307  lr 0.001  (Adam 0.001 throughout)
          on Intel(R) Xeon(R) Processor @ 2.10GHz, git bb906e5+dirty, code 429221e60279, attempt 1: acc 1.000  trans  1200  BOUND  last/notlast 1.00/1.00
  start   15.5 min  F/delta_controls SINGLE_DELTA_L_G         seed 301  (projected worst case 8 min)
  [ 15]   15.7 min  F/delta_controls ORACLE_DELTA_G           seed 308  lr 0.001  (Adam 0.001 throughout)
          on Intel(R) Xeon(R) Processor @ 2.10GHz, git bb906e5+dirty, code 429221e60279, attempt 1: acc 1.000  trans  1200  BOUND  last/notlast 1.00/1.00
  start   15.7 min  F/delta_controls SINGLE_DELTA_L_G         seed 302  (projected worst case 8 min)
  [ 16]   16.3 min  F/delta_controls ORACLE_DELTA_G           seed 309  lr 0.001  (Adam 0.001 throughout)
          on Intel(R) Xeon(R) Processor @ 2.10GHz, git bb906e5+dirty, code 429221e60279, attempt 1: acc 1.000  trans  1200  BOUND  last/notlast 1.00/1.00
  start   16.3 min  F/delta_controls SINGLE_DELTA_L_G         seed 303  (projected worst case 8 min)
  [ 17]   26.3 min  F/delta_controls SINGLE_DELTA_L_G         seed 300  lr 0.001  (Adam 0.001 throughout)
          on Intel(R) Xeon(R) Processor @ 2.10GHz, git 9ddda81, code 429221e60279, attempt 1: acc 0.225  trans  None  unbound  last/notlast 0.22/0.23
  start   26.3 min  F/delta_controls SINGLE_DELTA_L_G         seed 304  (projected worst case 8 min)
  [ 18]   27.4 min  F/delta_controls SINGLE_DELTA_L_G         seed 301  lr 0.001  (Adam 0.001 throughout)
          on Intel(R) Xeon(R) Processor @ 2.10GHz, git 9ddda81, code 429221e60279, attempt 1: acc 0.212  trans  None  unbound  last/notlast 0.22/0.21
  start   27.4 min  F/delta_controls SINGLE_DELTA_L_G         seed 305  (projected worst case 8 min)
  [ 19]   27.5 min  F/delta_controls SINGLE_DELTA_L_G         seed 302  lr 0.001  (Adam 0.001 throughout)
          on Intel(R) Xeon(R) Processor @ 2.10GHz, git 9ddda81, code 429221e60279, attempt 1: acc 0.210  trans  None  unbound  last/notlast 0.20/0.22
  start   27.5 min  F/delta_controls SINGLE_DELTA_L_G         seed 306  (projected worst case 8 min)
  [ 20]   28.1 min  F/delta_controls SINGLE_DELTA_L_G         seed 303  lr 0.001  (Adam 0.001 throughout)
          on Intel(R) Xeon(R) Processor @ 2.10GHz, git 9ddda81, code 429221e60279, attempt 1: acc 0.225  trans  None  unbound  last/notlast 0.25/0.21
  start   28.1 min  F/delta_controls SINGLE_DELTA_L_G         seed 307  (projected worst case 8 min)
  [ 21]   37.7 min  F/delta_controls SINGLE_DELTA_L_G         seed 304  lr 0.001  (Adam 0.001 throughout)
          on Intel(R) Xeon(R) Processor @ 2.10GHz, git 9ddda81, code 429221e60279, attempt 1: acc 0.218  trans  None  unbound  last/notlast 0.22/0.22
  start   37.7 min  F/delta_controls SINGLE_DELTA_L_G         seed 308  (projected worst case 8 min)
  [ 22]   38.4 min  F/delta_controls SINGLE_DELTA_L_G         seed 305  lr 0.001  (Adam 0.001 throughout)
          on Intel(R) Xeon(R) Processor @ 2.10GHz, git 9ddda81, code 429221e60279, attempt 1: acc 0.221  trans  None  unbound  last/notlast 0.22/0.22
  start   38.4 min  F/delta_controls SINGLE_DELTA_L_G         seed 309  (projected worst case 8 min)
  [ 23]   38.8 min  F/delta_controls SINGLE_DELTA_L_G         seed 306  lr 0.001  (Adam 0.001 throughout)
          on Intel(R) Xeon(R) Processor @ 2.10GHz, git 9ddda81, code 429221e60279, attempt 1: acc 0.218  trans  None  unbound  last/notlast 0.22/0.21
  start   38.8 min  F/delta_controls SINGLE_DELTA_G           seed 300  (projected worst case 8 min)
  [ 24]   39.1 min  F/delta_controls SINGLE_DELTA_L_G         seed 307  lr 0.001  (Adam 0.001 throughout)
          on Intel(R) Xeon(R) Processor @ 2.10GHz, git 9ddda81, code 429221e60279, attempt 1: acc 0.218  trans  None  unbound  last/notlast 0.21/0.23
  start   39.1 min  F/delta_controls SINGLE_DELTA_G           seed 301  (projected worst case 8 min)
  [ 25]   46.8 min  F/delta_controls SINGLE_DELTA_L_G         seed 308  lr 0.001  (Adam 0.001 throughout)
          on Intel(R) Xeon(R) Processor @ 2.10GHz, git 9ddda81+dirty, code 429221e60279, attempt 1: acc 0.220  trans  None  unbound  last/notlast 0.22/0.22
  start   46.8 min  F/delta_controls SINGLE_DELTA_G           seed 302  (projected worst case 8 min)
  [ 26]   47.6 min  F/delta_controls SINGLE_DELTA_L_G         seed 309  lr 0.001  (Adam 0.001 throughout)
          on Intel(R) Xeon(R) Processor @ 2.10GHz, git 9ddda81+dirty, code 429221e60279, attempt 1: acc 0.208  trans  None  unbound  last/notlast 0.21/0.20
  start   47.6 min  F/delta_controls SINGLE_DELTA_G           seed 303  (projected worst case 8 min)
  [ 27]   47.7 min  F/delta_controls SINGLE_DELTA_G           seed 300  lr 0.001  (Adam 0.001 throughout)
          on Intel(R) Xeon(R) Processor @ 2.10GHz, git 9ddda81+dirty, code 429221e60279, attempt 1: acc 0.495  trans  None  unbound  last/notlast 0.54/0.45
  start   47.7 min  F/delta_controls SINGLE_DELTA_G           seed 304  (projected worst case 8 min)
  [ 28]   48.2 min  F/delta_controls SINGLE_DELTA_G           seed 301  lr 0.001  (Adam 0.001 throughout)
          on Intel(R) Xeon(R) Processor @ 2.10GHz, git da4f065, code 429221e60279, attempt 1: acc 0.491  trans  None  unbound  last/notlast 0.44/0.54
  start   48.2 min  F/delta_controls SINGLE_DELTA_G           seed 305  (projected worst case 8 min)
  [ 29]   51.2 min  F/delta_controls SINGLE_DELTA_G           seed 305  lr 0.001  (Adam 0.001 throughout)
          on Intel(R) Xeon(R) Processor @ 2.10GHz, git 93ddb60, code 429221e60279, attempt 1: acc 1.000  trans  4800  BOUND  last/notlast 1.00/1.00
  start   51.2 min  F/delta_controls SINGLE_DELTA_G           seed 306  (projected worst case 8 min)
  [ 30]   53.2 min  F/delta_controls SINGLE_DELTA_G           seed 306  lr 0.001  (Adam 0.001 throughout)
          on Intel(R) Xeon(R) Processor @ 2.10GHz, git 91a3d26, code 429221e60279, attempt 1: acc 1.000  trans  3600  BOUND  last/notlast 1.00/1.00
  start   53.2 min  F/delta_controls SINGLE_DELTA_G           seed 307  (projected worst case 8 min)
  [ 31]   54.9 min  F/delta_controls SINGLE_DELTA_G           seed 307  lr 0.001  (Adam 0.001 throughout)
          on Intel(R) Xeon(R) Processor @ 2.10GHz, git 91a3d26+dirty, code 429221e60279, attempt 1: acc 1.000  trans  2400  BOUND  last/notlast 1.00/1.00
  start   54.9 min  F/delta_controls SINGLE_DELTA_G           seed 308  (projected worst case 8 min)
  [ 32]   55.6 min  F/delta_controls SINGLE_DELTA_G           seed 302  lr 0.001  (Adam 0.001 throughout)
          on Intel(R) Xeon(R) Processor @ 2.10GHz, git 91a3d26+dirty, code 429221e60279, attempt 1: acc 0.500  trans  None  unbound  last/notlast 0.49/0.51
  start   55.6 min  F/delta_controls SINGLE_DELTA_G           seed 309  (projected worst case 8 min)
  [ 33]   56.4 min  F/delta_controls SINGLE_DELTA_G           seed 303  lr 0.001  (Adam 0.001 throughout)
          on Intel(R) Xeon(R) Processor @ 2.10GHz, git 91a3d26+dirty, code 429221e60279, attempt 1: acc 0.387  trans  None  unbound  last/notlast 0.39/0.38
  start   56.4 min  F/delta_controls ORACLE_DELTA_H           seed 300  (projected worst case 7 min)
  [ 34]   56.4 min  F/delta_controls SINGLE_DELTA_G           seed 304  lr 0.001  (Adam 0.001 throughout)
          on Intel(R) Xeon(R) Processor @ 2.10GHz, git 91a3d26+dirty, code 429221e60279, attempt 1: acc 0.525  trans  None  unbound  last/notlast 0.52/0.53
  start   56.4 min  F/delta_controls ORACLE_DELTA_H           seed 301  (projected worst case 7 min)
  [ 35]   57.5 min  F/delta_controls ORACLE_DELTA_H           seed 300  lr 0.001  (Adam 0.001 throughout)
          on Intel(R) Xeon(R) Processor @ 2.10GHz, git 91a3d26+dirty, code 429221e60279, attempt 1: acc 1.000  trans  1200  BOUND  last/notlast 1.00/1.00
  start   57.5 min  F/delta_controls ORACLE_DELTA_H           seed 302  (projected worst case 7 min)
  [ 36]   57.6 min  F/delta_controls ORACLE_DELTA_H           seed 301  lr 0.001  (Adam 0.001 throughout)
          on Intel(R) Xeon(R) Processor @ 2.10GHz, git 91a3d26+dirty, code 429221e60279, attempt 1: acc 1.000  trans  1200  BOUND  last/notlast 1.00/1.00
  start   57.6 min  F/delta_controls ORACLE_DELTA_H           seed 303  (projected worst case 7 min)
  [ 37]   57.6 min  F/delta_controls SINGLE_DELTA_G           seed 309  lr 0.001  (Adam 0.001 throughout)
          on Intel(R) Xeon(R) Processor @ 2.10GHz, git 91a3d26+dirty, code 429221e60279, attempt 1: acc 1.000  trans  3600  BOUND  last/notlast 1.00/1.00
  start   57.6 min  F/delta_controls ORACLE_DELTA_H           seed 304  (projected worst case 7 min)
  [ 38]   58.6 min  F/delta_controls ORACLE_DELTA_H           seed 302  lr 0.001  (Adam 0.001 throughout)
          on Intel(R) Xeon(R) Processor @ 2.10GHz, git 91a3d26+dirty, code 429221e60279, attempt 1: acc 1.000  trans  1200  BOUND  last/notlast 1.00/1.00
  start   58.6 min  F/delta_controls ORACLE_DELTA_H           seed 305  (projected worst case 7 min)
  [ 39]   58.7 min  F/delta_controls ORACLE_DELTA_H           seed 303  lr 0.001  (Adam 0.001 throughout)
          on Intel(R) Xeon(R) Processor @ 2.10GHz, git 91a3d26+dirty, code 429221e60279, attempt 1: acc 1.000  trans  1200  BOUND  last/notlast 1.00/1.00
  start   58.7 min  F/delta_controls ORACLE_DELTA_H           seed 306  (projected worst case 7 min)
  [ 40]   58.8 min  F/delta_controls ORACLE_DELTA_H           seed 304  lr 0.001  (Adam 0.001 throughout)
          on Intel(R) Xeon(R) Processor @ 2.10GHz, git 91a3d26+dirty, code 429221e60279, attempt 1: acc 1.000  trans  1200  BOUND  last/notlast 1.00/1.00
  start   58.8 min  F/delta_controls ORACLE_DELTA_H           seed 307  (projected worst case 7 min)
  [ 41]   59.8 min  F/delta_controls ORACLE_DELTA_H           seed 305  lr 0.001  (Adam 0.001 throughout)
          on Intel(R) Xeon(R) Processor @ 2.10GHz, git 91a3d26+dirty, code 429221e60279, attempt 1: acc 1.000  trans  1200  BOUND  last/notlast 1.00/1.00
  start   59.8 min  F/delta_controls ORACLE_DELTA_H           seed 308  (projected worst case 7 min)
  [ 42]   59.9 min  F/delta_controls ORACLE_DELTA_H           seed 306  lr 0.001  (Adam 0.001 throughout)
          on Intel(R) Xeon(R) Processor @ 2.10GHz, git 91a3d26+dirty, code 429221e60279, attempt 1: acc 1.000  trans  1200  BOUND  last/notlast 1.00/1.00
  start   59.9 min  F/delta_controls ORACLE_DELTA_H           seed 309  (projected worst case 7 min)
  [ 43]   59.9 min  F/delta_controls ORACLE_DELTA_H           seed 307  lr 0.001  (Adam 0.001 throughout)
          on Intel(R) Xeon(R) Processor @ 2.10GHz, git 91a3d26+dirty, code 429221e60279, attempt 1: acc 1.000  trans  1200  BOUND  last/notlast 1.00/1.00
  start   59.9 min  F/delta_controls SINGLE_DELTA_L_H         seed 300  (projected worst case 7 min)
  [ 44]   60.9 min  F/delta_controls ORACLE_DELTA_H           seed 308  lr 0.001  (Adam 0.001 throughout)
          on Intel(R) Xeon(R) Processor @ 2.10GHz, git 91a3d26+dirty, code 429221e60279, attempt 1: acc 1.000  trans  1200  BOUND  last/notlast 1.00/1.00
  start   60.9 min  F/delta_controls SINGLE_DELTA_L_H         seed 301  (projected worst case 7 min)
  [ 45]   61.0 min  F/delta_controls ORACLE_DELTA_H           seed 309  lr 0.001  (Adam 0.001 throughout)
          on Intel(R) Xeon(R) Processor @ 2.10GHz, git 91a3d26+dirty, code 429221e60279, attempt 1: acc 1.000  trans  1200  BOUND  last/notlast 1.00/1.00
  start   61.0 min  F/delta_controls SINGLE_DELTA_L_H         seed 302  (projected worst case 7 min)
  [ 46]   62.9 min  F/delta_controls SINGLE_DELTA_G           seed 308  lr 0.001  (Adam 0.001 throughout)
          on Intel(R) Xeon(R) Processor @ 2.10GHz, git 91a3d26+dirty, code 429221e60279, attempt 1: acc 0.507  trans  None  unbound  last/notlast 0.52/0.49
  start   62.9 min  F/delta_controls SINGLE_DELTA_L_H         seed 303  (projected worst case 7 min)
  [ 47]   66.8 min  F/delta_controls SINGLE_DELTA_L_H         seed 300  lr 0.001  (Adam 0.001 throughout)
          on Intel(R) Xeon(R) Processor @ 2.10GHz, git 91a3d26+dirty, code 429221e60279, attempt 1: acc 0.308  trans  None  unbound  last/notlast 0.32/0.30
  start   66.8 min  F/delta_controls SINGLE_DELTA_L_H         seed 304  (projected worst case 7 min)
  [ 48]   67.9 min  F/delta_controls SINGLE_DELTA_L_H         seed 301  lr 0.001  (Adam 0.001 throughout)
          on Intel(R) Xeon(R) Processor @ 2.10GHz, git 91a3d26+dirty, code 429221e60279, attempt 1: acc 0.316  trans  None  unbound  last/notlast 0.31/0.32
  start   67.9 min  F/delta_controls SINGLE_DELTA_L_H         seed 305  (projected worst case 7 min)
  [ 49]   68.0 min  F/delta_controls SINGLE_DELTA_L_H         seed 302  lr 0.001  (Adam 0.001 throughout)
          on Intel(R) Xeon(R) Processor @ 2.10GHz, git 91a3d26+dirty, code 429221e60279, attempt 1: acc 0.325  trans  None  unbound  last/notlast 0.34/0.31
  start   68.0 min  F/delta_controls SINGLE_DELTA_L_H         seed 306  (projected worst case 7 min)
  [ 50]   69.8 min  F/delta_controls SINGLE_DELTA_L_H         seed 303  lr 0.001  (Adam 0.001 throughout)
          on Intel(R) Xeon(R) Processor @ 2.10GHz, git bd1c954, code 429221e60279, attempt 1: acc 0.313  trans  None  unbound  last/notlast 0.32/0.31
  start   69.8 min  F/delta_controls SINGLE_DELTA_L_H         seed 307  (projected worst case 7 min)
  [ 51]   73.7 min  F/delta_controls SINGLE_DELTA_L_H         seed 304  lr 0.001  (Adam 0.001 throughout)
          on Intel(R) Xeon(R) Processor @ 2.10GHz, git bd1c954+dirty, code 429221e60279, attempt 1: acc 0.325  trans  None  unbound  last/notlast 0.32/0.33
  start   73.7 min  F/delta_controls SINGLE_DELTA_L_H         seed 308  (projected worst case 7 min)
  [ 52]   74.7 min  F/delta_controls SINGLE_DELTA_L_H         seed 305  lr 0.001  (Adam 0.001 throughout)
          on Intel(R) Xeon(R) Processor @ 2.10GHz, git bd1c954+dirty, code 429221e60279, attempt 1: acc 0.332  trans  None  unbound  last/notlast 0.34/0.33
  start   74.7 min  F/delta_controls SINGLE_DELTA_L_H         seed 309  (projected worst case 7 min)
  [ 53]   74.8 min  F/delta_controls SINGLE_DELTA_L_H         seed 306  lr 0.001  (Adam 0.001 throughout)
          on Intel(R) Xeon(R) Processor @ 2.10GHz, git bd1c954+dirty, code 429221e60279, attempt 1: acc 0.322  trans  None  unbound  last/notlast 0.31/0.34
  start   74.8 min  F/delta_controls SINGLE_DELTA_H           seed 300  (projected worst case 7 min)
  [ 54]   76.1 min  F/delta_controls SINGLE_DELTA_H           seed 300  lr 0.001  (Adam 0.001 throughout)
          on Intel(R) Xeon(R) Processor @ 2.10GHz, git bd1c954+dirty, code 429221e60279, attempt 1: acc 0.995  trans  2400  BOUND  last/notlast 0.99/1.00
  start   76.1 min  F/delta_controls SINGLE_DELTA_H           seed 301  (projected worst case 7 min)
  [ 55]   76.5 min  F/delta_controls SINGLE_DELTA_L_H         seed 307  lr 0.001  (Adam 0.001 throughout)
          on Intel(R) Xeon(R) Processor @ 2.10GHz, git bd1c954+dirty, code 429221e60279, attempt 1: acc 0.313  trans  None  unbound  last/notlast 0.31/0.32
  start   76.5 min  F/delta_controls SINGLE_DELTA_H           seed 302  (projected worst case 7 min)
  [ 56]   77.5 min  F/delta_controls SINGLE_DELTA_H           seed 301  lr 0.001  (Adam 0.001 throughout)
          on Intel(R) Xeon(R) Processor @ 2.10GHz, git bd1c954+dirty, code 429221e60279, attempt 1: acc 0.984  trans  2400  BOUND  last/notlast 0.98/0.99
  start   77.5 min  F/delta_controls SINGLE_DELTA_H           seed 303  (projected worst case 7 min)
  [ 57]   80.4 min  F/delta_controls SINGLE_DELTA_L_H         seed 308  lr 0.001  (Adam 0.001 throughout)
          on Intel(R) Xeon(R) Processor @ 2.10GHz, git bd1c954+dirty, code 429221e60279, attempt 1: acc 0.221  trans  None  unbound  last/notlast 0.23/0.21
  start   80.4 min  F/delta_controls SINGLE_DELTA_H           seed 304  (projected worst case 7 min)
  [ 58]   81.6 min  F/delta_controls SINGLE_DELTA_L_H         seed 309  lr 0.001  (Adam 0.001 throughout)
          on Intel(R) Xeon(R) Processor @ 2.10GHz, git bd1c954+dirty, code 429221e60279, attempt 1: acc 0.323  trans  None  unbound  last/notlast 0.31/0.33
  start   81.6 min  F/delta_controls SINGLE_DELTA_H           seed 305  (projected worst case 7 min)
  [ 59]   81.7 min  F/delta_controls SINGLE_DELTA_H           seed 304  lr 0.001  (Adam 0.001 throughout)
          on Intel(R) Xeon(R) Processor @ 2.10GHz, git bd1c954+dirty, code 429221e60279, attempt 1: acc 0.989  trans  2400  BOUND  last/notlast 0.99/0.99
  start   81.7 min  F/delta_controls SINGLE_DELTA_H           seed 306  (projected worst case 7 min)
  [ 60]   82.9 min  F/delta_controls SINGLE_DELTA_H           seed 305  lr 0.001  (Adam 0.001 throughout)
          on Intel(R) Xeon(R) Processor @ 2.10GHz, git bd1c954+dirty, code 429221e60279, attempt 1: acc 1.000  trans  2400  BOUND  last/notlast 1.00/1.00
  start   82.9 min  F/delta_controls SINGLE_DELTA_H           seed 307  (projected worst case 7 min)
  [ 61]   82.9 min  F/delta_controls SINGLE_DELTA_H           seed 302  lr 0.001  (Adam 0.001 throughout)
          on Intel(R) Xeon(R) Processor @ 2.10GHz, git bd1c954+dirty, code 429221e60279, attempt 1: acc 0.333  trans  None  unbound  last/notlast 0.34/0.32
  start   82.9 min  F/delta_controls SINGLE_DELTA_H           seed 308  (projected worst case 7 min)
  [ 62]   83.1 min  F/delta_controls SINGLE_DELTA_H           seed 306  lr 0.001  (Adam 0.001 throughout)
          on Intel(R) Xeon(R) Processor @ 2.10GHz, git bd1c954+dirty, code 429221e60279, attempt 1: acc 1.000  trans  2400  BOUND  last/notlast 1.00/1.00
  start   83.1 min  F/delta_controls SINGLE_DELTA_H           seed 309  (projected worst case 7 min)
  [ 63]   83.9 min  F/delta_controls SINGLE_DELTA_H           seed 303  lr 0.001  (Adam 0.001 throughout)
          on Intel(R) Xeon(R) Processor @ 2.10GHz, git bd1c954+dirty, code 429221e60279, attempt 1: acc 0.550  trans  None  unbound  last/notlast 0.55/0.55
  start   83.9 min  F/delta_controls ORACLE_HEBB_G            seed 300  (projected worst case 6 min)
  [ 64]   83.9 min  F/delta_controls SINGLE_DELTA_H           seed 307  lr 0.001  (Adam 0.001 throughout)
          on Intel(R) Xeon(R) Processor @ 2.10GHz, git bd1c954+dirty, code 429221e60279, attempt 1: acc 0.999  trans  1200  BOUND  last/notlast 1.00/1.00
  start   83.9 min  F/delta_controls ORACLE_HEBB_G            seed 301  (projected worst case 6 min)
  [ 65]   84.2 min  F/delta_controls SINGLE_DELTA_H           seed 308  lr 0.001  (Adam 0.001 throughout)
          on Intel(R) Xeon(R) Processor @ 2.10GHz, git bd1c954+dirty, code 429221e60279, attempt 1: acc 1.000  trans  2400  BOUND  last/notlast 1.00/1.00
  start   84.2 min  F/delta_controls ORACLE_HEBB_G            seed 302  (projected worst case 6 min)
  [ 66]   84.4 min  F/delta_controls SINGLE_DELTA_H           seed 309  lr 0.001  (Adam 0.001 throughout)
          on Intel(R) Xeon(R) Processor @ 2.10GHz, git bd1c954+dirty, code 429221e60279, attempt 1: acc 0.995  trans  2400  BOUND  last/notlast 0.99/1.00
  start   84.4 min  F/delta_controls ORACLE_HEBB_G            seed 303  (projected worst case 6 min)
  [ 67]   84.9 min  F/delta_controls ORACLE_HEBB_G            seed 301  lr 0.001  (Adam 0.001 throughout)
          on Intel(R) Xeon(R) Processor @ 2.10GHz, git bd1c954+dirty, code 429221e60279, attempt 1: acc 1.000  trans  1200  BOUND  last/notlast 1.00/1.00
  start   84.9 min  F/delta_controls ORACLE_HEBB_G            seed 304  (projected worst case 6 min)
  [ 68]   85.1 min  F/delta_controls ORACLE_HEBB_G            seed 300  lr 0.001  (Adam 0.001 throughout)
          on Intel(R) Xeon(R) Processor @ 2.10GHz, git bd1c954+dirty, code 429221e60279, attempt 1: acc 1.000  trans  2400  BOUND  last/notlast 1.00/1.00
  start   85.1 min  F/delta_controls ORACLE_HEBB_G            seed 305  (projected worst case 6 min)
  [ 69]   85.4 min  F/delta_controls ORACLE_HEBB_G            seed 303  lr 0.001  (Adam 0.001 throughout)
          on Intel(R) Xeon(R) Processor @ 2.10GHz, git bd1c954+dirty, code 429221e60279, attempt 1: acc 1.000  trans  1200  BOUND  last/notlast 1.00/1.00
  start   85.4 min  F/delta_controls ORACLE_HEBB_G            seed 306  (projected worst case 6 min)
  [ 70]   85.4 min  F/delta_controls ORACLE_HEBB_G            seed 302  lr 0.001  (Adam 0.001 throughout)
          on Intel(R) Xeon(R) Processor @ 2.10GHz, git bd1c954+dirty, code 429221e60279, attempt 1: acc 1.000  trans  2400  BOUND  last/notlast 1.00/1.00
  start   85.4 min  F/delta_controls ORACLE_HEBB_G            seed 307  (projected worst case 6 min)
  [ 71]   85.8 min  F/delta_controls ORACLE_HEBB_G            seed 304  lr 0.001  (Adam 0.001 throughout)
          on Intel(R) Xeon(R) Processor @ 2.10GHz, git bd1c954+dirty, code 429221e60279, attempt 1: acc 1.000  trans  1200  BOUND  last/notlast 1.00/1.00
  start   85.8 min  F/delta_controls ORACLE_HEBB_G            seed 308  (projected worst case 6 min)
  [ 72]   86.0 min  F/delta_controls ORACLE_HEBB_G            seed 305  lr 0.001  (Adam 0.001 throughout)
          on Intel(R) Xeon(R) Processor @ 2.10GHz, git bd1c954+dirty, code 429221e60279, attempt 1: acc 1.000  trans  1200  BOUND  last/notlast 1.00/1.00
  start   86.0 min  F/delta_controls ORACLE_HEBB_G            seed 309  (projected worst case 6 min)
  [ 73]   86.3 min  F/delta_controls ORACLE_HEBB_G            seed 306  lr 0.001  (Adam 0.001 throughout)
          on Intel(R) Xeon(R) Processor @ 2.10GHz, git bd1c954+dirty, code 429221e60279, attempt 1: acc 1.000  trans  1200  BOUND  last/notlast 1.00/1.00
  start   86.3 min  F/delta_controls SINGLE_HEBB_G            seed 300  (projected worst case 6 min)
  [ 74]   86.7 min  F/delta_controls ORACLE_HEBB_G            seed 307  lr 0.001  (Adam 0.001 throughout)
          on Intel(R) Xeon(R) Processor @ 2.10GHz, git bd1c954+dirty, code 429221e60279, attempt 1: acc 1.000  trans  2400  BOUND  last/notlast 1.00/1.00
  start   86.7 min  F/delta_controls SINGLE_HEBB_G            seed 301  (projected worst case 6 min)
  [ 75]   86.8 min  F/delta_controls ORACLE_HEBB_G            seed 308  lr 0.001  (Adam 0.001 throughout)
          on Intel(R) Xeon(R) Processor @ 2.10GHz, git bd1c954+dirty, code 429221e60279, attempt 1: acc 1.000  trans  1200  BOUND  last/notlast 1.00/1.00
  start   86.8 min  F/delta_controls SINGLE_HEBB_G            seed 302  (projected worst case 6 min)
  [ 76]   88.1 min  F/delta_controls ORACLE_HEBB_G            seed 309  lr 0.001  (Adam 0.001 throughout)
          on Intel(R) Xeon(R) Processor @ 2.10GHz, git bd1c954+dirty, code 429221e60279, attempt 1: acc 1.000  trans  6000  BOUND  last/notlast 1.00/1.00
  start   88.1 min  F/delta_controls SINGLE_HEBB_G            seed 303  (projected worst case 6 min)
  [ 77]   92.1 min  F/delta_controls SINGLE_HEBB_G            seed 300  lr 0.001  (Adam 0.001 throughout)
          on Intel(R) Xeon(R) Processor @ 2.10GHz, git bd1c954+dirty, code 429221e60279, attempt 1: acc 0.489  trans  None  unbound  last/notlast 0.54/0.44
  start   92.1 min  F/delta_controls SINGLE_HEBB_G            seed 304  (projected worst case 6 min)
  [ 78]   92.3 min  F/delta_controls SINGLE_HEBB_G            seed 301  lr 0.001  (Adam 0.001 throughout)
          on Intel(R) Xeon(R) Processor @ 2.10GHz, git bd1c954+dirty, code 429221e60279, attempt 1: acc 0.497  trans  None  unbound  last/notlast 0.51/0.48
  start   92.3 min  F/delta_controls SINGLE_HEBB_G            seed 305  (projected worst case 6 min)
  [ 79]   92.4 min  F/delta_controls SINGLE_HEBB_G            seed 302  lr 0.001  (Adam 0.001 throughout)
          on Intel(R) Xeon(R) Processor @ 2.10GHz, git bd1c954+dirty, code 429221e60279, attempt 1: acc 0.500  trans  None  unbound  last/notlast 0.51/0.49
  start   92.4 min  F/delta_controls SINGLE_HEBB_G            seed 306  (projected worst case 6 min)
  [ 80]   93.7 min  F/delta_controls SINGLE_HEBB_G            seed 303  lr 0.001  (Adam 0.001 throughout)
          on Intel(R) Xeon(R) Processor @ 2.10GHz, git bd1c954+dirty, code 429221e60279, attempt 1: acc 0.492  trans  None  unbound  last/notlast 0.56/0.43
  start   93.7 min  F/delta_controls SINGLE_HEBB_G            seed 307  (projected worst case 6 min)
  [ 81]   97.7 min  F/delta_controls SINGLE_HEBB_G            seed 304  lr 0.001  (Adam 0.001 throughout)
          on Intel(R) Xeon(R) Processor @ 2.10GHz, git bd1c954+dirty, code 429221e60279, attempt 1: acc 0.498  trans  None  unbound  last/notlast 0.58/0.42
  start   97.7 min  F/delta_controls SINGLE_HEBB_G            seed 308  (projected worst case 6 min)
  [ 82]   98.1 min  F/delta_controls SINGLE_HEBB_G            seed 306  lr 0.001  (Adam 0.001 throughout)
          on Intel(R) Xeon(R) Processor @ 2.10GHz, git bd1c954+dirty, code 429221e60279, attempt 1: acc 0.493  trans  None  unbound  last/notlast 0.57/0.42
  start   98.1 min  F/delta_controls SINGLE_HEBB_G            seed 309  (projected worst case 6 min)
  [ 83]   98.1 min  F/delta_controls SINGLE_HEBB_G            seed 305  lr 0.001  (Adam 0.001 throughout)
          on Intel(R) Xeon(R) Processor @ 2.10GHz, git bd1c954+dirty, code 429221e60279, attempt 1: acc 0.483  trans  None  unbound  last/notlast 0.46/0.51
  start   98.1 min  F/delta_controls ORACLE_HEBB_H            seed 300  (projected worst case 5 min)
  [ 84]   99.4 min  F/delta_controls SINGLE_HEBB_G            seed 307  lr 0.001  (Adam 0.001 throughout)
          on Intel(R) Xeon(R) Processor @ 2.10GHz, git bd1c954+dirty, code 429221e60279, attempt 1: acc 0.485  trans  None  unbound  last/notlast 0.54/0.43
  start   99.4 min  F/delta_controls ORACLE_HEBB_H            seed 301  (projected worst case 5 min)
  [ 85]   99.6 min  F/delta_controls ORACLE_HEBB_H            seed 300  lr 0.001  (Adam 0.001 throughout)
          on Intel(R) Xeon(R) Processor @ 2.10GHz, git bd1c954+dirty, code 429221e60279, attempt 1: acc 1.000  trans  4800  BOUND  last/notlast 1.00/1.00
  start   99.6 min  F/delta_controls ORACLE_HEBB_H            seed 302  (projected worst case 5 min)
  [ 86]  100.1 min  F/delta_controls ORACLE_HEBB_H            seed 301  lr 0.001  (Adam 0.001 throughout)
          on Intel(R) Xeon(R) Processor @ 2.10GHz, git bd1c954+dirty, code 429221e60279, attempt 1: acc 1.000  trans  1200  BOUND  last/notlast 1.00/1.00
  start  100.1 min  F/delta_controls ORACLE_HEBB_H            seed 303  (projected worst case 5 min)
  [ 87]  100.6 min  F/delta_controls ORACLE_HEBB_H            seed 302  lr 0.001  (Adam 0.001 throughout)
          on Intel(R) Xeon(R) Processor @ 2.10GHz, git bd1c954+dirty, code 429221e60279, attempt 1: acc 1.000  trans  2400  BOUND  last/notlast 1.00/1.00
  start  100.6 min  F/delta_controls ORACLE_HEBB_H            seed 304  (projected worst case 5 min)
  [ 88]  100.9 min  F/delta_controls ORACLE_HEBB_H            seed 303  lr 0.001  (Adam 0.001 throughout)
          on Intel(R) Xeon(R) Processor @ 2.10GHz, git bd1c954+dirty, code 429221e60279, attempt 1: acc 1.000  trans  1200  BOUND  last/notlast 1.00/1.00
  start  100.9 min  F/delta_controls ORACLE_HEBB_H            seed 305  (projected worst case 5 min)
  [ 89]  101.3 min  F/delta_controls ORACLE_HEBB_H            seed 304  lr 0.001  (Adam 0.001 throughout)
          on Intel(R) Xeon(R) Processor @ 2.10GHz, git bd1c954+dirty, code 429221e60279, attempt 1: acc 1.000  trans  1200  BOUND  last/notlast 1.00/1.00
  start  101.3 min  F/delta_controls ORACLE_HEBB_H            seed 306  (projected worst case 5 min)
  [ 90]  101.7 min  F/delta_controls ORACLE_HEBB_H            seed 305  lr 0.001  (Adam 0.001 throughout)
          on Intel(R) Xeon(R) Processor @ 2.10GHz, git bd1c954+dirty, code 429221e60279, attempt 1: acc 1.000  trans  1200  BOUND  last/notlast 1.00/1.00
  start  101.7 min  F/delta_controls ORACLE_HEBB_H            seed 307  (projected worst case 5 min)
  [ 91]  102.1 min  F/delta_controls ORACLE_HEBB_H            seed 306  lr 0.001  (Adam 0.001 throughout)
          on Intel(R) Xeon(R) Processor @ 2.10GHz, git bd1c954+dirty, code 429221e60279, attempt 1: acc 1.000  trans  1200  BOUND  last/notlast 1.00/1.00
  start  102.1 min  F/delta_controls ORACLE_HEBB_H            seed 308  (projected worst case 5 min)
  [ 92]  102.7 min  F/delta_controls ORACLE_HEBB_H            seed 307  lr 0.001  (Adam 0.001 throughout)
          on Intel(R) Xeon(R) Processor @ 2.10GHz, git bd1c954+dirty, code 429221e60279, attempt 1: acc 1.000  trans  2400  BOUND  last/notlast 1.00/1.00
  start  102.7 min  F/delta_controls ORACLE_HEBB_H            seed 309  (projected worst case 5 min)
  [ 93]  102.9 min  F/delta_controls ORACLE_HEBB_H            seed 308  lr 0.001  (Adam 0.001 throughout)
          on Intel(R) Xeon(R) Processor @ 2.10GHz, git bd1c954+dirty, code 429221e60279, attempt 1: acc 1.000  trans  1200  BOUND  last/notlast 1.00/1.00
  start  102.9 min  F/delta_controls SINGLE_HEBB_H            seed 300  (projected worst case 5 min)
  [ 94]  103.3 min  F/delta_controls SINGLE_HEBB_G            seed 308  lr 0.001  (Adam 0.001 throughout)
          on Intel(R) Xeon(R) Processor @ 2.10GHz, git bd1c954+dirty, code 429221e60279, attempt 1: acc 0.491  trans  None  unbound  last/notlast 0.52/0.47
  start  103.3 min  F/delta_controls SINGLE_HEBB_H            seed 301  (projected worst case 5 min)
  [ 95]  103.5 min  F/delta_controls ORACLE_HEBB_H            seed 309  lr 0.001  (Adam 0.001 throughout)
          on Intel(R) Xeon(R) Processor @ 2.10GHz, git bd1c954+dirty, code 429221e60279, attempt 1: acc 1.000  trans  1200  BOUND  last/notlast 1.00/1.00
  start  103.5 min  F/delta_controls SINGLE_HEBB_H            seed 302  (projected worst case 5 min)
  [ 96]  103.7 min  F/delta_controls SINGLE_HEBB_G            seed 309  lr 0.001  (Adam 0.001 throughout)
          on Intel(R) Xeon(R) Processor @ 2.10GHz, git bd1c954+dirty, code 429221e60279, attempt 1: acc 0.493  trans  None  unbound  last/notlast 0.53/0.46
  start  103.7 min  F/delta_controls SINGLE_HEBB_H            seed 303  (projected worst case 5 min)
  [ 97]  107.6 min  F/delta_controls SINGLE_HEBB_H            seed 300  lr 0.001  (Adam 0.001 throughout)
          on Intel(R) Xeon(R) Processor @ 2.10GHz, git bd1c954+dirty, code 429221e60279, attempt 1: acc 0.464  trans  None  unbound  last/notlast 0.40/0.54
  start  107.6 min  F/delta_controls SINGLE_HEBB_H            seed 304  (projected worst case 5 min)
  [ 98]  108.0 min  F/delta_controls SINGLE_HEBB_H            seed 301  lr 0.001  (Adam 0.001 throughout)
          on Intel(R) Xeon(R) Processor @ 2.10GHz, git bd1c954+dirty, code 429221e60279, attempt 1: acc 0.437  trans  None  unbound  last/notlast 0.35/0.53
  start  108.0 min  F/delta_controls SINGLE_HEBB_H            seed 305  (projected worst case 5 min)
  [ 99]  108.2 min  F/delta_controls SINGLE_HEBB_H            seed 302  lr 0.001  (Adam 0.001 throughout)
          on Intel(R) Xeon(R) Processor @ 2.10GHz, git bd1c954+dirty, code 429221e60279, attempt 1: acc 0.337  trans  None  unbound  last/notlast 0.35/0.32
  start  108.2 min  F/delta_controls SINGLE_HEBB_H            seed 306  (projected worst case 5 min)
  [100]  108.3 min  F/delta_controls SINGLE_HEBB_H            seed 303  lr 0.001  (Adam 0.001 throughout)
          on Intel(R) Xeon(R) Processor @ 2.10GHz, git bd1c954+dirty, code 429221e60279, attempt 1: acc 0.334  trans  None  unbound  last/notlast 0.33/0.34
  start  108.3 min  F/delta_controls SINGLE_HEBB_H            seed 307  (projected worst case 5 min)
  [101]  112.2 min  F/delta_controls SINGLE_HEBB_H            seed 304  lr 0.001  (Adam 0.001 throughout)
          on Intel(R) Xeon(R) Processor @ 2.10GHz, git 147e5cf, code 429221e60279, attempt 1: acc 0.976  trans 24000  BOUND  last/notlast 0.95/1.00
  [102]  112.6 min  F/delta_controls SINGLE_HEBB_H            seed 305  lr 0.001  (Adam 0.001 throughout)
          on Intel(R) Xeon(R) Processor @ 2.10GHz, git 147e5cf+dirty, code 429221e60279, attempt 1: acc 0.369  trans  None  unbound  last/notlast 0.41/0.32
  [103]  112.9 min  F/delta_controls SINGLE_HEBB_H            seed 306  lr 0.001  (Adam 0.001 throughout)
          on Intel(R) Xeon(R) Processor @ 2.10GHz, git 147e5cf+dirty, code 429221e60279, attempt 1: acc 0.936  trans  None  unbound  last/notlast 0.88/0.99
  [104]  113.1 min  F/delta_controls SINGLE_HEBB_H            seed 307  lr 0.001  (Adam 0.001 throughout)
          on Intel(R) Xeon(R) Processor @ 2.10GHz, git 147e5cf+dirty, code 429221e60279, attempt 1: acc 0.319  trans  None  unbound  last/notlast 0.32/0.32
  2 runs left for the next segment: none fits in the 2 min left of this one (worst-case projections)
  segment saved 104 runs
  runs left: 2
exit 0
=== queue: S53 resume Thu Oct  8 06:09:43 UTC 2026
==============================================================================================================
EXPLORATORY, NOT A RESULT — Session F s53 (F/delta_controls)
  cpu Intel(R) Xeon(R) Processor @ 2.10GHz | torch 2.14.0+cu130 | git 147e5cf+dirty | python 3.11.17 | torch threads 1 | started 2026-10-08 06:09:44
==============================================================================================================
  code SHA F/delta_controls: 429221e60279 over 23 modules (bdh, bdh_recurrent, explore_common, explore_common2, explore_delta_mem, explore_f_delta_controls_child, explore_f_tasks, explore_far_cue, explore_local_gate, test_binding_capacity, test_binding_onset, test_binding_recipe, test_channel_binding, test_instrument_v2, test_interference, test_multilayer_binding, test_readout_path, test_router_confirm, test_router_curriculum, test_router_discovery, test_router_layout, test_router_reliability, test_short_conv)
  CHECK C1 parallel = sequential over 24 cases (beta 0 / 0.5 / 1 / per token, write tied / 1, decay fixed / routed / per-channel): forward max |diff| 4.44e-16 <= 1e-10, gradients 2.22e-15 <= 1e-8: ok
  CHECK C2 LOCAL3 S=2 k=2, parallel, beta 0 / write 1 / raw keys: logits max |diff| 1.34e-07, attention outputs 2.38e-06 (relative 2.4e-07) over 3 layers, all <= 1e-5: ok
  CHECK C2 LOCAL3 S=2 k=2, sequential, beta 0 / write 1 / raw keys: logits max |diff| 1.49e-07, attention outputs 3.81e-06 (relative 4.5e-07) over 3 layers, all <= 1e-5: ok
  CHECK C2 LOCAL3 S=2 k=2, impl hebb (beta 1 set, path disabled): logits bit-identical to the current model: ok
  CHECK C2 perfect S=2 k=2, parallel, beta 0 / write 1 / raw keys: logits max |diff| 0.00e+00, attention outputs 0.00e+00 (relative 0.0e+00) over 3 layers, all <= 1e-5: ok
  CHECK C2 perfect S=2 k=2, sequential, beta 0 / write 1 / raw keys: logits max |diff| 1.27e-07, attention outputs 6.68e-06 (relative 4.5e-07) over 3 layers, all <= 1e-5: ok
  CHECK C2 perfect S=2 k=2, impl hebb (beta 1 set, path disabled): logits bit-identical to the current model: ok
  CHECK C2 single k=1 (arm B), parallel, beta 0 / write 1 / raw keys: logits max |diff| 0.00e+00, attention outputs 0.00e+00 (relative 0.0e+00) over 3 layers, all <= 1e-5: ok
  CHECK C2 single k=1 (arm B), sequential, beta 0 / write 1 / raw keys: logits max |diff| 1.34e-07, attention outputs 8.58e-06 (relative 5.8e-07) over 3 layers, all <= 1e-5: ok
  CHECK C2 single k=1 (arm B), impl hebb (beta 1 set, path disabled): logits bit-identical to the current model: ok
  CHECK C2 LOCAL3 S=8 k=16 conv, parallel, beta 0 / write 1 / raw keys: logits max |diff| 1.19e-07, attention outputs 5.96e-07 (relative 3.8e-07) over 3 layers, all <= 1e-5: ok
  CHECK C2 LOCAL3 S=8 k=16 conv, sequential, beta 0 / write 1 / raw keys: logits max |diff| 1.79e-07, attention outputs 4.77e-07 (relative 3.9e-07) over 3 layers, all <= 1e-5: ok
  CHECK C2 LOCAL3 S=8 k=16 conv, impl hebb (beta 1 set, path disabled): logits bit-identical to the current model: ok
  CHECK C3 oracle gate, grouped, decay fixed, parallel: U^c = 0 outside stream c and the read gate 0 on other channels in all 3 layers (True); stream-s logits bit-identical with the other stream's VAL tokens replaced (True) and changed by its own (True): ok
  CHECK C3 oracle gate, grouped, decay fixed, sequential: U^c = 0 outside stream c and the read gate 0 on other channels in all 3 layers (True); stream-s logits bit-identical with the other stream's VAL tokens replaced (True) and changed by its own (True): ok
  CHECK C3 oracle gate, grouped, decay routed, parallel: U^c = 0 outside stream c and the read gate 0 on other channels in all 3 layers (True); stream-s logits bit-identical with the other stream's VAL tokens replaced (True) and changed by its own (True): ok
  CHECK C3 oracle gate, grouped, decay routed, sequential: U^c = 0 outside stream c and the read gate 0 on other channels in all 3 layers (True); stream-s logits bit-identical with the other stream's VAL tokens replaced (True) and changed by its own (True): ok
  CHECK C3 oracle gate, header, decay fixed, parallel: U^c = 0 outside stream c and the read gate 0 on other channels in all 3 layers (True); stream-s logits bit-identical with the other stream's VAL tokens replaced (True) and changed by its own (True): ok
  CHECK C3 oracle gate, header, decay fixed, sequential: U^c = 0 outside stream c and the read gate 0 on other channels in all 3 layers (True); stream-s logits bit-identical with the other stream's VAL tokens replaced (True) and changed by its own (True): ok
  CHECK C3 oracle gate, header, decay routed, parallel: U^c = 0 outside stream c and the read gate 0 on other channels in all 3 layers (True); stream-s logits bit-identical with the other stream's VAL tokens replaced (True) and changed by its own (True): ok
  CHECK C3 oracle gate, header, decay routed, sequential: U^c = 0 outside stream c and the read gate 0 on other channels in all 3 layers (True); stream-s logits bit-identical with the other stream's VAL tokens replaced (True) and changed by its own (True): ok
  CHECK C4 overwrite (beta 1, L2 keys, one channel, decay 0.95, float32): ‖S k̂ − v2‖ = 1.56e-06 after (k, v1), (k, v2); 1.09e-06 with 6 other writes between; the parallel read at a later key-k position equals 0.95·v2 to 1.59e-06 / 1.46e-06; all < 1e-5: ok
  CHECK C5 learned beta = 0.5 exactly at init (True); to_delta keeps every existing parameter (True) and adds ['attn.w_b', 'attn.b_b']: ok
  CHECK C5 routed decay at init: alpha at g = 1 0.9500000 (0.95 to 1e-6), at g = 0 1.0 (exactly 1), at g = 0.3 / 0.7 0.98473 / 0.96473; delta0 -2.6037: ok
  CHECK C5 GDN decay init (seed 350, k = 2): A [2.198, 13.653], dt [0.06425, 0.00468] (softplus(b_dt) recovers dt), alpha at init [0.8683, 0.9381]; w_a = 0; same seed same draw, another seed another: ok
  CHECK C6 recorded run LOCAL3_SLOW|160 (batch 16, S43) through 2400 with to_delta(impl='hebb'): curve [[1200, 0.482421875, 2.1559665203094482], [2400, 1.0, 0.4127413034439087]] vs [[1200, 0.482421875, 2.1559665203094482], [2400, 1.0, 0.4127413034439087]]; statistics at [0, 1200, 2400] equal (True); decoder at 1200/2400 equal (True); bit for bit on Intel(R) Xeon(R) Processor @ 2.10GHz (38 s): ok
  ALL CHECKS PASSED (26 ok, 0 n/a, 0 failed)
  (explore_f_delta_checks: 44 s, all passed)
  CHECK F/delta_controls: grouped: models as stated (k, gate, memory, beta, no conv); SINGLE_DELTA and SINGLE_HEBB share every initial parameter (True); SINGLE_DELTA_L shares them and adds attn.w_b, attn.b_b (True); ORACLE_DELTA and ORACLE_HEBB share every initial parameter (True): ok
  CHECK F/delta_controls: header: models as stated (k, gate, memory, beta, no conv); SINGLE_DELTA and SINGLE_HEBB share every initial parameter (True); SINGLE_DELTA_L shares them and adds attn.w_b, attn.b_b (True); ORACLE_DELTA and ORACLE_HEBB share every initial parameter (True): ok
  CHECK F/delta_controls: header8: models as stated (k, gate, memory, beta, no conv); SINGLE_DELTA and SINGLE_HEBB share every initial parameter (True); SINGLE_DELTA_L shares them and adds attn.w_b, attn.b_b (True); ORACLE_DELTA and ORACLE_HEBB share every initial parameter (True): ok
  CHECK F/delta_controls: P = 8 header task: L = 37, qpos = [35], vocab 26: ok
  timings reused from explore_out/F/s53_runtime.json
  2 runs queued; projected worst case 0.16 h of runs, makespan 0.08 h on 4 workers
  start    0.0 min  F/delta_controls SINGLE_HEBB_H            seed 308  (projected worst case 5 min)
  start    0.0 min  F/delta_controls SINGLE_HEBB_H            seed 309  (projected worst case 5 min)
  [  1]    4.6 min  F/delta_controls SINGLE_HEBB_H            seed 309  lr 0.001  (Adam 0.001 throughout)
          on Intel(R) Xeon(R) Processor @ 2.10GHz, git 147e5cf+dirty, code 429221e60279, attempt 1: acc 0.311  trans  None  unbound  last/notlast 0.33/0.29
  [  2]    4.7 min  F/delta_controls SINGLE_HEBB_H            seed 308  lr 0.001  (Adam 0.001 throughout)
          on Intel(R) Xeon(R) Processor @ 2.10GHz, git 147e5cf+dirty, code 429221e60279, attempt 1: acc 0.820  trans  None  unbound  last/notlast 0.72/0.93
  segment saved 2 runs
  runs left: 0
### S53 delta_controls — counts (BOUND; Wilson 95%; band)

| arm | layout | BOUND | transitions: median (all) | final acc median | write order: acc last / not-last / last-written value among not-last (medians) |
|---|---|---|---|---|---|
| SINGLE_HEBB_G | grouped | 0/10 [0.00, 0.28] NEVER of 10 | -- | 0.49 | 0.53 / 0.45 / 0.55 |
| SINGLE_HEBB_H | header | 1/10 [0.02, 0.40] MINORITY of 10 | 24000 (24000) | 0.40 | 0.37 / 0.44 / 0.04 |
| SINGLE_DELTA_G | grouped | 4/10 [0.17, 0.69] MINORITY of 10 | 3600 (2400, 3600, 3600, 4800) | 0.52 | 0.53 / 0.53 / 0.44 |
| SINGLE_DELTA_H | header | 8/10 [0.49, 0.94] MAJORITY of 10 | 2400 (1200, 2400, 2400, 2400, 2400, 2400, 2400, 2400) | 1.00 | 0.99 / 1.00 / 0.00 |
| SINGLE_DELTA_L_G | grouped | 0/10 [0.00, 0.28] NEVER of 10 | -- | 0.22 | 0.22 / 0.22 / 0.25 |
| SINGLE_DELTA_L_H | header | 0/10 [0.00, 0.28] NEVER of 10 | -- | 0.32 | 0.31 / 0.32 / 0.07 |
| ORACLE_HEBB_G | grouped | 10/10 [0.72, 1.00] RELIABLE of 10 | 1200 (1200, 1200, 1200, 1200, 1200, 1200, 2400, 2400, 2400, 6000) | 1.00 | 1.00 / 1.00 / 0.00 |
| ORACLE_HEBB_H | header | 10/10 [0.72, 1.00] RELIABLE of 10 | 1200 (1200, 1200, 1200, 1200, 1200, 1200, 1200, 2400, 2400, 4800) | 1.00 | 1.00 / 1.00 / 0.00 |
| ORACLE_DELTA_G | grouped | 10/10 [0.72, 1.00] RELIABLE of 10 | 1200 (1200, 1200, 1200, 1200, 1200, 1200, 1200, 1200, 1200, 1200) | 1.00 | 1.00 / 1.00 / 0.00 |
| ORACLE_DELTA_H | header | 10/10 [0.72, 1.00] RELIABLE of 10 | 1200 (1200, 1200, 1200, 1200, 1200, 1200, 1200, 1200, 1200, 1200) | 1.00 | 1.00 / 1.00 / 0.00 |
| ORACLE_HEBB_P8 | header8 | 3/3 [0.44, 1.00] RELIABLE of 3 | 18000 (14400, 18000, 24000) | 1.00 | 1.00 / 1.00 / 0.00 |
| ORACLE_DELTA_P8 | header8 | 3/3 [0.44, 1.00] RELIABLE of 3 | 4800 (2400, 4800, 6000) | 1.00 | 1.00 / 1.00 / 0.00 |

Validity (perfect gate binds on >= 2 of seeds 300-302):

- grouped: ORACLE_DELTA 3/3 -> VALID (the delta reading needs this)
- grouped: ORACLE_HEBB 3/3 -> VALID (printed)
- header: ORACLE_DELTA 3/3 -> VALID (the delta reading needs this)
- header: ORACLE_HEBB 3/3 -> VALID (printed)

Paired (same seeds and batches; exact one-sided McNemar):

- grouped: SINGLE_HEBB 0/10 vs SINGLE_DELTA 4/10: SINGLE_HEBB only 0, SINGLE_DELTA only 4, p(SINGLE_HEBB > SINGLE_DELTA) = 1
- grouped: SINGLE_HEBB 0/10 vs SINGLE_DELTA_L 0/10: SINGLE_HEBB only 0, SINGLE_DELTA_L only 0, p(SINGLE_HEBB > SINGLE_DELTA_L) = 1
- grouped: ORACLE_DELTA 10/10 vs ORACLE_HEBB 10/10: ORACLE_DELTA only 0, ORACLE_HEBB only 0, p(ORACLE_DELTA > ORACLE_HEBB) = 1
- header: SINGLE_HEBB 1/10 vs SINGLE_DELTA 8/10: SINGLE_HEBB only 0, SINGLE_DELTA only 7, p(SINGLE_HEBB > SINGLE_DELTA) = 1
- header: SINGLE_HEBB 1/10 vs SINGLE_DELTA_L 0/10: SINGLE_HEBB only 1, SINGLE_DELTA_L only 0, p(SINGLE_HEBB > SINGLE_DELTA_L) = 0.5
- header: ORACLE_DELTA 10/10 vs ORACLE_HEBB 10/10: ORACLE_DELTA only 0, ORACLE_HEBB only 0, p(ORACLE_DELTA > ORACLE_HEBB) = 1
- header P=8 (48000): ORACLE_DELTA 3/3 vs ORACLE_HEBB 3/3: delta only 0, hebb only 0, p = 1

READING R1: **neither** (SINGLE_DELTA 4/10 grouped, 8/10 header; SINGLE_HEBB 0/10, 1/10; rule: SINGLE_DELTA <= 1/10 on both and SINGLE_HEBB >= 3/10 on one, both layouts valid)

READING R2: **neither** (seeds where ORACLE_DELTA binds and ORACLE_HEBB does not: 0 of 3; rule >= 2)

Write order (descriptive; median run per layout; held-out 2048):

- grouped SINGLE_DELTA: acc last 0.53, not-last 0.53, last-written value among not-last 0.44; by query stream 0.52 / 0.52 -> does not
- grouped SINGLE_DELTA_L: acc last 0.22, not-last 0.22, last-written value among not-last 0.25; by query stream 0.21 / 0.22
- grouped SINGLE_HEBB: acc last 0.53, not-last 0.45, last-written value among not-last 0.55; by query stream 0.50 / 0.48
- header SINGLE_DELTA: acc last 0.99, not-last 1.00, last-written value among not-last 0.00; by query stream 1.00 / 1.00 -> does not
- header SINGLE_DELTA_L: acc last 0.31, not-last 0.32, last-written value among not-last 0.07; by query stream 0.32 / 0.32
- header SINGLE_HEBB: acc last 0.37, not-last 0.44, last-written value among not-last 0.04; by query stream 0.40 / 0.41

Per seed (BOUND transition or final acc; write order last/not-last):

| seed | SINGLE_HEBB_G | SINGLE_HEBB_H | SINGLE_DELTA_G | SINGLE_DELTA_H | SINGLE_DELTA_L_G | SINGLE_DELTA_L_H | ORACLE_HEBB_G | ORACLE_HEBB_H | ORACLE_DELTA_G | ORACLE_DELTA_H |
|---|---|---|---|---|---|---|---|---|---|---|
| 300 | 0.49 (0.54/0.44) | 0.46 (0.40/0.54) | 0.50 (0.54/0.45) | B@2400 (0.99/1.00) | 0.22 (0.22/0.23) | 0.31 (0.32/0.30) | B@2400 (1.00/1.00) | B@4800 (1.00/1.00) | B@1200 (1.00/1.00) | B@1200 (1.00/1.00) |
| 301 | 0.50 (0.51/0.48) | 0.44 (0.35/0.53) | 0.49 (0.44/0.54) | B@2400 (0.98/0.99) | 0.21 (0.22/0.21) | 0.32 (0.31/0.32) | B@1200 (1.00/1.00) | B@1200 (1.00/1.00) | B@1200 (1.00/1.00) | B@1200 (1.00/1.00) |
| 302 | 0.50 (0.51/0.49) | 0.34 (0.35/0.32) | 0.50 (0.49/0.51) | 0.33 (0.34/0.32) | 0.21 (0.20/0.22) | 0.33 (0.34/0.31) | B@2400 (1.00/1.00) | B@2400 (1.00/1.00) | B@1200 (1.00/1.00) | B@1200 (1.00/1.00) |
| 303 | 0.49 (0.56/0.43) | 0.33 (0.33/0.34) | 0.39 (0.39/0.38) | 0.55 (0.55/0.55) | 0.23 (0.25/0.21) | 0.31 (0.32/0.31) | B@1200 (1.00/1.00) | B@1200 (1.00/1.00) | B@1200 (1.00/1.00) | B@1200 (1.00/1.00) |
| 304 | 0.50 (0.58/0.42) | B@24000 (0.95/1.00) | 0.52 (0.52/0.53) | B@2400 (0.99/0.99) | 0.22 (0.22/0.22) | 0.33 (0.32/0.33) | B@1200 (1.00/1.00) | B@1200 (1.00/1.00) | B@1200 (1.00/1.00) | B@1200 (1.00/1.00) |
| 305 | 0.48 (0.46/0.51) | 0.37 (0.41/0.32) | B@4800 (1.00/1.00) | B@2400 (1.00/1.00) | 0.22 (0.22/0.22) | 0.33 (0.34/0.33) | B@1200 (1.00/1.00) | B@1200 (1.00/1.00) | B@1200 (1.00/1.00) | B@1200 (1.00/1.00) |
| 306 | 0.49 (0.57/0.42) | 0.94 (0.88/0.99) | B@3600 (1.00/1.00) | B@2400 (1.00/1.00) | 0.22 (0.22/0.21) | 0.32 (0.31/0.34) | B@1200 (1.00/1.00) | B@1200 (1.00/1.00) | B@1200 (1.00/1.00) | B@1200 (1.00/1.00) |
| 307 | 0.48 (0.54/0.43) | 0.32 (0.32/0.32) | B@2400 (1.00/1.00) | B@1200 (1.00/1.00) | 0.22 (0.21/0.23) | 0.31 (0.31/0.32) | B@2400 (1.00/1.00) | B@2400 (1.00/1.00) | B@1200 (1.00/1.00) | B@1200 (1.00/1.00) |
| 308 | 0.49 (0.52/0.47) | 0.82 (0.72/0.93) | 0.51 (0.52/0.49) | B@2400 (1.00/1.00) | 0.22 (0.22/0.22) | 0.22 (0.23/0.21) | B@1200 (1.00/1.00) | B@1200 (1.00/1.00) | B@1200 (1.00/1.00) | B@1200 (1.00/1.00) |
| 309 | 0.49 (0.53/0.46) | 0.31 (0.33/0.29) | B@3600 (1.00/1.00) | B@2400 (0.99/1.00) | 0.21 (0.21/0.20) | 0.32 (0.31/0.33) | B@6000 (1.00/1.00) | B@1200 (1.00/1.00) | B@1200 (1.00/1.00) | B@1200 (1.00/1.00) |

P = 8 header per seed: 300: HEBB B@24000, DELTA B@6000; 301: HEBB B@14400, DELTA B@2400; 302: HEBB B@18000, DELTA B@4800

SINGLE_DELTA_L: mean β at CTX / KEY / VAL per layer at the end (median over runs):

- grouped: layer 1 0.30/0.00/0.14; layer 2 0.56/0.00/0.12; layer 3 0.57/0.01/0.16
- header: layer 1 0.65/0.00/0.35; layer 2 0.49/0.00/0.10; layer 3 0.64/0.00/0.03

Oracle routing check (end, median): ORACLE_HEBB_G margin 1.00; ORACLE_DELTA_G margin 1.00; ORACLE_HEBB_H margin 1.00; ORACLE_DELTA_H margin 1.00

Runs: 106 ok (failed records 0), 7.67 h of run time; CPU ['Intel(R) Xeon(R) Processor @ 2.10GHz']; git ['147e5cf', '147e5cf+dirty', '91a3d26', '91a3d26+dirty', '93ddb60', '9ddda81', '9ddda81+dirty', 'bb906e5', 'bb906e5+dirty', 'bd1c954', 'bd1c954+dirty', 'da4f065']; code SHA 429221e60279
exit 0
