=== S77 Sat Oct 10 04:02:36 UTC 2026
==============================================================================================================
EXPLORATORY, NOT A RESULT — Session F s77 (F/probe)
  cpu Intel(R) Xeon(R) Processor @ 2.10GHz | torch 2.14.0+cu130 | git 2210008 | python 3.11.17 | torch threads 1 | started 2026-10-10 04:02:37
==============================================================================================================
  code SHA F/probe: 623d477f61ad over 31 modules (bdh, bdh_recurrent, explore_b16_gates, explore_common, explore_common2, explore_delta_mem, explore_f_decay_child, explore_f_delta_controls_child, explore_f_delta_fast, explore_f_followup_child, explore_f_probe_child, explore_f_probe_common, explore_f_tasks, explore_f_window_delta_child, explore_far_cue, explore_local_gate, explore_window_recipe_child, test_binding_capacity, test_binding_onset, test_binding_recipe, test_channel_binding, test_instrument_v2, test_interference, test_multilayer_binding, test_readout_path, test_router_confirm, test_router_curriculum, test_router_discovery, test_router_layout, test_router_reliability, test_short_conv)
  CHECK C1 parallel = sequential over 24 cases (beta 0 / 0.5 / 1 / per token, write tied / 1, decay fixed / routed / per-channel): forward max |diff| 4.44e-16 <= 1e-10, gradients 2.22e-15 <= 1e-8: ok
  CHECK C2 LOCAL3 S=2 k=2, parallel, beta 0 / write 1 / raw keys: logits max |diff| 1.34e-07, attention outputs 2.38e-06 (relative 2.4e-07) over 3 layers, all <= 1e-5: ok
  CHECK C2 LOCAL3 S=2 k=2, sequential, beta 0 / write 1 / raw keys: logits max |diff| 1.49e-07, attention outputs 3.81e-06 (relative 4.5e-07) over 3 layers, all <= 1e-5: ok
  CHECK C2 LOCAL3 S=2 k=2, impl hebb (beta 1 set, path disabled): logits bit-identical to the current model: ok
  CHECK C2 perfect S=2 k=2, parallel, beta 0 / write 1 / raw keys: logits max |diff| 0.00e+00, attention outputs 0.00e+00 (relative 0.0e+00) over 3 layers, all <= 1e-5: ok
  CHECK C2 perfect S=2 k=2, sequential, beta 0 / write 1 / raw keys: logits max |diff| 1.27e-07, attention outputs 6.68e-06 (relative 4.5e-07) over 3 layers, all <= 1e-5: ok
  CHECK C2 perfect S=2 k=2, impl hebb (beta 1 set, path disabled): logits bit-identical to the current model: ok
  CHECK C2 single k=1 (arm B), parallel, beta 0 / write 1 / raw keys: logits max |diff| 0.00e+00, attention outputs 0.00e+00 (relative 0.0e+00) over 3 layers, all <= 1e-5: ok
  CHECK C2 single k=1 (arm B), sequential, beta 0 / write 1 / raw keys: logits max |diff| 1.34e-07, attention outputs 8.58e-06 (relative 5.8e-07) over 3 layers, all <= 1e-5: ok
  CHECK C2 single k=1 (arm B), impl hebb (beta 1 set, path disabled): logits bit-identical to the current model: ok
  CHECK C2 LOCAL3 S=8 k=16 conv, parallel, beta 0 / write 1 / raw keys: logits max |diff| 1.19e-07, attention outputs 5.96e-07 (relative 3.8e-07) over 3 layers, all <= 1e-5: ok
  CHECK C2 LOCAL3 S=8 k=16 conv, sequential, beta 0 / write 1 / raw keys: logits max |diff| 1.79e-07, attention outputs 4.77e-07 (relative 3.9e-07) over 3 layers, all <= 1e-5: ok
  CHECK C2 LOCAL3 S=8 k=16 conv, impl hebb (beta 1 set, path disabled): logits bit-identical to the current model: ok
  CHECK C3 oracle gate, grouped, decay fixed, parallel: U^c = 0 outside stream c and the read gate 0 on other channels in all 3 layers (True); stream-s logits bit-identical with the other stream's VAL tokens replaced (True) and changed by its own (True): ok
  CHECK C3 oracle gate, grouped, decay fixed, sequential: U^c = 0 outside stream c and the read gate 0 on other channels in all 3 layers (True); stream-s logits bit-identical with the other stream's VAL tokens replaced (True) and changed by its own (True): ok
  CHECK C3 oracle gate, grouped, decay routed, parallel: U^c = 0 outside stream c and the read gate 0 on other channels in all 3 layers (True); stream-s logits bit-identical with the other stream's VAL tokens replaced (True) and changed by its own (True): ok
  CHECK C3 oracle gate, grouped, decay routed, sequential: U^c = 0 outside stream c and the read gate 0 on other channels in all 3 layers (True); stream-s logits bit-identical with the other stream's VAL tokens replaced (True) and changed by its own (True): ok
  CHECK C3 oracle gate, header, decay fixed, parallel: U^c = 0 outside stream c and the read gate 0 on other channels in all 3 layers (True); stream-s logits bit-identical with the other stream's VAL tokens replaced (True) and changed by its own (True): ok
  CHECK C3 oracle gate, header, decay fixed, sequential: U^c = 0 outside stream c and the read gate 0 on other channels in all 3 layers (True); stream-s logits bit-identical with the other stream's VAL tokens replaced (True) and changed by its own (True): ok
  CHECK C3 oracle gate, header, decay routed, parallel: U^c = 0 outside stream c and the read gate 0 on other channels in all 3 layers (True); stream-s logits bit-identical with the other stream's VAL tokens replaced (True) and changed by its own (True): ok
  CHECK C3 oracle gate, header, decay routed, sequential: U^c = 0 outside stream c and the read gate 0 on other channels in all 3 layers (True); stream-s logits bit-identical with the other stream's VAL tokens replaced (True) and changed by its own (True): ok
  CHECK C4 overwrite (beta 1, L2 keys, one channel, decay 0.95, float32): ‖S k̂ − v2‖ = 1.56e-06 after (k, v1), (k, v2); 1.09e-06 with 6 other writes between; the parallel read at a later key-k position equals 0.95·v2 to 1.59e-06 / 1.46e-06; all < 1e-5: ok
  CHECK C5 learned beta = 0.5 exactly at init (True); to_delta keeps every existing parameter (True) and adds ['attn.w_b', 'attn.b_b']: ok
  CHECK C5 routed decay at init: alpha at g = 1 0.9500000 (0.95 to 1e-6), at g = 0 1.0 (exactly 1), at g = 0.3 / 0.7 0.98473 / 0.96473; delta0 -2.6037: ok
  CHECK C5 GDN decay init (seed 350, k = 2): A [2.198, 13.653], dt [0.06425, 0.00468] (softplus(b_dt) recovers dt), alpha at init [0.8683, 0.9381]; w_a = 0; same seed same draw, another seed another: ok
  CHECK C6 recorded run LOCAL3_SLOW|160 (batch 16, S43) through 2400 with to_delta(impl='hebb'): curve [[1200, 0.482421875, 2.1559665203094482], [2400, 1.0, 0.4127413034439087]] vs [[1200, 0.482421875, 2.1559665203094482], [2400, 1.0, 0.4127413034439087]]; statistics at [0, 1200, 2400] equal (True); decoder at 1200/2400 equal (True); bit for bit on Intel(R) Xeon(R) Processor @ 2.10GHz (48 s): ok
  ALL CHECKS PASSED (26 ok, 0 n/a, 0 failed)
  (explore_f_delta_checks: 55 s, all passed)
  CHECK F/probe: G's synthetic probe check: informative feature 0.9975 (G 0.998) >= 0.99; random 0.474 in [0.4, 0.6]: ok
  CHECK F/probe: S53_DELTA: G's residual loop gives the model's own logits bit for bit on this memory (DeltaMemory): ok
  CHECK F/probe: S59_GDN: G's residual loop gives the model's own logits bit for bit on this memory (DeltaMemory): ok
  CHECK F/probe: S69_GDN: G's residual loop gives the model's own logits bit for bit on this memory (DeltaMemory): ok
  CHECK F/probe: P = 4 header: probe labels at KEY and VAL = the block's CTX; 1600 / 400 sequences, disjoint: ok
  CHECK F/probe: P = 8 header: probe labels at KEY and VAL = the block's CTX; 1600 / 400 sequences, disjoint: ok
  CHECK F/probe: S53_DELTA|307 through 2400 reproduces its record bit for bit ([[1200, 0.99951171875, 0.16628295183181763], [2400, 0.99951171875, 0.013971121050417423]] vs [[1200, 0.99951171875, 0.16628295183181763], [2400, 0.99951171875, 0.013971121050417423]]): ok
  CHECK F/probe: S59_GDN|350 through 2400 reproduces its record bit for bit ([[1200, 0.0859375, 2.7744932174682617], [2400, 0.1298828125, 2.6766998767852783]] vs [[1200, 0.0859375, 2.7744932174682617], [2400, 0.1298828125, 2.6766998767852783]]): ok
  CHECK F/probe: S69_GDN|350 through 2400 reproduces its record bit for bit ([[1200, 0.10205078125, 2.7096164226531982], [2400, 0.11279296875, 2.6755290031433105]] vs [[1200, 0.10205078125, 2.7096164226531982], [2400, 0.11279296875, 2.6755290031433105]]): ok
  timings measured (10 s): F/probe:S53_DELTA 17.3 ms/step, F/probe:S59_GDN 31.6 ms/step, F/probe:S69_GDN 24.6 ms/step
  30 runs queued; projected worst case 9.36 h of runs, makespan 2.36 h on 4 workers
  start    0.0 min  F/probe          S59_GDN                  seed 350  (projected worst case 27 min)
  start    0.0 min  F/probe          S59_GDN                  seed 351  (projected worst case 27 min)
  start    0.0 min  F/probe          S59_GDN                  seed 352  (projected worst case 27 min)
  start    0.0 min  F/probe          S59_GDN                  seed 353  (projected worst case 27 min)
  [  1]    8.3 min  F/probe          S59_GDN                  seed 353  lr 0.001  (Adam 1e-3 throughout)
          on Intel(R) Xeon(R) Processor @ 2.10GHz, git 7247535+dirty, code 623d477f61ad, attempt 1: acc 0.997 trans 7200 repro True  probe L1 K/V 0.50/0.49  L3 K/V 0.52/0.52
  start    8.3 min  F/probe          S59_GDN                  seed 354  (projected worst case 27 min)
  [  2]    9.4 min  F/probe          S59_GDN                  seed 350  lr 0.001  (Adam 1e-3 throughout)
          on Intel(R) Xeon(R) Processor @ 2.10GHz, git 7247535+dirty, code 623d477f61ad, attempt 1: acc 0.995 trans 8400 repro True  probe L1 K/V 0.50/0.49  L3 K/V 0.54/0.60
  start    9.4 min  F/probe          S59_GDN                  seed 355  (projected worst case 27 min)
  [  3]   14.6 min  F/probe          S59_GDN                  seed 351  lr 0.001  (Adam 1e-3 throughout)
          on Intel(R) Xeon(R) Processor @ 2.10GHz, git 7247535+dirty, code 623d477f61ad, attempt 1: acc 0.992 trans 14400 repro True  probe L1 K/V 0.50/0.49  L3 K/V 0.88/1.00
  start   14.6 min  F/probe          S59_GDN                  seed 356  (projected worst case 27 min)
  [  4]   17.1 min  F/probe          S59_GDN                  seed 352  lr 0.001  (Adam 1e-3 throughout)
          on Intel(R) Xeon(R) Processor @ 2.10GHz, git 7247535+dirty, code 623d477f61ad, attempt 1: acc 0.990 trans 18000 repro True  probe L1 K/V 0.50/0.49  L3 K/V 0.58/0.57
  start   17.1 min  F/probe          S59_GDN                  seed 357  (projected worst case 27 min)
  [  5]   22.5 min  F/probe          S59_GDN                  seed 356  lr 0.001  (Adam 1e-3 throughout)
          on Intel(R) Xeon(R) Processor @ 2.10GHz, git d4dc3bf, code 623d477f61ad, attempt 1: acc 1.000 trans 6000 repro True  probe L1 K/V 0.50/0.49  L3 K/V 0.58/0.54
  start   22.5 min  F/probe          S59_GDN                  seed 358  (projected worst case 27 min)
