====================================================================================================
EXPLORATORY, NOT A RESULT — session H: H/copy2x2, H/query_gate, H/hardness
  cpu Intel(R) Xeon(R) Processor @ 2.10GHz | torch 2.14.0+cu130 | git 3e4212d | python 3.13.16 | torch threads 1
====================================================================================================
  code SHA H/copy2x2: 0b17627cb1b8 over 45 modules (8 served from main at 9c5939e): bdh bdh_recurrent explore_aux_gate explore_b16_gates explore_b16_main explore_b18_gates explore_common explore_common2 explore_h_collapse_child explore_h_copy2x2_child explore_h_eight_child explore_main9c explore_muon_k16_child explore_muon_recipe explore_muon_scale_child explore_slow_hinge explore_slow_mem explore_slow_pos explore_split_child explore_split_target_child explore_stream_knobs_child explore_window_d8_child test_binding_capacity test_binding_onset test_binding_recipe test_channel_binding test_conv_lr test_curriculum_confirm test_instrument_v2 test_interference test_load_curriculum test_multilayer_binding test_p_scaling test_readout_path test_router_confirm test_router_curriculum test_router_discovery test_router_layout test_router_reliability test_scale_axes test_short_conv test_slow_start test_stream_channels test_stream_curriculum test_stream_recipe
  code SHA H/query_gate: fb7f8b77db6a over 45 modules (8 served from main at 9c5939e): bdh bdh_recurrent explore_aux_gate explore_b16_gates explore_b16_main explore_b18_gates explore_common explore_common2 explore_h_collapse_child explore_h_eight_child explore_h_query_child explore_main9c explore_muon_k16_child explore_muon_recipe explore_muon_scale_child explore_slow_hinge explore_slow_mem explore_slow_pos explore_split_child explore_split_target_child explore_stream_knobs_child explore_window_d8_child test_binding_capacity test_binding_onset test_binding_recipe test_channel_binding test_conv_lr test_curriculum_confirm test_instrument_v2 test_interference test_load_curriculum test_multilayer_binding test_p_scaling test_readout_path test_router_confirm test_router_curriculum test_router_discovery test_router_layout test_router_reliability test_scale_axes test_short_conv test_slow_start test_stream_channels test_stream_curriculum test_stream_recipe
  code SHA H/hardness: 8240313e6822 over 45 modules (8 served from main at 9c5939e): bdh bdh_recurrent explore_aux_gate explore_b16_gates explore_b16_main explore_b18_gates explore_common explore_common2 explore_h_collapse_child explore_h_eight_child explore_h_hardness_child explore_main9c explore_muon_k16_child explore_muon_recipe explore_muon_scale_child explore_slow_hinge explore_slow_mem explore_slow_pos explore_split_child explore_split_target_child explore_stream_knobs_child explore_window_d8_child test_binding_capacity test_binding_onset test_binding_recipe test_channel_binding test_conv_lr test_curriculum_confirm test_instrument_v2 test_interference test_load_curriculum test_multilayer_binding test_p_scaling test_readout_path test_router_confirm test_router_curriculum test_router_discovery test_router_layout test_router_reliability test_scale_axes test_short_conv test_slow_start test_stream_channels test_stream_curriculum test_stream_recipe
  CPU Intel(R) Xeon(R) Processor @ 2.10GHz; git 3e4212d; torch 2.14.0+cu130
  repro_check: arm A seed 160, 2400 steps, lr 0.001: BIT-IDENTICAL to X (43s)
    here [[1200, 0.25732421875, 2.1073341369628906], [2400, 0.50244140625, 1.1376346349716187]]
    X    [[1200, 0.25732421875, 2.1073341369628906], [2400, 0.50244140625, 1.1376346349716187]]
  CHECKs of H/copy2x2 skipped: passed at 2026-10-08 20:23:29 UTC with this code SHA on this CPU (log above)
  CHECKs of H/query_gate skipped: passed at 2026-10-08 20:23:32 UTC with this code SHA on this CPU (log above)
  CHECK H/hardness: tau schedule {0: 1.0, 2400: 1.0, 2401: 0.9999652777777778, 13200: 0.625, 24000: 0.25, 30000: 0.25}: ok
  CHECK H/hardness: HARD_W: before 2400 LOCAL3's gates (True); from 2400 the write gate is one-hot of argmax (True, argmax agrees True) with no gradient (True); the read gate is LOCAL3's soft gate with gradient (True); global RNG untouched (True): ok
  CHECK H/hardness: ANNEAL: at n = 13200 both gates = softmax(z / 0.625) (True); at n = 2400 LOCAL3's gate bitwise (True): ok
  CHECK H/hardness: REF (as is, threshold 0) equals batch 16's LOCAL3_SLOW_D8_A|260 (Intel(R) Xeon(R) Processor @ 2.80GHz) bit for bit through 6000 (curve [[1200, 0.060546875], [2400, 0.1005859375], [3600, 0.09716796875], [4800, 0.09423828125], [6000, 0.15966796875]]; statistics); updates counted None: ok
  CHECK H/hardness: ANNEAL (end temperature 1, threshold 0) equals batch 16's LOCAL3_SLOW_D8_A|260 (Intel(R) Xeon(R) Processor @ 2.80GHz) bit for bit through 6000 (curve [[1200, 0.060546875], [2400, 0.1005859375], [3600, 0.09716796875], [4800, 0.09423828125], [6000, 0.15966796875]]; statistics); updates counted 6000: ok
  CHECK H/hardness: HARD_W (hard switch never reached, threshold 0) equals batch 16's LOCAL3_SLOW_D8_A|260 (Intel(R) Xeon(R) Processor @ 2.80GHz) bit for bit through 6000 (curve [[1200, 0.060546875], [2400, 0.1005859375], [3600, 0.09716796875], [4800, 0.09423828125], [6000, 0.15966796875]]; statistics); updates counted 6000: ok
  all CHECKs of H/hardness passed (8.1 min)
  300 runs queued on 4 workers (1 torch thread each)
  start    0.0 min  H/copy2x2        SPLIT                    seed 480  (projected worst case 720 min)
  start    0.0 min  H/copy2x2        SPLIT                    seed 481  (projected worst case 720 min)
  start    0.0 min  H/copy2x2        SPLIT                    seed 482  (projected worst case 720 min)
  start    0.0 min  H/copy2x2        SPLIT                    seed 483  (projected worst case 720 min)
