====================================================================================================
EXPLORATORY, NOT A RESULT — session H: H/constants
  cpu Intel(R) Xeon(R) Processor @ 2.10GHz | torch 2.14.0+cu130 | git 72f0bbc | python 3.13.16 | torch threads 1
====================================================================================================
  code SHA H/constants: 39143d0c9c2e over 47 modules (8 served from main at 9c5939e): bdh bdh_recurrent explore_aux_gate explore_b16_gates explore_b16_main explore_b18_gates explore_common explore_common2 explore_h_collapse_child explore_h_constants_child explore_h_eight_child explore_h_fail_class_v2 explore_h_ops explore_main9c explore_muon_k16_child explore_muon_recipe explore_muon_scale_child explore_slow_hinge explore_slow_mem explore_slow_pos explore_split_child explore_split_target_child explore_stream_knobs_child explore_window_d8_child test_binding_capacity test_binding_onset test_binding_recipe test_channel_binding test_conv_lr test_curriculum_confirm test_instrument_v2 test_interference test_load_curriculum test_multilayer_binding test_p_scaling test_readout_path test_router_confirm test_router_curriculum test_router_discovery test_router_layout test_router_reliability test_scale_axes test_short_conv test_slow_start test_stream_channels test_stream_curriculum test_stream_recipe
  CPU Intel(R) Xeon(R) Processor @ 2.10GHz; git 72f0bbc; torch 2.14.0+cu130
  repro_check: arm A seed 160, 2400 steps, lr 0.001: BIT-IDENTICAL to X (40s)
    here [[1200, 0.25732421875, 2.1073341369628906], [2400, 0.50244140625, 1.1376346349716187]]
    X    [[1200, 0.25732421875, 2.1073341369628906], [2400, 0.50244140625, 1.1376346349716187]]
  CHECK H/constants: make_trigger_cfg at BASE equals make_trigger_op row for row (fired at [4800, 9600, 14400]): ok
  CHECK H/constants: BASE: with every check eligible it fires at [4800, 9600, 14400] (expected [4800, 9600, 14400]); checks at [2400, 4800, 7200, 9600]...: ok
  CHECK H/constants: INT1200: with every check eligible it fires at [2400, 4800, 7200] (expected [2400, 4800, 7200]); checks at [1200, 2400, 3600, 4800]...: ok
  CHECK H/constants: CAP1: with every check eligible it fires at [4800] (expected [4800]); checks at [2400, 4800, 7200, 9600]...: ok
  CHECK H/constants: CAP6: with every check eligible it fires at [4800, 7200, 9600, 12000, 14400, 16800] (expected [4800, 7200, 9600, 12000, 14400, 16800]); checks at [2400, 4800, 7200, 9600]...: ok
  CHECK H/constants: PROBE16: with every check eligible it fires at [4800, 9600, 14400] (expected [4800, 9600, 14400]); checks at [2400, 4800, 7200, 9600]...: ok
  CHECK H/constants: THR05: with every check eligible it fires at [4800, 9600, 14400] (expected [4800, 9600, 14400]); checks at [2400, 4800, 7200, 9600]...: ok
  CHECK H/constants: the trigger's probe: probe_n 64 is S36's probe itself, 16 its first 16 rows (shapes (64, 99), (16, 99)): ok
  CHECK H/constants: split_noise_reset vs S36's split_op: W_g and W_g's Adam state bit for bit equal: ok
  CHECK H/constants: copy_exact vs S61's copy_nonoise_op: W_g and W_g's Adam state bit for bit equal: ok
  CHECK H/constants: the copied fail_class_v2 reads v1's thresholds (ETA_SPLIT 0.5, MARGIN_PARTIAL 0.25): ok
  CHECK H/constants: BASE (threshold 0) equals batch 16's LOCAL3_SLOW_D8_A|260 (Intel(R) Xeon(R) Processor @ 2.80GHz) bit for bit through 6000 (curve [[1200, 0.060546875], [2400, 0.1005859375], [3600, 0.09716796875], [4800, 0.09423828125], [6000, 0.15966796875]]; statistics; checks at [2400, 4800]): ok
  CHECK H/constants: INT1200 (threshold 0) equals batch 16's LOCAL3_SLOW_D8_A|260 (Intel(R) Xeon(R) Processor @ 2.80GHz) bit for bit through 6000 (curve [[1200, 0.060546875], [2400, 0.1005859375], [3600, 0.09716796875], [4800, 0.09423828125], [6000, 0.15966796875]]; statistics; checks at [1200, 2400, 3600, 4800, 6000]): ok
  CHECK H/constants: CAP1 (threshold 0) equals batch 16's LOCAL3_SLOW_D8_A|260 (Intel(R) Xeon(R) Processor @ 2.80GHz) bit for bit through 6000 (curve [[1200, 0.060546875], [2400, 0.1005859375], [3600, 0.09716796875], [4800, 0.09423828125], [6000, 0.15966796875]]; statistics; checks at [2400, 4800]): ok
  CHECK H/constants: CAP6 (threshold 0) equals batch 16's LOCAL3_SLOW_D8_A|260 (Intel(R) Xeon(R) Processor @ 2.80GHz) bit for bit through 6000 (curve [[1200, 0.060546875], [2400, 0.1005859375], [3600, 0.09716796875], [4800, 0.09423828125], [6000, 0.15966796875]]; statistics; checks at [2400, 4800]): ok
  CHECK H/constants: PROBE16 (threshold 0) equals batch 16's LOCAL3_SLOW_D8_A|260 (Intel(R) Xeon(R) Processor @ 2.80GHz) bit for bit through 6000 (curve [[1200, 0.060546875], [2400, 0.1005859375], [3600, 0.09716796875], [4800, 0.09423828125], [6000, 0.15966796875]]; statistics; checks at [2400, 4800]): ok
  CHECK H/constants: THR05 (threshold 0) equals batch 16's LOCAL3_SLOW_D8_A|260 (Intel(R) Xeon(R) Processor @ 2.80GHz) bit for bit through 6000 (curve [[1200, 0.060546875], [2400, 0.1005859375], [3600, 0.09716796875], [4800, 0.09423828125], [6000, 0.15966796875]]; statistics; checks at [2400, 4800]): ok
  all CHECKs of H/constants passed (14.4 min)
  62 runs queued on 4 workers (1 torch thread each)
  start    0.0 min  H/constants      BASE                     seed 1320  (projected worst case 720 min)
  start    0.0 min  H/constants      BASE                     seed 1321  (projected worst case 720 min)
  start    0.0 min  H/constants      BASE                     seed 1322  (projected worst case 720 min)
  start    0.0 min  H/constants      BASE                     seed 1323  (projected worst case 720 min)
  [  1]   23.3 min  H/constants      BASE                     seed 1322  lr 0.001  (LOCAL3 + SLOW + copy trigger BASE)
          on Intel(R) Xeon(R) Processor @ 2.10GHz, git af48aa5, code 39143d0c9c2e, attempt 1: acc 1.000  trans 16800  outcome BOUND ROUTED; map [14, 9, 1, 10, 0, 6, 12, 3]; None fired at [7200, 14400]
  start   23.3 min  H/constants      BASE                     seed 1324  (projected worst case 720 min)
  [  2]   36.8 min  H/constants      BASE                     seed 1321  lr 0.001  (LOCAL3 + SLOW + copy trigger BASE)
          on Intel(R) Xeon(R) Processor @ 2.10GHz, git 36feb3a, code 39143d0c9c2e, attempt 1: acc 1.000  trans 28800  outcome BOUND ROUTED; map [13, 5, 10, 0, 15, 11, 1, 7]; None fired at [4800, 16800, 24000]
  start   36.8 min  H/constants      BASE                     seed 1325  (projected worst case 720 min)
  [  3]   40.5 min  H/constants      BASE                     seed 1323  lr 0.001  (LOCAL3 + SLOW + copy trigger BASE)
          on Intel(R) Xeon(R) Processor @ 2.10GHz, git 36feb3a+dirty, code 39143d0c9c2e, attempt 1: acc 1.000  trans 27600  outcome BOUND ROUTED; map [13, 14, 15, 5, 1, 2, 0, 11]; None fired at [12000, 19200, 24000]
  start   40.5 min  H/constants      BASE                     seed 1326  (projected worst case 720 min)
  [  4]   47.2 min  H/constants      BASE                     seed 1324  lr 0.001  (LOCAL3 + SLOW + copy trigger BASE)
          on Intel(R) Xeon(R) Processor @ 2.10GHz, git 36feb3a+dirty, code 39143d0c9c2e, attempt 1: acc 1.000  trans 18000  outcome BOUND ROUTED; map [4, 9, 3, 8, 2, 12, 6, 7]; None fired at [16800]
  start   47.2 min  H/constants      BASE                     seed 1327  (projected worst case 720 min)
