====================================================================================================
EXPLORATORY, NOT A RESULT — Session G S57 latch
  cpu Intel(R) Xeon(R) Processor @ 2.10GHz | torch 2.14.0+cu130 | git 4507865+dirty | python 3.13.16 | torch threads 1
====================================================================================================
  S57 trigger (from S56's summary): TRIGGERED
  repro_check: arm A seed 160, 2400 steps, lr 0.001: BIT-IDENTICAL to X (63s)
    here [[1200, 0.25732421875, 2.1073341369628906], [2400, 0.50244140625, 1.1376346349716187]]
    X    [[1200, 0.25732421875, 2.1073341369628906], [2400, 0.50244140625, 1.1376346349716187]]
/home/user/clankers/explore_g_latch_child.py:160: UserWarning: Converting a tensor with requires_grad=True to a scalar may lead to unexpected behavior.
Consider using tensor.detach() first. (Triggered internally at /__w/pytorch/pytorch/torch/csrc/autograd/generated/python_variable_methods.cpp:820.)
  float(u.abs().max()) < 1 and float(m.b_R) == 0.0))
  CHECK S57: S56: recorded run, new path disabled: S43 LOCAL3_SLOW|160 (batch 16) through 2400 with RegBDH(gated=()) reproduces its curve bit for bit ([[1200, 0.482421875, 2.1559665203094482], [2400, 1.0, 0.4127413034439087]] vs [[1200, 0.482421875, 2.1559665203094482], [2400, 1.0, 0.4127413034439087]]) and its decoder at 1200/2400: ok
  CHECK S57: S56: RegBDH(gated=()) equals LOCAL3's logits bit for bit on H8: ok
  CHECK S57: S56: REG init: existing parameters unchanged; A_v = W_in, W_g2 = W_g; beta^R in [0.0998, 0.1002] (about 0.1); with A_r = A_R = 0 every gated layer's gate = softmax(W_g tanh(W_in v)) (max |diff| 0.0e+00): ok
  CHECK S57: S56: register causality: changing token 20's register write leaves every gated layer's gate at positions <= 20 bit-identical and changes it at 21: ok
  CHECK S57: S56: strict causality: changing token 20 leaves logits and every layer's gate at positions < 20 unchanged: ok
  CHECK S57: S56: SG and NOSG: the same forward; the gated layers' gates send no gradient into the stack (encoder) under SG and a non-zero one under NOSG: ok
  CHECK S57: S56: RESGATE_ONLY: no register parameters; reg = False: ok
  CHECK S57: S56: SLOW groups: gate ['W_in', 'W_g', 'gate_conv.conv_w', 'A_v', 'A_r', 'W_g2', 'A_R', 'W_R', 'w_R', 'b_R'] at 1e-3, rest ['decoder', 'encoder', 'encoder_v', 'lm_head', 'embed.weight'] at 1e-4; every trainable tensor once; W_h frozen: ok
  CHECK S57: S56: nudge moves only ['A_R', 'A_r', 'A_v', 'W_R', 'W_g2', 'b_R', 'w_R'] (a subset of GATE_NEW); stream lean |p0(s0) - p0(s1)| after it at the gated layers [0.044, 0.043] (> 0.02): ok
  CHECK S57: S56: delta path with beta 0, write 1, raw keys equals the Hebbian RegBDH (max |diff| 1.5e-07 <= 1e-5): ok
  CHECK S57: S56: ORACLE_H and ORACLE_D: the query's logits are bit-identical when every VAL token of the other stream changes: ok
  CHECK S57: S56: SINGLE_GDN: k = 1, DeltaMemory(beta 0, write 1, raw keys, decay gdn): ok
  CHECK S57: dead-STE guard at step 0: max |u| = 2.36e-03 < 1 (b_z = 0, w_z small); a = 1.0: ok
  CHECK S57: a schedule: a(1) = 1.0, a(8000) = 1.0, a(16000) = 3.0, a(24000) = 5.0: ok
  CHECK S57: STE: z = [0.0, 0.0, 1.0, 1.0] binary; dz/du = [0.0, 1.0, 1.0, 0.0] (a/2 = 1 inside, 0 outside): ok
  CHECK S57: latch recurrence: Rprev_{t+1} = W_r v_t where z_t = 1, Rprev_t where z_t = 0 (the gate at t reads r_{t-1}): ok
  CHECK S57: latch causality: gates at <= 20 unchanged when token 20's latch input changes: ok
  CHECK S57: prior: on a training forward a zero loss on the logits still sends the prior's gradient to w_z (|grad| 4.97e-04 > 0); update counter 1 = 1: ok
  CHECK S57: LATCH shares every initial parameter with S56's REG for the seed except b_R (0 vs logit 0.1): ok
  CHECK S57: LATCH_NUDGE: the nudge moves only ['A_R', 'A_r', 'A_v', 'W_R', 'W_g2', 'b_R', 'w_R']; the update counter starts at 0 after it: ok
  CHECK S57: ORACLE23: layers 2 and 3 = the perfect gate, layer 1 = LOCAL3's gate: ok
  s57_latch: code SHA 0440fcc975a6 (28 modules), cpu Intel(R) Xeon(R) Processor @ 2.10GHz
  45 runs queued on 4 workers
  [  1/45]    8.9 min  ORACLE_L     seed 411  acc 0.998 trans 22800 BOUND ROUTED
  [  2/45]    9.0 min  ORACLE_L     seed 410  acc 0.232 trans  None STREAM-PARTIAL
  [  3/45]    9.6 min  ORACLE23     seed 370  acc 0.342 trans  None STREAM-PARTIAL
  [  4/45]    9.8 min  ORACLE23     seed 371  acc 0.650 trans  None STREAM-PARTIAL
  [  5/45]   18.5 min  BASELINE_L   seed 410  acc 0.385 trans  None POSITION
  [  6/45]   18.6 min  ORACLE23     seed 372  acc 0.320 trans  None STREAM-PARTIAL
  [  7/45]   20.9 min  LATCH        seed 410  acc 0.209 trans  None POSITION
  [  8/45]   21.4 min  LATCH_NUDGE  seed 410  acc 0.327 trans  None STREAM-PARTIAL
  [  9/45]   27.7 min  BASELINE_L   seed 411  acc 0.283 trans  None POSITION
  [ 10/45]   29.8 min  LATCH_PRIOR  seed 410  acc 0.286 trans  None KEY
  [ 11/45]   32.6 min  LATCH_NUDGE  seed 411  acc 0.477 trans  None KEY
  [ 12/45]   33.2 min  LATCH        seed 411  acc 0.435 trans  None POSITION
  [ 13/45]   38.9 min  BASELINE_L   seed 412  acc 0.342 trans  None KEY
  [ 14/45]   39.1 min  LATCH_PRIOR  seed 411  acc 0.433 trans  None OTHER
  [ 15/45]   44.4 min  LATCH        seed 412  acc 0.525 trans  None OTHER
  [ 16/45]   44.8 min  LATCH_NUDGE  seed 412  acc 0.739 trans  None KEY
  [ 17/45]   50.2 min  BASELINE_L   seed 413  acc 0.266 trans  None OTHER
  [ 18/45]   50.3 min  LATCH_PRIOR  seed 412  acc 0.560 trans  None KEY
  [ 19/45]   56.2 min  LATCH        seed 413  acc 0.319 trans  None POSITION
  [ 20/45]   56.8 min  LATCH_NUDGE  seed 413  acc 0.324 trans  None STREAM-PARTIAL
  [ 21/45]   61.6 min  BASELINE_L   seed 414  acc 0.382 trans  None POSITION
  [ 22/45]   61.7 min  LATCH_PRIOR  seed 413  acc 0.429 trans  None KEY
  [ 23/45]   68.0 min  LATCH        seed 414  acc 0.250 trans  None KEY
  [ 24/45]   68.2 min  LATCH_NUDGE  seed 414  acc 0.356 trans  None OTHER
  [ 25/45]   73.0 min  BASELINE_L   seed 415  acc 0.432 trans  None KEY
  [ 26/45]   73.7 min  LATCH_PRIOR  seed 414  acc 0.251 trans  None OTHER
  [ 27/45]   79.2 min  LATCH        seed 415  acc 0.308 trans  None OTHER
  [ 28/45]   79.7 min  LATCH_NUDGE  seed 415  acc 0.568 trans  None KEY
  [ 29/45]   84.1 min  BASELINE_L   seed 416  acc 0.485 trans  None KEY
  [ 30/45]   84.2 min  LATCH_PRIOR  seed 415  acc 0.639 trans  None KEY
  [ 31/45]   91.1 min  LATCH        seed 416  acc 0.468 trans  None KEY
  [ 32/45]   91.2 min  LATCH_NUDGE  seed 416  acc 0.335 trans  None KEY
  [ 33/45]   95.4 min  LATCH_PRIOR  seed 416  acc 0.700 trans  None KEY
  [ 34/45]   96.3 min  BASELINE_L   seed 417  acc 0.274 trans  None POSITION
  [ 35/45]  103.1 min  LATCH        seed 417  acc 0.253 trans  None OTHER
  [ 36/45]  103.2 min  LATCH_NUDGE  seed 417  acc 0.290 trans  None STREAM-PARTIAL
  [ 37/45]  106.4 min  BASELINE_L   seed 418  acc 0.432 trans  None KEY
  [ 38/45]  106.8 min  LATCH_PRIOR  seed 417  acc 0.365 trans  None KEY
  [ 39/45]  114.5 min  LATCH_NUDGE  seed 418  acc 0.445 trans  None KEY
  [ 40/45]  114.8 min  LATCH        seed 418  acc 0.469 trans  None POSITION
  [ 41/45]  116.0 min  BASELINE_L   seed 419  acc 0.500 trans  None POSITION
  [ 42/45]  117.7 min  LATCH_PRIOR  seed 418  acc 0.371 trans  None KEY
  [ 43/45]  125.5 min  LATCH        seed 419  acc 0.401 trans  None KEY
  [ 44/45]  125.9 min  LATCH_NUDGE  seed 419  acc 0.389 trans  None POSITION
  [ 45/45]  127.4 min  LATCH_PRIOR  seed 419  acc 0.748 trans  None KEY
  S57 runs done in 129.4 min
| arm | n | BOUND | BOUND ROUTED | failures (unbound) | transitions | median acc |
|---|---|---|---|---|---|---|
| ORACLE_L | 2 | 1/2 [0.09, 0.91] MAJORITY | 1/2 [0.09, 0.91] MAJORITY | {'STREAM-PARTIAL': 1} | [22800] | 0.615 |
| BASELINE_L | 10 | 0/10 [0.00, 0.28] NEVER | 0/10 [0.00, 0.28] NEVER | {'POSITION': 5, 'KEY': 4, 'OTHER': 1} | - | 0.384 |
| LATCH | 10 | 0/10 [0.00, 0.28] NEVER | 0/10 [0.00, 0.28] NEVER | {'POSITION': 4, 'OTHER': 3, 'KEY': 3} | - | 0.360 |
| LATCH_NUDGE | 10 | 0/10 [0.00, 0.28] NEVER | 0/10 [0.00, 0.28] NEVER | {'STREAM-PARTIAL': 3, 'KEY': 5, 'OTHER': 1, 'POSITION': 1} | - | 0.373 |
| LATCH_PRIOR | 10 | 0/10 [0.00, 0.28] NEVER | 0/10 [0.00, 0.28] NEVER | {'KEY': 8, 'OTHER': 2} | - | 0.431 |
| ORACLE23 (post hoc) | 3 | 0/3 [0.00, 0.56] NEVER | 0/3 [0.00, 0.56] NEVER | {'STREAM-PARTIAL': 3} | - | 0.342 |
  LATCH vs BASELINE_L BOUND: 0 / 0, one-sided McNemar p = 1
  LATCH_PRIOR vs BASELINE_L BOUND: 0 / 0, one-sided McNemar p = 1
  ORACLE_L: margin at VAL {'L1': 1.0, 'L2': 1.0, 'L3': 1.0}; table {'L2': {'CTX': [[1.0, 0.0], [0.0, 1.0]], 'KEY': [[1.0, 0.0], [0.0, 1.0]], 'VAL': [[1.0, 0.0], [0.0, 1.0]]}, 'L3': {'CTX': [[1.0, 0.0], [0.0, 1.0]], 'KEY': [[1.0, 0.0], [0.0, 1.0]], 'VAL': [[1.0, 0.0], [0.0, 1.0]]}}
  BASELINE_L: margin at VAL {'L1': 0.0, 'L2': 0.0, 'L3': 0.0}; table {'L2': {'CTX': [[0.492, 0.508], [0.52, 0.48]], 'KEY': [[0.82, 0.18], [0.822, 0.178]], 'VAL': [[0.438, 0.562], [0.438, 0.562]]}, 'L3': {'CTX': [[0.492, 0.508], [0.52, 0.48]], 'KEY': [[0.82, 0.18], [0.822, 0.178]], 'VAL': [[0.438, 0.562], [0.438, 0.562]]}}
  LATCH: margin at VAL {'L1': 0.0, 'L2': 0.0, 'L3': 0.0}; z end {'CTX': 1.0, 'KEY': 1.0, 'VAL': 1.0, 'QUERY': 1.0}; z by step {'0': {'CTX': 0.5, 'KEY': 0.5, 'VAL': 0.498}, '1200': {'CTX': 1.0, 'KEY': 1.0, 'VAL': 1.0}, '2400': {'CTX': 1.0, 'KEY': 1.0, 'VAL': 1.0}, '4800': {'CTX': 1.0, 'KEY': 1.0, 'VAL': 1.0}, '9600': {'CTX': 1.0, 'KEY': 1.0, 'VAL': 1.0}, '14400': {'CTX': 1.0, 'KEY': 1.0, 'VAL': 1.0}, '19200': {'CTX': 1.0, 'KEY': 1.0, 'VAL': 1.0}, '24000': {'CTX': 1.0, 'KEY': 1.0, 'VAL': 1.0}}; table {'L2': {'CTX': [[0.688, 0.312], [0.486, 0.514]], 'KEY': [[0.738, 0.262], [0.74, 0.26]], 'VAL': [[0.375, 0.625], [0.375, 0.625]]}, 'L3': {'CTX': [[0.688, 0.312], [0.486, 0.514]], 'KEY': [[0.748, 0.252], [0.747, 0.253]], 'VAL': [[0.375, 0.625], [0.375, 0.625]]}}
  LATCH_NUDGE: margin at VAL {'L1': 2.3283064365386963e-10, 'L2': 1.38930045068264e-06, 'L3': 3.9084115996956825e-06}; z end {'CTX': 1.0, 'KEY': 0.9375, 'VAL': 1.0, 'QUERY': 0.5}; z by step {'0': {'CTX': 1.0, 'KEY': 0.0, 'VAL': 0.093}, '1200': {'CTX': 0.5, 'KEY': 0.0, 'VAL': 0.0}, '2400': {'CTX': 0.25, 'KEY': 0.0, 'VAL': 0.0}, '4800': {'CTX': 1.0, 'KEY': 0.438, 'VAL': 0.439}, '9600': {'CTX': 1.0, 'KEY': 0.75, 'VAL': 1.0}, '14400': {'CTX': 1.0, 'KEY': 0.875, 'VAL': 1.0}, '19200': {'CTX': 0.75, 'KEY': 0.875, 'VAL': 1.0}, '24000': {'CTX': 1.0, 'KEY': 0.938, 'VAL': 1.0}}; table {'L2': {'CTX': [[0.664, 0.336], [0.998, 0.002]], 'KEY': [[0.72, 0.28], [0.521, 0.479]], 'VAL': [[0.562, 0.438], [0.25, 0.75]]}, 'L3': {'CTX': [[0.57, 0.43], [0.995, 0.005]], 'KEY': [[0.72, 0.28], [0.476, 0.524]], 'VAL': [[0.562, 0.438], [0.25, 0.75]]}}
  LATCH_PRIOR: margin at VAL {'L1': 0.0, 'L2': -0.0006415755487978458, 'L3': -0.006807330679293955}; z end {'CTX': 0.0, 'KEY': 0.125, 'VAL': 0.0, 'QUERY': 0.1328125}; z by step {'0': {'CTX': 0.5, 'KEY': 0.5, 'VAL': 0.498}, '1200': {'CTX': 0.0, 'KEY': 0.0, 'VAL': 0.0}, '2400': {'CTX': 0.0, 'KEY': 0.125, 'VAL': 0.0}, '4800': {'CTX': 0.0, 'KEY': 0.125, 'VAL': 0.0}, '9600': {'CTX': 0.25, 'KEY': 0.062, 'VAL': 0.0}, '14400': {'CTX': 0.0, 'KEY': 0.125, 'VAL': 0.0}, '19200': {'CTX': 0.0, 'KEY': 0.0, 'VAL': 0.0}, '24000': {'CTX': 0.0, 'KEY': 0.125, 'VAL': 0.0}}; table {'L2': {'CTX': [[0.457, 0.543], [0.466, 0.534]], 'KEY': [[0.442, 0.558], [0.438, 0.562]], 'VAL': [[0.397, 0.603], [0.398, 0.602]]}, 'L3': {'CTX': [[0.475, 0.525], [0.471, 0.529]], 'KEY': [[0.502, 0.498], [0.476, 0.524]], 'VAL': [[0.468, 0.532], [0.474, 0.526]]}}
  ORACLE23: margin at VAL {'L1': 0.0, 'L2': 1.0, 'L3': 1.0}; table {'L2': {'CTX': [[1.0, 0.0], [0.0, 1.0]], 'KEY': [[1.0, 0.0], [0.0, 1.0]], 'VAL': [[1.0, 0.0], [0.0, 1.0]]}, 'L3': {'CTX': [[1.0, 0.0], [0.0, 1.0]], 'KEY': [[1.0, 0.0], [0.0, 1.0]], 'VAL': [[1.0, 0.0], [0.0, 1.0]]}}

READINGS: validity: ORACLE_L 1/2 -> VALID; R1: architecture insufficient; R2: not discovered

per run:
  ORACLE_L 410: STREAM-PARTIAL   acc 0.232 trans None stream_acc [0.22, 0.24] | L1 map [0, 1] m 1.00 etaS K/V 1.00/1.00 etaK 0.00 | L2 map [0, 1] m 1.00 etaS K/V 1.00/1.00 etaK 0.00 | L3 map [0, 1] m 1.00 etaS K/V 1.00/1.00 etaK 0.00
  ORACLE_L 411: BOUND ROUTED     acc 0.998 trans 22800 stream_acc [1.0, 1.0] | L1 map [0, 1] m 1.00 etaS K/V 1.00/1.00 etaK 0.00 | L2 map [0, 1] m 1.00 etaS K/V 1.00/1.00 etaK 0.00 | L3 map [0, 1] m 1.00 etaS K/V 1.00/1.00 etaK 0.00
  BASELINE_L 410: POSITION         acc 0.385 trans None stream_acc [0.4, 0.37] | L1 map [1, 1] m 0.00 etaS K/V 0.00/0.00 etaK 0.04 | L2 map [1, 1] m 0.00 etaS K/V 0.00/0.00 etaK 0.04 | L3 map [1, 1] m 0.00 etaS K/V 0.00/0.00 etaK 0.04
  BASELINE_L 411: POSITION         acc 0.283 trans None stream_acc [0.27, 0.29] | L1 map [1, 1] m -0.00 etaS K/V 0.00/0.00 etaK 0.02 | L2 map [1, 1] m -0.00 etaS K/V 0.00/0.00 etaK 0.02 | L3 map [1, 1] m -0.00 etaS K/V 0.00/0.00 etaK 0.02
  BASELINE_L 412: KEY              acc 0.342 trans None stream_acc [0.35, 0.33] | L1 map [0, 0] m 0.00 etaS K/V 0.00/0.00 etaK 1.00 | L2 map [0, 0] m 0.00 etaS K/V 0.00/0.00 etaK 1.00 | L3 map [0, 0] m 0.00 etaS K/V 0.00/0.00 etaK 1.00
  BASELINE_L 413: OTHER            acc 0.266 trans None stream_acc [0.25, 0.28] | L1 map [0, 0] m 0.00 etaS K/V 0.00/0.00 etaK 0.22 | L2 map [0, 0] m 0.00 etaS K/V 0.00/0.00 etaK 0.22 | L3 map [0, 0] m 0.00 etaS K/V 0.00/0.00 etaK 0.22
  BASELINE_L 414: POSITION         acc 0.382 trans None stream_acc [0.36, 0.4] | L1 map [0, 0] m 0.00 etaS K/V 0.00/0.00 etaK 0.03 | L2 map [0, 0] m 0.00 etaS K/V 0.00/0.00 etaK 0.03 | L3 map [0, 0] m 0.00 etaS K/V 0.00/0.00 etaK 0.03
  BASELINE_L 415: KEY              acc 0.432 trans None stream_acc [0.41, 0.45] | L1 map [0, 0] m 0.00 etaS K/V 0.00/0.00 etaK 1.00 | L2 map [0, 0] m 0.00 etaS K/V 0.00/0.00 etaK 1.00 | L3 map [0, 0] m 0.00 etaS K/V 0.00/0.00 etaK 1.00
  BASELINE_L 416: KEY              acc 0.485 trans None stream_acc [0.48, 0.49] | L1 map [0, 0] m 0.00 etaS K/V 0.00/0.00 etaK 1.00 | L2 map [0, 0] m 0.00 etaS K/V 0.00/0.00 etaK 1.00 | L3 map [0, 0] m 0.00 etaS K/V 0.00/0.00 etaK 1.00
  BASELINE_L 417: POSITION         acc 0.274 trans None stream_acc [0.27, 0.28] | L1 map [1, 1] m 0.00 etaS K/V 0.00/0.00 etaK 0.05 | L2 map [1, 1] m 0.00 etaS K/V 0.00/0.00 etaK 0.05 | L3 map [1, 1] m 0.00 etaS K/V 0.00/0.00 etaK 0.05
  BASELINE_L 418: KEY              acc 0.432 trans None stream_acc [0.43, 0.43] | L1 map [1, 1] m -0.00 etaS K/V 0.00/0.00 etaK 1.00 | L2 map [1, 1] m -0.00 etaS K/V 0.00/0.00 etaK 1.00 | L3 map [1, 1] m -0.00 etaS K/V 0.00/0.00 etaK 1.00
  BASELINE_L 419: POSITION         acc 0.500 trans None stream_acc [0.49, 0.51] | L1 map [1, 1] m 0.00 etaS K/V 0.00/0.00 etaK 0.06 | L2 map [1, 1] m 0.00 etaS K/V 0.00/0.00 etaK 0.06 | L3 map [1, 1] m 0.00 etaS K/V 0.00/0.00 etaK 0.06
  LATCH 410: POSITION         acc 0.209 trans None stream_acc [0.2, 0.22] | L1 map [0, 0] m 0.00 etaS K/V 0.00/0.00 etaK 0.07 | L2 map [1, 1] m 0.00 etaS K/V 0.00/0.00 etaK 0.00 | L3 map [1, 1] m -0.01 etaS K/V 0.00/0.00 etaK 0.00 | z C/K/V 1.00/1.00/1.00
  LATCH 411: POSITION         acc 0.435 trans None stream_acc [0.41, 0.45] | L1 map [1, 1] m 0.00 etaS K/V 0.00/0.00 etaK 0.05 | L2 map [0, 0] m 0.00 etaS K/V 0.00/0.00 etaK 0.05 | L3 map [0, 0] m 0.00 etaS K/V 0.00/0.00 etaK 0.05 | z C/K/V 1.00/1.00/1.00
  LATCH 412: OTHER            acc 0.525 trans None stream_acc [0.51, 0.54] | L1 map [0, 0] m 0.00 etaS K/V 0.00/0.00 etaK 0.07 | L2 map [0, 0] m 0.00 etaS K/V 0.00/0.00 etaK 0.07 | L3 map [0, 0] m 0.00 etaS K/V 0.00/0.00 etaK 0.07 | z C/K/V 1.00/1.00/1.00
  LATCH 413: POSITION         acc 0.319 trans None stream_acc [0.3, 0.33] | L1 map [0, 0] m 0.00 etaS K/V 0.00/0.00 etaK 1.00 | L2 map [0, 0] m 0.00 etaS K/V 0.00/0.00 etaK 0.02 | L3 map [0, 0] m 0.00 etaS K/V 0.00/0.00 etaK 0.02 | z C/K/V 1.00/1.00/1.00
  LATCH 414: KEY              acc 0.250 trans None stream_acc [0.25, 0.25] | L1 map [1, 1] m 0.00 etaS K/V 0.00/0.00 etaK 0.08 | L2 map [1, 1] m 0.00 etaS K/V 0.00/0.00 etaK 0.98 | L3 map [1, 1] m -0.00 etaS K/V 0.00/0.00 etaK 0.73 | z C/K/V 1.00/1.00/1.00
  LATCH 415: OTHER            acc 0.308 trans None stream_acc [0.28, 0.34] | L1 map [0, 0] m 0.00 etaS K/V 0.00/0.00 etaK 0.07 | L2 map [1, 1] m 0.00 etaS K/V 0.00/0.00 etaK 0.18 | L3 map [1, 1] m -0.00 etaS K/V 0.00/0.00 etaK 0.19 | z C/K/V 1.00/1.00/1.00
  LATCH 416: KEY              acc 0.468 trans None stream_acc [0.49, 0.44] | L1 map [0, 0] m 0.00 etaS K/V 0.00/0.00 etaK 1.00 | L2 map [0, 0] m -0.00 etaS K/V 0.00/0.00 etaK 0.97 | L3 map [0, 0] m 0.00 etaS K/V 0.00/0.00 etaK 0.85 | z C/K/V 1.00/1.00/1.00
  LATCH 417: OTHER            acc 0.253 trans None stream_acc [0.24, 0.27] | L1 map [1, 1] m 0.00 etaS K/V 0.00/0.00 etaK 0.05 | L2 map [1, 1] m 0.00 etaS K/V 0.00/0.00 etaK 0.01 | L3 map [1, 1] m 0.00 etaS K/V 0.00/0.00 etaK 0.01 | z C/K/V 1.00/1.00/0.63
  LATCH 418: POSITION         acc 0.469 trans None stream_acc [0.45, 0.48] | L1 map [1, 1] m 0.00 etaS K/V 0.00/0.00 etaK 0.05 | L2 map [1, 1] m 0.00 etaS K/V 0.00/0.00 etaK 0.05 | L3 map [1, 1] m 0.00 etaS K/V 0.00/0.00 etaK 0.05 | z C/K/V 1.00/1.00/1.00
  LATCH 419: KEY              acc 0.401 trans None stream_acc [0.4, 0.4] | L1 map [1, 1] m -0.00 etaS K/V 0.00/0.00 etaK 0.66 | L2 map [1, 1] m 0.00 etaS K/V 0.00/0.00 etaK 0.93 | L3 map [1, 1] m 0.00 etaS K/V 0.00/0.00 etaK 0.93 | z C/K/V 1.00/1.00/0.93
  LATCH_NUDGE 410: STREAM-PARTIAL   acc 0.327 trans None stream_acc [0.32, 0.34] | L1 map [1, 1] m 0.00 etaS K/V 0.00/0.00 etaK 0.60 | L2 map [0, 1] m 1.00 etaS K/V 1.00/1.00 etaK 0.00 | L3 map [0, 1] m 1.00 etaS K/V 1.00/1.00 etaK 0.00 | z C/K/V 1.00/0.00/0.00
  LATCH_NUDGE 411: KEY              acc 0.477 trans None stream_acc [0.46, 0.49] | L1 map [1, 1] m 0.00 etaS K/V 0.00/0.00 etaK 0.90 | L2 map [1, 1] m -0.00 etaS K/V 0.00/0.00 etaK 0.79 | L3 map [1, 1] m 0.00 etaS K/V 0.00/0.00 etaK 0.74 | z C/K/V 0.00/1.00/1.00
  LATCH_NUDGE 412: KEY              acc 0.739 trans None stream_acc [0.74, 0.74] | L1 map [0, 0] m 0.00 etaS K/V 0.00/0.00 etaK 1.00 | L2 map [0, 0] m 0.00 etaS K/V 0.00/0.00 etaK 0.86 | L3 map [0, 0] m 0.00 etaS K/V 0.00/0.00 etaK 0.66 | z C/K/V 1.00/0.88/1.00
  LATCH_NUDGE 413: STREAM-PARTIAL   acc 0.324 trans None stream_acc [0.31, 0.33] | L1 map [0, 0] m 0.00 etaS K/V 0.00/0.00 etaK 1.00 | L2 map [0, 1] m 1.00 etaS K/V 1.00/1.00 etaK 0.00 | L3 map [0, 1] m 1.00 etaS K/V 1.00/1.00 etaK 0.00 | z C/K/V 1.00/0.00/0.00
  LATCH_NUDGE 414: OTHER            acc 0.356 trans None stream_acc [0.39, 0.32] | L1 map [0, 0] m -0.00 etaS K/V 0.00/0.00 etaK 0.06 | L2 map [0, 0] m -0.00 etaS K/V 0.03/0.00 etaK 0.03 | L3 map [0, 0] m 0.00 etaS K/V 0.03/0.00 etaK 0.03 | z C/K/V 1.00/1.00/1.00
  LATCH_NUDGE 415: KEY              acc 0.568 trans None stream_acc [0.59, 0.55] | L1 map [0, 0] m 0.00 etaS K/V 0.00/0.00 etaK 1.00 | L2 map [1, 1] m 0.00 etaS K/V 0.00/0.00 etaK 1.00 | L3 map [1, 1] m 0.00 etaS K/V 0.00/0.00 etaK 1.00 | z C/K/V 0.00/1.00/1.00
  LATCH_NUDGE 416: KEY              acc 0.335 trans None stream_acc [0.34, 0.33] | L1 map [0, 0] m 0.00 etaS K/V 0.00/0.00 etaK 1.00 | L2 map [0, 0] m 0.00 etaS K/V 0.00/0.00 etaK 1.00 | L3 map [0, 0] m -0.00 etaS K/V 0.00/0.00 etaK 1.00 | z C/K/V 0.50/1.00/1.00
  LATCH_NUDGE 417: STREAM-PARTIAL   acc 0.290 trans None stream_acc [0.28, 0.3] | L1 map [0, 0] m 0.00 etaS K/V 0.00/0.00 etaK 0.60 | L2 map [0, 1] m 0.66 etaS K/V 0.60/0.61 etaK 0.00 | L3 map [0, 1] m 0.66 etaS K/V 0.60/0.61 etaK 0.00 | z C/K/V 1.00/0.00/0.13
  LATCH_NUDGE 418: KEY              acc 0.445 trans None stream_acc [0.43, 0.46] | L1 map [1, 1] m 0.00 etaS K/V 0.00/0.00 etaK 1.00 | L2 map [1, 1] m 0.00 etaS K/V 0.00/0.04 etaK 0.94 | L3 map [1, 1] m 0.00 etaS K/V 0.00/0.00 etaK 0.84 | z C/K/V 0.50/0.00/0.00
  LATCH_NUDGE 419: POSITION         acc 0.389 trans None stream_acc [0.38, 0.4] | L1 map [1, 1] m 0.00 etaS K/V 0.00/0.00 etaK 0.04 | L2 map [1, 1] m -0.00 etaS K/V 0.00/0.00 etaK 0.05 | L3 map [1, 1] m 0.00 etaS K/V 0.00/0.00 etaK 0.04 | z C/K/V 1.00/1.00/1.00
  LATCH_PRIOR 410: KEY              acc 0.286 trans None stream_acc [0.29, 0.28] | L1 map [1, 1] m -0.00 etaS K/V 0.00/0.00 etaK 1.00 | L2 map [1, 1] m -0.00 etaS K/V 0.00/0.00 etaK 1.00 | L3 map [1, 1] m -0.02 etaS K/V 0.00/0.00 etaK 1.00 | z C/K/V 0.00/0.00/0.25
  LATCH_PRIOR 411: OTHER            acc 0.433 trans None stream_acc [0.43, 0.43] | L1 map [1, 1] m -0.00 etaS K/V 0.00/0.00 etaK 1.00 | L2 map [1, 1] m -0.00 etaS K/V 0.00/0.00 etaK 0.03 | L3 map [1, 1] m 0.00 etaS K/V 0.00/0.00 etaK 0.03 | z C/K/V 0.00/0.25/0.00
  LATCH_PRIOR 412: KEY              acc 0.560 trans None stream_acc [0.56, 0.56] | L1 map [0, 0] m 0.00 etaS K/V 0.00/0.00 etaK 1.00 | L2 map [1, 1] m -0.02 etaS K/V 0.00/0.00 etaK 0.96 | L3 map [1, 1] m -0.03 etaS K/V 0.00/0.00 etaK 0.85 | z C/K/V 0.00/0.00/0.19
  LATCH_PRIOR 413: KEY              acc 0.429 trans None stream_acc [0.43, 0.42] | L1 map [1, 0] m -0.00 etaS K/V 0.00/0.00 etaK 1.00 | L2 map [0, 0] m 0.00 etaS K/V 0.00/0.00 etaK 1.00 | L3 map [0, 0] m 0.00 etaS K/V 0.00/0.00 etaK 1.00 | z C/K/V 1.00/0.00/0.00
  LATCH_PRIOR 414: OTHER            acc 0.251 trans None stream_acc [0.24, 0.26] | L1 map [0, 0] m 0.00 etaS K/V 0.00/0.00 etaK 0.04 | L2 map [0, 0] m 0.00 etaS K/V 0.19/0.00 etaK 0.02 | L3 map [0, 0] m 0.00 etaS K/V 0.18/0.00 etaK 0.01 | z C/K/V 0.50/0.12/0.00
  LATCH_PRIOR 415: KEY              acc 0.639 trans None stream_acc [0.65, 0.62] | L1 map [0, 0] m 0.00 etaS K/V 0.00/0.00 etaK 1.00 | L2 map [1, 1] m 0.00 etaS K/V 0.00/0.00 etaK 1.00 | L3 map [1, 1] m 0.03 etaS K/V 0.00/0.00 etaK 0.96 | z C/K/V 0.00/0.25/0.00
  LATCH_PRIOR 416: KEY              acc 0.700 trans None stream_acc [0.69, 0.71] | L1 map [0, 0] m 0.00 etaS K/V 0.00/0.00 etaK 1.00 | L2 map [0, 0] m -0.00 etaS K/V 0.00/0.00 etaK 0.98 | L3 map [0, 0] m -0.01 etaS K/V 0.00/0.00 etaK 0.94 | z C/K/V 0.00/0.38/0.00
  LATCH_PRIOR 417: KEY              acc 0.365 trans None stream_acc [0.36, 0.37] | L1 map [1, 1] m 0.00 etaS K/V 0.00/0.00 etaK 1.00 | L2 map [1, 1] m -0.00 etaS K/V 0.00/0.00 etaK 1.00 | L3 map [0, 0] m -0.02 etaS K/V 0.00/0.00 etaK 1.00 | z C/K/V 0.00/0.12/0.00
  LATCH_PRIOR 418: KEY              acc 0.371 trans None stream_acc [0.37, 0.37] | L1 map [1, 1] m 0.00 etaS K/V 0.00/0.00 etaK 1.00 | L2 map [0, 0] m -0.00 etaS K/V 0.00/0.01 etaK 1.00 | L3 map [0, 0] m -0.00 etaS K/V 0.00/0.01 etaK 0.77 | z C/K/V 0.50/0.00/0.00
  LATCH_PRIOR 419: KEY              acc 0.748 trans None stream_acc [0.75, 0.75] | L1 map [1, 1] m 0.00 etaS K/V 0.00/0.00 etaK 1.00 | L2 map [1, 1] m 0.00 etaS K/V 0.00/0.00 etaK 0.98 | L3 map [1, 1] m -0.03 etaS K/V 0.00/0.00 etaK 0.87 | z C/K/V 0.00/0.12/0.00
  ORACLE23 370: STREAM-PARTIAL   acc 0.342 trans None stream_acc [0.33, 0.35] | L1 map [0, 0] m 0.00 etaS K/V 0.00/0.00 etaK 1.00 | L2 map [0, 1] m 1.00 etaS K/V 1.00/1.00 etaK 0.00 | L3 map [0, 1] m 1.00 etaS K/V 1.00/1.00 etaK 0.00
  ORACLE23 371: STREAM-PARTIAL   acc 0.650 trans None stream_acc [0.66, 0.64] | L1 map [1, 1] m -0.00 etaS K/V 0.00/0.00 etaK 1.00 | L2 map [0, 1] m 1.00 etaS K/V 1.00/1.00 etaK 0.00 | L3 map [0, 1] m 1.00 etaS K/V 1.00/1.00 etaK 0.00
  ORACLE23 372: STREAM-PARTIAL   acc 0.320 trans None stream_acc [0.32, 0.32] | L1 map [1, 1] m 0.00 etaS K/V 0.00/0.00 etaK 1.00 | L2 map [0, 1] m 1.00 etaS K/V 1.00/1.00 etaK 0.00 | L3 map [0, 1] m 1.00 etaS K/V 1.00/1.00 etaK 0.00
CHAIN_DONE
