====================================================================================================
EXPLORATORY, NOT A RESULT — Session G S72
  cpu Intel(R) Xeon(R) Processor @ 2.10GHz | torch 2.14.0+cu130 | git 373350f+dirty | python 3.13.16 | torch threads 1
====================================================================================================
  repro_check: arm A seed 160, 2400 steps, lr 0.001: BIT-IDENTICAL to X (49s)
    here [[1200, 0.25732421875, 2.1073341369628906], [2400, 0.50244140625, 1.1376346349716187]]
    X    [[1200, 0.25732421875, 2.1073341369628906], [2400, 0.50244140625, 1.1376346349716187]]
  CHECK S72: RandHeaderTask-lite (F's check_rand_header): every (stream, key) appears exactly once in the body: ok
  CHECK S72: RandHeaderTask-lite (F's check_rand_header): S distinct values per key: ok
  CHECK S72: RandHeaderTask-lite (F's check_rand_header): each query is answered by its own stream's value; make_batch returns the query streams: ok
  CHECK S72: RandHeaderTask-lite (F's check_rand_header): exactly one CTX per block, at its start; 4 blocks per sequence: ok
  CHECK S72: RandHeaderTask-lite (F's check_rand_header): each stream has 2 blocks whose lengths are a composition of P = 4 with parts in 1..3: ok
  CHECK S72: RandHeaderTask-lite (F's check_rand_header): block-length frequencies {1: 0.338, 2: 0.324, 3: 0.338} each within 0.03 of 0.33: ok
  CHECK S72: RandHeaderTask-lite (F's check_rand_header): the stream order of the blocks varies (6 distinct orders over 4096 sequences): ok
  CHECK S72: RandHeaderTask-lite (F's check_rand_header): stream_labels = the latest CTX token's stream at every position: ok
  CHECK S72: RandHeaderTask-lite (F's check_rand_header): L = 23 = S(NB + 2P) + 3 n_q, qpos = [21]; select reads the query's KEY position and targets its value: ok
  CHECK S72: RHL as F's S70: P 4, nb 2, lengths 1..3, compositions [(1, 3), (2, 2), (3, 1)], L 23, qpos [21], vocab 22: ok
  CHECK S72: in-run probe: hook-captured residuals (L1-L3, final) and logits equal S55's extraction bit for bit on LOCAL3: ok
  CHECK S72: in-run probe on per-layer gates: logits from the hooked forward equal model(x)'s; layer 1's input is LN(embedding): ok
  CHECK S72: acc_by_cell covers 12 (stream, block, index) cells, 2048 queries; blocks 0/1, index 0-2: ok
  CHECK S72: S56: recorded run, new path disabled: S43 LOCAL3_SLOW|160 (batch 16) through 2400 with RegBDH(gated=()) reproduces its curve bit for bit ([[1200, 0.482421875, 2.1559665203094482], [2400, 1.0, 0.4127413034439087]] vs [[1200, 0.482421875, 2.1559665203094482], [2400, 1.0, 0.4127413034439087]]) and its decoder at 1200/2400: ok
  CHECK S72: S56: RegBDH(gated=()) equals LOCAL3's logits bit for bit on H8: ok
  CHECK S72: S56: REG init: existing parameters unchanged; A_v = W_in, W_g2 = W_g; beta^R in [0.0998, 0.1002] (about 0.1); with A_r = A_R = 0 every gated layer's gate = softmax(W_g tanh(W_in v)) (max |diff| 0.0e+00): ok
  CHECK S72: S56: register causality: changing token 20's register write leaves every gated layer's gate at positions <= 20 bit-identical and changes it at 21: ok
  CHECK S72: S56: strict causality: changing token 20 leaves logits and every layer's gate at positions < 20 unchanged: ok
  CHECK S72: S56: SG and NOSG: the same forward; the gated layers' gates send no gradient into the stack (encoder) under SG and a non-zero one under NOSG: ok
  CHECK S72: S56: RESGATE_ONLY: no register parameters; reg = False: ok
  CHECK S72: S56: SLOW groups: gate ['W_in', 'W_g', 'gate_conv.conv_w', 'A_v', 'A_r', 'W_g2', 'A_R', 'W_R', 'w_R', 'b_R'] at 1e-3, rest ['decoder', 'encoder', 'encoder_v', 'lm_head', 'embed.weight'] at 1e-4; every trainable tensor once; W_h frozen: ok
  CHECK S72: S56: nudge moves only ['A_R', 'A_r', 'A_v', 'W_R', 'W_g2', 'b_R', 'w_R'] (a subset of GATE_NEW); stream lean |p0(s0) - p0(s1)| after it at the gated layers [0.044, 0.043] (> 0.02): ok
  CHECK S72: S56: delta path with beta 0, write 1, raw keys equals the Hebbian RegBDH (max |diff| 1.5e-07 <= 1e-5): ok
  CHECK S72: S56: ORACLE_H and ORACLE_D: the query's logits are bit-identical when every VAL token of the other stream changes: ok
  CHECK S72: S56: SINGLE_GDN: k = 1, DeltaMemory(beta 0, write 1, raw keys, decay gdn): ok
  CHECK S72: REG3 with the layer-1 path disabled (gated (2, 3), input v) reproduces S56's REG|370 through 2400 bit for bit ([[1200, 0.15576171875, 2.7409420013427734], [2400, 0.20751953125, 2.5322160720825195]] vs [[1200, 0.15576171875, 2.7409420013427734], [2400, 0.20751953125, 2.5322160720825195]]): ok
  CHECK S72: REG3 with every new path disabled: the gate at every layer equals LOCAL3's and the logits equal BASELINE's bit for bit: ok
  CHECK S72: REG3 init: existing parameters unchanged; A_v = W_in, W_g2 = W_g; beta^R in [0.0997, 0.1005]: ok
  CHECK S72: REG3: token 12's register/latch write changes no gate at <= 12 at layers 1-3 and changes layer 1's at 13 (register; the latch's binary z need not change); changing token 12 changes no logit at < 12: ok
  CHECK S72: REG3, delta with beta 0, write 1, raw keys equals the Hebbian REG3 (max |diff| 1.2e-07 <= 1e-5): ok
  CHECK S72: REG3 SLOW groups: gate ['W_in', 'W_g', 'gate_conv.conv_w', 'A_v', 'A_r', 'W_g2', 'A_R', 'W_R', 'w_R', 'b_R'] at 1e-3, rest ['decoder', 'encoder', 'encoder_v', 'lm_head', 'embed.weight'] at 1e-4; every trainable tensor once: ok
  CHECK S72: nudge moves only ['A_R', 'A_r', 'A_v', 'W_R', 'W_g2', 'b_R', 'w_R']; stream lean at layers 1-3 [0.049, 0.05, 0.048] (> 0.02): ok
  s72_register3: code SHA 5366c9b9a792 (30 modules), cpu Intel(R) Xeon(R) Processor @ 2.10GHz
  60 runs queued on 4 workers
  [  1/60]    2.3 min  REG3_NUDGE   seed 700  acc 1.000 trans  3600 ROUTED-BOUND
  [  2/60]    3.1 min  REG3         seed 700  acc 1.000 trans  6000 ROUTED-BOUND
  [  3/60]    5.0 min  REG3_NUDGE   seed 701  acc 1.000 trans  2400 ROUTED-BOUND
  [  4/60]    6.4 min  BASELINE     seed 700  acc 0.497 trans  None KEY
  [  5/60]    6.4 min  BASELINE     seed 701  acc 0.414 trans  None KEY
  [  6/60]    8.3 min  REG3_NUDGE   seed 702  acc 1.000 trans  2400 ROUTED-BOUND
  [  7/60]   10.8 min  REG3         seed 701  acc 0.484 trans  None KEY
  [  8/60]   11.2 min  BASELINE     seed 702  acc 0.510 trans  None KEY
  [  9/60]   12.6 min  REG3         seed 703  acc 1.000 trans  2400 ROUTED-BOUND
  [ 10/60]   13.1 min  REG3_NUDGE   seed 703  acc 1.000 trans  2400 ROUTED-BOUND
  [ 11/60]   14.6 min  BASELINE     seed 703  acc 0.741 trans  None STREAM-PARTIAL
  [ 12/60]   14.8 min  REG3         seed 702  acc 0.519 trans  None KEY
  [ 13/60]   16.9 min  REG3_NUDGE   seed 704  acc 1.000 trans  3600 ROUTED-BOUND
  [ 14/60]   18.8 min  BASELINE     seed 704  acc 0.505 trans  None KEY
  [ 15/60]   21.2 min  REG3_NUDGE   seed 705  acc 1.000 trans  3600 ROUTED-BOUND
  [ 16/60]   21.3 min  BASELINE     seed 705  acc 0.728 trans  None STREAM-PARTIAL
  [ 17/60]   21.5 min  REG3         seed 704  acc 0.508 trans  None KEY
  [ 18/60]   23.4 min  REG3_NUDGE   seed 706  acc 0.990 trans  2400 ROUTED-BOUND
  [ 19/60]   25.3 min  REG3         seed 705  acc 0.506 trans  None KEY
  [ 20/60]   27.4 min  BASELINE     seed 706  acc 0.491 trans  None KEY
  [ 21/60]   29.3 min  REG3_NUDGE   seed 707  acc 1.000 trans  2400 ROUTED-BOUND
  [ 22/60]   29.7 min  REG3         seed 706  acc 0.503 trans  None KEY
  [ 23/60]   29.8 min  BASELINE     seed 707  acc 0.505 trans  None KEY
  [ 24/60]   31.7 min  REG3_NUDGE   seed 708  acc 1.000 trans  2400 ROUTED-BOUND
  [ 25/60]   33.7 min  REG3         seed 707  acc 0.515 trans  None KEY
  [ 26/60]   35.9 min  BASELINE     seed 708  acc 0.511 trans  None KEY
  [ 27/60]   38.1 min  BASELINE     seed 709  acc 0.725 trans  None STREAM-PARTIAL
  [ 28/60]   38.4 min  REG3         seed 708  acc 0.504 trans  None KEY
  [ 29/60]   38.6 min  REG3_NUDGE   seed 709  acc 1.000 trans  4800 ROUTED-BOUND
  [ 30/60]   40.5 min  REG3_NUDGE   seed 710  acc 1.000 trans  2400 ROUTED-BOUND
  [ 31/60]   42.2 min  REG3         seed 709  acc 0.317 trans  None OTHER
  [ 32/60]   44.4 min  BASELINE     seed 710  acc 0.518 trans  None KEY
  [ 33/60]   46.3 min  REG3_NUDGE   seed 711  acc 1.000 trans  2400 ROUTED-BOUND
  [ 34/60]   46.8 min  BASELINE     seed 711  acc 0.506 trans  None KEY
  [ 35/60]   46.8 min  REG3         seed 710  acc 0.511 trans  None KEY
  [ 36/60]   48.7 min  REG3_NUDGE   seed 712  acc 1.000 trans  2400 ROUTED-BOUND
  [ 37/60]   50.9 min  REG3         seed 711  acc 0.506 trans  None KEY
  [ 38/60]   52.6 min  BASELINE     seed 712  acc 0.509 trans  None KEY
  [ 39/60]   54.5 min  REG3_NUDGE   seed 713  acc 1.000 trans  2400 ROUTED-BOUND
  [ 40/60]   55.1 min  BASELINE     seed 713  acc 0.502 trans  None KEY
  [ 41/60]   55.4 min  REG3         seed 712  acc 0.513 trans  None KEY
  [ 42/60]   57.3 min  REG3         seed 714  acc 1.000 trans  3600 ROUTED-BOUND
  [ 43/60]   59.4 min  REG3_NUDGE   seed 714  acc 1.000 trans  8400 ROUTED-BOUND
  [ 44/60]   59.4 min  REG3         seed 713  acc 0.501 trans  None KEY
  [ 45/60]   60.8 min  BASELINE     seed 714  acc 0.504 trans  None KEY
  [ 46/60]   61.1 min  REG3         seed 715  acc 1.000 trans  2400 ROUTED-BOUND
  [ 47/60]   61.3 min  REG3_NUDGE   seed 715  acc 1.000 trans  2400 ROUTED-BOUND
  [ 48/60]   62.3 min  BASELINE     seed 715  acc 0.993 trans 16800 BOUND unrouted
  [ 49/60]   63.6 min  REG3_NUDGE   seed 716  acc 1.000 trans  3600 ROUTED-BOUND
  [ 50/60]   67.1 min  BASELINE     seed 716  acc 0.383 trans  None KEY
  [ 51/60]   68.6 min  BASELINE     seed 717  acc 0.492 trans  None KEY
  [ 52/60]   69.5 min  REG3         seed 716  acc 0.386 trans  None KEY
  [ 53/60]   69.9 min  REG3_NUDGE   seed 717  acc 1.000 trans  4800 ROUTED-BOUND
  [ 54/60]   71.9 min  REG3         seed 717  acc 0.497 trans  None KEY
  [ 55/60]   72.2 min  REG3_NUDGE   seed 718  acc 1.000 trans  3600 ROUTED-BOUND
  [ 56/60]   75.0 min  BASELINE     seed 718  acc 0.500 trans  None KEY
  [ 57/60]   77.0 min  REG3_NUDGE   seed 719  acc 1.000 trans  2400 ROUTED-BOUND
  [ 58/60]   78.2 min  REG3         seed 718  acc 0.210 trans  None OTHER
  [ 59/60]   78.7 min  BASELINE     seed 719  acc 0.492 trans  None KEY
  [ 60/60]   80.9 min  REG3         seed 719  acc 0.494 trans  None KEY
  S72 runs done in 84.0 min
| arm | n | BOUND | ROUTED-BOUND | ROUTED*@end | DISCOVERED | BOUND ROUTED (mine) | unbound classes | transitions | median acc |
|---|---|---|---|---|---|---|---|---|---|
| BASELINE | 20 | 1/20 [0.01, 0.24] MINORITY | 0/20 [0.00, 0.16] NEVER | 0/20 | 0/20 | 1/20 | KEY 16, STREAM-PARTIAL 3 | median 16800 (16800-16800) | 0.505 |
| REG3 | 20 | 4/20 [0.08, 0.42] MINORITY | 4/20 [0.08, 0.42] MINORITY | 4/20 | 4/20 | 4/20 | KEY 14, OTHER 2 | median 3000 (2400-6000) | 0.506 |
| REG3_NUDGE | 20 | 20/20 [0.84, 1.00] RELIABLE | 20/20 [0.84, 1.00] RELIABLE | 20/20 | 20/20 | 20/20 | - | median 2400 (2400-8400) | 1.000 |

READINGS:
  validity: S71 ORACLE_ALL 10/10 -> VALID
  R1 (REG3_NUDGE ROUTED-BOUND): the register carries the cue at all three layers (20/20)
  R2 discovered (REG3 beats BASELINE): not discovered (b 4, c 0, p 0.0625, n 20)

DIAGNOSTICS:
- BASELINE:
  margin at VAL by layer (median) L1 0.00, L2 0.00, L3 0.00
  contingency L1 (mean g; rows stream 0/1, cols ch 0/1): CTX [[0.5, 0.5], [0.7, 0.3]]; KEY [[0.5, 0.5], [0.5, 0.5]]; VAL [[0.5, 0.5], [0.5, 0.5]]
  contingency L2 (mean g; rows stream 0/1, cols ch 0/1): CTX [[0.5, 0.5], [0.7, 0.3]]; KEY [[0.5, 0.5], [0.5, 0.5]]; VAL [[0.5, 0.5], [0.5, 0.5]]
  contingency L3 (mean g; rows stream 0/1, cols ch 0/1): CTX [[0.5, 0.5], [0.7, 0.3]]; KEY [[0.5, 0.5], [0.5, 0.5]]; VAL [[0.5, 0.5], [0.5, 0.5]]
  in-run probe (median held-out acc) L2|K 0.61, L2|V 0.50, L3|K 0.61, L3|V 0.52, final|K 0.61, final|V 0.53
  plateau (19 unbound runs; acc 0.50): acc by (stream|block|index) 0|0|0 0.49, 0|0|1 0.50, 0|0|2 0.52, 0|1|0 0.53, 0|1|1 0.54, 0|1|2 0.52, 1|0|0 0.49, 1|0|1 0.49, 1|0|2 0.51, 1|1|0 0.52, 1|1|1 0.53, 1|1|2 0.55
  write order: acc last-written 0.52, not-last 0.49
- REG3:
  margin at VAL by layer (median) L1 0.00, L2 0.00, L3 0.00
  contingency L1 (mean g; rows stream 0/1, cols ch 0/1): CTX [[0.66, 0.34], [0.74, 0.26]]; KEY [[0.5, 0.5], [0.5, 0.5]]; VAL [[0.5, 0.5], [0.5, 0.5]]
  contingency L2 (mean g; rows stream 0/1, cols ch 0/1): CTX [[0.72, 0.28], [0.79, 0.21]]; KEY [[0.5, 0.5], [0.5, 0.5]]; VAL [[0.5, 0.5], [0.5, 0.5]]
  contingency L3 (mean g; rows stream 0/1, cols ch 0/1): CTX [[0.73, 0.27], [0.79, 0.21]]; KEY [[0.5, 0.5], [0.5, 0.5]]; VAL [[0.5, 0.5], [0.5, 0.5]]
  write rate (beta^R or z) CTX/KEY/VAL by step (median; runs stop early when bound): 0 0.10/0.10/0.10; 1200 0.24/0.23/0.23; 2400 0.24/0.23/0.23; 4800 0.25/0.25/0.23; end 0.26/0.28/0.21
  in-run probe (median held-out acc) L2|K 0.61, L2|V 0.50, L3|K 0.57, L3|V 0.51, final|K 0.57, final|V 0.52
  plateau (16 unbound runs; acc 0.50): acc by (stream|block|index) 0|0|0 0.46, 0|0|1 0.49, 0|0|2 0.49, 0|1|0 0.50, 0|1|1 0.52, 0|1|2 0.51, 1|0|0 0.47, 1|0|1 0.48, 1|0|2 0.48, 1|1|0 0.47, 1|1|1 0.50, 1|1|2 0.55
  write order: acc last-written 0.53, not-last 0.50
- REG3_NUDGE:
  margin at VAL by layer (median) L1 1.00, L2 1.00, L3 1.00
  contingency L1 (mean g; rows stream 0/1, cols ch 0/1): CTX [[0.36, 0.64], [0.64, 0.36]]; KEY [[1.0, 0.0], [0.0, 1.0]]; VAL [[1.0, 0.0], [0.0, 1.0]]
  contingency L2 (mean g; rows stream 0/1, cols ch 0/1): CTX [[0.36, 0.64], [0.64, 0.36]]; KEY [[1.0, 0.0], [0.0, 1.0]]; VAL [[1.0, 0.0], [0.0, 1.0]]
  contingency L3 (mean g; rows stream 0/1, cols ch 0/1): CTX [[0.36, 0.64], [0.64, 0.36]]; KEY [[1.0, 0.0], [0.0, 1.0]]; VAL [[1.0, 0.0], [0.0, 1.0]]
  write rate (beta^R or z) CTX/KEY/VAL by step (median; runs stop early when bound): 0 0.34/0.21/0.23; 1200 0.43/0.19/0.23; 2400 0.47/0.19/0.23; 4800 0.66/0.18/0.21; end 0.67/0.18/0.21
  in-run probe (median held-out acc) L2|K 0.50, L2|V 0.50, L3|K 0.51, L3|V 0.50, final|K 0.52, final|V 0.53
  write order: acc last-written 1.00, not-last 1.00

per run:
  BASELINE 700: KEY             acc 0.497 trans None margin 0.00 etaS/K@KEY 0.00/1.00 | L1 map [0, 1] m 0.00 | L2 map [0, 1] m 0.00 | L3 map [0, 1] m 0.00 | probe L3 0.61/0.52
  BASELINE 701: KEY             acc 0.414 trans None margin 0.00 etaS/K@KEY 0.00/1.00 | L1 map [1, 1] m 0.00 | L2 map [1, 1] m 0.00 | L3 map [1, 1] m 0.00 | probe L3 0.60/0.52
  BASELINE 702: KEY             acc 0.510 trans None margin -0.00 etaS/K@KEY 0.00/1.00 | L1 map [0, 0] m -0.00 | L2 map [0, 0] m -0.00 | L3 map [0, 0] m -0.00 | probe L3 0.57/0.52
  BASELINE 703: STREAM-PARTIAL  acc 0.741 trans None margin 0.51 etaS/K@KEY 0.41/0.10 | L1 map [0, 1] m 0.51 | L2 map [0, 1] m 0.51 | L3 map [0, 1] m 0.51 | probe L3 0.62/0.60
  BASELINE 704: KEY             acc 0.505 trans None margin 0.00 etaS/K@KEY 0.00/1.00 | L1 map [1, 1] m 0.00 | L2 map [1, 1] m 0.00 | L3 map [1, 1] m 0.00 | probe L3 0.62/0.51
  BASELINE 705: STREAM-PARTIAL  acc 0.728 trans None margin 0.50 etaS/K@KEY 0.44/0.06 | L1 map [0, 1] m 0.50 | L2 map [0, 1] m 0.50 | L3 map [0, 1] m 0.50 | probe L3 0.63/0.52
  BASELINE 706: KEY             acc 0.491 trans None margin -0.00 etaS/K@KEY 0.00/1.00 | L1 map [0, 0] m -0.00 | L2 map [0, 0] m -0.00 | L3 map [0, 0] m -0.00 | probe L3 0.61/0.50
  BASELINE 707: KEY             acc 0.505 trans None margin 0.00 etaS/K@KEY 0.00/1.00 | L1 map [1, 1] m 0.00 | L2 map [1, 1] m 0.00 | L3 map [1, 1] m 0.00 | probe L3 0.62/0.52
  BASELINE 708: KEY             acc 0.511 trans None margin -0.00 etaS/K@KEY 0.00/1.00 | L1 map [0, 0] m -0.00 | L2 map [0, 0] m -0.00 | L3 map [0, 0] m -0.00 | probe L3 0.57/0.52
  BASELINE 709: STREAM-PARTIAL  acc 0.725 trans None margin 0.43 etaS/K@KEY 0.49/0.00 | L1 map [1, 0] m 0.43 | L2 map [1, 0] m 0.43 | L3 map [1, 0] m 0.43 | probe L3 0.55/0.51
  BASELINE 710: KEY             acc 0.518 trans None margin 0.00 etaS/K@KEY 0.00/1.00 | L1 map [0, 0] m 0.00 | L2 map [0, 0] m 0.00 | L3 map [0, 0] m 0.00 | probe L3 0.62/0.51
  BASELINE 711: KEY             acc 0.506 trans None margin 0.00 etaS/K@KEY 0.00/1.00 | L1 map [0, 0] m 0.00 | L2 map [0, 0] m 0.00 | L3 map [0, 0] m 0.00 | probe L3 0.63/0.51
  BASELINE 712: KEY             acc 0.509 trans None margin -0.00 etaS/K@KEY 0.00/1.00 | L1 map [1, 1] m -0.00 | L2 map [1, 1] m -0.00 | L3 map [1, 1] m -0.00 | probe L3 0.59/0.52
  BASELINE 713: KEY             acc 0.502 trans None margin -0.00 etaS/K@KEY 0.00/1.00 | L1 map [1, 1] m -0.00 | L2 map [1, 1] m -0.00 | L3 map [1, 1] m -0.00 | probe L3 0.63/0.51
  BASELINE 714: KEY             acc 0.504 trans None margin 0.00 etaS/K@KEY 0.00/1.00 | L1 map [1, 1] m 0.00 | L2 map [1, 1] m 0.00 | L3 map [1, 1] m 0.00 | probe L3 0.58/0.51
  BASELINE 715: BOUND unrouted  acc 0.993 trans 16800 margin 0.45 etaS/K@KEY 0.50/0.00 | L1 map [1, 0] m 0.45 | L2 map [1, 0] m 0.45 | L3 map [1, 0] m 0.45 | probe L3 0.68/0.58
  BASELINE 716: KEY             acc 0.383 trans None margin 0.00 etaS/K@KEY 0.00/1.00 | L1 map [0, 0] m 0.00 | L2 map [0, 0] m 0.00 | L3 map [0, 0] m 0.00 | probe L3 0.60/0.51
  BASELINE 717: KEY             acc 0.492 trans None margin 0.00 etaS/K@KEY 0.00/1.00 | L1 map [0, 0] m 0.00 | L2 map [0, 0] m 0.00 | L3 map [0, 0] m 0.00 | probe L3 0.60/0.53
  BASELINE 718: KEY             acc 0.500 trans None margin 0.00 etaS/K@KEY 0.00/1.00 | L1 map [0, 0] m 0.00 | L2 map [0, 0] m 0.00 | L3 map [0, 0] m 0.00 | probe L3 0.63/0.52
  BASELINE 719: KEY             acc 0.492 trans None margin 0.00 etaS/K@KEY 0.00/1.00 | L1 map [0, 0] m 0.00 | L2 map [0, 0] m 0.00 | L3 map [0, 0] m 0.00 | probe L3 0.62/0.52
  REG3 700: ROUTED-BOUND    acc 1.000 trans 6000 margin 1.00 etaS/K@KEY 1.00/0.00 | L1 map [1, 0] m 1.00 | L2 map [1, 0] m 1.00 | L3 map [1, 0] m 1.00 | probe L3 0.51/0.49 | w C/K/V 0.64/0.20/0.22
  REG3 701: KEY             acc 0.484 trans None margin -0.00 etaS/K@KEY 0.00/0.99 | L1 map [0, 0] m 0.00 | L2 map [0, 0] m -0.00 | L3 map [0, 0] m -0.00 | probe L3 0.51/0.50 | w C/K/V 0.24/0.27/0.22
  REG3 702: KEY             acc 0.519 trans None margin -0.00 etaS/K@KEY 0.00/1.00 | L1 map [0, 0] m 0.00 | L2 map [0, 0] m 0.00 | L3 map [0, 0] m -0.00 | probe L3 0.57/0.51 | w C/K/V 0.28/0.38/0.26
  REG3 703: ROUTED-BOUND    acc 1.000 trans 2400 margin 1.00 etaS/K@KEY 1.00/0.00 | L1 map [0, 1] m 1.00 | L2 map [0, 1] m 1.00 | L3 map [0, 1] m 1.00 | probe L3 0.52/0.51 | w C/K/V 0.32/0.23/0.24
  REG3 704: KEY             acc 0.508 trans None margin 0.00 etaS/K@KEY 0.00/1.00 | L1 map [1, 1] m 0.00 | L2 map [1, 1] m -0.00 | L3 map [1, 1] m 0.00 | probe L3 0.61/0.49 | w C/K/V 0.19/0.39/0.21
  REG3 705: KEY             acc 0.506 trans None margin 0.00 etaS/K@KEY 0.00/1.00 | L1 map [0, 0] m -0.00 | L2 map [0, 0] m -0.00 | L3 map [0, 0] m 0.00 | probe L3 0.59/0.53 | w C/K/V 0.20/0.25/0.18
  REG3 706: KEY             acc 0.503 trans None margin 0.00 etaS/K@KEY 0.00/1.00 | L1 map [0, 0] m 0.00 | L2 map [0, 0] m 0.00 | L3 map [0, 0] m 0.00 | probe L3 0.60/0.55 | w C/K/V 0.26/0.28/0.22
  REG3 707: KEY             acc 0.515 trans None margin -0.00 etaS/K@KEY 0.00/1.00 | L1 map [1, 1] m -0.00 | L2 map [0, 0] m -0.00 | L3 map [0, 0] m -0.00 | probe L3 0.64/0.53 | w C/K/V 0.26/0.29/0.23
  REG3 708: KEY             acc 0.504 trans None margin 0.00 etaS/K@KEY 0.00/1.00 | L1 map [1, 1] m 0.00 | L2 map [1, 1] m 0.00 | L3 map [1, 1] m 0.00 | probe L3 0.55/0.51 | w C/K/V 0.17/0.29/0.16
  REG3 709: OTHER           acc 0.317 trans None margin 0.00 etaS/K@KEY 0.00/0.02 | L1 map [1, 1] m 0.00 | L2 map [1, 1] m 0.00 | L3 map [1, 1] m 0.00 | probe L3 0.60/0.53 | w C/K/V 0.01/0.06/0.04
  REG3 710: KEY             acc 0.511 trans None margin 0.00 etaS/K@KEY 0.00/1.00 | L1 map [0, 0] m 0.00 | L2 map [0, 0] m 0.00 | L3 map [1, 1] m 0.00 | probe L3 0.61/0.52 | w C/K/V 0.23/0.31/0.24
  REG3 711: KEY             acc 0.506 trans None margin 0.00 etaS/K@KEY 0.00/1.00 | L1 map [0, 0] m 0.00 | L2 map [0, 0] m 0.00 | L3 map [0, 0] m 0.00 | probe L3 0.58/0.52 | w C/K/V 0.27/0.32/0.25
  REG3 712: KEY             acc 0.513 trans None margin -0.00 etaS/K@KEY 0.00/1.00 | L1 map [0, 0] m -0.00 | L2 map [1, 1] m -0.00 | L3 map [1, 1] m -0.00 | probe L3 0.56/0.50 | w C/K/V 0.29/0.19/0.18
  REG3 713: KEY             acc 0.501 trans None margin -0.00 etaS/K@KEY 0.00/1.00 | L1 map [0, 0] m -0.00 | L2 map [0, 0] m -0.00 | L3 map [0, 0] m -0.00 | probe L3 0.55/0.50 | w C/K/V 0.21/0.33/0.20
  REG3 714: ROUTED-BOUND    acc 1.000 trans 3600 margin 1.00 etaS/K@KEY 1.00/0.00 | L1 map [1, 0] m 1.00 | L2 map [1, 0] m 1.00 | L3 map [1, 0] m 1.00 | probe L3 0.52/0.50 | w C/K/V 0.60/0.19/0.21
  REG3 715: ROUTED-BOUND    acc 1.000 trans 2400 margin 1.00 etaS/K@KEY 1.00/0.00 | L1 map [0, 1] m 1.00 | L2 map [0, 1] m 1.00 | L3 map [0, 1] m 1.00 | probe L3 0.53/0.53 | w C/K/V 0.63/0.16/0.20
  REG3 716: KEY             acc 0.386 trans None margin -0.00 etaS/K@KEY 0.00/1.00 | L1 map [1, 1] m 0.00 | L2 map [1, 1] m 0.00 | L3 map [1, 1] m -0.00 | probe L3 0.56/0.50 | w C/K/V 0.12/0.32/0.16
  REG3 717: KEY             acc 0.497 trans None margin -0.00 etaS/K@KEY 0.00/1.00 | L1 map [0, 0] m 0.00 | L2 map [0, 0] m 0.00 | L3 map [0, 0] m -0.00 | probe L3 0.62/0.53 | w C/K/V 0.32/0.43/0.23
  REG3 718: OTHER           acc 0.210 trans None margin 0.00 etaS/K@KEY 0.00/0.00 | L1 map [0, 0] m 0.00 | L2 map [0, 0] m 0.00 | L3 map [0, 0] m 0.00 | probe L3 0.96/0.51 | w C/K/V 0.02/0.06/0.04
  REG3 719: KEY             acc 0.494 trans None margin 0.00 etaS/K@KEY 0.00/1.00 | L1 map [0, 0] m -0.00 | L2 map [0, 0] m -0.00 | L3 map [0, 0] m 0.00 | probe L3 0.61/0.53 | w C/K/V 0.33/0.54/0.41
  REG3_NUDGE 700: ROUTED-BOUND    acc 1.000 trans 3600 margin 1.00 etaS/K@KEY 1.00/0.00 | L1 map [0, 1] m 1.00 | L2 map [0, 1] m 1.00 | L3 map [0, 1] m 1.00 | probe L3 0.49/0.49 | w C/K/V 0.67/0.16/0.20
  REG3_NUDGE 701: ROUTED-BOUND    acc 1.000 trans 2400 margin 1.00 etaS/K@KEY 1.00/0.00 | L1 map [1, 0] m 1.00 | L2 map [1, 0] m 1.00 | L3 map [1, 0] m 1.00 | probe L3 0.49/0.50 | w C/K/V 0.65/0.18/0.24
  REG3_NUDGE 702: ROUTED-BOUND    acc 1.000 trans 2400 margin 1.00 etaS/K@KEY 1.00/0.00 | L1 map [0, 1] m 1.00 | L2 map [0, 1] m 1.00 | L3 map [0, 1] m 1.00 | probe L3 0.52/0.49 | w C/K/V 0.74/0.16/0.21
  REG3_NUDGE 703: ROUTED-BOUND    acc 1.000 trans 2400 margin 1.00 etaS/K@KEY 1.00/0.00 | L1 map [0, 1] m 1.00 | L2 map [0, 1] m 1.00 | L3 map [0, 1] m 1.00 | probe L3 0.51/0.50 | w C/K/V 0.45/0.21/0.24
  REG3_NUDGE 704: ROUTED-BOUND    acc 1.000 trans 3600 margin 1.00 etaS/K@KEY 1.00/0.00 | L1 map [0, 1] m 1.00 | L2 map [0, 1] m 1.00 | L3 map [0, 1] m 1.00 | probe L3 0.48/0.50 | w C/K/V 0.66/0.17/0.22
  REG3_NUDGE 705: ROUTED-BOUND    acc 1.000 trans 3600 margin 1.00 etaS/K@KEY 1.00/0.00 | L1 map [0, 1] m 1.00 | L2 map [0, 1] m 1.00 | L3 map [0, 1] m 1.00 | probe L3 0.51/0.51 | w C/K/V 0.62/0.20/0.22
  REG3_NUDGE 706: ROUTED-BOUND    acc 0.990 trans 2400 margin 1.00 etaS/K@KEY 1.00/0.00 | L1 map [1, 0] m 1.00 | L2 map [1, 0] m 1.00 | L3 map [1, 0] m 1.00 | probe L3 0.51/0.50 | w C/K/V 0.70/0.16/0.20
  REG3_NUDGE 707: ROUTED-BOUND    acc 1.000 trans 2400 margin 1.00 etaS/K@KEY 1.00/0.00 | L1 map [0, 1] m 1.00 | L2 map [0, 1] m 1.00 | L3 map [0, 1] m 1.00 | probe L3 0.53/0.55 | w C/K/V 0.56/0.19/0.23
  REG3_NUDGE 708: ROUTED-BOUND    acc 1.000 trans 2400 margin 1.00 etaS/K@KEY 1.00/0.00 | L1 map [0, 1] m 1.00 | L2 map [0, 1] m 1.00 | L3 map [0, 1] m 1.00 | probe L3 0.51/0.49 | w C/K/V 0.56/0.18/0.24
  REG3_NUDGE 709: ROUTED-BOUND    acc 1.000 trans 4800 margin 1.00 etaS/K@KEY 1.00/0.00 | L1 map [0, 1] m 1.00 | L2 map [0, 1] m 1.00 | L3 map [0, 1] m 1.00 | probe L3 0.57/0.53 | w C/K/V 0.84/0.15/0.18
  REG3_NUDGE 710: ROUTED-BOUND    acc 1.000 trans 2400 margin 1.00 etaS/K@KEY 1.00/0.00 | L1 map [0, 1] m 1.00 | L2 map [0, 1] m 1.00 | L3 map [0, 1] m 1.00 | probe L3 0.51/0.50 | w C/K/V 0.60/0.19/0.21
  REG3_NUDGE 711: ROUTED-BOUND    acc 1.000 trans 2400 margin 1.00 etaS/K@KEY 1.00/0.00 | L1 map [0, 1] m 1.00 | L2 map [0, 1] m 1.00 | L3 map [0, 1] m 1.00 | probe L3 0.54/0.53 | w C/K/V 0.68/0.20/0.22
  REG3_NUDGE 712: ROUTED-BOUND    acc 1.000 trans 2400 margin 1.00 etaS/K@KEY 1.00/0.00 | L1 map [0, 1] m 1.00 | L2 map [0, 1] m 1.00 | L3 map [0, 1] m 1.00 | probe L3 0.51/0.50 | w C/K/V 0.62/0.20/0.21
  REG3_NUDGE 713: ROUTED-BOUND    acc 1.000 trans 2400 margin 1.00 etaS/K@KEY 1.00/0.00 | L1 map [0, 1] m 1.00 | L2 map [0, 1] m 1.00 | L3 map [0, 1] m 1.00 | probe L3 0.50/0.52 | w C/K/V 0.55/0.21/0.21
  REG3_NUDGE 714: ROUTED-BOUND    acc 1.000 trans 8400 margin 1.00 etaS/K@KEY 1.00/0.00 | L1 map [0, 1] m 1.00 | L2 map [0, 1] m 1.00 | L3 map [0, 1] m 1.00 | probe L3 0.52/0.52 | w C/K/V 0.80/0.17/0.15
  REG3_NUDGE 715: ROUTED-BOUND    acc 1.000 trans 2400 margin 1.00 etaS/K@KEY 1.00/0.00 | L1 map [1, 0] m 1.00 | L2 map [1, 0] m 1.00 | L3 map [1, 0] m 1.00 | probe L3 0.53/0.53 | w C/K/V 0.70/0.18/0.21
  REG3_NUDGE 716: ROUTED-BOUND    acc 1.000 trans 3600 margin 1.00 etaS/K@KEY 1.00/0.00 | L1 map [0, 1] m 1.00 | L2 map [0, 1] m 1.00 | L3 map [0, 1] m 1.00 | probe L3 0.49/0.49 | w C/K/V 0.67/0.16/0.21
  REG3_NUDGE 717: ROUTED-BOUND    acc 1.000 trans 4800 margin 1.00 etaS/K@KEY 1.00/0.00 | L1 map [1, 0] m 1.00 | L2 map [1, 0] m 1.00 | L3 map [1, 0] m 1.00 | probe L3 0.52/0.60 | w C/K/V 0.68/0.17/0.21
  REG3_NUDGE 718: ROUTED-BOUND    acc 1.000 trans 3600 margin 1.00 etaS/K@KEY 1.00/0.00 | L1 map [0, 1] m 1.00 | L2 map [0, 1] m 1.00 | L3 map [0, 1] m 1.00 | probe L3 0.57/0.50 | w C/K/V 0.71/0.19/0.21
  REG3_NUDGE 719: ROUTED-BOUND    acc 1.000 trans 2400 margin 1.00 etaS/K@KEY 1.00/0.00 | L1 map [0, 1] m 1.00 | L2 map [0, 1] m 1.00 | L3 map [0, 1] m 1.00 | probe L3 0.51/0.51 | w C/K/V 0.67/0.20/0.21
SCREEN_DONE
